
                           ***********************       
                           *  WELCOME TO SIESTA  *       
                           ***********************       

reinit: Reading from ../ag.fdf

reinit: -----------------------------------------------------------------------
reinit: System Name: Ag test
reinit: -----------------------------------------------------------------------
reinit: System Label: ag
reinit: -----------------------------------------------------------------------
Siesta Version: siesta-4.1--731
Architecture  : x86_64-linux-n-62-18-14
Compiler flags: mpifort -m64 -fPIC -O3 -march=native -ftree-vectorize -fexpensive-optimizatioons -funroll-loops -fprefetch-loop-arrays -fno-second-underscore  -flto -fuse-linker-plugin
PP flags      : -I/zdata/groups/common/nicpa/2016-oct/generic/build-tools/1.0/include -I/zdatta/groups/common/nicpa/2016-oct/generic/gmp/6.1.0/include -I/zdata/groups/common/nicpa/2016-oct/generic/mpfr/3.1.4/include -I/zdata/groups/common/nicpa/2016-oct/generic/mpc/1.0.3/include -I/zdata/groups/common/nicpa/2016-oct/generic/isl/0.16.1/include -I/zdata/groups/common/nicpa/2016-oct/generic/gcc/6.2.0/include -I/zdata/groups/common/nicpa/2016-oct/generic/numactl/2.0.11/include -I/zdata/groups/common/nicpa/2016-oct/XeonE5-2665/zlib/1.2.8/gnu-6.2.0/include -I/zdata/groups/common/nicpa/2016-oct/XeonE5-2665/libxml2/2.9.4/gnu-6.2.0/include -I/zdata/groups/common/nicpa/2016-oct/XeonE5-2665/hwloc/1.11.4/gnu-6.2.0/include -I/zdata/groups/common/nicpa/2016-oct/XeonE5-2665/openmpi/2.0.1/gnu-6.2.0/include -I/zdata/groups/common/nicpa/2016-oct/XeonE5-2665/hdf5/1.8.17/gnu-6.2.0/include -I/zdata/groups/common/nicpa/2016-oct/XeonE5-2665/pnetcdf/1.7.0/gnu-6.2.0/include -I/zdata/groups/common/nicpa/2016-oct/XeonE5-2665/netcdf/4.4.1/gnu-6.2.0/include -I/zdata/groups/common/nicpa/2016-oct/XeonE5-2665/flook/0.7.0/gnu-6.2.0/include -I/zdata/groups/common/nicpa/2016-oct/XeonE5-2665/parmetis/4.0.3/gnu-6.2.0/include -I/zdata/groups/common/nicpa/2016-oct/XeonE5-2665/scalapack/204/gnu-6.2.0/include -I/zdata/groups/common/nicpa/2016-oct/XeonE5-2665/openblas/0.2.19/gnu-6.2.0/include -I/zdata/groups/common/nicpa/2016-oct/XeonE5-2665/mumps/5.0.2/gnu-6.2.0/include -I/zdata/groups/common/nicpa/2016-oct/XeonE5-2665/fftw/3.3.5/gnu-6.2.0/include -DMPI -DFC_HAVE_FLUSH -DFC_HAVE_ABORT -DCDF -DCDF4 -DSIESTA__METIS -DSIESTA__MUMPS -DTS_NOCHECKS -DNCDF -DNCDF_4 -DNCDF_PARALLEL -DSIESTA__FLOOK
Libraries     : -lnetcdff -lnetcdf -lpnetcdf -lhdf5_hl -lhdf5 -lz  -lzmumps -lmumps_common -llpord -lparmetis -lmetis -lscalapack -lopenblas  -lmetis -flto -fuse-linker-plugin  -L/zdata/groups/common/nicpa/2016-oct/XeonE5-2665/flook/0.7.0/gnu-6.2.0/lib -Wl,-rpath=/zdata/groups/common/nicpa/2016-oct/XeonE5-2665/flook/0.7.0/gnu-6.2.0/lib -lflookall -ldl
PARALLEL version
NetCDF support
NetCDF-4 support
NetCDF-4 MPI-IO support
METIS ordering support

* Running on 8 nodes in parallel
>> Start of run:   2-JUL-2017  11:07:56

initatom: Reading input for the pseudopotentials and atomic orbitals ----------
Species number:   1 Atomic number:   47 Label: Ag

Ground state valence configuration:   5s01  4d10
Reading pseudopotential information in formatted form from Ag.psf

Pseudopotential generated from a relativistic atomic calculation
There are spin-orbit pseudopotentials available
Spin-orbit interaction is not included in this calculation

Valence configuration for pseudopotential generation:
5s( 1.00) rc: 2.97
5p( 0.00) rc: 2.97
4d(10.00) rc: 1.80
4f( 0.00) rc: 2.25
 Reparametrization. rmax:    119.98322708600000     
 Reparametrization. New nrval:         9393
Writing pseudopotential information in formatted form to Ag.Reparam.psf
For Ag, standard SIESTA heuristics set lmxkb to 3
 (one more than the basis l, including polarization orbitals).
Use PS.lmax or PS.KBprojectors blocks to override.

<basis_specs>
===============================================================================
Ag                   Z=  47    Mass=  107.87        Charge= 0.70000E-01
Lmxo=2 Lmxkb= 3    BasisType=split      Semic=F
L=0  Nsemic=0  Cnfigmx=5
          n=1  nzeta=2  polorb=0
            splnorm:   0.15000    
               vcte:    4.5000    
               rinn:  -0.90000    
               qcoe:    0.0000    
               qyuk:    0.0000    
               qwid:   0.10000E-01
                rcs:    4.9700      0.0000    
            lambdas:    1.0000      1.0000    
L=1  Nsemic=0  Cnfigmx=5
          n=1  nzeta=1  polorb=0
            splnorm:   0.15000    
               vcte:    2.9200    
               rinn:  -0.50000    
               qcoe:    0.0000    
               qyuk:    0.0000    
               qwid:   0.10000E-01
                rcs:    5.0100    
            lambdas:    1.0000    
L=2  Nsemic=0  Cnfigmx=4
          n=1  nzeta=2  polorb=0
            splnorm:   0.15000    
               vcte:    4.9400    
               rinn:  -0.50000    
               qcoe:    0.0000    
               qyuk:    0.0000    
               qwid:   0.10000E-01
                rcs:    5.1200      0.0000    
            lambdas:    1.0000      1.0000    
-------------------------------------------------------------------------------
L=0  Nkbl=1  erefs: 0.17977+309
L=1  Nkbl=1  erefs: 0.17977+309
L=2  Nkbl=1  erefs: 0.17977+309
L=3  Nkbl=1  erefs: 0.17977+309
===============================================================================
</basis_specs>

atom: Called for Ag                    (Z =  47)
Maximum radius (at nrval) set to   50.00000 8518

read_vps: Pseudopotential generation method:
read_vps: ATM3      Troullier-Martins                       
Total valence charge:   11.00000

read_vps: Pseudopotential includes a core correction:
read_vps: Pseudo-core for xc-correction

xc_check: Exchange-correlation functional:
xc_check: GGA Perdew, Burke & Ernzerhof 1996
V l=0 = -2*Zval/r beyond r=  3.0605
V l=1 = -2*Zval/r beyond r=  3.0421
V l=2 = -2*Zval/r beyond r=  2.5140
V l=3 = -2*Zval/r beyond r=  2.5140
All V_l potentials equal beyond r=  2.9519
This should be close to max(r_c) in ps generation
All pots = -2*Zval/r beyond r=  3.0605

VLOCAL1: 99.0% of the norm of Vloc inside      4.982 Ry
VLOCAL1: 99.9% of the norm of Vloc inside     11.353 Ry
atom: Maximum radius for 4*pi*r*r*local-pseudopot. charge    3.54669
atom: Maximum radius for r*vlocal+2*Zval:    3.13191
GHOST: No ghost state for L =  0
GHOST: No ghost state for L =  1
GHOST: No ghost state for L =  2
GHOST: No ghost state for L =  3

KBgen: Kleinman-Bylander projectors: 
   l= 0   rc=  3.346269   el= -0.322427   Ekb=  2.204761   kbcos=  0.282425
   l= 1   rc=  3.400401   el= -0.054332   Ekb=  1.200562   kbcos=  0.220080
   l= 2   rc=  3.039049   el= -0.548588   Ekb=-11.057864   kbcos= -0.697883
   l= 3   rc=  3.383391   el=  0.019168   Ekb= -3.585798   kbcos= -0.014819

KBgen: Total number of  Kleinman-Bylander projectors:   16
atom: -------------------------------------------------------------------------

atom: SANKEY-TYPE ORBITALS:
atom: Selected multiple-zeta basis: split     

atom: basis set generated (by rescaling the valence charge)
atom: for a cation of charge   0.0700

SPLIT: Orbitals with angular momentum L= 0

SPLIT: Basis orbitals for state 5s

   izeta = 1
                 lambda =    1.000000
                     rc =    4.971992
                 energy =   -0.268369
                kinetic =    0.460714
    potential(screened) =   -0.729083
       potential(ionic) =   -8.921128

   izeta = 2
                 rmatch =    4.922420
              splitnorm =    0.150000
                 energy =   -0.204114
                kinetic =    0.613502
    potential(screened) =   -0.817616
       potential(ionic) =   -9.190253

SPLIT: Orbitals with angular momentum L= 1

SPLIT: Basis orbitals for state 5p

   izeta = 1
                 lambda =    1.000000
                     rc =    5.012008
                 energy =    0.210666
                kinetic =    0.873909
    potential(screened) =   -0.663243
       potential(ionic) =   -8.353509

SPLIT: Orbitals with angular momentum L= 2

SPLIT: Basis orbitals for state 4d

   izeta = 1
                 lambda =    1.000000
                     rc =    5.118585
                 energy =   -0.628868
                kinetic =    6.753309
    potential(screened) =   -7.382178
       potential(ionic) =  -19.418339

   izeta = 2
                 rmatch =    2.546988
              splitnorm =    0.150000
                 energy =   -0.287895
                kinetic =    9.429706
    potential(screened) =   -9.717601
       potential(ionic) =  -22.818744
atom: Total number of Sankey-type orbitals: 15

atm_pop: Valence configuration (for local Pseudopot. screening):
 5s( 1.00)                                                            
 5p( 0.00)                                                            
 4d(10.00)                                                            
Vna: chval, zval:   11.00000  11.00000

Vna:  Cut-off radius for the neutral-atom potential:   5.118585
comcore: Pseudo-core radius Rcore=  3.897234

atom: _________________________________________________________________________

prinput: Basis input ----------------------------------------------------------

PAO.BasisType split     

%block ChemicalSpeciesLabel
    1   47 Ag                      # Species index, atomic number, species label
%endblock ChemicalSpeciesLabel

%block PAO.Basis                 # Define Basis set
Ag                    3   0.070            # Label, l-shells, ionic net charge
 n=5   0   2                         # n, l, Nzeta 
   4.972      4.922   
   1.000      1.000   
 n=5   1   1                         # n, l, Nzeta 
   5.012   
   1.000   
 n=4   2   2                         # n, l, Nzeta 
   5.119      2.547   
   1.000      1.000   
%endblock PAO.Basis

prinput: ----------------------------------------------------------------------

Dumping basis to NetCDF file Ag.ion.nc
coor:   Atomic-coordinates input format  =     Cartesian coordinates
coor:                                            (in Bohr units)

siesta: Atomic coordinates (Bohr) and species
siesta:      0.00000   0.00000   0.00000  1        1

siesta: System type = bulk      

initatomlists: Number of atoms, orbitals, and projectors:      1    15    16

siesta: ******************** Simulation parameters ****************************
siesta:
siesta: The following are some of the parameters of the simulation.
siesta: A complete list of the parameters used, including default values,
siesta: can be found in file out.fdf
siesta:
redata: Spin configuration                          = none
redata: Number of spin components                   = 1
redata: Time-Reversal Symmetry                      = T
redata: Spin-spiral                                 = F
redata: Long output                                 =   F
redata: Number of Atomic Species                    =        1
redata: Charge density info will appear in .RHO file
redata: Write Mulliken Pop.                         = NO
redata: Mesh Cutoff                                 =   100.0000 Ry
redata: Net charge of the system                    =     0.0000 |e|
redata: Min. number of SCF Iter                     =        0
redata: Max. number of SCF Iter                     =       50
redata: SCF mix quantity                            = Hamiltonian
redata: Mix DM or H after convergence               =   F
redata: Recompute H after scf cycle                 =   F
redata: Mix DM in first SCF step                    =   T
redata: Write Pulay info on disk                    =   F
redata: New DM Mixing Weight                        =     0.2500
redata: New DM Occupancy tolerance                  = 0.000000000001
redata: No kicks to SCF
redata: DM Mixing Weight for Kicks                  =     0.5000
redata: Require Harris convergence for SCF          =   F
redata: Harris energy tolerance for SCF             =     0.000100 eV
redata: Require DM convergence for SCF              =   T
redata: DM tolerance for SCF                        =     0.0001
redata: Require EDM convergence for SCF             =   F
redata: EDM tolerance for SCF                       =     0.001000 eV
redata: Require H convergence for SCF               =   T
redata: Hamiltonian tolerance for SCF               =     0.001000 eV
redata: Require (free) Energy convergence for SCF   =   F
redata: (free) Energy tolerance for SCF             =     0.000100 eV
redata: Using Saved Data (generic)                  =   F
redata: Use continuation files for DM               =   F
redata: Neglect nonoverlap interactions             =   F
redata: Method of Calculation                       = Diagonalization
redata: Divide and Conquer                          =   T
redata: Electronic Temperature                      =   299.9869 K
redata: Fix the spin of the system                  =   F
redata: Dynamics option                             = Single-point calculation
mix.SCF: Pulay mixing                            = Pulay
mix.SCF:    Variant                              = stable
mix.SCF:    History steps                        = 2
mix.SCF:    Linear mixing weight                 =     0.250000
mix.SCF:    Mixing weight                        =     0.250000
mix.SCF:    SVD condition                        = 0.1000E-07
redata: Save all siesta data in one NC              =   F
redata: ***********************************************************************

%block SCF.Mixers
  Pulay
%endblock SCF.Mixers

%block SCF.Mixer.Pulay
  # Mixing method
  method pulay
  variant stable

  # Mixing options
  weight 0.2500
  weight.linear 0.2500
  history 2
%endblock SCF.Mixer.Pulay

DM_history_depth set to one: no extrapolation allowed by default for geometry relaxation
Size of DM history Fstack: 1
Total number of electrons:    11.000000
Total ionic charge:    11.000000

* ProcessorY, Blocksize:    2   2


* Orbital distribution balance (max,min):     2     1

 Kpoints in:            1 . Kpoints trimmed:            1

siesta: k-grid: Number of k-points =     1
siesta: k-grid: Cutoff (effective) =     1.446 Ang
siesta: k-grid: Supercell and displacements
siesta: k-grid:    1   0   0      0.000
siesta: k-grid:    0   1   0      0.000
siesta: k-grid:    0   0   1      0.000


                     ====================================
                        Single-point calculation
                     ====================================

outcell: Unit cell vectors (Ang):
        2.045000    2.045000    0.000000
        2.045000    0.000000    2.045000
        0.000000    2.045000    2.045000

outcell: Cell vector modules (Ang)   :    2.892067    2.892067    2.892067
outcell: Cell angles (23,13,12) (deg):     60.0000     60.0000     60.0000
outcell: Cell volume (Ang**3)        :     17.1045
 Folding of H and S is implicitly performed
<dSpData1D:S at geom step 0
  <sparsity:sparsity for geom step 0
    nrows_g=15 nrows=2 sparsity=.1333 nnzs=30, refcount: 7>
  <dData1D:(new from dSpData1D) n=30, refcount: 1>
refcount: 1>
new_DM -- step:     1
Initializing Density Matrix...
DM filled with atomic data:
<dSpData2D:DM initialized from atoms
  <sparsity:sparsity for geom step 0
    nrows_g=15 nrows=2 sparsity=.1333 nnzs=30, refcount: 8>
  <dData2D:DM n=30 m=1, refcount: 1>
refcount: 1>

Note: For starting DM, Qtot, Tr[D*S] =         11.00000000         12.88354914
No. of atoms with KB's overlaping orbs in proc 0. Max # of overlaps:       1     255
New grid distribution:   1
           1       1:    8    1:    4    1:    2
           2       1:    8    1:    4    3:    4
           3       1:    8    1:    4    5:    6
           4       1:    8    1:    4    7:    8
           5       1:    8    5:    8    1:    2
           6       1:    8    5:    8    3:    4
           7       1:    8    5:    8    5:    6
           8       1:    8    5:    8    7:    8

InitMesh: MESH =    16 x    16 x    16 =        4096
InitMesh: (bp) =     8 x     8 x     8 =         512
InitMesh: Mesh cutoff (required, used) =   100.000   126.887 Ry
ExtMesh (bp) on 0 =    48 x    44 x    42 =       88704
New grid distribution:   2
           1       1:    5    1:    4    1:    4
           2       5:    8    5:    8    1:    4
           3       1:    4    1:    4    5:    8
           4       6:    8    1:    4    1:    4
           5       5:    8    1:    4    5:    8
           6       1:    4    5:    8    1:    4
           7       4:    8    5:    8    5:    8
           8       1:    3    5:    8    5:    8
New grid distribution:   3
           1       1:    4    5:    8    5:    8
           2       5:    8    1:    4    1:    4
           3       5:    8    1:    4    5:    8
           4       5:    8    5:    8    1:    4
           5       1:    4    1:    4    5:    8
           6       1:    4    1:    4    1:    4
           7       5:    8    5:    8    5:    8
           8       1:    4    5:    8    1:    4
Setting up quadratic distribution...
ExtMesh (bp) on 0 =    45 x    44 x    44 =       87120
PhiOnMesh: Number of (b)points on node 0 =                   80
PhiOnMesh: nlist on node 0 =                 4130

stepf: Fermi-Dirac step function

siesta: Program's energy decomposition (eV):
siesta: Ebs     =       -19.918570
siesta: Eions   =       997.075652
siesta: Ena     =         7.749557
siesta: Ekin    =       968.880029
siesta: Enl     =      -801.088168
siesta: Eso     =         0.000000
siesta: Eldau   =         0.000000
siesta: DEna    =         3.086470
siesta: DUscf   =         0.569176
siesta: DUext   =         0.000000
siesta: Exc     =      -259.395461
siesta: eta*DQ  =         0.000000
siesta: Emadel  =         0.000000
siesta: Emeta   =         0.000000
siesta: Emolmec =         0.000000
siesta: Ekinion =         0.000000
siesta: Eharris =     -1063.912953
siesta: Etot    =     -1077.274050
siesta: FreeEng =     -1077.311111

        iscf     Eharris(eV)        E_KS(eV)     FreeEng(eV)     dDmax    Ef(eV) dHmax(eV)
   scf:    1    -1063.912953    -1077.274050    -1077.311111  0.627398 -9.119277 10.860663
timer: Routine,Calls,Time,% = IterSCF        1       0.020   1.68
   scf:    2    -1066.498112    -1078.318697    -1078.376845  1.203755 -0.765431 13.892480
   scf:    3    -1087.530137    -1083.648265    -1083.706413  0.746068 -5.408066  3.221817
   scf:    4    -1084.087594    -1083.918089    -1083.976236  0.186366 -6.864707  0.190078
   scf:    5    -1083.918803    -1083.918559    -1083.976707  0.008427 -6.949058  0.139072
   scf:    6    -1083.918589    -1083.918574    -1083.976722  0.002446 -6.960024  0.100148
   scf:    7    -1083.918588    -1083.918587    -1083.976734  0.005323 -6.979442  0.016030
   scf:    8    -1083.918117    -1083.918464    -1083.976603  0.011962 -6.979070  0.021051
   scf:    9    -1083.918200    -1083.918532    -1083.976676  0.015939 -6.977786  0.015661
   scf:   10    -1083.918595    -1083.918602    -1083.976750  0.006995 -6.977372  0.005040
   scf:   11    -1083.918587    -1083.918598    -1083.976745  0.002122 -6.976887  0.004643
   scf:   12    -1083.918547    -1083.918589    -1083.976736  0.004629 -6.976752  0.005523
   scf:   13    -1083.918599    -1083.918602    -1083.976750  0.003217 -6.976635  0.002596
   scf:   14    -1083.918602    -1083.918602    -1083.976750  0.000599 -6.976557  0.001968
   scf:   15    -1083.918598    -1083.918601    -1083.976749  0.001219 -6.976533  0.001735
   scf:   16    -1083.918601    -1083.918602    -1083.976750  0.001229 -6.976535  0.001359
   scf:   17    -1083.918602    -1083.918603    -1083.976750  0.000335 -6.976544  0.001036
   scf:   18    -1083.918602    -1083.918602    -1083.976750  0.000324 -6.976565  0.000742
   scf:   19    -1083.918602    -1083.918602    -1083.976750  0.000527 -6.976571  0.000699
   scf:   20    -1083.918603    -1083.918603    -1083.976750  0.000260 -6.976590  0.000539
   scf:   21    -1083.918602    -1083.918603    -1083.976750  0.000106 -6.976611  0.000399
   scf:   22    -1083.918602    -1083.918602    -1083.976750  0.000252 -6.976621  0.000339
   scf:   23    -1083.918603    -1083.918603    -1083.976750  0.000188 -6.976631  0.000282
   scf:   24    -1083.918603    -1083.918603    -1083.976750  0.000049 -6.976644  0.000216

SCF Convergence by DM+H criterion
max |DM_out - DM_in|         :     0.0000492798
max |H_out - H_in|      (eV) :     0.0002158373
SCF cycle converged after 24 iterations

Using DM_out to compute the final energy and forces
No. of atoms with KB's overlaping orbs in proc 0. Max # of overlaps:       1     255

siesta: E_KS(eV) =            -1083.9186

siesta: E_KS - E_eggbox =     -1083.9186

siesta: Atomic forces (eV/Ang):
----------------------------------------
   Tot    0.000000   -0.000000   -0.000000
----------------------------------------
   Max    0.000000
   Res    0.000000    sqrt( Sum f_i^2 / 3N )
----------------------------------------
   Max    0.000000    constrained

Stress-tensor-Voigt (kbar):      730.66      730.66      730.64       -2.48       -2.48       -2.48
(Free)E + p*V (eV/cell)    -1091.7770
Target enthalpy (eV/cell)    -1083.9768

siesta: Program's energy decomposition (eV):
siesta: Ebs     =       -86.343953
siesta: Eions   =       997.075652
siesta: Ena     =         7.749557
siesta: Ekin    =       839.852880
siesta: Enl     =      -689.595337
siesta: Eso     =         0.000000
siesta: Eldau   =         0.000000
siesta: DEna    =        -4.312596
siesta: DUscf   =         2.535403
siesta: DUext   =         0.000000
siesta: Exc     =      -243.072858
siesta: eta*DQ  =         0.000000
siesta: Emadel  =         0.000000
siesta: Emeta   =         0.000000
siesta: Emolmec =         0.000000
siesta: Ekinion =         0.000000
siesta: Eharris =     -1083.918603
siesta: Etot    =     -1083.918603
siesta: FreeEng =     -1083.976750

siesta: Final energy (eV):
siesta:  Band Struct. =     -86.343953
siesta:       Kinetic =     839.852880
siesta:       Hartree =     161.320766
siesta:       Eldau   =       0.000000
siesta:       Eso     =       0.000000
siesta:    Ext. field =       0.000000
siesta:   Exch.-corr. =    -243.072858
siesta:  Ion-electron =   -1026.137488
siesta:       Ion-ion =    -815.881903
siesta:       Ekinion =       0.000000
siesta:         Total =   -1083.918603
siesta:         Fermi =      -6.976644

siesta: Stress tensor (static) (eV/Ang**3):
siesta:     0.456039   -0.001549   -0.001549
siesta:    -0.001549    0.456039   -0.001549
siesta:    -0.001549   -0.001549    0.456024

siesta: Cell volume =         17.104482 Ang**3

siesta: Pressure (static):
siesta:                Solid            Molecule  Units
siesta:          -0.00496679         -0.00496679  Ry/Bohr**3
siesta:          -0.45603403         -0.45603403  eV/Ang**3
siesta:        -730.65496640       -730.65496640  kBar
(Free)E+ p_basis*V_orbitals  =       -1083.936559
(Free)Eharris+ p_basis*V_orbitals  =       -1083.936559
>> End of run:   2-JUL-2017  11:07:58
Job completed
