
                           ***********************       
                           *  WELCOME TO SIESTA  *       
                           ***********************       

reinit: Reading from ../bessel.fdf

reinit: -----------------------------------------------------------------------
reinit: System Name: Water molecule with Bessel Orbitals
reinit: -----------------------------------------------------------------------
reinit: System Label: bessel
reinit: -----------------------------------------------------------------------
Siesta Version: siesta-4.1--731
Architecture  : x86_64-linux-n-62-18-14
Compiler flags: mpifort -m64 -fPIC -O3 -march=native -ftree-vectorize -fexpensive-optimizatioons -funroll-loops -fprefetch-loop-arrays -fno-second-underscore  -flto -fuse-linker-plugin
PP flags      : -I/zdata/groups/common/nicpa/2016-oct/generic/build-tools/1.0/include -I/zdatta/groups/common/nicpa/2016-oct/generic/gmp/6.1.0/include -I/zdata/groups/common/nicpa/2016-oct/generic/mpfr/3.1.4/include -I/zdata/groups/common/nicpa/2016-oct/generic/mpc/1.0.3/include -I/zdata/groups/common/nicpa/2016-oct/generic/isl/0.16.1/include -I/zdata/groups/common/nicpa/2016-oct/generic/gcc/6.2.0/include -I/zdata/groups/common/nicpa/2016-oct/generic/numactl/2.0.11/include -I/zdata/groups/common/nicpa/2016-oct/XeonE5-2665/zlib/1.2.8/gnu-6.2.0/include -I/zdata/groups/common/nicpa/2016-oct/XeonE5-2665/libxml2/2.9.4/gnu-6.2.0/include -I/zdata/groups/common/nicpa/2016-oct/XeonE5-2665/hwloc/1.11.4/gnu-6.2.0/include -I/zdata/groups/common/nicpa/2016-oct/XeonE5-2665/openmpi/2.0.1/gnu-6.2.0/include -I/zdata/groups/common/nicpa/2016-oct/XeonE5-2665/hdf5/1.8.17/gnu-6.2.0/include -I/zdata/groups/common/nicpa/2016-oct/XeonE5-2665/pnetcdf/1.7.0/gnu-6.2.0/include -I/zdata/groups/common/nicpa/2016-oct/XeonE5-2665/netcdf/4.4.1/gnu-6.2.0/include -I/zdata/groups/common/nicpa/2016-oct/XeonE5-2665/flook/0.7.0/gnu-6.2.0/include -I/zdata/groups/common/nicpa/2016-oct/XeonE5-2665/parmetis/4.0.3/gnu-6.2.0/include -I/zdata/groups/common/nicpa/2016-oct/XeonE5-2665/scalapack/204/gnu-6.2.0/include -I/zdata/groups/common/nicpa/2016-oct/XeonE5-2665/openblas/0.2.19/gnu-6.2.0/include -I/zdata/groups/common/nicpa/2016-oct/XeonE5-2665/mumps/5.0.2/gnu-6.2.0/include -I/zdata/groups/common/nicpa/2016-oct/XeonE5-2665/fftw/3.3.5/gnu-6.2.0/include -DMPI -DFC_HAVE_FLUSH -DFC_HAVE_ABORT -DCDF -DCDF4 -DSIESTA__METIS -DSIESTA__MUMPS -DTS_NOCHECKS -DNCDF -DNCDF_4 -DNCDF_PARALLEL -DSIESTA__FLOOK
Libraries     : -lnetcdff -lnetcdf -lpnetcdf -lhdf5_hl -lhdf5 -lz  -lzmumps -lmumps_common -llpord -lparmetis -lmetis -lscalapack -lopenblas  -lmetis -flto -fuse-linker-plugin  -L/zdata/groups/common/nicpa/2016-oct/XeonE5-2665/flook/0.7.0/gnu-6.2.0/lib -Wl,-rpath=/zdata/groups/common/nicpa/2016-oct/XeonE5-2665/flook/0.7.0/gnu-6.2.0/lib -lflookall -ldl
PARALLEL version
NetCDF support
NetCDF-4 support
NetCDF-4 MPI-IO support
METIS ordering support

* Running on 8 nodes in parallel
>> Start of run:   2-JUL-2017  11:10:38

initatom: Reading input for the pseudopotentials and atomic orbitals ----------
Species number:   1 Atomic number:    8 Label: O
Species number:   2 Atomic number:    1 Label: H
Species number:   3 Label: Bessel (floating Bessel functions)

Ground state valence configuration:   2s02  2p04
Reading pseudopotential information in formatted form from O.psf

Valence configuration for pseudopotential generation:
2s( 2.00) rc: 1.14
2p( 4.00) rc: 1.14
3d( 0.00) rc: 1.14
4f( 0.00) rc: 1.14
Ground state valence configuration:   1s01
Reading pseudopotential information in formatted form from H.psf

Valence configuration for pseudopotential generation:
1s( 1.00) rc: 1.25
2p( 0.00) rc: 1.25
3d( 0.00) rc: 1.25
4f( 0.00) rc: 1.25
For O, standard SIESTA heuristics set lmxkb to 3
 (one more than the basis l, including polarization orbitals).
Use PS.lmax or PS.KBprojectors blocks to override.
For H, standard SIESTA heuristics set lmxkb to 2
 (one more than the basis l, including polarization orbitals).
Use PS.lmax or PS.KBprojectors blocks to override.

<basis_specs>
===============================================================================
O                    Z=   8    Mass=  16.000        Charge= 0.17977+309
Lmxo=1 Lmxkb= 3    BasisType=split      Semic=F
L=0  Nsemic=0  Cnfigmx=2
          n=1  nzeta=2  polorb=0
            splnorm:   0.15000    
               vcte:    0.0000    
               rinn:    0.0000    
               qcoe:    0.0000    
               qyuk:    0.0000    
               qwid:   0.10000E-01
                rcs:    0.0000      0.0000    
            lambdas:    1.0000      1.0000    
L=1  Nsemic=0  Cnfigmx=2
          n=1  nzeta=2  polorb=1
            splnorm:   0.15000    
               vcte:    0.0000    
               rinn:    0.0000    
               qcoe:    0.0000    
               qyuk:    0.0000    
               qwid:   0.10000E-01
                rcs:    0.0000      0.0000    
            lambdas:    1.0000      1.0000    
-------------------------------------------------------------------------------
L=0  Nkbl=1  erefs: 0.17977+309
L=1  Nkbl=1  erefs: 0.17977+309
L=2  Nkbl=1  erefs: 0.17977+309
L=3  Nkbl=1  erefs: 0.17977+309
===============================================================================
</basis_specs>

atom: Called for O                     (Z =   8)

read_vps: Pseudopotential generation method:
read_vps: ATM3      Troullier-Martins                       
Total valence charge:    6.00000

xc_check: Exchange-correlation functional:
xc_check: Ceperley-Alder
V l=0 = -2*Zval/r beyond r=  1.1278
V l=1 = -2*Zval/r beyond r=  1.1278
V l=2 = -2*Zval/r beyond r=  1.1278
V l=3 = -2*Zval/r beyond r=  1.1138
All V_l potentials equal beyond r=  1.1278
This should be close to max(r_c) in ps generation
All pots = -2*Zval/r beyond r=  1.1278

VLOCAL1: 99.0% of the norm of Vloc inside     34.126 Ry
VLOCAL1: 99.9% of the norm of Vloc inside     77.774 Ry
atom: Maximum radius for 4*pi*r*r*local-pseudopot. charge    1.37759
atom: Maximum radius for r*vlocal+2*Zval:    1.18566
GHOST: No ghost state for L =  0
GHOST: No ghost state for L =  1
GHOST: No ghost state for L =  2
GHOST: No ghost state for L =  3

KBgen: Kleinman-Bylander projectors: 
   l= 0   rc=  1.294105   el= -1.742414   Ekb=  9.135903   kbcos=  0.326910
   l= 1   rc=  1.294105   el= -0.676589   Ekb= -8.124878   kbcos= -0.395047
   l= 2   rc=  1.448233   el=  0.002386   Ekb= -2.039267   kbcos= -0.003484
   l= 3   rc=  1.561052   el=  0.003508   Ekb= -0.799141   kbcos= -0.000344

KBgen: Total number of  Kleinman-Bylander projectors:   16
atom: -------------------------------------------------------------------------

atom: SANKEY-TYPE ORBITALS:
atom: Selected multiple-zeta basis: split     

SPLIT: Orbitals with angular momentum L= 0

SPLIT: Basis orbitals for state 2s

SPLIT: PAO cut-off radius determined from an
SPLIT: energy shift=  0.020000 Ry

   izeta = 1
                 lambda =    1.000000
                     rc =    3.305093
                 energy =   -1.723766
                kinetic =    1.614911
    potential(screened) =   -3.338677
       potential(ionic) =  -11.304675

   izeta = 2
                 rmatch =    2.510382
              splitnorm =    0.150000
                 energy =   -1.471299
                kinetic =    2.446434
    potential(screened) =   -3.917732
       potential(ionic) =  -12.476133

SPLIT: Orbitals with angular momentum L= 1

SPLIT: Basis orbitals for state 2p

SPLIT: PAO cut-off radius determined from an
SPLIT: energy shift=  0.020000 Ry

   izeta = 1
                 lambda =    1.000000
                     rc =    3.937239
                 energy =   -0.658841
                kinetic =    5.005986
    potential(screened) =   -5.664827
       potential(ionic) =  -13.452360

   izeta = 2
                 rmatch =    2.541963
              splitnorm =    0.150000
                 energy =   -0.367441
                kinetic =    7.530509
    potential(screened) =   -7.897949
       potential(ionic) =  -16.611953

POLgen: Perturbative polarization orbital with L=  2

POLgen: Polarization orbital for state 2p

   izeta = 1
                     rc =    3.937239
                 energy =    2.398520
                kinetic =    4.716729
    potential(screened) =   -2.318209
       potential(ionic) =   -8.603170
atom: Total number of Sankey-type orbitals: 13

atm_pop: Valence configuration (for local Pseudopot. screening):
 2s( 2.00)                                                            
 2p( 4.00)                                                            
Vna: chval, zval:    6.00000   6.00000

Vna:  Cut-off radius for the neutral-atom potential:   3.937239

atom: _________________________________________________________________________

<basis_specs>
===============================================================================
H                    Z=   1    Mass=  1.0100        Charge= 0.17977+309
Lmxo=0 Lmxkb= 2    BasisType=split      Semic=F
L=0  Nsemic=0  Cnfigmx=1
          n=1  nzeta=2  polorb=1
            splnorm:   0.15000    
               vcte:    0.0000    
               rinn:    0.0000    
               qcoe:    0.0000    
               qyuk:    0.0000    
               qwid:   0.10000E-01
                rcs:    0.0000      0.0000    
            lambdas:    1.0000      1.0000    
-------------------------------------------------------------------------------
L=0  Nkbl=1  erefs: 0.17977+309
L=1  Nkbl=1  erefs: 0.17977+309
L=2  Nkbl=1  erefs: 0.17977+309
===============================================================================
</basis_specs>

atom: Called for H                     (Z =   1)

read_vps: Pseudopotential generation method:
read_vps: ATM3      Troullier-Martins                       
Total valence charge:    1.00000

xc_check: Exchange-correlation functional:
xc_check: Ceperley-Alder
V l=0 = -2*Zval/r beyond r=  1.2343
V l=1 = -2*Zval/r beyond r=  1.2189
V l=2 = -2*Zval/r beyond r=  1.2189
All V_l potentials equal beyond r=  1.2343
This should be close to max(r_c) in ps generation
All pots = -2*Zval/r beyond r=  1.2343

VLOCAL1: 99.0% of the norm of Vloc inside     28.493 Ry
VLOCAL1: 99.9% of the norm of Vloc inside     64.935 Ry
atom: Maximum radius for 4*pi*r*r*local-pseudopot. charge    1.45251
atom: Maximum radius for r*vlocal+2*Zval:    1.21892
GHOST: No ghost state for L =  0
GHOST: No ghost state for L =  1
GHOST: No ghost state for L =  2

KBgen: Kleinman-Bylander projectors: 
   l= 0   rc=  1.364359   el= -0.467325   Ekb= -2.005361   kbcos= -0.336422
   l= 1   rc=  1.434438   el=  0.001430   Ekb= -0.501708   kbcos= -0.021697
   l= 2   rc=  1.470814   el=  0.002365   Ekb= -0.190555   kbcos= -0.002281

KBgen: Total number of  Kleinman-Bylander projectors:    9
atom: -------------------------------------------------------------------------

atom: SANKEY-TYPE ORBITALS:
atom: Selected multiple-zeta basis: split     

SPLIT: Orbitals with angular momentum L= 0

SPLIT: Basis orbitals for state 1s

SPLIT: PAO cut-off radius determined from an
SPLIT: energy shift=  0.020000 Ry

   izeta = 1
                 lambda =    1.000000
                     rc =    4.828263
                 energy =   -0.449375
                kinetic =    0.929372
    potential(screened) =   -1.378747
       potential(ionic) =   -1.915047

   izeta = 2
                 rmatch =    3.854947
              splitnorm =    0.150000
                 energy =   -0.336153
                kinetic =    1.505294
    potential(screened) =   -1.841447
       potential(ionic) =   -2.413582

POLgen: Perturbative polarization orbital with L=  1

POLgen: Polarization orbital for state 1s

   izeta = 1
                     rc =    4.828263
                 energy =    0.706972
                kinetic =    1.396397
    potential(screened) =   -0.689424
       potential(ionic) =   -1.169792
atom: Total number of Sankey-type orbitals:  5

atm_pop: Valence configuration (for local Pseudopot. screening):
 1s( 1.00)                                                            
Vna: chval, zval:    1.00000   1.00000

Vna:  Cut-off radius for the neutral-atom potential:   4.828263

atom: _________________________________________________________________________

<basis_specs>
===============================================================================
Bessel               Z=-100    Mass= 0.10000E+41    Charge= 0.17977+309
Lmxo=0 Lmxkb=-1    BasisType=split      Semic=F
L=0  Nsemic=0  Cnfigmx=1
          n=1  nzeta=1  polorb=0
            splnorm:   0.15000    
               vcte:    0.0000    
               rinn:    0.0000    
               qcoe:    0.0000    
               qyuk:    0.0000    
               qwid:   0.10000E-01
                rcs:    2.0000    
            lambdas:    1.0000    
===============================================================================
</basis_specs>

atom: Called for Z=-100( Floating Bessel functions)

Bessel: floating Bessel functions with angular momentum L= 0

   izeta = 1
                     rc =    2.011274
                 energy =    2.439817

atom: Total number of floating Bessel orbitals:  1

atom: _________________________________________________________________________

prinput: Basis input ----------------------------------------------------------

PAO.BasisType split     

%block ChemicalSpeciesLabel
    1    8 O                       # Species index, atomic number, species label
    2    1 H                       # Species index, atomic number, species label
    3 -100 Bessel                  # Species index, atomic number, species label
%endblock ChemicalSpeciesLabel

%block PAO.Basis                 # Define Basis set
O                     2                    # Species label, number of l-shells
 n=2   0   2                         # n, l, Nzeta 
   3.305      2.510   
   1.000      1.000   
 n=2   1   2 P   1                   # n, l, Nzeta, Polarization, NzetaPol
   3.937      2.542   
   1.000      1.000   
H                     1                    # Species label, number of l-shells
 n=1   0   2 P   1                   # n, l, Nzeta, Polarization, NzetaPol
   4.828      3.855   
   1.000      1.000   
Bessel                1                    # Species label, number of l-shells
 n=1   0   1                         # n, l, Nzeta 
   2.011   
   1.000   
%endblock PAO.Basis

prinput: ----------------------------------------------------------------------

Dumping basis to NetCDF file O.ion.nc
Dumping basis to NetCDF file H.ion.nc
Skipping creation of NetCDF file Bessel.ion.nc (ghost atom)
coor:   Atomic-coordinates input format  =     Cartesian coordinates
coor:                                          (in Angstroms)

siesta: Atomic coordinates (Bohr) and species
siesta:      0.00000   0.00000   0.00000  1        1
siesta:      1.43052   1.10738   0.00000  2        2
siesta:     -1.43052   1.10738   0.00000  2        3
siesta:      0.71526   0.55369   0.00000  3        4
siesta:     -0.71526   0.55369   0.00000  3        5

siesta: Automatic unit cell vectors (Ang):
siesta:    7.286412    0.000000    0.000000
siesta:    0.000000    5.746952    0.000000
siesta:    0.000000    0.000000    5.621012

siesta: System type = molecule  

initatomlists: Number of atoms, orbitals, and projectors:      5    25    34

siesta: ******************** Simulation parameters ****************************
siesta:
siesta: The following are some of the parameters of the simulation.
siesta: A complete list of the parameters used, including default values,
siesta: can be found in file out.fdf
siesta:
redata: Spin configuration                          = none
redata: Number of spin components                   = 1
redata: Time-Reversal Symmetry                      = T
redata: Spin-spiral                                 = F
redata: Long output                                 =   F
redata: Number of Atomic Species                    =        3
redata: Charge density info will appear in .RHO file
redata: Write Mulliken Pop.                         = NO
redata: Mesh Cutoff                                 =   100.0000 Ry
redata: Net charge of the system                    =     0.0000 |e|
redata: Min. number of SCF Iter                     =        0
redata: Max. number of SCF Iter                     =       50
redata: SCF mix quantity                            = Hamiltonian
redata: Mix DM or H after convergence               =   F
redata: Recompute H after scf cycle                 =   F
redata: Mix DM in first SCF step                    =   T
redata: Write Pulay info on disk                    =   F
redata: New DM Mixing Weight                        =     0.2500
redata: New DM Occupancy tolerance                  = 0.000000000001
redata: No kicks to SCF
redata: DM Mixing Weight for Kicks                  =     0.5000
redata: Require Harris convergence for SCF          =   F
redata: Harris energy tolerance for SCF             =     0.000100 eV
redata: Require DM convergence for SCF              =   T
redata: DM tolerance for SCF                        =     0.0001
redata: Require EDM convergence for SCF             =   F
redata: EDM tolerance for SCF                       =     0.001000 eV
redata: Require H convergence for SCF               =   T
redata: Hamiltonian tolerance for SCF               =     0.001000 eV
redata: Require (free) Energy convergence for SCF   =   F
redata: (free) Energy tolerance for SCF             =     0.000100 eV
redata: Using Saved Data (generic)                  =   F
redata: Use continuation files for DM               =   F
redata: Neglect nonoverlap interactions             =   F
redata: Method of Calculation                       = Diagonalization
redata: Divide and Conquer                          =   T
redata: Electronic Temperature                      =   299.9869 K
redata: Fix the spin of the system                  =   F
redata: Dynamics option                             = Single-point calculation
mix.SCF: Pulay mixing                            = Pulay
mix.SCF:    Variant                              = stable
mix.SCF:    History steps                        = 2
mix.SCF:    Linear mixing weight                 =     0.250000
mix.SCF:    Mixing weight                        =     0.250000
mix.SCF:    SVD condition                        = 0.1000E-07
redata: Save all siesta data in one NC              =   F
redata: ***********************************************************************

%block SCF.Mixers
  Pulay
%endblock SCF.Mixers

%block SCF.Mixer.Pulay
  # Mixing method
  method pulay
  variant stable

  # Mixing options
  weight 0.2500
  weight.linear 0.2500
  history 2
%endblock SCF.Mixer.Pulay

DM_history_depth set to one: no extrapolation allowed by default for geometry relaxation
Size of DM history Fstack: 1
Total number of electrons:     8.000000
Total ionic charge:     8.000000

* ProcessorY, Blocksize:    2   3


* Orbital distribution balance (max,min):     4     3

 Kpoints in:            1 . Kpoints trimmed:            1

siesta: k-grid: Number of k-points =     1
siesta: k-grid: Cutoff (effective) =     2.811 Ang
siesta: k-grid: Supercell and displacements
siesta: k-grid:    1   0   0      0.000
siesta: k-grid:    0   1   0      0.000
siesta: k-grid:    0   0   1      0.000


                     ====================================
                        Single-point calculation
                     ====================================

outcell: Unit cell vectors (Ang):
        7.286412    0.000000    0.000000
        0.000000    5.746952    0.000000
        0.000000    0.000000    5.621012

outcell: Cell vector modules (Ang)   :    7.286412    5.746952    5.621012
outcell: Cell angles (23,13,12) (deg):     90.0000     90.0000     90.0000
outcell: Cell volume (Ang**3)        :    235.3780
<dSpData1D:S at geom step 0
  <sparsity:sparsity for geom step 0
    nrows_g=25 nrows=4 sparsity=.1600 nnzs=100, refcount: 7>
  <dData1D:(new from dSpData1D) n=100, refcount: 1>
refcount: 1>
new_DM -- step:     1
Initializing Density Matrix...
DM filled with atomic data:
<dSpData2D:DM initialized from atoms
  <sparsity:sparsity for geom step 0
    nrows_g=25 nrows=4 sparsity=.1600 nnzs=100, refcount: 8>
  <dData2D:DM n=100 m=1, refcount: 1>
refcount: 1>

No. of atoms with KB's overlaping orbs in proc 0. Max # of overlaps:       3      25
New grid distribution:   1
           1       1:   24    1:    9    1:    5
           2       1:   24    1:    9    6:   10
           3       1:   24    1:    9   11:   14
           4       1:   24    1:    9   15:   18
           5       1:   24   10:   18    1:    5
           6       1:   24   10:   18    6:   10
           7       1:   24   10:   18   11:   14
           8       1:   24   10:   18   15:   18

InitMesh: MESH =    48 x    36 x    36 =       62208
InitMesh: (bp) =    24 x    18 x    18 =        7776
InitMesh: Mesh cutoff (required, used) =   100.000   108.450 Ry
ExtMesh (bp) on 0 =    60 x    45 x    41 =      110700
New grid distribution:   2
           1       7:   24    6:   18    1:    6
           2       7:   24    1:    5    7:   18
           3       7:   24    1:    5    1:    6
           4       1:    6    1:    5    7:   18
           5       1:    6    6:   18    1:    6
           6       7:   24    6:   18    7:   18
           7       1:    6    6:   18    7:   18
           8       1:    6    1:    5    1:    6
New grid distribution:   3
           1      11:   24    7:   18    1:    8
           2       1:   10    7:   18    1:    8
           3      11:   24    1:    6    9:   18
           4       1:   10    1:    6    9:   18
           5      11:   24    1:    6    1:    8
           6       1:   10    1:    6    1:    8
           7      11:   24    7:   18    9:   18
           8       1:   10    7:   18    9:   18
Setting up quadratic distribution...
ExtMesh (bp) on 0 =    54 x    49 x    42 =      111132
PhiOnMesh: Number of (b)points on node 0 =                 1404
PhiOnMesh: nlist on node 0 =                 5706

stepf: Fermi-Dirac step function

siesta: Program's energy decomposition (eV):
siesta: Ebs     =       -82.596389
siesta: Eions   =       815.854478
siesta: Ena     =       175.154321
siesta: Ekin    =       377.447626
siesta: Enl     =       -69.279636
siesta: Eso     =         0.000000
siesta: Eldau   =         0.000000
siesta: DEna    =       -17.485587
siesta: DUscf   =         2.079729
siesta: DUext   =         0.000000
siesta: Exc     =      -117.084527
siesta: eta*DQ  =         0.000000
siesta: Emadel  =         0.000000
siesta: Emeta   =         0.000000
siesta: Emolmec =         0.000000
siesta: Ekinion =         0.000000
siesta: Eharris =      -466.915086
siesta: Etot    =      -465.022554
siesta: FreeEng =      -465.022554

        iscf     Eharris(eV)        E_KS(eV)     FreeEng(eV)     dDmax    Ef(eV) dHmax(eV)
   scf:    1     -466.915086     -465.022554     -465.022554  1.440055 -7.550555  7.289465
timer: Routine,Calls,Time,% = IterSCF        1       0.019   1.91
   scf:    2     -466.229171     -465.736771     -465.736771  0.060374 -6.356303  2.856723
   scf:    3     -465.849998     -465.832491     -465.832491  0.028600 -5.546675  0.339405
   scf:    4     -465.838244     -465.835551     -465.835551  0.010180 -5.473305  0.259232
   scf:    5     -465.837819     -465.837136     -465.837136  0.021685 -5.262305  0.057958
   scf:    6     -465.837308     -465.837234     -465.837234  0.000428 -5.239571  0.030482
   scf:    7     -465.837302     -465.837270     -465.837270  0.000895 -5.242348  0.023552
   scf:    8     -465.837304     -465.837288     -465.837288  0.000902 -5.247376  0.015210
   scf:    9     -465.837294     -465.837292     -465.837292  0.000728 -5.254576  0.005321
   scf:   10     -465.837292     -465.837292     -465.837292  0.000124 -5.257626  0.003050
   scf:   11     -465.837292     -465.837292     -465.837292  0.000048 -5.258024  0.001986
   scf:   12     -465.837292     -465.837292     -465.837292  0.000049 -5.258134  0.000901

SCF Convergence by DM+H criterion
max |DM_out - DM_in|         :     0.0000494587
max |H_out - H_in|      (eV) :     0.0009011500
SCF cycle converged after 12 iterations

Using DM_out to compute the final energy and forces
No. of atoms with KB's overlaping orbs in proc 0. Max # of overlaps:       3      25

siesta: E_KS(eV) =             -465.8373

siesta: E_KS - E_eggbox =      -465.8373

siesta: Atomic forces (eV/Ang):
----------------------------------------
   Tot   -0.000000   -0.051182   -0.000000
----------------------------------------
   Max    0.692611
   Res    0.323521    sqrt( Sum f_i^2 / 3N )
----------------------------------------
   Max    0.692611    constrained

Stress-tensor-Voigt (kbar):       -6.56       -2.92       -1.01        0.00        0.00       -0.00
(Free)E + p*V (eV/cell)     -465.3241
Target enthalpy (eV/cell)     -465.8373

siesta: Program's energy decomposition (eV):
siesta: Ebs     =      -104.363672
siesta: Eions   =       815.854478
siesta: Ena     =       175.154321
siesta: Ekin    =       353.864790
siesta: Enl     =       -63.181172
siesta: Eso     =         0.000000
siesta: Eldau   =         0.000000
siesta: DEna    =        -3.376304
siesta: DUscf   =         0.753300
siesta: DUext   =         0.000000
siesta: Exc     =      -113.197749
siesta: eta*DQ  =         0.000000
siesta: Emadel  =         0.000000
siesta: Emeta   =         0.000000
siesta: Emolmec =         0.000000
siesta: Ekinion =         0.000000
siesta: Eharris =      -465.837292
siesta: Etot    =      -465.837292
siesta: FreeEng =      -465.837292

siesta: Final energy (eV):
siesta:  Band Struct. =    -104.363672
siesta:       Kinetic =     353.864790
siesta:       Hartree =     385.115734
siesta:       Eldau   =       0.000000
siesta:       Eso     =       0.000000
siesta:    Ext. field =       0.000000
siesta:   Exch.-corr. =    -113.197749
siesta:  Ion-electron =   -1080.142359
siesta:       Ion-ion =     -11.477707
siesta:       Ekinion =       0.000000
siesta:         Total =    -465.837292
siesta:         Fermi =      -5.258134

siesta: Atomic forces (eV/Ang):
siesta:      1    0.000000   -0.692611    0.000000
siesta:      2    0.663491    0.322568   -0.000000
siesta:      3   -0.663491    0.322568   -0.000000
siesta:      4   -0.029434   -0.001854   -0.000000
siesta:      5    0.029434   -0.001854   -0.000000
siesta: ----------------------------------------
siesta:    Tot   -0.000000   -0.051182   -0.000000

siesta: Stress tensor (static) (eV/Ang**3):
siesta:    -0.004093    0.000000    0.000000
siesta:     0.000000   -0.001821   -0.000000
siesta:    -0.000000    0.000000   -0.000628

siesta: Cell volume =        235.378012 Ang**3

siesta: Pressure (static):
siesta:                Solid            Molecule  Units
siesta:           0.00002375          0.00000251  Ry/Bohr**3
siesta:           0.00218047          0.00023013  eV/Ang**3
siesta:           3.49354270          0.36871763  kBar
(Free)E+ p_basis*V_orbitals  =        -465.239517
(Free)Eharris+ p_basis*V_orbitals  =        -465.239517

siesta: Electric dipole (a.u.)  =   -0.000000    0.560175    0.000000
siesta: Electric dipole (Debye) =   -0.000000    1.423824    0.000000
>> End of run:   2-JUL-2017  11:10:39
Job completed
