
                           ***********************       
                           *  WELCOME TO SIESTA  *       
                           ***********************       

reinit: Reading from ../fe_cohp.fdf

reinit: -----------------------------------------------------------------------
reinit: System Name: bcc Fe ferro GGA
reinit: -----------------------------------------------------------------------
reinit: System Label: fe_cohp
reinit: -----------------------------------------------------------------------
Siesta Version: siesta-4.1--731
Architecture  : x86_64-linux-n-62-18-14
Compiler flags: mpifort -m64 -fPIC -O3 -march=native -ftree-vectorize -fexpensive-optimizatioons -funroll-loops -fprefetch-loop-arrays -fno-second-underscore  -flto -fuse-linker-plugin
PP flags      : -I/zdata/groups/common/nicpa/2016-oct/generic/build-tools/1.0/include -I/zdatta/groups/common/nicpa/2016-oct/generic/gmp/6.1.0/include -I/zdata/groups/common/nicpa/2016-oct/generic/mpfr/3.1.4/include -I/zdata/groups/common/nicpa/2016-oct/generic/mpc/1.0.3/include -I/zdata/groups/common/nicpa/2016-oct/generic/isl/0.16.1/include -I/zdata/groups/common/nicpa/2016-oct/generic/gcc/6.2.0/include -I/zdata/groups/common/nicpa/2016-oct/generic/numactl/2.0.11/include -I/zdata/groups/common/nicpa/2016-oct/XeonE5-2665/zlib/1.2.8/gnu-6.2.0/include -I/zdata/groups/common/nicpa/2016-oct/XeonE5-2665/libxml2/2.9.4/gnu-6.2.0/include -I/zdata/groups/common/nicpa/2016-oct/XeonE5-2665/hwloc/1.11.4/gnu-6.2.0/include -I/zdata/groups/common/nicpa/2016-oct/XeonE5-2665/openmpi/2.0.1/gnu-6.2.0/include -I/zdata/groups/common/nicpa/2016-oct/XeonE5-2665/hdf5/1.8.17/gnu-6.2.0/include -I/zdata/groups/common/nicpa/2016-oct/XeonE5-2665/pnetcdf/1.7.0/gnu-6.2.0/include -I/zdata/groups/common/nicpa/2016-oct/XeonE5-2665/netcdf/4.4.1/gnu-6.2.0/include -I/zdata/groups/common/nicpa/2016-oct/XeonE5-2665/flook/0.7.0/gnu-6.2.0/include -I/zdata/groups/common/nicpa/2016-oct/XeonE5-2665/parmetis/4.0.3/gnu-6.2.0/include -I/zdata/groups/common/nicpa/2016-oct/XeonE5-2665/scalapack/204/gnu-6.2.0/include -I/zdata/groups/common/nicpa/2016-oct/XeonE5-2665/openblas/0.2.19/gnu-6.2.0/include -I/zdata/groups/common/nicpa/2016-oct/XeonE5-2665/mumps/5.0.2/gnu-6.2.0/include -I/zdata/groups/common/nicpa/2016-oct/XeonE5-2665/fftw/3.3.5/gnu-6.2.0/include -DMPI -DFC_HAVE_FLUSH -DFC_HAVE_ABORT -DCDF -DCDF4 -DSIESTA__METIS -DSIESTA__MUMPS -DTS_NOCHECKS -DNCDF -DNCDF_4 -DNCDF_PARALLEL -DSIESTA__FLOOK
Libraries     : -lnetcdff -lnetcdf -lpnetcdf -lhdf5_hl -lhdf5 -lz  -lzmumps -lmumps_common -llpord -lparmetis -lmetis -lscalapack -lopenblas  -lmetis -flto -fuse-linker-plugin  -L/zdata/groups/common/nicpa/2016-oct/XeonE5-2665/flook/0.7.0/gnu-6.2.0/lib -Wl,-rpath=/zdata/groups/common/nicpa/2016-oct/XeonE5-2665/flook/0.7.0/gnu-6.2.0/lib -lflookall -ldl
PARALLEL version
NetCDF support
NetCDF-4 support
NetCDF-4 MPI-IO support
METIS ordering support

* Running on 8 nodes in parallel
>> Start of run:   2-JUL-2017  11:19:09

initatom: Reading input for the pseudopotentials and atomic orbitals ----------
Species number:   1 Atomic number:   26 Label: Fe

Ground state valence configuration:   4s02  3d06
Reading pseudopotential information in formatted form from Fe.psf

Pseudopotential generated from a relativistic atomic calculation
There are spin-orbit pseudopotentials available
Spin-orbit interaction is not included in this calculation

Valence configuration for pseudopotential generation:
4s( 2.00) rc: 2.00
4p( 0.00) rc: 2.00
3d( 6.00) rc: 2.00
4f( 0.00) rc: 2.00
For Fe, standard SIESTA heuristics set lmxkb to 3
 (one more than the basis l, including polarization orbitals).
Use PS.lmax or PS.KBprojectors blocks to override.
 Warning: Empty PAO shell. l =           1
 Will have a KB projector anyway...

<basis_specs>
===============================================================================
Fe                   Z=  26    Mass=  55.850        Charge= 0.17977+309
Lmxo=2 Lmxkb= 3    BasisType=split      Semic=F
L=0  Nsemic=0  Cnfigmx=4
          n=1  nzeta=2  polorb=1
            splnorm:   0.15000    
               vcte:    0.0000    
               rinn:    0.0000    
               qcoe:    0.0000    
               qyuk:    0.0000    
               qwid:   0.10000E-01
                rcs:    6.0000      0.0000    
            lambdas:    1.0000      1.0000    
L=1  Nsemic=0  Cnfigmx=4
L=2  Nsemic=0  Cnfigmx=3
          n=1  nzeta=2  polorb=0
            splnorm:   0.15000    
               vcte:    0.0000    
               rinn:    0.0000    
               qcoe:    0.0000    
               qyuk:    0.0000    
               qwid:   0.10000E-01
                rcs:    0.0000      0.0000    
            lambdas:    1.0000      1.0000    
-------------------------------------------------------------------------------
L=0  Nkbl=1  erefs: 0.17977+309
L=1  Nkbl=1  erefs: 0.17977+309
L=2  Nkbl=1  erefs: 0.17977+309
L=3  Nkbl=1  erefs: 0.17977+309
===============================================================================
</basis_specs>

atom: Called for Fe                    (Z =  26)

read_vps: Pseudopotential generation method:
read_vps: ATM3      Troullier-Martins                       
Total valence charge:    8.00000

read_vps: Pseudopotential includes a core correction:
read_vps: Pseudo-core for xc-correction

xc_check: Exchange-correlation functional:
xc_check: GGA Perdew, Burke & Ernzerhof 1996
V l=0 = -2*Zval/r beyond r=  2.7645
V l=1 = -2*Zval/r beyond r=  2.7645
V l=2 = -2*Zval/r beyond r=  2.7645
V l=3 = -2*Zval/r beyond r=  2.7645
All V_l potentials equal beyond r=  1.9726
This should be close to max(r_c) in ps generation
All pots = -2*Zval/r beyond r=  2.7645
Using large-core scheme for Vlocal

atom: Estimated core radius    2.76453
atom: Maximum radius for 4*pi*r*r*local-pseudopot. charge    3.05528
atom: Maximum radius for r*vlocal+2*Zval:    2.79930
GHOST: No ghost state for L =  0
GHOST: No ghost state for L =  1
GHOST: No ghost state for L =  2
GHOST: No ghost state for L =  3

KBgen: Kleinman-Bylander projectors: 
   l= 0   rc=  2.047986   el= -0.388305   Ekb=  4.259322   kbcos=  0.262992
   l= 1   rc=  2.047986   el= -0.097543   Ekb=  2.850785   kbcos=  0.194191
   l= 2   rc=  2.022544   el= -0.553240   Ekb=-12.567334   kbcos= -0.683368
   l= 3   rc=  2.047986   el=  0.003178   Ekb= -1.649997   kbcos= -0.006611

KBgen: Total number of  Kleinman-Bylander projectors:   16
atom: -------------------------------------------------------------------------

atom: SANKEY-TYPE ORBITALS:
atom: Selected multiple-zeta basis: split     

SPLIT: Orbitals with angular momentum L= 0

SPLIT: Basis orbitals for state 4s

   izeta = 1
                 lambda =    1.000000
                     rc =    6.000769
                 energy =   -0.359899
                kinetic =    0.368794
    potential(screened) =   -0.728692
       potential(ionic) =   -6.200046

   izeta = 2
                 rmatch =    5.852607
              splitnorm =    0.150000
                 energy =   -0.302546
                kinetic =    0.545359
    potential(screened) =   -0.847905
       potential(ionic) =   -6.625795

SPLIT: Orbitals with angular momentum L= 2

SPLIT: Basis orbitals for state 3d

SPLIT: PAO cut-off radius determined from an
SPLIT: energy shift=  0.003675 Ry

   izeta = 1
                 lambda =    1.000000
                     rc =    4.791692
                 energy =   -0.550135
                kinetic =    9.305455
    potential(screened) =   -9.855590
       potential(ionic) =  -18.595674

   izeta = 2
                 rmatch =    2.235267
              splitnorm =    0.150000
                 energy =   -0.167120
                kinetic =   12.792829
    potential(screened) =  -12.959949
       potential(ionic) =  -22.329705

POLgen: Perturbative polarization orbital with L=  1

POLgen: Polarization orbital for state 4s

   izeta = 1
                     rc =    6.000769
                 energy =   -0.010549
                kinetic =    0.693233
    potential(screened) =   -0.703782
       potential(ionic) =   -5.834871
atom: Total number of Sankey-type orbitals: 15

atm_pop: Valence configuration (for local Pseudopot. screening):
 4s( 2.00)                                                            
 4p( 0.00)                                                            
 3d( 6.00)                                                            
Vna: chval, zval:    8.00000   8.00000

Vna:  Cut-off radius for the neutral-atom potential:   6.000769
comcore: Pseudo-core radius Rcore=  3.778693

atom: _________________________________________________________________________

prinput: Basis input ----------------------------------------------------------

PAO.BasisType split     

%block ChemicalSpeciesLabel
    1   26 Fe                      # Species index, atomic number, species label
%endblock ChemicalSpeciesLabel

%block PAO.Basis                 # Define Basis set
Fe                    2                    # Species label, number of l-shells
 n=4   0   2 P   1                   # n, l, Nzeta, Polarization, NzetaPol
   6.001      5.853   
   1.000      1.000   
 n=3   2   2                         # n, l, Nzeta 
   4.792      2.235   
   1.000      1.000   
%endblock PAO.Basis

prinput: ----------------------------------------------------------------------

Dumping basis to NetCDF file Fe.ion.nc
coor:   Atomic-coordinates input format  =     Fractional

siesta: Atomic coordinates (Bohr) and species
siesta:      0.00000   0.00000   0.00000  1        1

siesta: System type = bulk      

initatomlists: Number of atoms, orbitals, and projectors:      1    15    16

siesta: ******************** Simulation parameters ****************************
siesta:
siesta: The following are some of the parameters of the simulation.
siesta: A complete list of the parameters used, including default values,
siesta: can be found in file out.fdf
siesta:
redata: Spin configuration                          = collinear
redata: Number of spin components                   = 2
redata: Time-Reversal Symmetry                      = T
redata: Spin-spiral                                 = F
redata: Long output                                 =   F
redata: Number of Atomic Species                    =        1
redata: Charge density info will appear in .RHO file
redata: Write Mulliken Pop.                         = NO
redata: Mesh Cutoff                                 =   150.0000 Ry
redata: Net charge of the system                    =     0.0000 |e|
redata: Min. number of SCF Iter                     =        0
redata: Max. number of SCF Iter                     =       40
redata: SCF mix quantity                            = Hamiltonian
redata: Mix DM or H after convergence               =   F
redata: Recompute H after scf cycle                 =   F
redata: Mix DM in first SCF step                    =   T
redata: Write Pulay info on disk                    =   F
redata: New DM Mixing Weight                        =     0.1000
redata: New DM Occupancy tolerance                  = 0.000000000001
redata: No kicks to SCF
redata: DM Mixing Weight for Kicks                  =     0.5000
redata: Require Harris convergence for SCF          =   F
redata: Harris energy tolerance for SCF             =     0.000100 eV
redata: Require DM convergence for SCF              =   T
redata: DM tolerance for SCF                        =     0.0010
redata: Require EDM convergence for SCF             =   F
redata: EDM tolerance for SCF                       =     0.001000 eV
redata: Require H convergence for SCF               =   T
redata: Hamiltonian tolerance for SCF               =     0.001000 eV
redata: Require (free) Energy convergence for SCF   =   F
redata: (free) Energy tolerance for SCF             =     0.000100 eV
redata: Antiferro initial spin density              =   F
redata: Using Saved Data (generic)                  =   F
redata: Use continuation files for DM               =   T
redata: Neglect nonoverlap interactions             =   F
redata: Method of Calculation                       = Diagonalization
redata: Divide and Conquer                          =   T
redata: Electronic Temperature                      =   290.1109 K
redata: Fix the spin of the system                  =   F
redata: Dynamics option                             = Single-point calculation
mix.SCF: Broyden mixing                          = Broyden
mix.SCF:    History steps                        = 4
mix.SCF:    Jacobian weight                      =     0.100000
mix.SCF:    Weight prime                         =     0.100000
mix.SCF: Spin-component mixing                   all
redata: Save all siesta data in one NC              =   F
redata: ***********************************************************************

%block SCF.Mixers
  Broyden
%endblock SCF.Mixers

%block SCF.Mixer.Broyden
  # Mixing method
  method broyden

  # Mixing options
  weight 0.1000
  weight.linear 0.1000
  history 4
%endblock SCF.Mixer.Broyden

DM_history_depth set to one: no extrapolation allowed by default for geometry relaxation
Size of DM history Fstack: 1
Total number of electrons:     8.000000
Total ionic charge:     8.000000

* ProcessorY, Blocksize:    2   2


* Orbital distribution balance (max,min):     2     1

 Kpoints in:         1183 . Kpoints trimmed:         1099

siesta: k-grid: Number of k-points =  1099
siesta: k-grid: Cutoff (effective) =    16.156 Ang
siesta: k-grid: Supercell and displacements
siesta: k-grid:    0  13   0      0.000
siesta: k-grid:    0   0  13      0.000
siesta: k-grid:   13   0   0      0.000

superc: Internal auxiliary supercell:     9 x     9 x     9  =     729
superc: Number of atoms, orbitals, and projectors:    729  10935  11664


                     ====================================
                        Single-point calculation
                     ====================================

superc: Internal auxiliary supercell:     9 x     9 x     9  =     729
superc: Number of atoms, orbitals, and projectors:    729  10935  11664

outcell: Unit cell vectors (Ang):
        1.435000    1.435000    1.435000
        1.435000   -1.435000    1.435000
        1.435000    1.435000   -1.435000

outcell: Cell vector modules (Ang)   :    2.485493    2.485493    2.485493
outcell: Cell angles (23,13,12) (deg):    109.4712     70.5288     70.5288
outcell: Cell volume (Ang**3)        :     11.8200
<dSpData1D:S at geom step 0
  <sparsity:sparsity for geom step 0
    nrows_g=15 nrows=2 sparsity=12.8444 nnzs=2890, refcount: 7>
  <dData1D:(new from dSpData1D) n=2890, refcount: 1>
refcount: 1>
new_DM -- step:     1
Initializing Density Matrix...

Attempting to read DM from file... Failed...
DM filled with atomic data:
<dSpData2D:DM initialized from atoms
  <sparsity:sparsity for geom step 0
    nrows_g=15 nrows=2 sparsity=12.8444 nnzs=2890, refcount: 8>
  <dData2D:DM n=2890 m=2, refcount: 1>
refcount: 1>

initDM: Initial spin polarization (Qup-Qdown) =    4.000000

No. of atoms with KB's overlaping orbs in proc 0. Max # of overlaps:      27     215
New grid distribution:   1
           1       1:    8    1:    4    1:    2
           2       1:    8    1:    4    3:    4
           3       1:    8    1:    4    5:    6
           4       1:    8    1:    4    7:    8
           5       1:    8    5:    8    1:    2
           6       1:    8    5:    8    3:    4
           7       1:    8    5:    8    5:    6
           8       1:    8    5:    8    7:    8

InitMesh: MESH =    16 x    16 x    16 =        4096
InitMesh: (bp) =     8 x     8 x     8 =         512
InitMesh: Mesh cutoff (required, used) =   150.000   171.794 Ry
ExtMesh (bp) on 0 =    60 x    56 x    54 =      181440
New grid distribution:   2
           1       1:    4    5:    8    5:    8
           2       5:    8    1:    4    1:    4
           3       5:    8    1:    4    5:    8
           4       5:    8    5:    8    1:    4
           5       1:    4    1:    4    5:    8
           6       1:    4    1:    4    1:    4
           7       5:    8    5:    8    5:    8
           8       1:    4    5:    8    1:    4
New grid distribution:   3
           1       1:    4    5:    8    5:    8
           2       5:    8    1:    4    1:    4
           3       5:    8    1:    4    5:    8
           4       5:    8    5:    8    1:    4
           5       1:    4    1:    4    5:    8
           6       1:    4    1:    4    1:    4
           7       5:    8    5:    8    5:    8
           8       1:    4    5:    8    1:    4
Setting up quadratic distribution...
ExtMesh (bp) on 0 =    56 x    56 x    56 =      175616
PhiOnMesh: Number of (b)points on node 0 =                   64
PhiOnMesh: nlist on node 0 =                 6711

stepf: Fermi-Dirac step function

siesta: Program's energy decomposition (eV):
siesta: Ebs     =       -68.017143
siesta: Eions   =       711.951407
siesta: Ena     =        22.613144
siesta: Ekin    =       761.487378
siesta: Enl     =      -466.658220
siesta: Eso     =         0.000000
siesta: Eldau   =         0.000000
siesta: DEna    =         2.120354
siesta: DUscf   =         0.066783
siesta: DUext   =         0.000000
siesta: Exc     =      -389.801787
siesta: eta*DQ  =         0.000000
siesta: Emadel  =         0.000000
siesta: Emeta   =         0.000000
siesta: Emolmec =         0.000000
siesta: Ekinion =         0.000000
siesta: Eharris =      -782.426569
siesta: Etot    =      -782.123755
siesta: FreeEng =      -782.126380

        iscf     Eharris(eV)        E_KS(eV)     FreeEng(eV)     dDmax    Ef(eV) dHmax(eV)
   scf:    1     -782.426569     -782.123755     -782.126380  0.932256 -5.210080  1.656598
timer: Routine,Calls,Time,% = IterSCF        1       8.957  88.48
   scf:    2     -782.200141     -782.162873     -782.165398  0.008809 -5.298523  1.310134
   scf:    3     -782.244138     -782.211506     -782.213476  0.017060 -5.596751  0.460120
   scf:    4     -782.231267     -782.221548     -782.223792  0.010354 -5.739386  0.286646
   scf:    5     -782.251916     -782.234027     -782.236939  0.024533 -5.848537  0.248339
   scf:    6     -782.226131     -782.229770     -782.232353  0.009701 -5.805505  0.353154
   scf:    7     -782.233352     -782.231517     -782.234200  0.003304 -5.818454  0.314374
   scf:    8     -782.262741     -782.242123     -782.244613  0.032300 -5.872156  0.105292
   scf:    9     -782.243960     -782.242616     -782.245175  0.009322 -5.886949  0.024195
   scf:   10     -782.242621     -782.242622     -782.245187  0.000569 -5.890224  0.007996
   scf:   11     -782.242611     -782.242614     -782.245177  0.000738 -5.891363  0.003489
   scf:   12     -782.242620     -782.242616     -782.245181  0.000229 -5.891418  0.003333
   scf:   13     -782.242618     -782.242617     -782.245183  0.000105 -5.891666  0.002899
   scf:   14     -782.242620     -782.242618     -782.245186  0.000205 -5.891871  0.002647
   scf:   15     -782.242621     -782.242620     -782.245189  0.000227 -5.892105  0.002434
   scf:   16     -782.242621     -782.242620     -782.245191  0.000171 -5.892306  0.002381
   scf:   17     -782.242620     -782.242620     -782.245192  0.000134 -5.892441  0.002310
   scf:   18     -782.242620     -782.242620     -782.245192  0.000084 -5.892516  0.002262
   scf:   19     -782.242620     -782.242620     -782.245193  0.000049 -5.892548  0.002220
   scf:   20     -782.242620     -782.242620     -782.245193  0.000037 -5.892563  0.002168
   scf:   21     -782.242620     -782.242620     -782.245193  0.000030 -5.892569  0.002110
   scf:   22     -782.242620     -782.242620     -782.245194  0.000027 -5.892571  0.002049
   scf:   23     -782.242620     -782.242620     -782.245194  0.000025 -5.892571  0.001985
   scf:   24     -782.242620     -782.242620     -782.245194  0.000024 -5.892570  0.001920
   scf:   25     -782.242620     -782.242620     -782.245194  0.000023 -5.892568  0.001856
   scf:   26     -782.242620     -782.242620     -782.245194  0.000022 -5.892566  0.001793
   scf:   27     -782.242620     -782.242620     -782.245194  0.000021 -5.892564  0.001732
   scf:   28     -782.242620     -782.242620     -782.245194  0.000020 -5.892561  0.001672
   scf:   29     -782.242620     -782.242620     -782.245195  0.000019 -5.892559  0.001614
   scf:   30     -782.242620     -782.242620     -782.245195  0.000018 -5.892556  0.001558
   scf:   31     -782.242620     -782.242620     -782.245195  0.000018 -5.892553  0.001504
   scf:   32     -782.242620     -782.242620     -782.245195  0.000017 -5.892550  0.001452
   scf:   33     -782.242620     -782.242620     -782.245195  0.000016 -5.892548  0.001401
   scf:   34     -782.242620     -782.242620     -782.245195  0.000016 -5.892545  0.001352
   scf:   35     -782.242620     -782.242620     -782.245195  0.000015 -5.892542  0.001305
   scf:   36     -782.242620     -782.242620     -782.245195  0.000014 -5.892539  0.001260
   scf:   37     -782.242620     -782.242620     -782.245195  0.000014 -5.892537  0.001216
   scf:   38     -782.242620     -782.242620     -782.245195  0.000013 -5.892534  0.001174
   scf:   39     -782.242620     -782.242620     -782.245195  0.000013 -5.892531  0.001134
   scf:   40     -782.242620     -782.242620     -782.245195  0.000012 -5.892529  0.001094
SCF_NOT_CONV: SCF did not converge in maximum number of steps.
Geom step, scf iteration, dmax:   0 40    0.000080

Using DM_out to compute the final energy and forces
No. of atoms with KB's overlaping orbs in proc 0. Max # of overlaps:      27     215

siesta: E_KS(eV) =             -782.2426

siesta: E_KS - E_eggbox =      -782.2426

siesta: Total spin polarization (Qup-Qdown) =    2.305675

siesta: Atomic forces (eV/Ang):
----------------------------------------
   Tot   -0.000000   -0.000000    0.000000
----------------------------------------
   Max    0.000000
   Res    0.000000    sqrt( Sum f_i^2 / 3N )
----------------------------------------
   Max    0.000000    constrained

Stress-tensor-Voigt (kbar):       -8.61       -8.61       -8.61       -5.18        5.18       -5.18
(Free)E + p*V (eV/cell)     -782.1817
Target enthalpy (eV/cell)     -782.2452
Writing WFSX for COOP/COHP in fe_cohp.fullBZ.WFSX

siesta: Program's energy decomposition (eV):
siesta: Ebs     =       -64.868611
siesta: Eions   =       711.951407
siesta: Ena     =        22.613144
siesta: Ekin    =       770.582599
siesta: Enl     =      -473.820422
siesta: Eso     =         0.000000
siesta: Eldau   =         0.000000
siesta: DEna    =         0.791491
siesta: DUscf   =         0.020482
siesta: DUext   =         0.000000
siesta: Exc     =      -390.478506
siesta: eta*DQ  =         0.000000
siesta: Emadel  =         0.000000
siesta: Emeta   =         0.000000
siesta: Emolmec =         0.000000
siesta: Ekinion =         0.000000
siesta: Eharris =      -782.242620
siesta: Etot    =      -782.242620
siesta: FreeEng =      -782.245195

siesta: Final energy (eV):
siesta:  Band Struct. =     -64.868611
siesta:       Kinetic =     770.582599
siesta:       Hartree =      86.225566
siesta:       Eldau   =       0.000000
siesta:       Eso     =       0.000000
siesta:    Ext. field =       0.000000
siesta:   Exch.-corr. =    -390.478506
siesta:  Ion-electron =    -819.118651
siesta:       Ion-ion =    -429.453629
siesta:       Ekinion =       0.000000
siesta:         Total =    -782.242620
siesta:         Fermi =      -5.892529

siesta: Stress tensor (static) (eV/Ang**3):
siesta:    -0.005373   -0.003232   -0.003232
siesta:    -0.003232   -0.005373    0.003232
siesta:    -0.003232    0.003232   -0.005373

siesta: Cell volume =         11.819952 Ang**3

siesta: Pressure (static):
siesta:                Solid            Molecule  Units
siesta:           0.00005852          0.00005852  Ry/Bohr**3
siesta:           0.00537305          0.00537305  eV/Ang**3
siesta:           8.60866302          8.60866302  kBar
(Free)E+ p_basis*V_orbitals  =        -781.661111
(Free)Eharris+ p_basis*V_orbitals  =        -781.661111

siesta: Total spin polarization (Qup-Qdown) =    2.305675
>> End of run:   2-JUL-2017  11:25:28
Job completed
