
                           ***********************       
                           *  WELCOME TO SIESTA  *       
                           ***********************       

reinit: Reading from ../fe_clust_noncollinear.fdf

reinit: -----------------------------------------------------------------------
reinit: System Name: Linear Fe3 cluster.
reinit: -----------------------------------------------------------------------
reinit: System Label: fe_clust_noncollinear
reinit: -----------------------------------------------------------------------
Siesta Version: siesta-4.1--731
Architecture  : x86_64-linux-n-62-18-14
Compiler flags: mpifort -m64 -fPIC -O3 -march=native -ftree-vectorize -fexpensive-optimizatioons -funroll-loops -fprefetch-loop-arrays -fno-second-underscore  -flto -fuse-linker-plugin
PP flags      : -I/zdata/groups/common/nicpa/2016-oct/generic/build-tools/1.0/include -I/zdatta/groups/common/nicpa/2016-oct/generic/gmp/6.1.0/include -I/zdata/groups/common/nicpa/2016-oct/generic/mpfr/3.1.4/include -I/zdata/groups/common/nicpa/2016-oct/generic/mpc/1.0.3/include -I/zdata/groups/common/nicpa/2016-oct/generic/isl/0.16.1/include -I/zdata/groups/common/nicpa/2016-oct/generic/gcc/6.2.0/include -I/zdata/groups/common/nicpa/2016-oct/generic/numactl/2.0.11/include -I/zdata/groups/common/nicpa/2016-oct/XeonE5-2665/zlib/1.2.8/gnu-6.2.0/include -I/zdata/groups/common/nicpa/2016-oct/XeonE5-2665/libxml2/2.9.4/gnu-6.2.0/include -I/zdata/groups/common/nicpa/2016-oct/XeonE5-2665/hwloc/1.11.4/gnu-6.2.0/include -I/zdata/groups/common/nicpa/2016-oct/XeonE5-2665/openmpi/2.0.1/gnu-6.2.0/include -I/zdata/groups/common/nicpa/2016-oct/XeonE5-2665/hdf5/1.8.17/gnu-6.2.0/include -I/zdata/groups/common/nicpa/2016-oct/XeonE5-2665/pnetcdf/1.7.0/gnu-6.2.0/include -I/zdata/groups/common/nicpa/2016-oct/XeonE5-2665/netcdf/4.4.1/gnu-6.2.0/include -I/zdata/groups/common/nicpa/2016-oct/XeonE5-2665/flook/0.7.0/gnu-6.2.0/include -I/zdata/groups/common/nicpa/2016-oct/XeonE5-2665/parmetis/4.0.3/gnu-6.2.0/include -I/zdata/groups/common/nicpa/2016-oct/XeonE5-2665/scalapack/204/gnu-6.2.0/include -I/zdata/groups/common/nicpa/2016-oct/XeonE5-2665/openblas/0.2.19/gnu-6.2.0/include -I/zdata/groups/common/nicpa/2016-oct/XeonE5-2665/mumps/5.0.2/gnu-6.2.0/include -I/zdata/groups/common/nicpa/2016-oct/XeonE5-2665/fftw/3.3.5/gnu-6.2.0/include -DMPI -DFC_HAVE_FLUSH -DFC_HAVE_ABORT -DCDF -DCDF4 -DSIESTA__METIS -DSIESTA__MUMPS -DTS_NOCHECKS -DNCDF -DNCDF_4 -DNCDF_PARALLEL -DSIESTA__FLOOK
Libraries     : -lnetcdff -lnetcdf -lpnetcdf -lhdf5_hl -lhdf5 -lz  -lzmumps -lmumps_common -llpord -lparmetis -lmetis -lscalapack -lopenblas  -lmetis -flto -fuse-linker-plugin  -L/zdata/groups/common/nicpa/2016-oct/XeonE5-2665/flook/0.7.0/gnu-6.2.0/lib -Wl,-rpath=/zdata/groups/common/nicpa/2016-oct/XeonE5-2665/flook/0.7.0/gnu-6.2.0/lib -lflookall -ldl
PARALLEL version
NetCDF support
NetCDF-4 support
NetCDF-4 MPI-IO support
METIS ordering support

* Running on 8 nodes in parallel
>> Start of run:   2-JUL-2017  11:18:35

initatom: Reading input for the pseudopotentials and atomic orbitals ----------
Species number:   1 Atomic number:   26 Label: fe_nc

Ground state valence configuration:   4s02  3d06
Reading pseudopotential information in formatted form from fe_nc.psf

Valence configuration for pseudopotential generation:
4s( 1.00) rc: 2.00
4p( 0.00) rc: 2.00
3d( 7.00) rc: 2.00
4f( 0.00) rc: 2.00
For fe_nc, standard SIESTA heuristics set lmxkb to 3
 (one more than the basis l, including polarization orbitals).
Use PS.lmax or PS.KBprojectors blocks to override.

<basis_specs>
===============================================================================
fe_nc                Z=  26    Mass=  55.850        Charge= 0.17977+309
Lmxo=2 Lmxkb= 3    BasisType=split      Semic=F
L=0  Nsemic=0  Cnfigmx=4
          n=1  nzeta=2  polorb=1
            splnorm:   0.15000    
               vcte:    0.0000    
               rinn:    0.0000    
               qcoe:    0.0000    
               qyuk:    0.0000    
               qwid:   0.10000E-01
                rcs:    0.0000      0.0000    
            lambdas:    1.0000      1.0000    
L=1  Nsemic=0  Cnfigmx=4
L=2  Nsemic=0  Cnfigmx=3
          n=1  nzeta=2  polorb=0
            splnorm:   0.15000    
               vcte:    0.0000    
               rinn:    0.0000    
               qcoe:    0.0000    
               qyuk:    0.0000    
               qwid:   0.10000E-01
                rcs:    0.0000      0.0000    
            lambdas:    1.0000      1.0000    
-------------------------------------------------------------------------------
L=0  Nkbl=1  erefs: 0.17977+309
L=1  Nkbl=1  erefs: 0.17977+309
L=2  Nkbl=1  erefs: 0.17977+309
L=3  Nkbl=1  erefs: 0.17977+309
===============================================================================
</basis_specs>

atom: Called for fe_nc                 (Z =  26)

read_vps: Pseudopotential generation method:
read_vps: ATM3      Troullier-Martins                       
Total valence charge:    8.00000

read_vps: Pseudopotential includes a core correction:
read_vps: Pseudo-core for xc-correction

xc_check: Exchange-correlation functional:
xc_check: Ceperley-Alder
V l=0 = -2*Zval/r beyond r=  2.8345
V l=1 = -2*Zval/r beyond r=  2.8345
V l=2 = -2*Zval/r beyond r=  2.8345
V l=3 = -2*Zval/r beyond r=  2.8345
All V_l potentials equal beyond r=  1.9726
This should be close to max(r_c) in ps generation
All pots = -2*Zval/r beyond r=  2.8345
Using large-core scheme for Vlocal

atom: Estimated core radius    2.83451
atom: Maximum radius for 4*pi*r*r*local-pseudopot. charge    3.13263
atom: Maximum radius for r*vlocal+2*Zval:    2.87017
GHOST: No ghost state for L =  0
GHOST: No ghost state for L =  1
GHOST: No ghost state for L =  2
GHOST: No ghost state for L =  3

KBgen: Kleinman-Bylander projectors: 
   l= 0   rc=  2.047986   el= -0.319855   Ekb=  3.923406   kbcos=  0.252820
   l= 1   rc=  2.047986   el= -0.070931   Ekb=  3.313875   kbcos=  0.157841
   l= 2   rc=  2.022544   el= -0.307264   Ekb=-12.478630   kbcos= -0.654791
   l= 3   rc=  2.047986   el=  0.003534   Ekb= -1.656634   kbcos= -0.005966

KBgen: Total number of  Kleinman-Bylander projectors:   16
atom: -------------------------------------------------------------------------

atom: SANKEY-TYPE ORBITALS:
atom: Selected multiple-zeta basis: split     

SPLIT: Orbitals with angular momentum L= 0

SPLIT: Basis orbitals for state 4s

SPLIT: PAO cut-off radius determined from an
SPLIT: energy shift=  0.020000 Ry

   izeta = 1
                 lambda =    1.000000
                     rc =    6.799774
                 energy =   -0.302238
                kinetic =    0.298810
    potential(screened) =   -0.601048
       potential(ionic) =   -5.818758

   izeta = 2
                 rmatch =    6.468141
              splitnorm =    0.150000
                 energy =   -0.257217
                kinetic =    0.445909
    potential(screened) =   -0.703126
       potential(ionic) =   -6.273620

SPLIT: Orbitals with angular momentum L= 2

SPLIT: Basis orbitals for state 3d

SPLIT: PAO cut-off radius determined from an
SPLIT: energy shift=  0.020000 Ry

   izeta = 1
                 lambda =    1.000000
                     rc =    4.022404
                 energy =   -0.287031
                kinetic =    8.952870
    potential(screened) =   -9.239901
       potential(ionic) =  -18.247427

   izeta = 2
                 rmatch =    2.291856
              splitnorm =    0.150000
                 energy =    0.070417
                kinetic =   12.282791
    potential(screened) =  -12.212374
       potential(ionic) =  -21.929746

POLgen: Perturbative polarization orbital with L=  1

POLgen: Polarization orbital for state 4s

   izeta = 1
                     rc =    6.799774
                 energy =   -0.003154
                kinetic =    0.566601
    potential(screened) =   -0.569755
       potential(ionic) =   -5.393577
atom: Total number of Sankey-type orbitals: 15

atm_pop: Valence configuration (for local Pseudopot. screening):
 4s( 2.00)                                                            
 4p( 0.00)                                                            
 3d( 6.00)                                                            
Vna: chval, zval:    8.00000   8.00000

Vna:  Cut-off radius for the neutral-atom potential:   6.799774
comcore: Pseudo-core radius Rcore=  3.874354

atom: _________________________________________________________________________

prinput: Basis input ----------------------------------------------------------

PAO.BasisType split     

%block ChemicalSpeciesLabel
    1   26 fe_nc                   # Species index, atomic number, species label
%endblock ChemicalSpeciesLabel

%block PAO.Basis                 # Define Basis set
fe_nc                 2                    # Species label, number of l-shells
 n=4   0   2 P   1                   # n, l, Nzeta, Polarization, NzetaPol
   6.800      6.468   
   1.000      1.000   
 n=3   2   2                         # n, l, Nzeta 
   4.022      2.292   
   1.000      1.000   
%endblock PAO.Basis

prinput: ----------------------------------------------------------------------

Dumping basis to NetCDF file fe_nc.ion.nc
coor:   Atomic-coordinates input format  =     Cartesian coordinates
coor:                                            (in Bohr units)

siesta: Atomic coordinates (Bohr) and species
siesta:      0.00000   0.00000   3.64400  1        1
siesta:      0.00000   0.00000   0.00000  1        2
siesta:      0.00000   0.00000  -3.64400  1        3

siesta: System type = bulk      

initatomlists: Number of atoms, orbitals, and projectors:      3    45    48

siesta: ******************** Simulation parameters ****************************
siesta:
siesta: The following are some of the parameters of the simulation.
siesta: A complete list of the parameters used, including default values,
siesta: can be found in file out.fdf
siesta:
redata: Spin configuration                          = non-collinear
redata: Number of spin components                   = 4
redata: Time-Reversal Symmetry                      = F
redata: Spin-spiral                                 = F
redata: Long output                                 =   F
redata: Number of Atomic Species                    =        1
redata: Charge density info will appear in .RHO file
redata: Write Mulliken Pop.                         = Atomic and Orbital charges
redata: Mesh Cutoff                                 =   150.0000 Ry
redata: Net charge of the system                    =     0.0000 |e|
redata: Min. number of SCF Iter                     =        0
redata: Max. number of SCF Iter                     =      200
redata: SCF mix quantity                            = Hamiltonian
redata: Mix DM or H after convergence               =   F
redata: Recompute H after scf cycle                 =   F
redata: Mix DM in first SCF step                    =   T
redata: Write Pulay info on disk                    =   F
redata: New DM Mixing Weight                        =     0.0100
redata: New DM Occupancy tolerance                  = 0.000000000001
redata: No kicks to SCF
redata: DM Mixing Weight for Kicks                  =     0.5000
redata: Require Harris convergence for SCF          =   F
redata: Harris energy tolerance for SCF             =     0.000100 eV
redata: Require DM convergence for SCF              =   T
redata: DM tolerance for SCF                        =     0.0001
redata: Require EDM convergence for SCF             =   F
redata: EDM tolerance for SCF                       =     0.001000 eV
redata: Require H convergence for SCF               =   T
redata: Hamiltonian tolerance for SCF               =     0.001000 eV
redata: Require (free) Energy convergence for SCF   =   F
redata: (free) Energy tolerance for SCF             =     0.000100 eV
redata: Using Saved Data (generic)                  =   F
redata: Use continuation files for DM               =   T
redata: Neglect nonoverlap interactions             =   F
redata: Method of Calculation                       = Diagonalization
redata: Divide and Conquer                          =   T
redata: Electronic Temperature                      =  1160.4438 K
redata: Fix the spin of the system                  =   F
redata: Dynamics option                             = Single-point calculation
mix.SCF: Pulay mixing                            = Pulay
mix.SCF:    Variant                              = stable
mix.SCF:    History steps                        = 4
mix.SCF:    Linear mixing weight                 =     0.010000
mix.SCF:    Mixing weight                        =     0.010000
mix.SCF:    SVD condition                        = 0.1000E-07
mix.SCF: Spin-component mixing                   all
redata: Save all siesta data in one NC              =   F
redata: ***********************************************************************

%block SCF.Mixers
  Pulay
%endblock SCF.Mixers

%block SCF.Mixer.Pulay
  # Mixing method
  method pulay
  variant stable

  # Mixing options
  weight 0.0100
  weight.linear 0.0100
  history 4
%endblock SCF.Mixer.Pulay

DM_history_depth set to one: no extrapolation allowed by default for geometry relaxation
Size of DM history Fstack: 1
Total number of electrons:    24.000000
Total ionic charge:    24.000000

* ProcessorY, Blocksize:    2   6


* Orbital distribution balance (max,min):     6     3


Time-reversal symmetry not used.

siesta: k-grid: Number of k-points =     1
siesta: k-grid: Cutoff (effective) =     3.175 Ang
siesta: k-grid: Supercell and displacements
siesta: k-grid:    1   0   0      0.000
siesta: k-grid:    0   1   0      0.000
siesta: k-grid:    0   0   1      0.000


                     ====================================
                        Single-point calculation
                     ====================================

outcell: Unit cell vectors (Ang):
        6.350124    0.000000    0.000000
        0.000000    6.350124    0.000000
        0.000000    0.000000   10.583540

outcell: Cell vector modules (Ang)   :    6.350124    6.350124   10.583540
outcell: Cell angles (23,13,12) (deg):     90.0000     90.0000     90.0000
outcell: Cell volume (Ang**3)        :    426.7715
 Folding of H and S is implicitly performed
<dSpData1D:S at geom step 0
  <sparsity:sparsity for geom step 0
    nrows_g=45 nrows=6 sparsity=.1333 nnzs=270, refcount: 7>
  <dData1D:(new from dSpData1D) n=270, refcount: 1>
refcount: 1>
new_DM -- step:     1
Initializing Density Matrix...

Attempting to read DM from file... Failed...
DM filled with atomic data (user-defined):
<dSpData2D:DM initialized from atoms
  <sparsity:sparsity for geom step 0
    nrows_g=45 nrows=6 sparsity=.1333 nnzs=270, refcount: 8>
  <dData2D:DM n=270 m=4, refcount: 1>
refcount: 1>

initDM: Initial spin polarization (x,y,z) =    1.500000    0.000000    0.000000

No. of atoms with KB's overlaping orbs in proc 0. Max # of overlaps:       3      45
New grid distribution:   1
           1       1:   24    1:   12    1:   10
           2       1:   24    1:   12   11:   20
           3       1:   24    1:   12   21:   30
           4       1:   24    1:   12   31:   40
           5       1:   24   13:   24    1:   10
           6       1:   24   13:   24   11:   20
           7       1:   24   13:   24   21:   30
           8       1:   24   13:   24   31:   40

InitMesh: MESH =    48 x    48 x    80 =      184320
InitMesh: (bp) =    24 x    24 x    40 =       23040
InitMesh: Mesh cutoff (required, used) =   150.000   157.914 Ry
ExtMesh (bp) on 0 =    80 x    68 x    66 =      359040
New grid distribution:   2
           1      12:   24    1:   11    1:   15
           2       1:   11    1:   11    1:   15
           3      12:   24    1:   11   16:   40
           4       1:   11    1:   11   16:   40
           5      12:   24   12:   24    1:   15
           6       1:   11   12:   24    1:   15
           7      12:   24   12:   24   16:   40
           8       1:   11   12:   24   16:   40
New grid distribution:   3
           1       1:   12   13:   24   20:   40
           2      13:   24    1:   12    1:   19
           3      13:   24    1:   12   20:   40
           4      13:   24   13:   24    1:   19
           5       1:   12    1:   12   20:   40
           6       1:   12    1:   12    1:   19
           7      13:   24   13:   24   20:   40
           8       1:   12   13:   24    1:   19
Setting up quadratic distribution...
ExtMesh (bp) on 0 =    69 x    67 x    71 =      328233
PhiOnMesh: Number of (b)points on node 0 =                 2145
PhiOnMesh: nlist on node 0 =                25197

stepf: Fermi-Dirac step function

siesta: Program's energy decomposition (eV):
siesta: Ebs     =       297.782506
siesta: Eions   =      2141.484345
siesta: Ena     =        95.468898
siesta: Ekin    =      2896.614611
siesta: Enl     =     -1847.421962
siesta: Eso     =         0.000000
siesta: Eldau   =         0.000000
siesta: DEna    =      -120.392726
siesta: DUscf   =        64.390001
siesta: DUext   =         0.000000
siesta: Exc     =     -1226.809717
siesta: eta*DQ  =         0.000000
siesta: Emadel  =         0.000000
siesta: Emeta   =         0.000000
siesta: Emolmec =         0.000000
siesta: Ekinion =         0.000000
siesta: Eharris =     -2188.268162
siesta: Etot    =     -2279.635240
siesta: FreeEng =     -2280.189278

        iscf     Eharris(eV)        E_KS(eV)     FreeEng(eV)     dDmax    Ef(eV) dHmax(eV)
   scf:    1    -2188.268162    -2279.635240    -2280.189278  0.982602 -7.995772 45.035171
timer: Routine,Calls,Time,% = IterSCF        1       0.133  11.70
   scf:    2     -690.293405    -1841.705903    -1841.940668  2.051381  3.658838161.693518
   scf:    3    -2002.127436    -2017.511940    -2017.512161  1.870093 -3.591501 90.567309
   scf:    4    -1959.768829    -1988.982251    -1988.982259  0.046107 -3.078680 96.435120
   scf:    5    -2393.928393    -2238.022868    -2238.234983  0.508923 -5.301283 33.694141
   scf:    6    -1887.426747    -2086.762591    -2086.766675  0.476839 -3.866516 79.476008
   scf:    7    -2311.638266    -2313.045605    -2313.305130  0.921033 -0.808540 18.023363
   scf:    8    -2291.439575    -2314.534078    -2314.561672  0.849611 -3.250470 17.932827
   scf:    9    -2329.691321    -2326.668039    -2326.799492  0.155670 -3.263850  2.589173
   scf:   10    -2326.427244    -2326.833016    -2326.989952  0.050269 -3.461907  2.259072
   scf:   11    -2310.815844    -2321.960132    -2322.067958  0.131608 -4.006046 13.166046
   scf:   12    -2312.909391    -2317.771772    -2317.821177  0.049528 -3.703767 16.532820
   scf:   13    -2268.400873    -2314.319588    -2314.532472  0.388973 -3.402702 19.309630
   scf:   14    -2322.553176    -2326.712001    -2326.859617  0.231226 -3.526464  2.876621
   scf:   15    -2326.530888    -2326.947492    -2327.120800  0.053299 -3.574778  1.337443
   scf:   16    -2327.002173    -2327.016573    -2327.181952  0.018828 -3.579206  0.308248
   scf:   17    -2327.010308    -2327.015878    -2327.182831  0.003406 -3.580293  0.145706
   scf:   18    -2327.018831    -2327.017676    -2327.183760  0.002170 -3.581165  0.166482
   scf:   19    -2327.040090    -2327.028009    -2327.197931  0.030288 -3.515811  0.040065
   scf:   20    -2327.028189    -2327.028101    -2327.197919  0.000368 -3.516017  0.037121
   scf:   21    -2327.028178    -2327.028140    -2327.197931  0.000186 -3.516001  0.034947
   scf:   22    -2327.028090    -2327.028105    -2327.198475  0.001700 -3.512228  0.027870
   scf:   23    -2327.026360    -2327.027128    -2327.199386  0.004377 -3.496421  0.024122
   scf:   24    -2327.027164    -2327.027146    -2327.199378  0.000106 -3.496472  0.023164
   scf:   25    -2327.027116    -2327.027131    -2327.199385  0.000061 -3.496392  0.022976
   scf:   26    -2327.027089    -2327.027110    -2327.199397  0.000084 -3.496286  0.022634
   scf:   27    -2327.026471    -2327.026770    -2327.199634  0.002187 -3.495429  0.018284
   scf:   28    -2327.026726    -2327.026748    -2327.199648  0.000110 -3.495405  0.017845
   scf:   29    -2327.026177    -2327.026467    -2327.199781  0.001029 -3.495298  0.008611
   scf:   30    -2327.026237    -2327.026354    -2327.199823  0.000461 -3.494899  0.008362
   scf:   31    -2327.026354    -2327.026354    -2327.199826  0.000016 -3.494911  0.008348
   scf:   32    -2327.026399    -2327.026375    -2327.199885  0.000380 -3.495277  0.008046
   scf:   33    -2327.026648    -2327.026497    -2327.199999  0.001051 -3.496696  0.007533
   scf:   34    -2327.026504    -2327.026500    -2327.200001  0.000020 -3.496701  0.007517
   scf:   35    -2327.026517    -2327.026509    -2327.200009  0.000086 -3.496624  0.007439
   scf:   36    -2327.026531    -2327.026518    -2327.200043  0.000319 -3.496687  0.007160
   scf:   37    -2327.026518    -2327.026518    -2327.200050  0.000063 -3.496702  0.007108
   scf:   38    -2327.026530    -2327.026467    -2327.200210  0.001829 -3.495642  0.005491
   scf:   39    -2327.026459    -2327.026463    -2327.200211  0.000021 -3.495672  0.005482
   scf:   40    -2327.026452    -2327.026457    -2327.200205  0.000095 -3.495584  0.005548
   scf:   41    -2327.026459    -2327.026458    -2327.200202  0.000031 -3.495544  0.005567
   scf:   42    -2327.026428    -2327.026443    -2327.200200  0.000199 -3.495467  0.005507
   scf:   43    -2327.026442    -2327.026442    -2327.200200  0.000010 -3.495460  0.005496
   scf:   44    -2327.026420    -2327.026430    -2327.200225  0.000336 -3.495436  0.005189
   scf:   45    -2327.026415    -2327.026422    -2327.200235  0.000143 -3.495421  0.005057
   scf:   46    -2327.026328    -2327.026370    -2327.200271  0.000569 -3.495045  0.004445
   scf:   47    -2327.026360    -2327.026365    -2327.200274  0.000054 -3.495004  0.004384
   scf:   48    -2327.026344    -2327.026354    -2327.200282  0.000132 -3.494946  0.004248
   scf:   49    -2327.026254    -2327.026290    -2327.200328  0.000909 -3.494967  0.003414
   scf:   50    -2327.026234    -2327.026260    -2327.200341  0.000323 -3.494894  0.003099
   scf:   51    -2327.026216    -2327.026238    -2327.200349  0.000211 -3.494802  0.002891
   scf:   52    -2327.026170    -2327.026202    -2327.200361  0.000335 -3.494690  0.003067
   scf:   53    -2327.026134    -2327.026166    -2327.200373  0.000378 -3.494661  0.003116
   scf:   54    -2327.026026    -2327.026081    -2327.200394  0.000957 -3.494878  0.002427
   scf:   55    -2327.026061    -2327.026071    -2327.200395  0.000086 -3.494874  0.002265
   scf:   56    -2327.026018    -2327.026043    -2327.200398  0.000243 -3.494873  0.002021
   scf:   57    -2327.026034    -2327.026037    -2327.200402  0.000308 -3.495095  0.001794
   scf:   58    -2327.026260    -2327.026148    -2327.200401  0.000194 -3.495770  0.002476
   scf:   59    -2327.025992    -2327.026067    -2327.200404  0.000439 -3.495563  0.001760
   scf:   60    -2327.026063    -2327.026065    -2327.200404  0.000030 -3.495578  0.001673
   scf:   61    -2327.026127    -2327.026096    -2327.200404  0.000172 -3.495644  0.001409
   scf:   62    -2327.026157    -2327.026126    -2327.200403  0.000192 -3.495684  0.001209
   scf:   63    -2327.026187    -2327.026156    -2327.200403  0.000049 -3.495828  0.000881

SCF Convergence by DM+H criterion
max |DM_out - DM_in|         :     0.0000493517
max |H_out - H_in|      (eV) :     0.0008814493
SCF cycle converged after 63 iterations

Using DM_out to compute the final energy and forces
No. of atoms with KB's overlaping orbs in proc 0. Max # of overlaps:       3      45

siesta: E_KS(eV) =            -2327.0262

siesta: E_KS - E_eggbox =     -2327.0262
siesta: Total spin polarization (x,y,z) =     1.783109    0.000000   -0.000002
siesta: S , {S} =     1.783109    1.783109    0.000000   -0.000002

siesta: Atomic forces (eV/Ang):
----------------------------------------
   Tot   -0.000000   -0.000000   -0.000000
----------------------------------------
   Max    0.069292
   Res    0.032662    sqrt( Sum f_i^2 / 3N )
----------------------------------------
   Max    0.069292    constrained

Stress-tensor-Voigt (kbar):        6.67        6.67       -1.37       -0.00       -0.00        0.00
(Free)E + p*V (eV/cell)    -2328.2634
Target enthalpy (eV/cell)    -2327.2004

mulliken: Atomic and Orbital Populations:

Species: fe_nc               

Atom      Orb        Charge      Spin       Svec
----------------------------------------------------------------
    1  1 4s         1.34046   0.02220     -0.014   0.000  -0.017
    1  2 4s         0.10724   0.06309      0.004   0.000   0.063
    1  3 3dxy       1.22812   0.65153      0.058   0.000   0.649
    1  4 3dyz       1.24670   0.48497     -0.001   0.000   0.485
    1  5 3dz2       1.27205   0.47688      0.011   0.000   0.477
    1  6 3dxz       1.24670   0.48497     -0.001   0.000   0.485
    1  7 3dx2-y2    1.22671   0.65300      0.058   0.000   0.650
    1  8 3dxy       0.04751   0.06830      0.009   0.000   0.068
    1  9 3dyz       0.03198   0.06028      0.004   0.000   0.060
    1 10 3dz2       0.07188   0.04630      0.003   0.000   0.046
    1 11 3dxz       0.03198   0.06028      0.004   0.000   0.060
    1 12 3dx2-y2    0.04749   0.06827      0.009   0.000   0.068
    1 13 4Ppy       0.02837   0.00570      0.001   0.000  -0.006
    1 14 4Ppz       0.00543   0.00462      0.004   0.000   0.001
    1 15 4Ppx       0.02837   0.00570      0.001   0.000  -0.006
    1     Total     7.96098   3.08743      0.153   0.000   3.084

    2  1 4s         0.86617   0.01542     -0.015   0.000   0.000
    2  2 4s         0.19142   0.03206      0.032   0.000   0.000
    2  3 3dxy       1.43198   0.46938      0.469   0.000   0.000
    2  4 3dyz       1.29858   0.11975      0.120   0.000   0.000
    2  5 3dz2       1.17970   0.13328      0.133   0.000   0.000
    2  6 3dxz       1.29858   0.11975      0.120   0.000   0.000
    2  7 3dx2-y2    1.43166   0.46976      0.470   0.000   0.000
    2  8 3dxy       0.00181   0.03729      0.037   0.000   0.000
    2  9 3dyz      -0.01649   0.01902      0.019   0.000   0.000
    2 10 3dz2       0.07316   0.00957      0.010   0.000  -0.000
    2 11 3dxz      -0.01649   0.01902      0.019   0.000   0.000
    2 12 3dx2-y2    0.00175   0.03724      0.037   0.000   0.000
    2 13 4Ppy       0.11942   0.01153      0.012   0.000  -0.000
    2 14 4Ppz       0.09734   0.00407      0.004   0.000   0.000
    2 15 4Ppx       0.11942   0.01153      0.012   0.000  -0.000
    2     Total     8.07804   1.47785      1.478   0.000   0.000

    3  1 4s         1.34046   0.02220     -0.014   0.000   0.017
    3  2 4s         0.10724   0.06309      0.004   0.000  -0.063
    3  3 3dxy       1.22812   0.65154      0.058   0.000  -0.649
    3  4 3dyz       1.24670   0.48497     -0.001   0.000  -0.485
    3  5 3dz2       1.27205   0.47688      0.011   0.000  -0.477
    3  6 3dxz       1.24670   0.48497     -0.001   0.000  -0.485
    3  7 3dx2-y2    1.22671   0.65300      0.058   0.000  -0.650
    3  8 3dxy       0.04751   0.06830      0.009   0.000  -0.068
    3  9 3dyz       0.03198   0.06028      0.004   0.000  -0.060
    3 10 3dz2       0.07188   0.04630      0.003   0.000  -0.046
    3 11 3dxz       0.03198   0.06028      0.004   0.000  -0.060
    3 12 3dx2-y2    0.04749   0.06827      0.009   0.000  -0.068
    3 13 4Ppy       0.02837   0.00570      0.001   0.000   0.006
    3 14 4Ppz       0.00543   0.00462      0.004   0.000  -0.001
    3 15 4Ppx       0.02837   0.00570      0.001   0.000   0.006
    3     Total     7.96098   3.08743      0.153   0.000  -3.084

----------------------------------------------------------------
Total              24.00000   1.78311      1.783   0.000  -0.000


siesta: Program's energy decomposition (eV):
siesta: Ebs     =      -138.218913
siesta: Eions   =      2141.484345
siesta: Ena     =        95.468898
siesta: Ekin    =      2356.540811
siesta: Enl     =     -1464.254626
siesta: Eso     =         0.000000
siesta: Eldau   =         0.000000
siesta: DEna    =       -28.366271
siesta: DUscf   =         2.906460
siesta: DUext   =         0.000000
siesta: Exc     =     -1147.837082
siesta: eta*DQ  =         0.000000
siesta: Emadel  =         0.000000
siesta: Emeta   =         0.000000
siesta: Emolmec =         0.000000
siesta: Ekinion =         0.000000
siesta: Eharris =     -2327.026187
siesta: Etot    =     -2327.026156
siesta: FreeEng =     -2327.200403

siesta: Final energy (eV):
siesta:  Band Struct. =    -138.218913
siesta:       Kinetic =    2356.540811
siesta:       Hartree =    1407.497211
siesta:       Eldau   =       0.000000
siesta:       Eso     =       0.000000
siesta:    Ext. field =       0.000000
siesta:   Exch.-corr. =   -1147.837082
siesta:  Ion-electron =   -4749.528907
siesta:       Ion-ion =    -193.698188
siesta:       Ekinion =       0.000000
siesta:         Total =   -2327.026156
siesta:         Fermi =      -3.495828

siesta: Atomic forces (eV/Ang):
siesta:      1   -0.000000   -0.000000   -0.069280
siesta:      2   -0.000000    0.000000   -0.000012
siesta:      3    0.000000    0.000000    0.069292
siesta: ----------------------------------------
siesta:    Tot   -0.000000   -0.000000   -0.000000

siesta: Stress tensor (static) (eV/Ang**3):
siesta:     0.004162   -0.000000    0.000000
siesta:    -0.000000    0.004162   -0.000000
siesta:     0.000000   -0.000000   -0.000852

siesta: Cell volume =        426.771459 Ang**3

siesta: Pressure (static):
siesta:                Solid            Molecule  Units
siesta:          -0.00002713         -0.00002486  Ry/Bohr**3
siesta:          -0.00249090         -0.00228219  eV/Ang**3
siesta:          -3.99089795         -3.65650883  kBar
(Free)E+ p_basis*V_orbitals  =       -2324.930474
(Free)Eharris+ p_basis*V_orbitals  =       -2324.930505
siesta: Total spin polarization (x,y,z) =     1.783109    0.000000   -0.000002
siesta: S , {S} =     1.783109    1.783109    0.000000   -0.000002
>> End of run:   2-JUL-2017  11:18:41
Job completed
