Siesta Version:                                        siesta-trunk-300
Architecture  : nano-intel-mpi
Compiler flags: /opt/intel/impi/3.1/bin64/mpiifort -w  -O3 -mp
PARALLEL version
NetCDF support

* Running on    4 nodes in parallel
>> Start of run:  29-SEP-2009  17:23:42

                           ***********************       
                           *  WELCOME TO SIESTA  *       
                           ***********************       

reinit: Reading from standard input
************************** Dump of input data file ****************************
#
# Example of accurate radial-grid use:
#
#   Reparametrization of pseudopotentials
#   Lifting of the odd-number-of-grid-points restrictiction
#
Reparametrize.Pseudos T
Restricted.Radial.Grid F
#
SystemName          Water molecule
SystemLabel         h2o_radialgrid
NumberOfAtoms       3
NumberOfSpecies     2
MeshCutoff  50 Ry
%block ChemicalSpeciesLabel
 1  8  O      # Species index, atomic number, species label
 2  1  H
%endblock ChemicalSpeciesLabel
AtomicCoordinatesFormat  Ang
%block AtomicCoordinatesAndAtomicSpecies
 0.000  0.000  0.000  1
 0.757  0.586  0.000  2
-0.757  0.586  0.000  2
%endblock AtomicCoordinatesAndAtomicSpecies
save-rho T
save-delta-rho T
save-total-potential T
save-hs T
************************** End of input data file *****************************

reinit: -----------------------------------------------------------------------
reinit: System Name: Water molecule
reinit: -----------------------------------------------------------------------
reinit: System Label: h2o_radialgrid                                              
reinit: -----------------------------------------------------------------------

initatom: Reading input for the pseudopotentials and atomic orbitals ----------
 Species number:            1  Label: O Atomic number:           8
 Species number:            2  Label: H Atomic number:           1
Ground state valence configuration:   2s02  2p04
Reading pseudopotential information in formatted form from O.psf

Valence configuration for pseudopotential generation:
2s( 2.00) rc: 1.14
2p( 4.00) rc: 1.14
3d( 0.00) rc: 1.14
4f( 0.00) rc: 1.14
 Reparametrization. rmax:    119.468873521000     
 Reparametrization. New nrval:         5122
Writing pseudopotential information in formatted form to O.Reparam.psf
Ground state valence configuration:   1s01
Reading pseudopotential information in formatted form from H.psf

Valence configuration for pseudopotential generation:
1s( 1.00) rc: 1.25
2p( 0.00) rc: 1.25
3d( 0.00) rc: 1.25
4f( 0.00) rc: 1.25
 Reparametrization. rmax:    119.998512118000     
 Reparametrization. New nrval:         5130
Writing pseudopotential information in formatted form to H.Reparam.psf
For O, standard SIESTA heuristics set lmxkb to 3
 (one more than the basis l, including polarization orbitals).
Use PS.lmax or PS.KBprojectors blocks to override.
For H, standard SIESTA heuristics set lmxkb to 2
 (one more than the basis l, including polarization orbitals).
Use PS.lmax or PS.KBprojectors blocks to override.

<basis_specs>
===============================================================================
O                    Z=   8    Mass=  16.000        Charge= 0.17977+309
Lmxo=1 Lmxkb=3     BasisType=split      Semic=F
L=0  Nsemic=0  Cnfigmx=2
          n=1  nzeta=2  polorb=0
            splnorm:   0.15000    
               vcte:    0.0000    
               rinn:    0.0000    
                rcs:    0.0000      0.0000    
            lambdas:    1.0000      1.0000    
L=1  Nsemic=0  Cnfigmx=2
          n=1  nzeta=2  polorb=1
            splnorm:   0.15000    
               vcte:    0.0000    
               rinn:    0.0000    
                rcs:    0.0000      0.0000    
            lambdas:    1.0000      1.0000    
-------------------------------------------------------------------------------
L=0  Nkbl=1  erefs: 0.17977+309
L=1  Nkbl=1  erefs: 0.17977+309
L=2  Nkbl=1  erefs: 0.17977+309
L=3  Nkbl=1  erefs: 0.17977+309
===============================================================================
</basis_specs>

atom: Called for O                     (Z =   8)
Maximum radius (at nrval) set to   50.00000 3585

read_vps: Pseudopotential generation method:
read_vps: ATM3      Troullier-Martins                       
Total valence charge:    6.00000

xc_check: Exchange-correlation functional:
xc_check: Ceperley-Alder
V l=0 = -2*Zval/r beyond r=  1.1349
V l=1 = -2*Zval/r beyond r=  1.1293
V l=2 = -2*Zval/r beyond r=  1.1293
V l=3 = -2*Zval/r beyond r=  1.1238
All V_l potentials equal beyond r=  1.1349
This should be close to max(r_c) in ps generation
All pots = -2*Zval/r beyond r=  1.1349

VLOCAL1: 99.0% of the norm of Vloc inside     33.701 Ry
VLOCAL1: 99.9% of the norm of Vloc inside     76.806 Ry
atom: Maximum radius for 4*pi*r*r*local-pseudopot. charge    1.37121
atom: Maximum radius for r*vlocal+2*Zval:    1.18513
GHOST: No ghost state for L =  0
GHOST: No ghost state for L =  1
GHOST: No ghost state for L =  2
GHOST: No ghost state for L =  3

KBgen: Kleinman-Bylander projectors: 
   l= 0   rc=  1.297541   el= -1.742455   Ekb=  9.081326   kbcos=  0.325456
   l= 1   rc=  1.286249   el= -0.676589   Ekb= -8.189268   kbcos= -0.395937
   l= 2   rc=  1.474017   el=  0.013263   Ekb= -2.069235   kbcos= -0.003701
   l= 3   rc=  1.543068   el=  0.019519   Ekb= -0.815778   kbcos= -0.000372

KBgen: Total number of  Kleinman-Bylander projectors:   16
atom: -------------------------------------------------------------------------

atom: SANKEY-TYPE ORBITALS:
atom: Selected multiple-zeta basis: split     

SPLIT: Orbitals with angular momentum L= 0

SPLIT: Basis orbitals for state 2s

SPLIT: PAO cut-off radius determined from an
SPLIT: energy shift=  0.020000 Ry

   izeta = 1
                 lambda =    1.000000
                     rc =    3.277689
                 energy =   -1.722401
                kinetic =    1.620199
    potential(screened) =   -3.342600
       potential(ionic) =  -11.313329

   izeta = 2
                 rmatch =    2.510710
              splitnorm =    0.150000
                 energy =   -1.464282
                kinetic =    2.460828
    potential(screened) =   -3.925110
       potential(ionic) =  -12.490694

SPLIT: Orbitals with angular momentum L= 1

SPLIT: Basis orbitals for state 2p

SPLIT: PAO cut-off radius determined from an
SPLIT: energy shift=  0.020000 Ry

   izeta = 1
                 lambda =    1.000000
                     rc =    3.868015
                 energy =   -0.656679
                kinetic =    5.030777
    potential(screened) =   -5.687456
       potential(ionic) =  -13.489167

   izeta = 2
                 rmatch =    2.542026
              splitnorm =    0.150000
                 energy =   -0.367441
                kinetic =    7.530088
    potential(screened) =   -7.897529
       potential(ionic) =  -16.611439

POLgen: Perturbative polarization orbital with L=  2

POLgen: Polarization orbital for state 2p

   izeta = 1
                     rc =    3.868015
                 energy =    1.680644
                kinetic =    2.940156
    potential(screened) =   -1.259511
       potential(ionic) =   -6.674569
atom: Total number of Sankey-type orbitals: 13

atm_pop: Valence configuration (for local Pseudopot. screening):
 2s( 2.00)                                                            
 2p( 4.00)                                                            
Vna: chval, zval:    6.00000   6.00000

Vna:  Cut-off radius for the neutral-atom potential:   3.868015

atom: _________________________________________________________________________

<basis_specs>
===============================================================================
H                    Z=   1    Mass=  1.0100        Charge= 0.17977+309
Lmxo=0 Lmxkb=2     BasisType=split      Semic=F
L=0  Nsemic=0  Cnfigmx=1
          n=1  nzeta=2  polorb=1
            splnorm:   0.15000    
               vcte:    0.0000    
               rinn:    0.0000    
                rcs:    0.0000      0.0000    
            lambdas:    1.0000      1.0000    
-------------------------------------------------------------------------------
L=0  Nkbl=1  erefs: 0.17977+309
L=1  Nkbl=1  erefs: 0.17977+309
L=2  Nkbl=1  erefs: 0.17977+309
===============================================================================
</basis_specs>

atom: Called for H                     (Z =   1)
Maximum radius (at nrval) set to   50.00000 3585

read_vps: Pseudopotential generation method:
read_vps: ATM3      Troullier-Martins                       
Total valence charge:    1.00000

xc_check: Exchange-correlation functional:
xc_check: Ceperley-Alder
V l=0 = -2*Zval/r beyond r=  1.2356
V l=1 = -2*Zval/r beyond r=  1.2300
V l=2 = -2*Zval/r beyond r=  1.2243
All V_l potentials equal beyond r=  1.2356
This should be close to max(r_c) in ps generation
All pots = -2*Zval/r beyond r=  1.2356

VLOCAL1: 99.0% of the norm of Vloc inside     28.433 Ry
VLOCAL1: 99.9% of the norm of Vloc inside     64.800 Ry
atom: Maximum radius for 4*pi*r*r*local-pseudopot. charge    1.44537
atom: Maximum radius for r*vlocal+2*Zval:    1.22435
GHOST: No ghost state for L =  0
GHOST: No ghost state for L =  1
GHOST: No ghost state for L =  2

KBgen: Kleinman-Bylander projectors: 
   l= 0   rc=  1.365530   el= -0.467333   Ekb= -2.007240   kbcos= -0.336569
   l= 1   rc=  1.433928   el=  0.007540   Ekb= -0.502653   kbcos= -0.022566
   l= 2   rc=  1.502738   el=  0.013242   Ekb= -0.191097   kbcos= -0.002434

KBgen: Total number of  Kleinman-Bylander projectors:    9
atom: -------------------------------------------------------------------------

atom: SANKEY-TYPE ORBITALS:
atom: Selected multiple-zeta basis: split     

SPLIT: Orbitals with angular momentum L= 0

SPLIT: Basis orbitals for state 1s

SPLIT: PAO cut-off radius determined from an
SPLIT: energy shift=  0.020000 Ry

   izeta = 1
                 lambda =    1.000000
                     rc =    4.747670
                 energy =   -0.447427
                kinetic =    0.938281
    potential(screened) =   -1.385709
       potential(ionic) =   -1.922854

   izeta = 2
                 rmatch =    3.854154
              splitnorm =    0.150000
                 energy =   -0.335983
                kinetic =    1.505683
    potential(screened) =   -1.841666
       potential(ionic) =   -2.413821

POLgen: Perturbative polarization orbital with L=  1

POLgen: Polarization orbital for state 1s

   izeta = 1
                     rc =    4.747670
                 energy =    0.521701
                kinetic =    1.019065
    potential(screened) =   -0.497364
       potential(ionic) =   -0.946397
atom: Total number of Sankey-type orbitals:  5

atm_pop: Valence configuration (for local Pseudopot. screening):
 1s( 1.00)                                                            
Vna: chval, zval:    1.00000   1.00000

Vna:  Cut-off radius for the neutral-atom potential:   4.747670

atom: _________________________________________________________________________

prinput: Basis input ----------------------------------------------------------

PAO.BasisType split     

%block ChemicalSpeciesLabel
    1    8 O                       # Species index, atomic number, species label
    2    1 H                       # Species index, atomic number, species label
%endblock ChemicalSpeciesLabel

%block PAO.Basis                 # Define Basis set
O                     2                    # Species label, number of l-shells
 n=2   0   2                         # n, l, Nzeta 
   3.278      2.511   
   1.000      1.000   
 n=2   1   2 P   1                   # n, l, Nzeta, Polarization, NzetaPol
   3.868      2.542   
   1.000      1.000   
H                     1                    # Species label, number of l-shells
 n=1   0   2 P   1                   # n, l, Nzeta, Polarization, NzetaPol
   4.748      3.854   
   1.000      1.000   
%endblock PAO.Basis

prinput: ----------------------------------------------------------------------

Dumping basis to NetCDF file O.ion.nc
Dumping basis to NetCDF file H.ion.nc
coor:   Atomic-coordinates input format  =     Cartesian coordinates
coor:                                          (in Angstroms)

siesta: Atomic coordinates (Bohr) and species
siesta:      0.00000   0.00000   0.00000  1        1
siesta:      1.43052   1.10738   0.00000  2        2
siesta:     -1.43052   1.10738   0.00000  2        3

siesta: Automatic unit cell vectors (Ang):
siesta:    7.192587    0.000000    0.000000
siesta:    0.000000    5.659744    0.000000
siesta:    0.000000    0.000000    5.527187

siesta: System type = molecule  

initatomlists: Number of atoms, orbitals, and projectors:      3    23    34

siesta: ******************** Simulation parameters ****************************
siesta:
siesta: The following are some of the parameters of the simulation.
siesta: A complete list of the parameters used, including default values,
siesta: can be found in file out.fdf
siesta:
redata: Non-Collinear-spin run           =     F
redata: SpinPolarized (Up/Down) run      =     F
redata: Number of spin components        =     1
redata: Long output                      =     F
redata: Number of Atomic Species         =        2
redata: Charge density info will appear in .RHO file
redata: Write Mulliken Pop.              =     NO
redata: Mesh Cutoff                      =    50.0000  Ry
redata: Net charge of the system         =     0.0000 |e|
redata: Max. number of SCF Iter          =       50
redata: Mixing is linear
redata: Mix DM in first SCF step ?       =     F
redata: Write Pulay info on disk?        =     F
redata: New DM Mixing Weight             =     0.2500
redata: New DM Occupancy tolerance       = 0.000000000001
redata: No kicks to SCF
redata: DM Mixing Weight for Kicks       =     0.5000
redata: DM Tolerance for SCF             =     0.000100
redata: Require Energy convergence for SCF =     F
redata: DM Energy tolerance for SCF      =     0.000100 eV
redata: Require Harris convergence for SCF =     F
redata: DM Harris energy tolerance for SCF =     0.000100 eV
redata: Using Saved Data (generic)   =     F
redata: Use continuation files for DM    =     F
redata: Neglect nonoverlap interactions  =     F
redata: Method of Calculation            =     Diagonalization
redata: Divide and Conquer               =     T
redata: Electronic Temperature           =     0.0019  Ry
redata: Fix the spin of the system       =     F
redata: Dynamics option                  =     Verlet MD run
redata: Initial MD time step             =        1
redata:   Final MD time step             =        1
redata: Length of MD time step           =     1.0000  fs
redata: Initial Temperature of MD run    =     0.0000  K
redata: Perform a MD quench              =     F
redata: ***********************************************************************
Total number of electrons:     8.000000
Total ionic charge:     8.000000

* ProcessorY, Blocksize:    2   6

 Kpoints in:            1 . Kpoints trimmed:            1

siesta: k-grid: Number of k-points =     1
siesta: k-grid: Cutoff (effective) =     2.764 Ang
siesta: k-grid: Supercell and displacements
siesta: k-grid:    1   0   0      0.000
siesta: k-grid:    0   1   0      0.000
siesta: k-grid:    0   0   1      0.000

* Maximum dynamic memory allocated =     2 MB

siesta:                 ==============================
                            Begin MD step =      1
                        ==============================

outcell: Unit cell vectors (Ang):
        7.192587    0.000000    0.000000
        0.000000    5.659744    0.000000
        0.000000    0.000000    5.527187

outcell: Cell vector modules (Ang)   :    7.192587    5.659744    5.527187
outcell: Cell angles (23,13,12) (deg):     90.0000     90.0000     90.0000
outcell: Cell volume (Ang**3)        :    225.0018
New_DM. Step:     1
Initializing Density Matrix...

InitMesh: MESH =    32 x    30 x    24 =       23040
InitMesh: Mesh cutoff (required, used) =    50.000    52.109 Ry

* Maximum dynamic memory allocated =     3 MB

stepf: Fermi-Dirac step function

siesta: Program's energy decomposition (eV):
siesta: Eions   =       810.961610
siesta: Ena     =       170.731848
siesta: Ekin    =       343.408681
siesta: Enl     =       -54.428892
siesta: DEna    =        -0.000004
siesta: DUscf   =         0.000000
siesta: DUext   =         0.000000
siesta: Exc     =      -110.277075
siesta: eta*DQ  =         0.000000
siesta: Emadel  =         0.000000
siesta: Emeta   =         0.000000
siesta: Emolmec =         0.000000
siesta: Ekinion =         0.000000
siesta: Eharris =      -466.103879
siesta: Etot    =      -461.527053
siesta: FreeEng =      -461.527053

siesta: iscf   Eharris(eV)      E_KS(eV)   FreeEng(eV)   dDmax  Ef(eV)
siesta:    1     -466.1039     -461.5271     -461.5271  1.5471 -2.7719
timer: Routine,Calls,Time,% = IterSCF        1      16.706  88.88
elaps: Routine,Calls,Wall,% = IterSCF        1       5.043  89.87
siesta:    2     -466.5291     -465.0658     -465.0658  0.1405  0.2521
siesta:    3     -465.6595     -465.2587     -465.2587  0.0381 -0.9581
siesta:    4     -465.5978     -465.3469     -465.3469  0.0182 -1.2576
siesta:    5     -465.5922     -465.4086     -465.4086  0.0160 -1.3308
siesta:    6     -465.5915     -465.4544     -465.4544  0.0126 -1.3448
siesta:    7     -465.5913     -465.4886     -465.4886  0.0096 -1.3444
siesta:    8     -465.5913     -465.5143     -465.5143  0.0072 -1.3415
siesta:    9     -465.5912     -465.5335     -465.5335  0.0053 -1.3389
siesta:   10     -465.5912     -465.5479     -465.5479  0.0040 -1.3370
siesta:   11     -465.5912     -465.5588     -465.5588  0.0030 -1.3357
siesta:   12     -465.5912     -465.5669     -465.5669  0.0022 -1.3349
siesta:   13     -465.5912     -465.5729     -465.5729  0.0017 -1.3344
siesta:   14     -465.5912     -465.5775     -465.5775  0.0012 -1.3340
siesta:   15     -465.5912     -465.5809     -465.5809  0.0009 -1.3338
siesta:   16     -465.5913     -465.5836     -465.5836  0.0007 -1.3337
siesta:   17     -465.5912     -465.5854     -465.5854  0.0005 -1.3336
siesta:   18     -465.5912     -465.5869     -465.5869  0.0004 -1.3335
siesta:   19     -465.5912     -465.5880     -465.5880  0.0003 -1.3335
siesta:   20     -465.5912     -465.5888     -465.5888  0.0002 -1.3334
siesta:   21     -465.5912     -465.5894     -465.5894  0.0002 -1.3334
siesta:   22     -465.5912     -465.5899     -465.5899  0.0001 -1.3334
siesta:   23     -465.5912     -465.5902     -465.5902  0.0001 -1.3334

siesta: E_KS(eV) =             -465.5905

siesta: E_KS - E_eggbox =      -465.5905

siesta: Atomic forces (eV/Ang):
----------------------------------------
   Tot   -0.000001   -0.161540    0.000000
----------------------------------------
   Max    1.113863
   Res    0.669679    sqrt( Sum f_i^2 / 3N )
----------------------------------------
   Max    1.113863    constrained

Stress-tensor-Voigt (kbar):      -22.30       -5.41       19.69        0.00        0.00        0.00
(Free)E + p*V (eV/cell)     -465.2153
Target enthalpy (eV/cell)     -465.5905

siesta: Stress tensor (static) (eV/Ang**3):
        -0.013919    0.000000    0.000000
         0.000000   -0.003374    0.000000
         0.000000    0.000000    0.012292

siesta: Pressure (static):          2.67139713  kBar

siesta: Stress tensor (total) (eV/Ang**3):
        -0.013919    0.000000    0.000000
         0.000000   -0.003374    0.000000
         0.000000    0.000000    0.012292

siesta: Pressure (total):          2.67139713  kBar

siesta: Temp_ion =       0.000 K

* Maximum dynamic memory allocated =     3 MB

siesta: Program's energy decomposition (eV):
siesta: Eions   =       810.961610
siesta: Ena     =       170.731848
siesta: Ekin    =       351.230347
siesta: Enl     =       -63.552680
siesta: DEna    =        -1.072316
siesta: DUscf   =         0.620098
siesta: DUext   =         0.000000
siesta: Exc     =      -112.586155
siesta: eta*DQ  =         0.000000
siesta: Emadel  =         0.000000
siesta: Emeta   =         0.000000
siesta: Emolmec =         0.000000
siesta: Ekinion =         0.000000
siesta: Eharris =      -465.591230
siesta: Etot    =      -465.590467
siesta: FreeEng =      -465.590467

siesta: Final energy (eV):
siesta:       Kinetic =     351.230347
siesta:       Hartree =     377.948351
siesta:    Ext. field =       0.000000
siesta:   Exch.-corr. =    -112.586155
siesta:  Ion-electron =   -1066.287111
siesta:       Ion-ion =     -15.895899
siesta:       Ekinion =       0.000000
siesta:         Total =    -465.590467

siesta: Atomic forces (eV/Ang):
siesta:      1   -0.000002   -1.069113    0.000000
siesta:      2    1.113863    0.453786    0.000000
siesta:      3   -1.113862    0.453787    0.000000
siesta: ----------------------------------------
siesta:    Tot   -0.000001   -0.161540    0.000000

siesta: Stress tensor (static) (eV/Ang**3):
siesta:    -0.013919    0.000000    0.000000
siesta:     0.000000   -0.003374    0.000000
siesta:     0.000000    0.000000    0.012292

siesta: Cell volume =        225.001846 Ang**3

siesta: Pressure (static):
siesta:                Solid            Molecule  Units
siesta:           0.00001816         -0.00001865  Ry/Bohr**3
siesta:           0.00166734         -0.00171239  eV/Ang**3
siesta:           2.67139713         -2.74358001  kBar
(Free)E+ p_basis*V_orbitals  =        -465.028120
(Free)Eharris+ p_basis*V_orbitals  =        -465.029148

siesta: Electric dipole (a.u.)  =    0.000000    0.537474    0.000000
siesta: Electric dipole (Debye) =    0.000000    1.366124    0.000000

* Maximum dynamic memory allocated : Node    0 =     3 MB
* Maximum dynamic memory allocated : Node    1 =     3 MB
* Maximum dynamic memory allocated : Node    2 =     3 MB
* Maximum dynamic memory allocated : Node    3 =     3 MB

* Maximum memory occured during ranger                        

timer: CPU execution times:
timer:  Routine       Calls   Time/call    Tot.time        %
timer:  siesta            1      20.491      20.491   100.00
timer:  Setup             1       1.396       1.396     6.81
timer:  bands             1       0.000       0.000     0.00
timer:  writewave         1       0.001       0.001     0.00
timer:  KSV_init          1       0.002       0.002     0.01
timer:  IterMD            1      19.019      19.019    92.82
timer:  hsparse           1       0.000       0.000     0.00
timer:  overlap           1       0.567       0.567     2.77
timer:  IterSCF          23       0.791      18.199    88.82
timer:  kinefsm           2       0.245       0.490     2.39
timer:  nlefsm            2       2.324       4.648    22.68
timer:  DHSCF            25       0.312       7.811    38.12
timer:  DHSCF1            1       0.044       0.044     0.21
timer:  DHSCF2            1       5.444       5.444    26.57
timer:  REORD           208       0.000       0.007     0.03
timer:  POISON           26       0.008       0.209     1.02
timer:  DHSCF3           25       0.033       0.813     3.97
timer:  rhoofd           25       0.006       0.152     0.74
timer:  cellXC           25       0.007       0.180     0.88
timer:  vmat             24       0.007       0.170     0.83
timer:  MolMec            2       0.000       0.000     0.00
timer:  diagon           23       0.009       0.204     1.00
timer:  r-eigvec         23       0.009       0.201     0.98
timer:  r-buildHS        23       0.000       0.000     0.00
timer:  rdiag            23       0.009       0.201     0.98
timer:  rdiag1           23       0.001       0.018     0.09
timer:  rdiag2           23       0.002       0.038     0.19
timer:  rdiag3           23       0.006       0.132     0.64
timer:  rdiag4           23       0.000       0.000     0.00
timer:  r-buildD         23       0.000       0.003     0.01
timer:  DHSCF4            1       0.038       0.038     0.19
timer:  dfscf             1       0.032       0.032     0.16
timer:  overfsm           1       0.000       0.000     0.00
timer:  optical           1       0.012       0.012     0.06
  

elaps: ELAPSED times:
elaps:  Routine       Calls   Time/call    Tot.time        %
elaps:  siesta            1       6.040       6.040    99.99
elaps:  Setup             1       0.351       0.351     5.80
elaps:  bands             1       0.000       0.000     0.00
elaps:  writewave         1       0.000       0.000     0.00
elaps:  KSV_init          1       0.000       0.000     0.00
elaps:  IterMD            1       5.670       5.670    93.87
elaps:  hsparse           1       0.000       0.000     0.00
elaps:  overlap           1       0.117       0.117     1.94
elaps:  IterSCF          23       0.236       5.421    89.75
elaps:  kinefsm           2       0.050       0.099     1.64
elaps:  nlefsm            2       0.586       1.172    19.41
elaps:  DHSCF            25       0.101       2.527    41.84
elaps:  DHSCF1            1       1.807       1.807    29.91
elaps:  DHSCF2            1       0.014       0.014     0.24
elaps:  REORD           208       0.000       0.003     0.04
elaps:  POISON           26       0.002       0.050     0.83
elaps:  DHSCF3           25       0.008       0.206     3.40
elaps:  rhoofd           25       0.002       0.054     0.89
elaps:  cellXC           25       0.001       0.037     0.61
elaps:  vmat             24       0.002       0.042     0.70
elaps:  MolMec            2       0.000       0.000     0.00
elaps:  diagon           23       0.002       0.049     0.81
elaps:  r-eigvec         23       0.002       0.048     0.79
elaps:  r-buildHS        23       0.000       0.000     0.00
elaps:  rdiag            23       0.002       0.048     0.79
elaps:  rdiag1           23       0.000       0.004     0.07
elaps:  rdiag2           23       0.000       0.005     0.07
elaps:  rdiag3           23       0.002       0.035     0.58
elaps:  rdiag4           23       0.000       0.002     0.03
elaps:  r-buildD         23       0.000       0.000     0.01
elaps:  DHSCF4            1       0.012       0.012     0.20
elaps:  dfscf             1       0.010       0.010     0.17
elaps:  overfsm           1       0.000       0.000     0.00
elaps:  optical           1       0.000       0.000     0.00
  
>> End of run:  29-SEP-2009  17:23:48
