Siesta Version: siesta-trunk-479
Architecture  : atto-intel12-openmpi
Compiler flags: /share/apps/openmpi-1.6.5-intel/bin/mpif90 -w  -O2 -mp
PP flags      : -DCDF -DMPI 
PARALLEL version
NetCDF support

* Running on    4 nodes in parallel
>> Start of run:  29-SEP-2015  15:38:25

                           ***********************       
                           *  WELCOME TO SIESTA  *       
                           ***********************       

reinit: Reading from standard input
************************** Dump of input data file ****************************
SystemName          Water molecule using a filteret basis set
SystemLabel         h2o_filteret_basis
NumberOfAtoms       3
NumberOfSpecies     2
%block ChemicalSpeciesLabel
 1  8  O      # Species index, atomic number, species label
 2  1  H
%endblock ChemicalSpeciesLabel
AtomicCoordinatesFormat  Ang
%block AtomicCoordinatesAndAtomicSpecies
 0.000  0.000  0.000  1
 0.757  0.586  0.000  2
-0.757  0.586  0.000  2
%endblock AtomicCoordinatesAndAtomicSpecies
PAO.BasisType filteret
PAO.EnergyCutoff 25.0 Ry
MeshCutoff 150 Ry
FilterCutoff 150 Ry
MD.RunType CG
MD.NumCGSteps 0
LongOutput true
UseSaveData false
PAO.SoftDefault true
PAO.SoftPotential 100.0 Ry
PAO.SoftInnerRadius 0.95
************************** End of input data file *****************************

reinit: -----------------------------------------------------------------------
reinit: System Name: Water molecule using a filteret basis set
reinit: -----------------------------------------------------------------------
reinit: System Label: h2o_filteret_basis                                          
reinit: -----------------------------------------------------------------------

initatom: Reading input for the pseudopotentials and atomic orbitals ----------
 Species number:            1  Label: O Atomic number:           8
 Species number:            2  Label: H Atomic number:           1
Ground state valence configuration:   2s02  2p04
Reading pseudopotential information in formatted form from O.psf

Valence configuration for pseudopotential generation:
2s( 2.00) rc: 1.14
2p( 4.00) rc: 1.14
3d( 0.00) rc: 1.14
4f( 0.00) rc: 1.14
Ground state valence configuration:   1s01
Reading pseudopotential information in formatted form from H.psf

Valence configuration for pseudopotential generation:
1s( 1.00) rc: 1.25
2p( 0.00) rc: 1.25
3d( 0.00) rc: 1.25
4f( 0.00) rc: 1.25
For O, standard SIESTA heuristics set lmxkb to 3
 (one more than the basis l, including polarization orbitals).
Use PS.lmax or PS.KBprojectors blocks to override.
For H, standard SIESTA heuristics set lmxkb to 2
 (one more than the basis l, including polarization orbitals).
Use PS.lmax or PS.KBprojectors blocks to override.

<basis_specs>
===============================================================================
O                    Z=   8    Mass=  16.000        Charge= 0.17977+309
Lmxo=1 Lmxkb= 3    BasisType=filteret   Semic=F
L=0  Nsemic=0  Cnfigmx=2
          n=1  nzeta=2  polorb=0
            fcutoff:    0.0000    
               vcte:   100.000    
               rinn:  -0.95000    
               qcoe:    0.0000    
               qyuk:    0.0000    
               qwid:   0.10000E-01
                rcs:    0.0000      0.0000    
            lambdas:   1.00000     1.00000    
L=1  Nsemic=0  Cnfigmx=2
          n=1  nzeta=2  polorb=1
            fcutoff:    0.0000    
               vcte:   100.000    
               rinn:  -0.95000    
               qcoe:    0.0000    
               qyuk:    0.0000    
               qwid:   0.10000E-01
                rcs:    0.0000      0.0000    
            lambdas:   1.00000     1.00000    
-------------------------------------------------------------------------------
L=0  Nkbl=1  erefs: 0.17977+309
L=1  Nkbl=1  erefs: 0.17977+309
L=2  Nkbl=1  erefs: 0.17977+309
L=3  Nkbl=1  erefs: 0.17977+309
===============================================================================
</basis_specs>

Filter: Requested cutoff:  150.000000 Ry
atom: Called for O                     (Z =   8)

read_vps: Pseudopotential generation method:
read_vps: ATM3      Troullier-Martins                       
Total valence charge:    6.00000

xc_check: Exchange-correlation functional:
xc_check: Ceperley-Alder
V l=0 = -2*Zval/r beyond r=  1.1278
V l=1 = -2*Zval/r beyond r=  1.1278
V l=2 = -2*Zval/r beyond r=  1.1278
V l=3 = -2*Zval/r beyond r=  1.1138
All V_l potentials equal beyond r=  1.1278
This should be close to max(r_c) in ps generation
All pots = -2*Zval/r beyond r=  1.1278

VLOCAL1: 99.0% of the norm of Vloc inside     34.126 Ry
VLOCAL1: 99.9% of the norm of Vloc inside     77.774 Ry
atom: Maximum radius for 4*pi*r*r*local-pseudopot. charge    1.37759
atom: Maximum radius for r*vlocal+2*Zval:    1.18566
GHOST: No ghost state for L =  0
GHOST: No ghost state for L =  1
GHOST: No ghost state for L =  2
GHOST: No ghost state for L =  3

KBgen: Kleinman-Bylander projectors: 
   l= 0   rc=  1.294105   el= -1.742414   Ekb=  9.135903   kbcos=  0.326910
   l= 1   rc=  1.294105   el= -0.676589   Ekb= -8.124878   kbcos= -0.395047
   l= 2   rc=  1.448233   el=  0.002386   Ekb= -2.039267   kbcos= -0.003484
   l= 3   rc=  1.561052   el=  0.003508   Ekb= -0.799141   kbcos= -0.000344

KBgen: Total number of  Kleinman-Bylander projectors:   16
atom: -------------------------------------------------------------------------

atom: SANKEY-TYPE ORBITALS:
atom: Selected multiple-zeta basis: filteret  

FILTERET: Orbitals with angular momentum L= 0

FILTERET: Basis orbitals for state 2s

FILTERET: PAO cut-off radius determined from an
FILTERET: energy shift=  0.020000 Ry
PAO Filter: Cutoff used:   73.50 Ry
PAO Filter: diagnostic kin energy tol:    0.003000 Ry
PAO Filter: Nominal cutoff (before filtering):   87.96 Ry
Filter:    Number of eigenfunctions  of the
           filtering kernel (total, used)= 28  7

   izeta = 1
                 cutoff =  150.000000
                     rc =    3.305093
                 energy =   -1.719177
                kinetic =    1.627975
    potential(screened) =   -3.347153
       potential(ionic) =  -11.327861

   izeta = 2
                 rmatch =    3.305093
                 energy =    1.386070
                kinetic =    3.735613
    potential(screened) =   -2.349544
       potential(ionic) =   -9.108187

   izeta = 3
                 rmatch =    3.305093
                 energy =    6.569079
                kinetic =    8.414493
    potential(screened) =   -1.845414
       potential(ionic) =   -8.624740

   izeta = 4
                 rmatch =    3.305093
                 energy =   13.387455
                kinetic =   14.987416
    potential(screened) =   -1.599961
       potential(ionic) =   -8.400234

   izeta = 5
                 rmatch =    3.305093
                 energy =   21.785803
                kinetic =   23.494189
    potential(screened) =   -1.708386
       potential(ionic) =   -8.554046

FILTERET: Orbitals with angular momentum L= 1

FILTERET: Basis orbitals for state 2p

FILTERET: PAO cut-off radius determined from an
FILTERET: energy shift=  0.020000 Ry
PAO Filter: Cutoff used:   73.50 Ry
PAO Filter: diagnostic kin energy tol:    0.003000 Ry
PAO Filter: Nominal cutoff (before filtering):   89.80 Ry
Filter:    Number of eigenfunctions  of the
           filtering kernel (total, used)= 32  9

   izeta = 1
                 cutoff =  150.000000
                     rc =    3.937239
                 energy =   -0.648510
                kinetic =    5.026600
    potential(screened) =   -5.675110
       potential(ionic) =  -13.481212

   izeta = 2
                 rmatch =    3.937239
                 energy =    2.254917
                kinetic =    3.955608
    potential(screened) =   -1.700691
       potential(ionic) =   -7.328510

   izeta = 3
                 rmatch =    3.937239
                 energy =    5.356685
                kinetic =    7.884523
    potential(screened) =   -2.527837
       potential(ionic) =   -8.423544

   izeta = 4
                 rmatch =    3.937239
                 energy =    9.806588
                kinetic =   13.129986
    potential(screened) =   -3.323398
       potential(ionic) =   -9.339695

   izeta = 5
                 rmatch =    3.937239
                 energy =   15.698425
                kinetic =   19.701368
    potential(screened) =   -4.002943
       potential(ionic) =  -10.091492

   izeta = 6
                 rmatch =    3.937239
                 energy =   23.200151
                kinetic =   27.617051
    potential(screened) =   -4.416901
       potential(ionic) =  -10.568287

POLgen: Filteret polarization orbital with L=  2
Filter:    Number of eigenfunctions  of the
           filtering kernel (total, used)= 32  8

POLgen: Polarization orbital for state 2p

   izeta = 1
                     rc =    3.937239
                 energy =   -6.092500
                kinetic =    7.430726
    potential(screened) =  -13.523226
       potential(ionic) =  -13.523226

POLgen: Polarization orbital for state 2p

   izeta = 2
                 rmatch =    3.937239
                 energy =   -2.579313

                kinetic =   16.584139
    potential(screened) =  -19.163452
       potential(ionic) =  -19.163452

POLgen: Polarization orbital for state 2p

   izeta = 3
                 rmatch =    3.937239
                 energy =    6.189725

                kinetic =   21.722570
    potential(screened) =  -15.532845
       potential(ionic) =  -15.532845

POLgen: Polarization orbital for state 2p

   izeta = 4
                 rmatch =    3.937239
                 energy =   13.137713

                kinetic =   26.234869
    potential(screened) =  -13.097156
       potential(ionic) =  -13.097156
atom: Total number of Sankey-type orbitals: 43

atm_pop: Valence configuration (for local Pseudopot. screening):
 2s( 2.00)                                                            
 2p( 4.00)                                                            
Vna: chval, zval:    6.00000   6.00000

Vna:  Cut-off radius for the neutral-atom potential:   3.937239
VNA Filter: diagnostic kinetic energy tol:    0.003000 Ry
VNA Filter: Nominal cutoff (before filtering):   44.73 Ry
VNA Filter: Cutoff used:   150.00 Ry
Filter:    Number of eigenfunctions  of the
           filtering kernel (total, used)= 41 14

atom: _________________________________________________________________________

<basis_specs>
===============================================================================
H                    Z=   1    Mass=  1.0100        Charge= 0.17977+309
Lmxo=0 Lmxkb= 2    BasisType=filteret   Semic=F
L=0  Nsemic=0  Cnfigmx=1
          n=1  nzeta=2  polorb=1
            fcutoff:    0.0000    
               vcte:   100.000    
               rinn:  -0.95000    
               qcoe:    0.0000    
               qyuk:    0.0000    
               qwid:   0.10000E-01
                rcs:    0.0000      0.0000    
            lambdas:   1.00000     1.00000    
-------------------------------------------------------------------------------
L=0  Nkbl=1  erefs: 0.17977+309
L=1  Nkbl=1  erefs: 0.17977+309
L=2  Nkbl=1  erefs: 0.17977+309
===============================================================================
</basis_specs>

Filter: Requested cutoff:  150.000000 Ry
atom: Called for H                     (Z =   1)

read_vps: Pseudopotential generation method:
read_vps: ATM3      Troullier-Martins                       
Total valence charge:    1.00000

xc_check: Exchange-correlation functional:
xc_check: Ceperley-Alder
V l=0 = -2*Zval/r beyond r=  1.2343
V l=1 = -2*Zval/r beyond r=  1.2189
V l=2 = -2*Zval/r beyond r=  1.2189
All V_l potentials equal beyond r=  1.2343
This should be close to max(r_c) in ps generation
All pots = -2*Zval/r beyond r=  1.2343

VLOCAL1: 99.0% of the norm of Vloc inside     28.493 Ry
VLOCAL1: 99.9% of the norm of Vloc inside     64.935 Ry
atom: Maximum radius for 4*pi*r*r*local-pseudopot. charge    1.45251
atom: Maximum radius for r*vlocal+2*Zval:    1.21892
GHOST: No ghost state for L =  0
GHOST: No ghost state for L =  1
GHOST: No ghost state for L =  2

KBgen: Kleinman-Bylander projectors: 
   l= 0   rc=  1.364359   el= -0.467325   Ekb= -2.005361   kbcos= -0.336422
   l= 1   rc=  1.434438   el=  0.001430   Ekb= -0.501708   kbcos= -0.021697
   l= 2   rc=  1.470814   el=  0.002365   Ekb= -0.190555   kbcos= -0.002281

KBgen: Total number of  Kleinman-Bylander projectors:    9
atom: -------------------------------------------------------------------------

atom: SANKEY-TYPE ORBITALS:
atom: Selected multiple-zeta basis: filteret  

FILTERET: Orbitals with angular momentum L= 0

FILTERET: Basis orbitals for state 1s

FILTERET: PAO cut-off radius determined from an
FILTERET: energy shift=  0.020000 Ry
PAO Filter: Cutoff used:   73.50 Ry
PAO Filter: diagnostic kin energy tol:    0.003000 Ry
PAO Filter: Nominal cutoff (before filtering):   29.27 Ry
Filter:    Number of eigenfunctions  of the
           filtering kernel (total, used)= 37 12

   izeta = 1
                 cutoff =  150.000000
                     rc =    4.828263
                 energy =   -0.447830
                kinetic =    0.941412
    potential(screened) =   -1.389242
       potential(ionic) =   -1.926837

   izeta = 2
                 rmatch =    4.828263
                 energy =    0.876544
                kinetic =    1.730670
    potential(screened) =   -0.854126
       potential(ionic) =   -1.322279

   izeta = 3
                 rmatch =    4.828263
                 energy =    2.854694
                kinetic =    3.894509
    potential(screened) =   -1.039815
       potential(ionic) =   -1.505327

   izeta = 4
                 rmatch =    4.828263
                 energy =    5.767343
                kinetic =    6.925026
    potential(screened) =   -1.157683
       potential(ionic) =   -1.621442

   izeta = 5
                 rmatch =    4.828263
                 energy =    9.620941
                kinetic =   10.823903
    potential(screened) =   -1.202962
       potential(ionic) =   -1.666456

   izeta = 6
                 rmatch =    4.828263
                 energy =   14.405292
                kinetic =   15.594314
    potential(screened) =   -1.189023
       potential(ionic) =   -1.653071

   izeta = 7
                 rmatch =    4.828263
                 energy =   20.078713
                kinetic =   21.242361
    potential(screened) =   -1.163647
       potential(ionic) =   -1.628488

POLgen: Filteret polarization orbital with L=  1
Filter:    Number of eigenfunctions  of the
           filtering kernel (total, used)= 37 11

POLgen: Polarization orbital for state 1s

   izeta = 1
                     rc =    4.828263
                 energy =    0.522604
                kinetic =    3.106154
    potential(screened) =   -2.583550
       potential(ionic) =   -2.583550

POLgen: Polarization orbital for state 1s

   izeta = 2
                 rmatch =    4.828263
                 energy =    5.089613

                kinetic =    8.176218
    potential(screened) =   -3.086605
       potential(ionic) =   -3.086605

POLgen: Polarization orbital for state 1s

   izeta = 3
                 rmatch =    4.828263
                 energy =    8.681369

                kinetic =   11.093512
    potential(screened) =   -2.412143
       potential(ionic) =   -2.412143

POLgen: Polarization orbital for state 1s

   izeta = 4
                 rmatch =    4.828263
                 energy =   12.137505

                kinetic =   14.208065
    potential(screened) =   -2.070560
       potential(ionic) =   -2.070560

POLgen: Polarization orbital for state 1s

   izeta = 5
                 rmatch =    4.828263
                 energy =   15.010314

                kinetic =   16.810052
    potential(screened) =   -1.799738
       potential(ionic) =   -1.799738

POLgen: Polarization orbital for state 1s

   izeta = 6
                 rmatch =    4.828263
                 energy =   18.653804

                kinetic =   20.314544
    potential(screened) =   -1.660740
       potential(ionic) =   -1.660740
atom: Total number of Sankey-type orbitals: 25

atm_pop: Valence configuration (for local Pseudopot. screening):
 1s( 1.00)                                                            
Vna: chval, zval:    1.00000   1.00000

Vna:  Cut-off radius for the neutral-atom potential:   4.828263
VNA Filter: diagnostic kinetic energy tol:    0.003000 Ry
VNA Filter: Nominal cutoff (before filtering):   33.81 Ry
VNA Filter: Cutoff used:   150.00 Ry
Filter:    Number of eigenfunctions  of the
           filtering kernel (total, used)= 48 17

atom: _________________________________________________________________________

prinput: Basis input ----------------------------------------------------------

PAO.BasisType filteret  

%block ChemicalSpeciesLabel
    1    8 O                       # Species index, atomic number, species label
    2    1 H                       # Species index, atomic number, species label
%endblock ChemicalSpeciesLabel

%block PAO.Basis                 # Define Basis set
O                     2                    # Species label, number of l-shells
 n=2   0   5 F 150.000               # n, l, Nzeta, cut-off
   3.305
   1.000
 n=2   1   6 P   4 F 150.000         # n, l, Nzeta, Polarization, NzetaPol, cutoff
   3.937
   1.000
H                     1                    # Species label, number of l-shells
 n=1   0   7 P   6 F 150.000         # n, l, Nzeta, Polarization, NzetaPol, cutoff
   4.828
   1.000
%endblock PAO.Basis

prinput: ----------------------------------------------------------------------

Dumping basis to NetCDF file O.ion.nc
Dumping basis to NetCDF file H.ion.nc
coor:   Atomic-coordinates input format  =     Cartesian coordinates
coor:                                          (in Angstroms)

siesta: Atomic coordinates (Bohr) and species
siesta:      0.00000   0.00000   0.00000  1        1
siesta:      1.43052   1.10738   0.00000  2        2
siesta:     -1.43052   1.10738   0.00000  2        3

siesta: Automatic unit cell vectors (Ang):
siesta:    7.286412    0.000000    0.000000
siesta:    0.000000    5.746952    0.000000
siesta:    0.000000    0.000000    5.621012

siesta: System type = molecule  

initatomlists: Number of atoms, orbitals, and projectors:      3    93    34

siesta: ******************** Simulation parameters ****************************
siesta:
siesta: The following are some of the parameters of the simulation.
siesta: A complete list of the parameters used, including default values,
siesta: can be found in file out.fdf
siesta:
redata: Non-Collinear-spin run           =     F
redata: SpinPolarized (Up/Down) run      =     F
redata: Number of spin components        =     1
redata: Long output                      =     T
redata: Number of Atomic Species         =        2
redata: Charge density info will appear in .RHO file
redata: Write Mulliken Pop.              =     Atomic and Orbital charges
redata: Mesh Cutoff                      =   150.0000  Ry
redata: Net charge of the system         =     0.0000 |e|
redata: Min. number of SCF Iter          =        0
redata: Max. number of SCF Iter          =       50
redata: Mix DM or H after convergence    =     F
redata: Recompute H after scf cycle      =     F
redata: Mixing is linear
redata: Mix DM in first SCF step ?       =     F
redata: Write Pulay info on disk?        =     F
redata: Discard 1st Pulay DM after  kick =     F
redata: New DM Mixing Weight             =     0.2500
redata: New DM Occupancy tolerance       = 0.000000000001
redata: No kicks to SCF
redata: DM Mixing Weight for Kicks       =     0.5000
redata: DM Tolerance for SCF             =     0.000100
redata: Require (free) Energy convergence in SCF =     F
redata: DM (free)Energy tolerance for SCF =     0.000010 eV
redata: Require Harris convergence for SCF =     F
redata: DM Harris energy tolerance for SCF =     0.000010 eV
redata: Using Saved Data (generic)   =     F
redata: Use continuation files for DM    =     F
redata: Neglect nonoverlap interactions  =     F
redata: Method of Calculation            =     Diagonalization
redata: Divide and Conquer               =     T
redata: Electronic Temperature           =     0.0019  Ry
redata: Fix the spin of the system       =     F
redata: Dynamics option                  =     Single-point calculation
redata: ***********************************************************************
Total number of electrons:     8.000000
Total ionic charge:     8.000000

* ProcessorY, Blocksize:    2  24


* Orbital distribution balance (max,min):    24    21

 Kpoints in:            1 . Kpoints trimmed:            1

siesta: k-point coordinates (Bohr**-1) and weights:
siesta:    1    0.000000    0.000000    0.000000       1.000000

siesta: k-grid: Number of k-points =     1
siesta: k-grid: Cutoff (effective) =     2.811 Ang
siesta: k-grid: Supercell and displacements
siesta: k-grid:    1   0   0      0.000
siesta: k-grid:    0   1   0      0.000
siesta: k-grid:    0   0   1      0.000

                     ====================================
                        Single-point calculation
                     ====================================

outcoor: Atomic coordinates (Ang):                          
    0.00000000    0.00000000    0.00000000   1       1  O
    0.75700000    0.58600000    0.00000000   2       2  H
   -0.75700000    0.58600000    0.00000000   2       3  H

outcell: Unit cell vectors (Ang):
        7.286412    0.000000    0.000000
        0.000000    5.746952    0.000000
        0.000000    0.000000    5.621012

outcell: Cell vector modules (Ang)   :    7.286412    5.746952    5.621012
outcell: Cell angles (23,13,12) (deg):     90.0000     90.0000     90.0000
outcell: Cell volume (Ang**3)        :    235.3780
New_DM. Step:     1
Initializing Density Matrix...
New grid distribution:   1
           1       1:   27    1:   12    1:   12
           2       1:   27    1:   12   13:   24
           3       1:   27   13:   24    1:   12
           4       1:   27   13:   24   13:   24

InitMesh: MESH =    54 x    48 x    48 =      124416
InitMesh: (bp) =    27 x    24 x    24 =       15552
InitMesh: Mesh cutoff (required, used) =   150.000   151.796 Ry
ExtMesh (bp) on 0 =    67 x    56 x    56 =      210112
New grid distribution:   2
           1       9:   27    1:   24    1:    9
           2       9:   27    1:   24   10:   24
           3       1:    8    1:   24    1:    9
           4       1:    8    1:   24   10:   24
New grid distribution:   3
           1      12:   27    1:   24    1:   10
           2      12:   27    1:   24   11:   24
           3       1:   11    1:   24    1:   10
           4       1:   11    1:   24   11:   24
Setting up quadratic distribution...
ExtMesh (bp) on 0 =    59 x    68 x    53 =      212636
PhiOnMesh: Number of (b)points on node 0 =                 4104
PhiOnMesh: nlist on node 0 =                99331

stepf: Fermi-Dirac step function

siesta: Program's energy decomposition (eV):
siesta: Ebs     =      -121.259647
siesta: Eions   =       815.854478
siesta: Ena     =       173.650849
siesta: Ekin    =       343.485593
siesta: Enl     =       -52.159447
siesta: DEna    =        -0.000077
siesta: DUscf   =         0.000000
siesta: DUext   =         0.000000
siesta: Exc     =      -110.408288
siesta: eta*DQ  =         0.000000
siesta: Emadel  =         0.000000
siesta: Emeta   =         0.000000
siesta: Emolmec =         0.000000
siesta: Ekinion =         0.000000
siesta: Eharris =      -466.690478
siesta: Etot    =      -461.285848
siesta: FreeEng =      -461.285848

   scf: iscf   Eharris(eV)      E_KS(eV)   FreeEng(eV)    dDmax  Ef(eV)
   scf:    1     -466.6905     -461.2858     -461.2858  0.79650 -4.7175
timer: Routine,Calls,Time,% =    IterSCF     1       0.214   1.35
   scf:    2     -466.9445     -465.7115     -465.7115  0.26416 -0.9671
   scf:    3     -466.2277     -465.8786     -465.8786  0.06417 -2.3152
   scf:    4     -466.1726     -465.9552     -465.9552  0.01393 -2.6813
   scf:    5     -466.1675     -466.0086     -466.0086  0.00436 -2.7865
   scf:    6     -466.1670     -466.0482     -466.0482  0.00379 -2.8172
   scf:    7     -466.1668     -466.0779     -466.0779  0.00338 -2.8265
   scf:    8     -466.1668     -466.1001     -466.1001  0.00278 -2.8296
   scf:    9     -466.1668     -466.1168     -466.1168  0.00214 -2.8309
   scf:   10     -466.1668     -466.1293     -466.1293  0.00161 -2.8317
   scf:   11     -466.1668     -466.1387     -466.1387  0.00120 -2.8323
   scf:   12     -466.1668     -466.1457     -466.1457  0.00089 -2.8328
   scf:   13     -466.1668     -466.1510     -466.1510  0.00066 -2.8331
   scf:   14     -466.1668     -466.1549     -466.1549  0.00049 -2.8334
   scf:   15     -466.1668     -466.1579     -466.1579  0.00036 -2.8337
   scf:   16     -466.1668     -466.1601     -466.1601  0.00026 -2.8338
   scf:   17     -466.1668     -466.1618     -466.1618  0.00020 -2.8340
   scf:   18     -466.1668     -466.1630     -466.1630  0.00014 -2.8341
   scf:   19     -466.1668     -466.1640     -466.1640  0.00011 -2.8341
   scf:   20     -466.1668     -466.1647     -466.1647  0.00008 -2.8342

SCF Convergence by dMax criterion
max |DM_out - DM_in|:     0.00007845
SCF cycle converged after   20 iterations

Using DM_out to compute the final energy and forces

siesta: E_KS(eV) =             -466.1668

siesta: E_KS - E_eggbox =      -466.1668

siesta: Atomic forces (eV/Ang):
     1   -0.000000   -0.207121    0.000000
     2    0.318484    0.098857   -0.000000
     3   -0.318484    0.098857   -0.000000
----------------------------------------
   Tot    0.000000   -0.009407    0.000000
----------------------------------------
   Max    0.318484
   Res    0.171694    sqrt( Sum f_i^2 / 3N )
----------------------------------------
   Max    0.318484    constrained

Stress-tensor-Voigt (kbar):       -3.34       -0.46       -0.16       -0.00        0.00       -0.00
(Free)E + p*V (eV/cell)     -465.9729
Target enthalpy (eV/cell)     -466.1668
 
mulliken: Atomic and Orbital Populations:

Species: O                   
Atom  Qatom  Qorb
               2s      2s      2s      2s      2s      2py     2pz     2px     
               2py     2pz     2px     2py     2pz     2px     2py     2pz     
               2px     2py     2pz     2px     2py     2pz     2px     2Pdxy   
               2Pdyz   2Pdz2   2Pdxz   2Pdx2-y22Pdxy   2Pdyz   2Pdz2   2Pdxz   
               2Pdx2-y22Pdxy   2Pdyz   2Pdz2   2Pdxz   2Pdx2-y22Pdxy   2Pdyz   
               2Pdz2   2Pdxz   2Pdx2-y2
   1  6.309   1.555   0.046   0.001   0.000   0.000   1.551   1.745   1.325
              0.002   0.017   0.023  -0.001   0.005   0.002  -0.001   0.000

              0.002   0.000   0.001   0.001  -0.000  -0.000   0.000   0.024

              0.002   0.006   0.000   0.000  -0.001   0.000   0.000  -0.000

              0.000  -0.000   0.000  -0.000  -0.000   0.000  -0.000  -0.000

             -0.000   0.000  -0.000

Species: H                   
Atom  Qatom  Qorb
               1s      1s      1s      1s      1s      1s      1s      1Ppy    
               1Ppz    1Ppx    1Ppy    1Ppz    1Ppx    1Ppy    1Ppz    1Ppx    
               1Ppy    1Ppz    1Ppx    1Ppy    1Ppz    1Ppx    1Ppy    1Ppz    
               1Ppx    
   2  0.846   0.521   0.049   0.032   0.006  -0.001   0.000   0.000   0.115
              0.128   0.024  -0.014  -0.013  -0.008   0.002  -0.001   0.003

              0.001   0.000   0.001  -0.000   0.000  -0.000  -0.000   0.000

             -0.000
   3  0.846   0.521   0.049   0.032   0.006  -0.001   0.000   0.000   0.115
              0.128   0.024  -0.014  -0.013  -0.008   0.002  -0.001   0.003

              0.001   0.000   0.001  -0.000   0.000  -0.000  -0.000   0.000

             -0.000

mulliken: Qtot =        8.000

siesta: Eigenvalues (eV):
  ik is    eps
   1  1 -24.68 -12.77  -8.71  -6.64   1.63   3.73   8.00   8.99  10.23  10.27
         13.24  15.83  16.39  23.12  23.78  24.56  29.17  30.74  31.92  34.27
         36.36  36.49  40.54  46.74  46.89  47.07  52.15  53.71  53.93  59.31
         61.93  63.02  63.69  64.31  69.50  70.53  73.16  74.25  75.81  76.26
         80.40  82.11  84.88  90.69 101.35 104.43 104.91 105.39 108.17 108.20
        108.78 114.85 119.27 120.73 122.18 125.84 129.42 133.05 139.80 142.33
        148.66 153.12 161.75 164.71 165.19 165.40 167.67 169.50 191.21 195.38
        195.46 199.83 201.85 203.44 210.82 212.97 226.59 227.48 232.28 233.73
        236.60 237.42 238.50 239.66 247.23 273.46 278.04 289.98 322.41 328.32
        342.59 389.38 443.96
siesta: Fermi energy =      -2.834190 eV

siesta: Program's energy decomposition (eV):
siesta: Ebs     =      -105.589475
siesta: Eions   =       815.854478
siesta: Ena     =       173.650849
siesta: Ekin    =       350.432588
siesta: Enl     =       -61.901854
siesta: DEna    =        -0.320833
siesta: DUscf   =         0.745279
siesta: DUext   =         0.000000
siesta: Exc     =      -112.918322
siesta: eta*DQ  =         0.000000
siesta: Emadel  =         0.000000
siesta: Emeta   =         0.000000
siesta: Emolmec =         0.000000
siesta: Ekinion =         0.000000
siesta: Eharris =      -466.166772
siesta: Etot    =      -466.166772
siesta: FreeEng =      -466.166772

siesta: Final energy (eV):
siesta:  Band Struct. =    -105.589475
siesta:       Kinetic =     350.432588
siesta:       Hartree =     383.527015
siesta:    Ext. field =       0.000000
siesta:   Exch.-corr. =    -112.918322
siesta:  Ion-electron =   -1075.128097
siesta:       Ion-ion =     -12.079956
siesta:       Ekinion =       0.000000
siesta:         Total =    -466.166772

siesta: Atomic forces (eV/Ang):
siesta:      1   -0.000000   -0.207121    0.000000
siesta:      2    0.318484    0.098857   -0.000000
siesta:      3   -0.318484    0.098857   -0.000000
siesta: ----------------------------------------
siesta:    Tot    0.000000   -0.009407    0.000000

siesta: Stress tensor (static) (eV/Ang**3):
siesta:    -0.002085   -0.000000    0.000000
siesta:    -0.000000   -0.000288   -0.000000
siesta:    -0.000000    0.000000   -0.000097

siesta: Cell volume =        235.378012 Ang**3

siesta: Pressure (static):
siesta:                Solid            Molecule  Units
siesta:           0.00000897         -0.00000031  Ry/Bohr**3
siesta:           0.00082347         -0.00002867  eV/Ang**3
siesta:           1.31935116         -0.04593223  kBar
(Free)E+ p_basis*V_orbitals  =        -463.286460
(Free)Eharris+ p_basis*V_orbitals  =        -463.286460

siesta: Electric dipole (a.u.)  =   -0.000000    0.597466    0.000000
siesta: Electric dipole (Debye) =   -0.000000    1.518607    0.000000
>> End of run:  29-SEP-2015  15:38:46
