Siesta Version: siesta-trunk-479
Architecture  : atto-intel12-openmpi
Compiler flags: /share/apps/openmpi-1.6.5-intel/bin/mpif90 -w  -O2 -mp
PP flags      : -DCDF -DMPI 
PARALLEL version
NetCDF support

* Running on    4 nodes in parallel
>> Start of run:  29-SEP-2015  15:38:50

                           ***********************       
                           *  WELCOME TO SIESTA  *       
                           ***********************       

reinit: Reading from standard input
************************** Dump of input data file ****************************
SystemName          Water molecule Broyden Optimization
SystemLabel         h2o_op_broyden
NumberOfAtoms       3
NumberOfSpecies     2
MeshCutoff  50 Ry
%block ChemicalSpeciesLabel
 1  8  O      # Species index, atomic number, species label
 2  1  H
%endblock ChemicalSpeciesLabel
AtomicCoordinatesFormat  Ang
%block AtomicCoordinatesAndAtomicSpecies
 0.000  0.000  0.000  1
 0.757  0.586  0.000  2
-0.757  0.586  0.000  2
%endblock AtomicCoordinatesAndAtomicSpecies
DM.Number.Pulay 3
WriteForces T
MD.MaxForceTol          0.01 eV/Ang
MD.TypeOfRun Broyden
MD.NumCGSteps 40
MD.Broyden.History.Steps 6
MD.Broyden.Initial.Inverse.Jacobian 1.0
************************** End of input data file *****************************

reinit: -----------------------------------------------------------------------
reinit: System Name: Water molecule Broyden Optimization
reinit: -----------------------------------------------------------------------
reinit: System Label: h2o_op_broyden                                              
reinit: -----------------------------------------------------------------------

initatom: Reading input for the pseudopotentials and atomic orbitals ----------
 Species number:            1  Label: O Atomic number:           8
 Species number:            2  Label: H Atomic number:           1
Ground state valence configuration:   2s02  2p04
Reading pseudopotential information in formatted form from O.psf

Valence configuration for pseudopotential generation:
2s( 2.00) rc: 1.14
2p( 4.00) rc: 1.14
3d( 0.00) rc: 1.14
4f( 0.00) rc: 1.14
Ground state valence configuration:   1s01
Reading pseudopotential information in formatted form from H.psf

Valence configuration for pseudopotential generation:
1s( 1.00) rc: 1.25
2p( 0.00) rc: 1.25
3d( 0.00) rc: 1.25
4f( 0.00) rc: 1.25
For O, standard SIESTA heuristics set lmxkb to 3
 (one more than the basis l, including polarization orbitals).
Use PS.lmax or PS.KBprojectors blocks to override.
For H, standard SIESTA heuristics set lmxkb to 2
 (one more than the basis l, including polarization orbitals).
Use PS.lmax or PS.KBprojectors blocks to override.

<basis_specs>
===============================================================================
O                    Z=   8    Mass=  16.000        Charge= 0.17977+309
Lmxo=1 Lmxkb= 3    BasisType=split      Semic=F
L=0  Nsemic=0  Cnfigmx=2
          n=1  nzeta=2  polorb=0
            splnorm:   0.15000    
               vcte:    0.0000    
               rinn:    0.0000    
               qcoe:    0.0000    
               qyuk:    0.0000    
               qwid:   0.10000E-01
                rcs:    0.0000      0.0000    
            lambdas:   1.00000     1.00000    
L=1  Nsemic=0  Cnfigmx=2
          n=1  nzeta=2  polorb=1
            splnorm:   0.15000    
               vcte:    0.0000    
               rinn:    0.0000    
               qcoe:    0.0000    
               qyuk:    0.0000    
               qwid:   0.10000E-01
                rcs:    0.0000      0.0000    
            lambdas:   1.00000     1.00000    
-------------------------------------------------------------------------------
L=0  Nkbl=1  erefs: 0.17977+309
L=1  Nkbl=1  erefs: 0.17977+309
L=2  Nkbl=1  erefs: 0.17977+309
L=3  Nkbl=1  erefs: 0.17977+309
===============================================================================
</basis_specs>

atom: Called for O                     (Z =   8)

read_vps: Pseudopotential generation method:
read_vps: ATM3      Troullier-Martins                       
Total valence charge:    6.00000

xc_check: Exchange-correlation functional:
xc_check: Ceperley-Alder
V l=0 = -2*Zval/r beyond r=  1.1278
V l=1 = -2*Zval/r beyond r=  1.1278
V l=2 = -2*Zval/r beyond r=  1.1278
V l=3 = -2*Zval/r beyond r=  1.1138
All V_l potentials equal beyond r=  1.1278
This should be close to max(r_c) in ps generation
All pots = -2*Zval/r beyond r=  1.1278

VLOCAL1: 99.0% of the norm of Vloc inside     34.126 Ry
VLOCAL1: 99.9% of the norm of Vloc inside     77.774 Ry
atom: Maximum radius for 4*pi*r*r*local-pseudopot. charge    1.37759
atom: Maximum radius for r*vlocal+2*Zval:    1.18566
GHOST: No ghost state for L =  0
GHOST: No ghost state for L =  1
GHOST: No ghost state for L =  2
GHOST: No ghost state for L =  3

KBgen: Kleinman-Bylander projectors: 
   l= 0   rc=  1.294105   el= -1.742414   Ekb=  9.135903   kbcos=  0.326910
   l= 1   rc=  1.294105   el= -0.676589   Ekb= -8.124878   kbcos= -0.395047
   l= 2   rc=  1.448233   el=  0.002386   Ekb= -2.039267   kbcos= -0.003484
   l= 3   rc=  1.561052   el=  0.003508   Ekb= -0.799141   kbcos= -0.000344

KBgen: Total number of  Kleinman-Bylander projectors:   16
atom: -------------------------------------------------------------------------

atom: SANKEY-TYPE ORBITALS:
atom: Selected multiple-zeta basis: split     

SPLIT: Orbitals with angular momentum L= 0

SPLIT: Basis orbitals for state 2s

SPLIT: PAO cut-off radius determined from an
SPLIT: energy shift=  0.020000 Ry

   izeta = 1
                 lambda =    1.000000
                     rc =    3.305093
                 energy =   -1.723766
                kinetic =    1.614911
    potential(screened) =   -3.338677
       potential(ionic) =  -11.304675

   izeta = 2
                 rmatch =    2.510382
              splitnorm =    0.150000
                 energy =   -1.471299
                kinetic =    2.446434
    potential(screened) =   -3.917732
       potential(ionic) =  -12.476133

SPLIT: Orbitals with angular momentum L= 1

SPLIT: Basis orbitals for state 2p

SPLIT: PAO cut-off radius determined from an
SPLIT: energy shift=  0.020000 Ry

   izeta = 1
                 lambda =    1.000000
                     rc =    3.937239
                 energy =   -0.658841
                kinetic =    5.005986
    potential(screened) =   -5.664827
       potential(ionic) =  -13.452360

   izeta = 2
                 rmatch =    2.541963
              splitnorm =    0.150000
                 energy =   -0.367441
                kinetic =    7.530509
    potential(screened) =   -7.897949
       potential(ionic) =  -16.611953

POLgen: Perturbative polarization orbital with L=  2

POLgen: Polarization orbital for state 2p

   izeta = 1
                     rc =    3.937239
                 energy =    2.398520
                kinetic =    4.716729
    potential(screened) =   -2.318209
       potential(ionic) =   -8.603170
atom: Total number of Sankey-type orbitals: 13

atm_pop: Valence configuration (for local Pseudopot. screening):
 2s( 2.00)                                                            
 2p( 4.00)                                                            
Vna: chval, zval:    6.00000   6.00000

Vna:  Cut-off radius for the neutral-atom potential:   3.937239

atom: _________________________________________________________________________

<basis_specs>
===============================================================================
H                    Z=   1    Mass=  1.0100        Charge= 0.17977+309
Lmxo=0 Lmxkb= 2    BasisType=split      Semic=F
L=0  Nsemic=0  Cnfigmx=1
          n=1  nzeta=2  polorb=1
            splnorm:   0.15000    
               vcte:    0.0000    
               rinn:    0.0000    
               qcoe:    0.0000    
               qyuk:    0.0000    
               qwid:   0.10000E-01
                rcs:    0.0000      0.0000    
            lambdas:   1.00000     1.00000    
-------------------------------------------------------------------------------
L=0  Nkbl=1  erefs: 0.17977+309
L=1  Nkbl=1  erefs: 0.17977+309
L=2  Nkbl=1  erefs: 0.17977+309
===============================================================================
</basis_specs>

atom: Called for H                     (Z =   1)

read_vps: Pseudopotential generation method:
read_vps: ATM3      Troullier-Martins                       
Total valence charge:    1.00000

xc_check: Exchange-correlation functional:
xc_check: Ceperley-Alder
V l=0 = -2*Zval/r beyond r=  1.2343
V l=1 = -2*Zval/r beyond r=  1.2189
V l=2 = -2*Zval/r beyond r=  1.2189
All V_l potentials equal beyond r=  1.2343
This should be close to max(r_c) in ps generation
All pots = -2*Zval/r beyond r=  1.2343

VLOCAL1: 99.0% of the norm of Vloc inside     28.493 Ry
VLOCAL1: 99.9% of the norm of Vloc inside     64.935 Ry
atom: Maximum radius for 4*pi*r*r*local-pseudopot. charge    1.45251
atom: Maximum radius for r*vlocal+2*Zval:    1.21892
GHOST: No ghost state for L =  0
GHOST: No ghost state for L =  1
GHOST: No ghost state for L =  2

KBgen: Kleinman-Bylander projectors: 
   l= 0   rc=  1.364359   el= -0.467325   Ekb= -2.005361   kbcos= -0.336422
   l= 1   rc=  1.434438   el=  0.001430   Ekb= -0.501708   kbcos= -0.021697
   l= 2   rc=  1.470814   el=  0.002365   Ekb= -0.190555   kbcos= -0.002281

KBgen: Total number of  Kleinman-Bylander projectors:    9
atom: -------------------------------------------------------------------------

atom: SANKEY-TYPE ORBITALS:
atom: Selected multiple-zeta basis: split     

SPLIT: Orbitals with angular momentum L= 0

SPLIT: Basis orbitals for state 1s

SPLIT: PAO cut-off radius determined from an
SPLIT: energy shift=  0.020000 Ry

   izeta = 1
                 lambda =    1.000000
                     rc =    4.828263
                 energy =   -0.449375
                kinetic =    0.929372
    potential(screened) =   -1.378747
       potential(ionic) =   -1.915047

   izeta = 2
                 rmatch =    3.854947
              splitnorm =    0.150000
                 energy =   -0.336153
                kinetic =    1.505294
    potential(screened) =   -1.841447
       potential(ionic) =   -2.413582

POLgen: Perturbative polarization orbital with L=  1

POLgen: Polarization orbital for state 1s

   izeta = 1
                     rc =    4.828263
                 energy =    0.706972
                kinetic =    1.396397
    potential(screened) =   -0.689424
       potential(ionic) =   -1.169792
atom: Total number of Sankey-type orbitals:  5

atm_pop: Valence configuration (for local Pseudopot. screening):
 1s( 1.00)                                                            
Vna: chval, zval:    1.00000   1.00000

Vna:  Cut-off radius for the neutral-atom potential:   4.828263

atom: _________________________________________________________________________

prinput: Basis input ----------------------------------------------------------

PAO.BasisType split     

%block ChemicalSpeciesLabel
    1    8 O                       # Species index, atomic number, species label
    2    1 H                       # Species index, atomic number, species label
%endblock ChemicalSpeciesLabel

%block PAO.Basis                 # Define Basis set
O                     2                    # Species label, number of l-shells
 n=2   0   2                         # n, l, Nzeta 
   3.305      2.510   
   1.000      1.000   
 n=2   1   2 P   1                   # n, l, Nzeta, Polarization, NzetaPol
   3.937      2.542   
   1.000      1.000   
H                     1                    # Species label, number of l-shells
 n=1   0   2 P   1                   # n, l, Nzeta, Polarization, NzetaPol
   4.828      3.855   
   1.000      1.000   
%endblock PAO.Basis

prinput: ----------------------------------------------------------------------

Dumping basis to NetCDF file O.ion.nc
Dumping basis to NetCDF file H.ion.nc
coor:   Atomic-coordinates input format  =     Cartesian coordinates
coor:                                          (in Angstroms)

siesta: Atomic coordinates (Bohr) and species
siesta:      0.00000   0.00000   0.00000  1        1
siesta:      1.43052   1.10738   0.00000  2        2
siesta:     -1.43052   1.10738   0.00000  2        3

siesta: Automatic unit cell vectors (Ang):
siesta:    7.286412    0.000000    0.000000
siesta:    0.000000    5.746952    0.000000
siesta:    0.000000    0.000000    5.621012

siesta: System type = molecule  

initatomlists: Number of atoms, orbitals, and projectors:      3    23    34

siesta: ******************** Simulation parameters ****************************
siesta:
siesta: The following are some of the parameters of the simulation.
siesta: A complete list of the parameters used, including default values,
siesta: can be found in file out.fdf
siesta:
redata: Non-Collinear-spin run           =     F
redata: SpinPolarized (Up/Down) run      =     F
redata: Number of spin components        =     1
redata: Long output                      =     F
redata: Number of Atomic Species         =        2
redata: Charge density info will appear in .RHO file
redata: Write Mulliken Pop.              =     NO
redata: Mesh Cutoff                      =    50.0000  Ry
redata: Net charge of the system         =     0.0000 |e|
redata: Min. number of SCF Iter          =        0
redata: Max. number of SCF Iter          =       50
redata: Mix DM or H after convergence    =     F
redata: Recompute H after scf cycle      =     F
redata: Performing Pulay mixing using    =     3 iterations
redata: Mix DM in first SCF step ?       =     F
redata: Write Pulay info on disk?        =     F
redata: Discard 1st Pulay DM after  kick =     F
redata: New DM Mixing Weight             =     0.2500
redata: New DM Occupancy tolerance       = 0.000000000001
redata: No kicks to SCF
redata: DM Mixing Weight for Kicks       =     0.5000
redata: DM Tolerance for SCF             =     0.000100
redata: Require (free) Energy convergence in SCF =     F
redata: DM (free)Energy tolerance for SCF =     0.000010 eV
redata: Require Harris convergence for SCF =     F
redata: DM Harris energy tolerance for SCF =     0.000010 eV
redata: Using Saved Data (generic)   =     F
redata: Use continuation files for DM    =     F
redata: Neglect nonoverlap interactions  =     F
redata: Method of Calculation            =     Diagonalization
redata: Divide and Conquer               =     T
redata: Electronic Temperature           =     0.0019  Ry
redata: Fix the spin of the system       =     F
redata: Dynamics option                  =     Broyden coord. optimization
redata: Variable cell                    =     F
redata: Maximum number of CG moves       =       40
redata: Force tolerance                  =     0.0004  Ry/Bohr
redata: ***********************************************************************
Total number of electrons:     8.000000
Total ionic charge:     8.000000

* ProcessorY, Blocksize:    2   6


* Orbital distribution balance (max,min):     6     5

 Kpoints in:            1 . Kpoints trimmed:            1

siesta: k-grid: Number of k-points =     1
siesta: k-grid: Cutoff (effective) =     2.811 Ang
siesta: k-grid: Supercell and displacements
siesta: k-grid:    1   0   0      0.000
siesta: k-grid:    0   1   0      0.000
siesta: k-grid:    0   0   1      0.000

                     ====================================
                        Begin Broyden opt. move =      0
                     ====================================

outcell: Unit cell vectors (Ang):
        7.286412    0.000000    0.000000
        0.000000    5.746952    0.000000
        0.000000    0.000000    5.621012

outcell: Cell vector modules (Ang)   :    7.286412    5.746952    5.621012
outcell: Cell angles (23,13,12) (deg):     90.0000     90.0000     90.0000
outcell: Cell volume (Ang**3)        :    235.3780
New_DM. Step:     1
Initializing Density Matrix...
New grid distribution:   1
           1       1:   16    1:    8    1:    6
           2       1:   16    1:    8    7:   12
           3       1:   16    9:   15    1:    6
           4       1:   16    9:   15    7:   12

InitMesh: MESH =    32 x    30 x    24 =       23040
InitMesh: (bp) =    16 x    15 x    12 =        2880
InitMesh: Mesh cutoff (required, used) =    50.000    50.384 Ry
ExtMesh (bp) on 0 =    40 x    36 x    30 =       43200
New grid distribution:   2
           1       5:   16    1:    4    1:   12
           2       1:    4    1:    4    1:   12
           3       5:   16    5:   15    1:   12
           4       1:    4    5:   15    1:   12
New grid distribution:   3
           1       8:   16    1:    5    1:   12
           2       1:    7    1:    5    1:   12
           3       8:   16    6:   15    1:   12
           4       1:    7    6:   15    1:   12
Setting up quadratic distribution...
ExtMesh (bp) on 0 =    36 x    32 x    36 =       41472
PhiOnMesh: Number of (b)points on node 0 =                  576
PhiOnMesh: nlist on node 0 =                 3687

stepf: Fermi-Dirac step function

siesta: Program's energy decomposition (eV):
siesta: Ebs     =      -122.646898
siesta: Eions   =       815.854478
siesta: Ena     =       175.154321
siesta: Ekin    =       341.667405
siesta: Enl     =       -52.736757
siesta: DEna    =        -0.000002
siesta: DUscf   =         0.000000
siesta: DUext   =         0.000000
siesta: Exc     =      -109.951257
siesta: eta*DQ  =         0.000000
siesta: Emadel  =         0.000000
siesta: Emeta   =         0.000000
siesta: Emolmec =         0.000000
siesta: Ekinion =         0.000000
siesta: Eharris =      -466.432274
siesta: Etot    =      -461.720768
siesta: FreeEng =      -461.720768

   scf: iscf   Eharris(eV)      E_KS(eV)   FreeEng(eV)    dDmax  Ef(eV)
   scf:    1     -466.4323     -461.7208     -461.7208  1.43873 -4.2540
timer: Routine,Calls,Time,% =    IterSCF     1       0.013   0.60
   scf:    2     -466.8722     -465.2445     -465.2445  0.17561 -0.1529
   scf:    3     -465.9118     -465.3184     -465.3184  0.05841 -1.6900
   scf:    4     -465.8412     -465.6146     -465.6146  0.01479 -2.1536
   scf:    5     -465.8408     -465.6664     -465.6664  0.01116 -2.1614
   scf:    6     -465.8407     -465.7934     -465.7934  0.00468 -2.1627
   scf:    7     -465.8407     -465.8143     -465.8143  0.00302 -2.1570
   scf:    8     -465.8407     -465.8306     -465.8306  0.00124 -2.1571
   scf:    9     -465.8407     -465.8395     -465.8395  0.00030 -2.1593
   scf:   10     -465.8407     -465.8399     -465.8399  0.00022 -2.1592
   scf:   11     -465.8407     -465.8400     -465.8400  0.00005 -2.1586

SCF Convergence by dMax criterion
max |DM_out - DM_in|:     0.00004916
SCF cycle converged after   11 iterations

Using DM_out to compute the final energy and forces

siesta: E_KS(eV) =             -465.8407

siesta: E_KS - E_eggbox =      -465.8407

siesta: Atomic forces (eV/Ang):
     1   -0.000000   -0.501251   -0.000000
     2    0.717763    0.278607   -0.000000
     3   -0.717763    0.278607   -0.000000
----------------------------------------
   Tot   -0.000000    0.055963   -0.000000
----------------------------------------
   Max    0.717763
   Res    0.399564    sqrt( Sum f_i^2 / 3N )
----------------------------------------
   Max    0.717763    constrained

Stress-tensor-Voigt (kbar):      -20.20       -3.67       22.43       -0.00        0.00        0.00
(Free)E + p*V (eV/cell)     -465.7699
Target enthalpy (eV/cell)     -465.8407
 
Broyden_optim: max_history for broyden:   6
Broyden_optim: cycle on maxit: T
Broyden_optim: initial inverse jacobian:   1.0000
 
Broyden_optim: No of elements:      9

                     ====================================
                        Begin Broyden opt. move =      1
                     ====================================

outcell: Unit cell vectors (Ang):
        7.286412    0.000000    0.000000
        0.000000    5.746952    0.000000
        0.000000    0.000000    5.621012

outcell: Cell vector modules (Ang)   :    7.286412    5.746952    5.621012
outcell: Cell angles (23,13,12) (deg):     90.0000     90.0000     90.0000
outcell: Cell volume (Ang**3)        :    235.3780
New_DM. Step:     2
Re-using DM from previous geometry...
Re-using DM without extrapolation (not allowed)
Density Matrix sparsity pattern changed.
Note: For starting DM, Qtot, Tr[D*S] =          8.00000000          7.96914431
New grid distribution:   1
           1       1:   16    1:    8    1:    6
           2       1:   16    1:    8    7:   12
           3       1:   16    9:   15    1:    6
           4       1:   16    9:   15    7:   12

InitMesh: MESH =    32 x    30 x    24 =       23040
InitMesh: (bp) =    16 x    15 x    12 =        2880
InitMesh: Mesh cutoff (required, used) =    50.000    50.384 Ry
ExtMesh (bp) on 0 =    40 x    36 x    30 =       43200
New grid distribution:   2
           1       5:   16    1:    4    1:   12
           2       1:    4    1:    4    1:   12
           3       5:   16    5:   15    1:   12
           4       1:    4    5:   15    1:   12
New grid distribution:   3
           1       8:   16    1:    5    1:   12
           2       1:    7    1:    5    1:   12
           3       8:   16    6:   15    1:   12
           4       1:    7    6:   15    1:   12
Setting up quadratic distribution...
ExtMesh (bp) on 0 =    36 x    32 x    36 =       41472
PhiOnMesh: Number of (b)points on node 0 =                  576
PhiOnMesh: nlist on node 0 =                 3691

   scf: iscf   Eharris(eV)      E_KS(eV)   FreeEng(eV)    dDmax  Ef(eV)
   scf:    1     -465.8453     -465.6106     -465.6106  0.04124 -2.1004
   scf:    2     -465.8473     -465.8419     -465.8419  0.01439 -2.3103
   scf:    3     -465.8440     -465.8000     -465.8000  0.00373 -2.2066
   scf:    4     -465.8438     -465.8377     -465.8377  0.00103 -2.1854
   scf:    5     -465.8438     -465.8396     -465.8396  0.00072 -2.1859
   scf:    6     -465.8438     -465.8435     -465.8435  0.00002 -2.1871

SCF Convergence by dMax criterion
max |DM_out - DM_in|:     0.00002336
SCF cycle converged after    6 iterations

Using DM_out to compute the final energy and forces

siesta: E_KS(eV) =             -465.8438

siesta: Atomic forces (eV/Ang):
     1    0.000000    1.256496   -0.000000
     2   -0.178879   -0.341721   -0.000000
     3    0.178879   -0.341721   -0.000000
----------------------------------------
   Tot    0.000000    0.573054   -0.000000
----------------------------------------
   Max    1.256496
   Res    0.456597    sqrt( Sum f_i^2 / 3N )
----------------------------------------
   Max    1.256496    constrained

Stress-tensor-Voigt (kbar):      -11.32        1.51       22.72       -0.00        0.00       -0.00
(Free)E + p*V (eV/cell)     -466.4759
Target enthalpy (eV/cell)     -465.8438

                     ====================================
                        Begin Broyden opt. move =      2
                     ====================================

outcell: Unit cell vectors (Ang):
        7.286412    0.000000    0.000000
        0.000000    5.746952    0.000000
        0.000000    0.000000    5.621012

outcell: Cell vector modules (Ang)   :    7.286412    5.746952    5.621012
outcell: Cell angles (23,13,12) (deg):     90.0000     90.0000     90.0000
outcell: Cell volume (Ang**3)        :    235.3780
New_DM. Step:     3
Re-using DM from previous geometry...
Re-using DM without extrapolation (not allowed)
Density Matrix sparsity pattern changed.
Note: For starting DM, Qtot, Tr[D*S] =          8.00000000          8.01813999
New grid distribution:   1
           1       1:   16    1:    8    1:    6
           2       1:   16    1:    8    7:   12
           3       1:   16    9:   15    1:    6
           4       1:   16    9:   15    7:   12

InitMesh: MESH =    32 x    30 x    24 =       23040
InitMesh: (bp) =    16 x    15 x    12 =        2880
InitMesh: Mesh cutoff (required, used) =    50.000    50.384 Ry
ExtMesh (bp) on 0 =    40 x    36 x    30 =       43200
New grid distribution:   2
           1       5:   16    1:    4    1:   12
           2       1:    4    1:    4    1:   12
           3       5:   16    5:   15    1:   12
           4       1:    4    5:   15    1:   12
New grid distribution:   3
           1       8:   16    1:    5    1:   12
           2       1:    7    1:    5    1:   12
           3       8:   16    6:   15    1:   12
           4       1:    7    6:   15    1:   12
Setting up quadratic distribution...
ExtMesh (bp) on 0 =    36 x    32 x    36 =       41472
PhiOnMesh: Number of (b)points on node 0 =                  576
PhiOnMesh: nlist on node 0 =                 3693

   scf: iscf   Eharris(eV)      E_KS(eV)   FreeEng(eV)    dDmax  Ef(eV)
   scf:    1     -465.8530     -465.9503     -465.9503  0.02257 -2.1754
   scf:    2     -465.8540     -465.8514     -465.8514  0.00979 -2.0190
   scf:    3     -465.8524     -465.8735     -465.8735  0.00350 -2.0969
   scf:    4     -465.8524     -465.8539     -465.8539  0.00059 -2.1098
   scf:    5     -465.8524     -465.8533     -465.8533  0.00040 -2.1100
   scf:    6     -465.8524     -465.8523     -465.8523  0.00002 -2.1101

SCF Convergence by dMax criterion
max |DM_out - DM_in|:     0.00002014
SCF cycle converged after    6 iterations

Using DM_out to compute the final energy and forces

siesta: E_KS(eV) =             -465.8524

siesta: Atomic forces (eV/Ang):
     1   -0.000000   -0.030682   -0.000000
     2    0.161394   -0.006051   -0.000000
     3   -0.161394   -0.006051   -0.000000
----------------------------------------
   Tot   -0.000000   -0.042784   -0.000000
----------------------------------------
   Max    0.161394
   Res    0.076819    sqrt( Sum f_i^2 / 3N )
----------------------------------------
   Max    0.161394    constrained

Stress-tensor-Voigt (kbar):      -14.89       -1.44       22.54       -0.00        0.00        0.00
(Free)E + p*V (eV/cell)     -466.1567
Target enthalpy (eV/cell)     -465.8524

                     ====================================
                        Begin Broyden opt. move =      3
                     ====================================

outcell: Unit cell vectors (Ang):
        7.286412    0.000000    0.000000
        0.000000    5.746952    0.000000
        0.000000    0.000000    5.621012

outcell: Cell vector modules (Ang)   :    7.286412    5.746952    5.621012
outcell: Cell angles (23,13,12) (deg):     90.0000     90.0000     90.0000
outcell: Cell volume (Ang**3)        :    235.3780
New_DM. Step:     4
Re-using DM from previous geometry...
Re-using DM without extrapolation (not allowed)
Density Matrix sparsity pattern changed.
New grid distribution:   1
           1       1:   16    1:    8    1:    6
           2       1:   16    1:    8    7:   12
           3       1:   16    9:   15    1:    6
           4       1:   16    9:   15    7:   12

InitMesh: MESH =    32 x    30 x    24 =       23040
InitMesh: (bp) =    16 x    15 x    12 =        2880
InitMesh: Mesh cutoff (required, used) =    50.000    50.384 Ry
ExtMesh (bp) on 0 =    40 x    36 x    30 =       43200
New grid distribution:   2
           1       5:   16    1:    4    1:   12
           2       1:    4    1:    4    1:   12
           3       5:   16    5:   15    1:   12
           4       1:    4    5:   15    1:   12
New grid distribution:   3
           1       8:   16    1:    5    1:   12
           2       1:    7    1:    5    1:   12
           3       8:   16    6:   15    1:   12
           4       1:    7    6:   15    1:   12
Setting up quadratic distribution...
ExtMesh (bp) on 0 =    36 x    32 x    36 =       41472
PhiOnMesh: Number of (b)points on node 0 =                  576
PhiOnMesh: nlist on node 0 =                 3706

   scf: iscf   Eharris(eV)      E_KS(eV)   FreeEng(eV)    dDmax  Ef(eV)
   scf:    1     -465.8532     -465.8262     -465.8262  0.00644 -2.0857
   scf:    2     -465.8532     -465.8532     -465.8532  0.00051 -2.0817
   scf:    3     -465.8532     -465.8520     -465.8520  0.00029 -2.0827
   scf:    4     -465.8532     -465.8530     -465.8530  0.00007 -2.0842

SCF Convergence by dMax criterion
max |DM_out - DM_in|:     0.00007005
SCF cycle converged after    4 iterations

Using DM_out to compute the final energy and forces

siesta: E_KS(eV) =             -465.8532

siesta: Atomic forces (eV/Ang):
     1    0.000000   -0.025796    0.000000
     2    0.028288   -0.045808   -0.000000
     3   -0.028288   -0.045808   -0.000000
----------------------------------------
   Tot    0.000000   -0.117412    0.000000
----------------------------------------
   Max    0.045808
   Res    0.026797    sqrt( Sum f_i^2 / 3N )
----------------------------------------
   Max    0.045808    constrained

Stress-tensor-Voigt (kbar):      -13.62       -1.13       22.56       -0.00       -0.00       -0.00
(Free)E + p*V (eV/cell)     -466.2358
Target enthalpy (eV/cell)     -465.8532

                     ====================================
                        Begin Broyden opt. move =      4
                     ====================================

outcell: Unit cell vectors (Ang):
        7.286412    0.000000    0.000000
        0.000000    5.746952    0.000000
        0.000000    0.000000    5.621012

outcell: Cell vector modules (Ang)   :    7.286412    5.746952    5.621012
outcell: Cell angles (23,13,12) (deg):     90.0000     90.0000     90.0000
outcell: Cell volume (Ang**3)        :    235.3780
New_DM. Step:     5
Re-using DM from previous geometry...
Re-using DM without extrapolation (not allowed)
Density Matrix sparsity pattern changed.
New grid distribution:   1
           1       1:   16    1:    8    1:    6
           2       1:   16    1:    8    7:   12
           3       1:   16    9:   15    1:    6
           4       1:   16    9:   15    7:   12

InitMesh: MESH =    32 x    30 x    24 =       23040
InitMesh: (bp) =    16 x    15 x    12 =        2880
InitMesh: Mesh cutoff (required, used) =    50.000    50.384 Ry
ExtMesh (bp) on 0 =    40 x    36 x    30 =       43200
New grid distribution:   2
           1       5:   16    1:    4    1:   12
           2       1:    4    1:    4    1:   12
           3       5:   16    5:   15    1:   12
           4       1:    4    5:   15    1:   12
New grid distribution:   3
           1       8:   16    1:    5    1:   12
           2       1:    7    1:    5    1:   12
           3       8:   16    6:   15    1:   12
           4       1:    7    6:   15    1:   12
Setting up quadratic distribution...
ExtMesh (bp) on 0 =    36 x    32 x    36 =       41472
PhiOnMesh: Number of (b)points on node 0 =                  576
PhiOnMesh: nlist on node 0 =                 3694

   scf: iscf   Eharris(eV)      E_KS(eV)   FreeEng(eV)    dDmax  Ef(eV)
   scf:    1     -465.8529     -465.8288     -465.8288  0.00441 -2.0745
   scf:    2     -465.8529     -465.8529     -465.8529  0.00140 -2.0957
   scf:    3     -465.8529     -465.8488     -465.8488  0.00036 -2.0859
   scf:    4     -465.8529     -465.8522     -465.8522  0.00013 -2.0838
   scf:    5     -465.8529     -465.8525     -465.8525  0.00009 -2.0838

SCF Convergence by dMax criterion
max |DM_out - DM_in|:     0.00008721
SCF cycle converged after    5 iterations

Using DM_out to compute the final energy and forces

siesta: E_KS(eV) =             -465.8529

siesta: Atomic forces (eV/Ang):
     1   -0.000001    0.364643    0.000007
     2   -0.068946   -0.106469   -0.000000
     3    0.068946   -0.106469   -0.000000
----------------------------------------
   Tot   -0.000001    0.151704    0.000006
----------------------------------------
   Max    0.364643
   Res    0.135459    sqrt( Sum f_i^2 / 3N )
----------------------------------------
   Max    0.364643    constrained

Stress-tensor-Voigt (kbar):      -12.66       -0.60       22.59       -0.00        0.00       -0.00
(Free)E + p*V (eV/cell)     -466.3099
Target enthalpy (eV/cell)     -465.8529

                     ====================================
                        Begin Broyden opt. move =      5
                     ====================================

outcell: Unit cell vectors (Ang):
        7.286412    0.000000    0.000000
        0.000000    5.746952    0.000000
        0.000000    0.000000    5.621012

outcell: Cell vector modules (Ang)   :    7.286412    5.746952    5.621012
outcell: Cell angles (23,13,12) (deg):     90.0000     90.0000     90.0000
outcell: Cell volume (Ang**3)        :    235.3780
New_DM. Step:     6
Re-using DM from previous geometry...
Re-using DM without extrapolation (not allowed)
Density Matrix sparsity pattern changed.
New grid distribution:   1
           1       1:   16    1:    8    1:    6
           2       1:   16    1:    8    7:   12
           3       1:   16    9:   15    1:    6
           4       1:   16    9:   15    7:   12

InitMesh: MESH =    32 x    30 x    24 =       23040
InitMesh: (bp) =    16 x    15 x    12 =        2880
InitMesh: Mesh cutoff (required, used) =    50.000    50.384 Ry
ExtMesh (bp) on 0 =    40 x    36 x    30 =       43200
New grid distribution:   2
           1       5:   16    1:    4    1:   12
           2       1:    4    1:    4    1:   12
           3       5:   16    5:   15    1:   12
           4       1:    4    5:   15    1:   12
New grid distribution:   3
           1       8:   16    1:    5    1:   12
           2       1:    7    1:    5    1:   12
           3       8:   16    6:   15    1:   12
           4       1:    7    6:   15    1:   12
Setting up quadratic distribution...
ExtMesh (bp) on 0 =    36 x    32 x    36 =       41472
PhiOnMesh: Number of (b)points on node 0 =                  576
PhiOnMesh: nlist on node 0 =                 3693

   scf: iscf   Eharris(eV)      E_KS(eV)   FreeEng(eV)    dDmax  Ef(eV)
   scf:    1     -465.8538     -465.8776     -465.8776  0.00666 -2.0737
   scf:    2     -465.8539     -465.8535     -465.8535  0.00343 -2.0183
   scf:    3     -465.8537     -465.8589     -465.8589  0.00137 -2.0459
   scf:    4     -465.8537     -465.8540     -465.8540  0.00014 -2.0504
   scf:    5     -465.8537     -465.8538     -465.8538  0.00010 -2.0506

SCF Convergence by dMax criterion
max |DM_out - DM_in|:     0.00009753
SCF cycle converged after    5 iterations

Using DM_out to compute the final energy and forces

siesta: E_KS(eV) =             -465.8537

siesta: Atomic forces (eV/Ang):
     1    0.000004    0.001634    0.000045
     2   -0.002130   -0.005133   -0.000000
     3    0.002128   -0.005131    0.000000
----------------------------------------
   Tot    0.000003   -0.008631    0.000045
----------------------------------------
   Max    0.005133
   Res    0.002675    sqrt( Sum f_i^2 / 3N )
----------------------------------------
   Max    0.005133    constrained

Stress-tensor-Voigt (kbar):      -13.41       -1.42       22.54        0.00        0.00        0.00
(Free)E + p*V (eV/cell)     -466.2311
Target enthalpy (eV/cell)     -465.8537

outcoor: Relaxed atomic coordinates (Ang):                  
   -0.00000002    0.00083556    0.00000025   1       1  O
    0.77768140    0.58052231   -0.00000001   2       2  H
   -0.77768140    0.58052232   -0.00000001   2       3  H

siesta: Program's energy decomposition (eV):
siesta: Ebs     =      -103.903289
siesta: Eions   =       815.854478
siesta: Ena     =       175.063845
siesta: Ekin    =       349.660763
siesta: Enl     =       -61.499428
siesta: DEna    =        -1.334403
siesta: DUscf   =         0.730163
siesta: DUext   =         0.000000
siesta: Exc     =      -112.620125
siesta: eta*DQ  =         0.000000
siesta: Emadel  =         0.000000
siesta: Emeta   =         0.000000
siesta: Emolmec =         0.000000
siesta: Ekinion =         0.000000
siesta: Eharris =      -465.853663
siesta: Etot    =      -465.853663
siesta: FreeEng =      -465.853663

siesta: Final energy (eV):
siesta:  Band Struct. =    -103.903289
siesta:       Kinetic =     349.660763
siesta:       Hartree =     380.784447
siesta:    Ext. field =       0.000000
siesta:   Exch.-corr. =    -112.620125
siesta:  Ion-electron =   -1067.573261
siesta:       Ion-ion =     -16.105487
siesta:       Ekinion =       0.000000
siesta:         Total =    -465.853663

siesta: Stress tensor (static) (eV/Ang**3):
siesta:    -0.008368    0.000000   -0.000000
siesta:     0.000000   -0.000887    0.000000
siesta:     0.000000    0.000000    0.014066

siesta: Cell volume =        235.378012 Ang**3

siesta: Pressure (static):
siesta:                Solid            Molecule  Units
siesta:          -0.00001747         -0.00001738  Ry/Bohr**3
siesta:          -0.00160374         -0.00159534  eV/Ang**3
siesta:          -2.56949488         -2.55604877  kBar
(Free)E+ p_basis*V_orbitals  =        -465.268495
(Free)Eharris+ p_basis*V_orbitals  =        -465.268496

siesta: Electric dipole (a.u.)  =    0.000000    0.550843   -0.000000
siesta: Electric dipole (Debye) =    0.000000    1.400105   -0.000001
>> End of run:  29-SEP-2015  15:38:53
