Siesta Version  : siesta-4.0--578
Architecture    : x86_64-linux-n-62-25-35
Compiler version: GNU Fortran (GCC) 7.3.0
Compiler flags  : mpif90 -m64 -fPIC -O3 -march=native -ftree-vectorize -fexpensive-optimizationns -funroll-loops -fprefetch-loop-arrays -fno-second-underscore
PP flags        : -I/zdata/groups/common/nicpa/2018-feb/generic/build-tools/1.0/include -I/zdatta/groups/common/nicpa/2018-feb/generic/gcc/7.3.0/include -I/zdata/groups/common/nicpa/2018-feb/generic/gcc/7.3.0/include -I/zdata/groups/common/nicpa/2018-feb/XeonE5-2660v3/zlib/1.2.11/gnu-7.3.0/include -I/zdata/groups/common/nicpa/2018-feb/generic/numactl/2.0.11/include -I/zdata/groups/common/nicpa/2018-feb/XeonE5-2660v3/libxml2/2.9.7/gnu-7.3.0/include -I/zdata/groups/common/nicpa/2018-feb/XeonE5-2660v3/hwloc/1.11.9/gnu-7.3.0/include -I/zdata/groups/common/nicpa/2018-feb/XeonE5-2660v3/openmpi/3.0.0/gnu-7.3.0/include -I/zdata/groups/common/nicpa/2018-feb/XeonE5-2660v3/szip/2.1.1/gnu-7.3.0/include -I/zdata/groups/common/nicpa/2018-feb/XeonE5-2660v3/hdf5-serial/1.8.18/gnu-7.3.0/include -I/zdata/groups/common/nicpa/2018-feb/XeonE5-2660v3/netcdf-serial/4.6.0/gnu-7.3.0/include -I/zdata/groups/common/nicpa/2018-feb/XeonE5-2660v3/scalapack/204/gnu-7.3.0/include -I/zdata/groups/common/nicpa/2018-feb/XeonE5-2660v3/openblas/0.2.20/gnu-7.3.0/include -I/zdata/groups/common/nicpa/2018-feb/XeonE5-2660v3/elpa/2017.05.003/gnu-7.3.0/include -DSIESTA__ELPA -DMPI -D1 -DFC_HAVE_ABORT -DCDF -DSIESTA__MRRR 
PARALLEL version
NetCDF support

* Running on    8 nodes in parallel
>> Start of run:  10-JUN-2018  21:47:56

                           ***********************       
                           *  WELCOME TO SIESTA  *       
                           ***********************       

reinit: Reading from standard input
************************** Dump of input data file ****************************
SystemName          H3PO4 molecule
SystemLabel         h3po4_1
NumberOfAtoms       8
NumberOfSpecies     3
%block ChemicalSpeciesLabel
 1 15  P      # Species index, atomic number, species label
 2  1  H
 3  8  O
%endblock ChemicalSpeciesLabel
AtomicCoordinatesFormat  Ang
%block AtomicCoordinatesAndAtomicSpecies
0.549093        2.155440        -0.338300  2
0.000046        0.000003        -0.000046  1
-1.526503       -0.441092       -0.288371  3
-1.720758       -1.263279       0.227476   2
0.635084        -0.274540       1.296081   3
0.844830        -0.588106       -1.248646  3
-0.252131       1.559335        -0.390172  3
0.378031        -0.630812       -2.132000  2
%endblock AtomicCoordinatesAndAtomicSpecies
PAO.BasisType split
%Block PAO.Basis
P    3      0.05192
 n=3   0   2   E     0.00000     0.28668
     4.95334     1.96730
     1.00000     1.00000
 n=4   0   1   E     0.00000     0.29518
     5.01640
     1.00000
 n=3   1   2   E    16.50988     0.30118
     6.79353     2.82182
     1.00000     1.00000
H    2      0.12297
 n=1   0   2   E     6.06330     0.29177
     4.94850     1.95400
     1.00000     1.00000
 n=2   1   1   E    98.08976     0.08782
     5.04168
     1.00000
O    3      0.02995
 n=2   0   2   E     0.00000     0.20804
     5.74313     2.50161
     1.00000     1.00000
 n=2   1   2   E     0.00000     0.00000
     7.61022     2.31283
     1.00000     1.00000
 n=3   2   1   E    28.29197     0.00000
     4.87171
     1.00000
%EndBlock PAO.Basis
DM.MixingWeight 0.3
DM.NumberPulay  7
************************** End of input data file *****************************

reinit: -----------------------------------------------------------------------
reinit: System Name: H3PO4 molecule
reinit: -----------------------------------------------------------------------
reinit: System Label: h3po4_1                                                     
reinit: -----------------------------------------------------------------------

initatom: Reading input for the pseudopotentials and atomic orbitals ----------
 Species number:            1  Label: P Atomic number:          15
 Species number:            2  Label: H Atomic number:           1
 Species number:            3  Label: O Atomic number:           8
Ground state valence configuration:   3s02  3p03
Reading pseudopotential information in formatted form from P.psf

Valence configuration for pseudopotential generation:
3s( 2.00) rc: 1.83
3p( 3.00) rc: 1.83
3d( 0.00) rc: 1.83
4f( 0.00) rc: 1.83
Ground state valence configuration:   1s01
Reading pseudopotential information in formatted form from H.psf

Valence configuration for pseudopotential generation:
1s( 1.00) rc: 1.25
2p( 0.00) rc: 1.25
3d( 0.00) rc: 1.25
4f( 0.00) rc: 1.25
Ground state valence configuration:   2s02  2p04
Reading pseudopotential information in formatted form from O.psf

Valence configuration for pseudopotential generation:
2s( 2.00) rc: 1.14
2p( 4.00) rc: 1.14
3d( 0.00) rc: 1.14
4f( 0.00) rc: 1.14
For P, standard SIESTA heuristics set lmxkb to 2
 (one more than the basis l, including polarization orbitals).
Use PS.lmax or PS.KBprojectors blocks to override.
For H, standard SIESTA heuristics set lmxkb to 2
 (one more than the basis l, including polarization orbitals).
Use PS.lmax or PS.KBprojectors blocks to override.
For O, standard SIESTA heuristics set lmxkb to 3
 (one more than the basis l, including polarization orbitals).
Use PS.lmax or PS.KBprojectors blocks to override.

<basis_specs>
===============================================================================
P                    Z=  15    Mass=  30.970        Charge= 0.51920E-01
Lmxo=1 Lmxkb= 2    BasisType=split      Semic=F
L=0  Nsemic=1  Cnfigmx=4
          n=1  nzeta=2  polorb=0
            splnorm:   0.15000    
               vcte:    0.0000    
               rinn:   0.28668    
               qcoe:    0.0000    
               qyuk:    0.0000    
               qwid:   0.10000E-01
                rcs:    4.9533      1.9673    
            lambdas:    1.0000      1.0000    
          n=2  nzeta=1  polorb=0
            splnorm:   0.15000    
               vcte:    0.0000    
               rinn:   0.29518    
               qcoe:    0.0000    
               qyuk:    0.0000    
               qwid:   0.10000E-01
                rcs:    5.0164    
            lambdas:    1.0000    
L=1  Nsemic=0  Cnfigmx=3
          n=1  nzeta=2  polorb=0
            splnorm:   0.15000    
               vcte:    16.510    
               rinn:   0.30118    
               qcoe:    0.0000    
               qyuk:    0.0000    
               qwid:   0.10000E-01
                rcs:    6.7935      2.8218    
            lambdas:    1.0000      1.0000    
-------------------------------------------------------------------------------
L=0  Nkbl=2  erefs: 0.17977+309 0.17977+309
L=1  Nkbl=1  erefs: 0.17977+309
L=2  Nkbl=1  erefs: 0.17977+309
===============================================================================
</basis_specs>

atom: Called for P                     (Z =  15)

read_vps: Pseudopotential generation method:
read_vps: ATM3      Troullier-Martins                       
Total valence charge:    5.00000

xc_check: Exchange-correlation functional:
xc_check: Ceperley-Alder
xc_check: WARNING: Pseudopotential generated with GGA PBE functional
V l=0 = -2*Zval/r beyond r=  2.4397
V l=1 = -2*Zval/r beyond r=  2.4397
V l=2 = -2*Zval/r beyond r=  2.4397
All V_l potentials equal beyond r=  1.8073
This should be close to max(r_c) in ps generation
All pots = -2*Zval/r beyond r=  2.4397
Using large-core scheme for Vlocal

atom: Estimated core radius    2.43972

atom: Including non-local core corrections could be a good idea
atom: Maximum radius for 4*pi*r*r*local-pseudopot. charge    2.69632
atom: Maximum radius for r*vlocal+2*Zval:    2.47041
KBgen: More than one KB projector for l=  0
KBgen: ghost states analysis will be not performed
GHOST: No ghost state for L =  1
GHOST: No ghost state for L =  2

KBgen: Kleinman-Bylander projectors: 
   l= 0   rc=  1.876413   el= -1.008749   Ekb=  5.354737   kbcos=  0.315573
   l= 0   rc=  1.876413   el= -0.026819   Ekb= -8.988296   kbcos= -0.003676
   l= 1   rc=  1.876413   el= -0.398585   Ekb=  1.790801   kbcos=  0.295156
   l= 2   rc=  1.876413   el=  0.002403   Ekb= -3.282862   kbcos= -0.053559

KBgen: Total number of  Kleinman-Bylander projectors:   10
atom: -------------------------------------------------------------------------

atom: SANKEY-TYPE ORBITALS:
atom: Selected multiple-zeta basis: split     

atom: basis set generated (by rescaling the valence charge)
atom: for a cation of charge   0.0519

SPLIT: Orbitals with angular momentum L= 0

SPLIT: Basis orbitals for state 3s

   izeta = 1
                 lambda =    1.000000
                     rc =    5.037536
                 energy =   -1.044580
                kinetic =    0.671643
    potential(screened) =   -1.716223
       potential(ionic) =   -5.297859

   izeta = 2
                 rmatch =    1.997441
              splitnorm =    1.042402
                 energy =    8.036134
                kinetic =    7.119876
    potential(screened) =    0.916258
       potential(ionic) =   -3.621571

SPLIT: Basis orbitals for state 4s

   izeta = 1
                 lambda =    1.000000
                     rc =    5.037536
                 energy =    0.665704
                kinetic =    1.462684
    potential(screened) =   -0.796980
       potential(ionic) =   -3.599057

SPLIT: Orbitals with angular momentum L= 1

SPLIT: Basis orbitals for state 3p

   izeta = 1
                 lambda =    1.000000
                     rc =    6.800020
                 energy =   -0.389302
                kinetic =    1.429896
    potential(screened) =   -1.819197
       potential(ionic) =   -5.310566

   izeta = 2
                 rmatch =    2.834574
              splitnorm =    0.469134
                 energy =    0.454775
                kinetic =    3.057124
    potential(screened) =   -2.602349
       potential(ionic) =   -6.547148
atom: Total number of Sankey-type orbitals:  9

atm_pop: Valence configuration (for local Pseudopot. screening):
 3s( 2.00)                                                            
 3p( 3.00)                                                            
Vna: chval, zval:    5.00000   5.00000

Vna:  Cut-off radius for the neutral-atom potential:   6.800020

atom: _________________________________________________________________________

<basis_specs>
===============================================================================
H                    Z=   1    Mass=  1.0100        Charge= 0.12297    
Lmxo=1 Lmxkb= 2    BasisType=split      Semic=F
L=0  Nsemic=0  Cnfigmx=1
          n=1  nzeta=2  polorb=0
            splnorm:   0.15000    
               vcte:    6.0633    
               rinn:   0.29177    
               qcoe:    0.0000    
               qyuk:    0.0000    
               qwid:   0.10000E-01
                rcs:    4.9485      1.9540    
            lambdas:    1.0000      1.0000    
L=1  Nsemic=0  Cnfigmx=2
          n=1  nzeta=1  polorb=0
            splnorm:   0.15000    
               vcte:    98.090    
               rinn:   0.87820E-01
               qcoe:    0.0000    
               qyuk:    0.0000    
               qwid:   0.10000E-01
                rcs:    5.0417    
            lambdas:    1.0000    
-------------------------------------------------------------------------------
L=0  Nkbl=1  erefs: 0.17977+309
L=1  Nkbl=1  erefs: 0.17977+309
L=2  Nkbl=1  erefs: 0.17977+309
===============================================================================
</basis_specs>

atom: Called for H                     (Z =   1)

read_vps: Pseudopotential generation method:
read_vps: ATM3      Troullier-Martins                       
Total valence charge:    1.00000

xc_check: Exchange-correlation functional:
xc_check: Ceperley-Alder
V l=0 = -2*Zval/r beyond r=  1.2343
V l=1 = -2*Zval/r beyond r=  1.2189
V l=2 = -2*Zval/r beyond r=  1.2189
All V_l potentials equal beyond r=  1.2343
This should be close to max(r_c) in ps generation
All pots = -2*Zval/r beyond r=  1.2343

VLOCAL1: 99.0% of the norm of Vloc inside     28.493 Ry
VLOCAL1: 99.9% of the norm of Vloc inside     64.935 Ry
atom: Maximum radius for 4*pi*r*r*local-pseudopot. charge    1.45251
atom: Maximum radius for r*vlocal+2*Zval:    1.21892
GHOST: No ghost state for L =  0
GHOST: No ghost state for L =  1
GHOST: No ghost state for L =  2

KBgen: Kleinman-Bylander projectors: 
   l= 0   rc=  1.364359   el= -0.467325   Ekb= -2.005361   kbcos= -0.336422
   l= 1   rc=  1.434438   el=  0.001430   Ekb= -0.501708   kbcos= -0.021697
   l= 2   rc=  1.470814   el=  0.002365   Ekb= -0.190555   kbcos= -0.002281

KBgen: Total number of  Kleinman-Bylander projectors:    9
atom: -------------------------------------------------------------------------

atom: SANKEY-TYPE ORBITALS:
atom: Selected multiple-zeta basis: split     

atom: basis set generated (by rescaling the valence charge)
atom: for a cation of charge   0.1230

SPLIT: Orbitals with angular momentum L= 0

SPLIT: Basis orbitals for state 1s

   izeta = 1
                 lambda =    1.000000
                     rc =    4.950554
                 energy =   -0.551874
                kinetic =    1.153217
    potential(screened) =   -1.705092
       potential(ionic) =   -2.133811

   izeta = 2
                 rmatch =    1.961554
              splitnorm =    0.591752
                 energy =    0.742888
                kinetic =    3.982755
    potential(screened) =   -3.239867
       potential(ionic) =   -3.696883

SPLIT: Orbitals with angular momentum L= 1

SPLIT: Basis orbitals for state 2p

   izeta = 1
                 lambda =    1.000000
                     rc =    5.075940
                 energy =    1.542424
                kinetic =    2.680214
    potential(screened) =   -1.137791
       potential(ionic) =   -1.564016
atom: Total number of Sankey-type orbitals:  5

atm_pop: Valence configuration (for local Pseudopot. screening):
 1s( 1.00)                                                            
 2p( 0.00)                                                            
Vna: chval, zval:    1.00000   1.00000

Vna:  Cut-off radius for the neutral-atom potential:   4.950554

atom: _________________________________________________________________________

<basis_specs>
===============================================================================
O                    Z=   8    Mass=  16.000        Charge= 0.29950E-01
Lmxo=2 Lmxkb= 3    BasisType=split      Semic=F
L=0  Nsemic=0  Cnfigmx=2
          n=1  nzeta=2  polorb=0
            splnorm:   0.15000    
               vcte:    0.0000    
               rinn:   0.20804    
               qcoe:    0.0000    
               qyuk:    0.0000    
               qwid:   0.10000E-01
                rcs:    5.7431      2.5016    
            lambdas:    1.0000      1.0000    
L=1  Nsemic=0  Cnfigmx=2
          n=1  nzeta=2  polorb=0
            splnorm:   0.15000    
               vcte:    0.0000    
               rinn:    0.0000    
               qcoe:    0.0000    
               qyuk:    0.0000    
               qwid:   0.10000E-01
                rcs:    7.6102      2.3128    
            lambdas:    1.0000      1.0000    
L=2  Nsemic=0  Cnfigmx=3
          n=1  nzeta=1  polorb=0
            splnorm:   0.15000    
               vcte:    28.292    
               rinn:    0.0000    
               qcoe:    0.0000    
               qyuk:    0.0000    
               qwid:   0.10000E-01
                rcs:    4.8717    
            lambdas:    1.0000    
-------------------------------------------------------------------------------
L=0  Nkbl=1  erefs: 0.17977+309
L=1  Nkbl=1  erefs: 0.17977+309
L=2  Nkbl=1  erefs: 0.17977+309
L=3  Nkbl=1  erefs: 0.17977+309
===============================================================================
</basis_specs>

atom: Called for O                     (Z =   8)

read_vps: Pseudopotential generation method:
read_vps: ATM3      Troullier-Martins                       
Total valence charge:    6.00000

xc_check: Exchange-correlation functional:
xc_check: Ceperley-Alder
V l=0 = -2*Zval/r beyond r=  1.1278
V l=1 = -2*Zval/r beyond r=  1.1278
V l=2 = -2*Zval/r beyond r=  1.1278
V l=3 = -2*Zval/r beyond r=  1.1138
All V_l potentials equal beyond r=  1.1278
This should be close to max(r_c) in ps generation
All pots = -2*Zval/r beyond r=  1.1278

VLOCAL1: 99.0% of the norm of Vloc inside     34.126 Ry
VLOCAL1: 99.9% of the norm of Vloc inside     77.774 Ry
atom: Maximum radius for 4*pi*r*r*local-pseudopot. charge    1.37759
atom: Maximum radius for r*vlocal+2*Zval:    1.18566
GHOST: No ghost state for L =  0
GHOST: No ghost state for L =  1
GHOST: No ghost state for L =  2
GHOST: No ghost state for L =  3

KBgen: Kleinman-Bylander projectors: 
   l= 0   rc=  1.294105   el= -1.742414   Ekb=  9.135903   kbcos=  0.326910
   l= 1   rc=  1.294105   el= -0.676589   Ekb= -8.124878   kbcos= -0.395047
   l= 2   rc=  1.448233   el=  0.002386   Ekb= -2.039267   kbcos= -0.003484
   l= 3   rc=  1.561052   el=  0.003508   Ekb= -0.799141   kbcos= -0.000344

KBgen: Total number of  Kleinman-Bylander projectors:   16
atom: -------------------------------------------------------------------------

atom: SANKEY-TYPE ORBITALS:
atom: Selected multiple-zeta basis: split     

atom: basis set generated (by rescaling the valence charge)
atom: for a cation of charge   0.0300

SPLIT: Orbitals with angular momentum L= 0

SPLIT: Basis orbitals for state 2s

   izeta = 1
                 lambda =    1.000000
                     rc =    5.728790
                 energy =   -1.786641
                kinetic =    1.532129
    potential(screened) =   -3.318770
       potential(ionic) =  -11.158241

   izeta = 2
                 rmatch =    2.510382
              splitnorm =    0.167394
                 energy =   -1.503566
                kinetic =    2.479098
    potential(screened) =   -3.982664
       potential(ionic) =  -12.509108

SPLIT: Orbitals with angular momentum L= 1

SPLIT: Basis orbitals for state 2p

   izeta = 1
                 lambda =    1.000000
                     rc =    7.733166
                 energy =   -0.719342
                kinetic =    4.790478
    potential(screened) =   -5.509820
       potential(ionic) =  -13.107910

   izeta = 2
                 rmatch =    2.328968
              splitnorm =    0.232409
                 energy =   -0.280725
                kinetic =    8.227823
    potential(screened) =   -8.508548
       potential(ionic) =  -17.335271

SPLIT: Orbitals with angular momentum L= 2

SPLIT: Basis orbitals for state 3d

   izeta = 1
                 lambda =    1.000000
                     rc =    4.930772
                 energy =    1.689854
                kinetic =    2.992951
    potential(screened) =   -1.303097
       potential(ionic) =   -6.821162
atom: Total number of Sankey-type orbitals: 13

atm_pop: Valence configuration (for local Pseudopot. screening):
 2s( 2.00)                                                            
 2p( 4.00)                                                            
 3d( 0.00)                                                            
Vna: chval, zval:    6.00000   6.00000

Vna:  Cut-off radius for the neutral-atom potential:   7.733166

atom: _________________________________________________________________________

prinput: Basis input ----------------------------------------------------------

PAO.BasisType split     

%block ChemicalSpeciesLabel
    1   15 P                       # Species index, atomic number, species label
    2    1 H                       # Species index, atomic number, species label
    3    8 O                       # Species index, atomic number, species label
%endblock ChemicalSpeciesLabel

%block PAO.Basis                 # Define Basis set
P                     3   0.052            # Label, l-shells, ionic net charge
 n=3   0   2                         # n, l, Nzeta 
   5.038      1.997   
   1.000      1.000   
 n=4   0   1                         # n, l, Nzeta 
   5.038   
   1.000   
 n=3   1   2                         # n, l, Nzeta 
   6.800      2.835   
   1.000      1.000   
H                     2   0.123            # Label, l-shells, ionic net charge
 n=1   0   2                         # n, l, Nzeta 
   4.951      1.962   
   1.000      1.000   
 n=2   1   1                         # n, l, Nzeta 
   5.076   
   1.000   
O                     3   0.030            # Label, l-shells, ionic net charge
 n=2   0   2                         # n, l, Nzeta 
   5.729      2.510   
   1.000      1.000   
 n=2   1   2                         # n, l, Nzeta 
   7.733      2.329   
   1.000      1.000   
 n=3   2   1                         # n, l, Nzeta 
   4.931   
   1.000   
%endblock PAO.Basis

prinput: ----------------------------------------------------------------------

Dumping basis to NetCDF file P.ion.nc
Dumping basis to NetCDF file H.ion.nc
Dumping basis to NetCDF file O.ion.nc
coor:   Atomic-coordinates input format  =     Cartesian coordinates
coor:                                          (in Angstroms)

siesta: Atomic coordinates (Bohr) and species
siesta:      1.03764   4.07319  -0.63929  2        1
siesta:      0.00009   0.00001  -0.00009  1        2
siesta:     -2.88467  -0.83354  -0.54494  3        3
siesta:     -3.25176  -2.38725   0.42987  2        4
siesta:      1.20014  -0.51881   2.44924  3        5
siesta:      1.59650  -1.11136  -2.35960  3        6
siesta:     -0.47646   2.94672  -0.73732  3        7
siesta:      0.71438  -1.19206  -4.02890  2        8

siesta: Automatic unit cell vectors (Ang):
siesta:   11.611337    0.000000    0.000000
siesta:    0.000000   11.365055    0.000000
siesta:    0.000000    0.000000   11.802070

siesta: System type = molecule  

initatomlists: Number of atoms, orbitals, and projectors:      8    76   101

siesta: ******************** Simulation parameters ****************************
siesta:
siesta: The following are some of the parameters of the simulation.
siesta: A complete list of the parameters used, including default values,
siesta: can be found in file out.fdf
siesta:
redata: Non-Collinear-spin run           =     F
redata: SpinPolarized (Up/Down) run      =     F
redata: Number of spin components        =     1
redata: Long output                      =     F
redata: Number of Atomic Species         =        3
redata: Charge density info will appear in .RHO file
redata: Write Mulliken Pop.              =     NO
redata: Matel table size (NRTAB)         =     1024
redata: Mesh Cutoff                      =   100.0000 Ry
redata: Net charge of the system         =     0.0000 |e|
redata: Min. number of SCF Iter          =        0
redata: Max. number of SCF Iter          =       50
redata: Mix DM or H after convergence    =     F
redata: Recompute H after scf cycle      =     F
redata: Performing Pulay mixing using    =     7 iterations
redata: Mix DM in first SCF step ?       =     F
redata: Write Pulay info on disk?        =     F
redata: Discard 1st Pulay DM after  kick =     F
redata: New DM Mixing Weight             =     0.3000
redata: New DM Occupancy tolerance       = 0.000000000001
redata: No kicks to SCF
redata: DM Mixing Weight for Kicks       =     0.5000
redata: DM Tolerance for SCF             =     0.000100
redata: Require (free) Energy convergence in SCF =     F
redata: DM (free)Energy tolerance for SCF =     0.000010 eV
redata: Require Harris convergence for SCF =     F
redata: DM Harris energy tolerance for SCF =     0.000010 eV
redata: Using Saved Data (generic)   =     F
redata: Use continuation files for DM    =     F
redata: Neglect nonoverlap interactions  =     F
redata: Method of Calculation            =     Diagonalization
redata: Divide and Conquer               =     T
redata: Electronic Temperature           =     0.0019  Ry
redata: Fix the spin of the system       =     F
redata: Dynamics option                  =     Single-point calculation
redata: ***********************************************************************
Total number of electrons:    32.000000
Total ionic charge:    32.000000

* ProcessorY, Blocksize:    2  10


* Orbital distribution balance (max,min):    10     6

 Kpoints in:            1 . Kpoints trimmed:            1

siesta: k-grid: Number of k-points =     1
siesta: k-grid: Cutoff (effective) =     5.683 Ang
siesta: k-grid: Supercell and displacements
siesta: k-grid:    1   0   0      0.000
siesta: k-grid:    0   1   0      0.000
siesta: k-grid:    0   0   1      0.000

                     ====================================
                        Single-point calculation
                     ====================================

outcell: Unit cell vectors (Ang):
       11.611337    0.000000    0.000000
        0.000000   11.365055    0.000000
        0.000000    0.000000   11.802070

outcell: Cell vector modules (Ang)   :   11.611337   11.365055   11.802070
outcell: Cell angles (23,13,12) (deg):     90.0000     90.0000     90.0000
outcell: Cell volume (Ang**3)        :   1557.4423
New_DM. Step:     1
Initializing Density Matrix...
New grid distribution:   1
           1       1:   36    1:   18    1:    9
           2       1:   36    1:   18   10:   18
           3       1:   36    1:   18   19:   27
           4       1:   36    1:   18   28:   36
           5       1:   36   19:   36    1:    9
           6       1:   36   19:   36   10:   18
           7       1:   36   19:   36   19:   27
           8       1:   36   19:   36   28:   36

InitMesh: MESH =    72 x    72 x    72 =      373248
InitMesh: (bp) =    36 x    36 x    36 =       46656
InitMesh: Mesh cutoff (required, used) =   100.000   102.861 Ry
ExtMesh (bp) on 0 =    88 x    70 x    61 =      375760
New grid distribution:   2
           1      27:   36   10:   36    1:   28
           2      12:   36    1:    9    1:   28
           3       1:   11    1:    9    1:   28
           4      11:   36    1:    9   29:   36
           5       1:   26   10:   36    1:   28
           6      27:   36   10:   36   29:   36
           7       1:   10    1:    9   29:   36
           8       1:   26   10:   36   29:   36
New grid distribution:   3
           1      14:   36    1:   21    1:   22
           2       1:   13    1:   21    1:   22
           3      22:   36    1:   17   23:   36
           4       1:   21    1:   17   23:   36
           5      14:   36   22:   36    1:   22
           6       1:   13   22:   36    1:   22
           7       1:   14   18:   36   23:   36
           8      15:   36   18:   36   23:   36
Setting up quadratic distribution...
ExtMesh (bp) on 0 =    62 x    79 x    80 =      391840
PhiOnMesh: Number of (b)points on node 0 =                 7560
PhiOnMesh: nlist on node 0 =                34906

stepf: Fermi-Dirac step function

siesta: Program's energy decomposition (eV):
siesta: Ebs     =      -506.253026
siesta: Eions   =      3463.417331
siesta: Ena     =       761.570620
siesta: Ekin    =      1333.354086
siesta: Enl     =      -154.910863
siesta: DEna    =         0.000006
siesta: DUscf   =         0.000000
siesta: DUext   =         0.000000
siesta: Exc     =      -441.077301
siesta: eta*DQ  =         0.000000
siesta: Emadel  =         0.000000
siesta: Emeta   =         0.000000
siesta: Emolmec =         0.000000
siesta: Ekinion =         0.000000
siesta: Eharris =     -1977.052883
siesta: Etot    =     -1964.480784
siesta: FreeEng =     -1964.480784

   scf: iscf   Eharris(eV)      E_KS(eV)   FreeEng(eV)    dDmax  Ef(eV)
   scf:    1    -1977.0529    -1964.4808    -1964.4808  1.78084  0.0731
timer: Routine,Calls,Time,% =    IterSCF     1       0.054   1.39
   scf:    2    -1990.3443    -1954.3468    -1954.3468  4.12675 -1.5616
   scf:    3    -1968.3567    -1966.3251    -1966.3251  1.20041 -0.4141
   scf:    4    -1967.7592    -1967.8506    -1967.8506  1.23594 -0.7406
   scf:    5    -1967.6709    -1979.4093    -1979.4093  1.03888 -1.9449
   scf:    6    -1968.0107    -1982.5199    -1982.5199  1.26824 -1.9669
   scf:    7    -1967.9996    -1985.8730    -1985.8730  1.52101 -1.8636
   scf:    8    -1968.4171    -1988.1312    -1988.1312  1.77221 -2.1022
   scf:    9    -1967.3634    -1975.1316    -1975.1316  0.61740 -1.3239
   scf:   10    -1967.2140    -1968.7270    -1968.7270  0.16598 -1.1339
   scf:   11    -1967.1783    -1967.1267    -1967.1267  0.01655 -1.0315
   scf:   12    -1967.1780    -1967.0743    -1967.0743  0.01094 -1.0253
   scf:   13    -1967.1779    -1967.1495    -1967.1495  0.00559 -1.0301
   scf:   14    -1967.1779    -1967.1785    -1967.1785  0.00110 -1.0316
   scf:   15    -1967.1779    -1967.1734    -1967.1734  0.00102 -1.0313
   scf:   16    -1967.1779    -1967.1782    -1967.1782  0.00007 -1.0321

SCF Convergence by dMax criterion
max |DM_out - DM_in|:     0.00007060
SCF cycle converged after   16 iterations

Using DM_out to compute the final energy and forces

siesta: E_KS(eV) =            -1967.1779

siesta: E_KS - E_eggbox =     -1967.1779

siesta: Atomic forces (eV/Ang):
----------------------------------------
   Tot   -0.157272   -0.857153   -0.031383
----------------------------------------
   Max    2.607553
   Res    1.031012    sqrt( Sum f_i^2 / 3N )
----------------------------------------
   Max    2.607553    constrained

Stress-tensor-Voigt (kbar):       -2.35       -0.83       -2.62        0.93        0.54       -0.81
(Free)E + p*V (eV/cell)    -1965.2985
Target enthalpy (eV/cell)    -1967.1779

siesta: Program's energy decomposition (eV):
siesta: Ebs     =      -462.203970
siesta: Eions   =      3463.417331
siesta: Ena     =       761.570620
siesta: Ekin    =      1396.915687
siesta: Enl     =      -203.791617
siesta: DEna    =       -13.888107
siesta: DUscf   =         6.297585
siesta: DUext   =         0.000000
siesta: Exc     =      -450.864716
siesta: eta*DQ  =         0.000000
siesta: Emadel  =         0.000000
siesta: Emeta   =         0.000000
siesta: Emolmec =         0.000000
siesta: Ekinion =         0.000000
siesta: Eharris =     -1967.177879
siesta: Etot    =     -1967.177879
siesta: FreeEng =     -1967.177879

siesta: Final energy (eV):
siesta:  Band Struct. =    -462.203970
siesta:       Kinetic =    1396.915687
siesta:       Hartree =    2836.254979
siesta:    Ext. field =       0.000000
siesta:   Exch.-corr. =    -450.864716
siesta:  Ion-electron =   -6940.932152
siesta:       Ion-ion =    1191.448323
siesta:       Ekinion =       0.000000
siesta:         Total =   -1967.177879

siesta: Atomic forces (eV/Ang):
siesta:      1   -0.611515   -0.846562    0.064977
siesta:      2   -0.344769    1.421510   -2.003001
siesta:      3   -0.908942   -1.123852   -0.235149
siesta:      4   -0.055651    0.295281   -0.193828
siesta:      5    1.211695   -1.137865    2.607553
siesta:      6    0.093813   -1.103714   -1.442434
siesta:      7    0.302108    1.425779    0.235627
siesta:      8    0.155990    0.212270    0.934872
siesta: ----------------------------------------
siesta:    Tot   -0.157272   -0.857153   -0.031383

siesta: Stress tensor (static) (eV/Ang**3):
siesta:    -0.001468    0.000582   -0.000508
siesta:     0.000582   -0.000518    0.000336
siesta:    -0.000508    0.000336   -0.001634

siesta: Cell volume =       1557.442252 Ang**3

siesta: Pressure (static):
siesta:                Solid            Molecule  Units
siesta:           0.00001314         -0.00000189  Ry/Bohr**3
siesta:           0.00120672         -0.00017331  eV/Ang**3
siesta:           1.93340428         -0.27767997  kBar
(Free)E+ p_basis*V_orbitals  =       -1963.633001
(Free)Eharris+ p_basis*V_orbitals  =       -1963.633001

siesta: Electric dipole (a.u.)  =   -0.358257   -0.049495   -1.045388
siesta: Electric dipole (Debye) =   -0.910600   -0.125803   -2.657112
>> End of run:  10-JUN-2018  21:48:01
Job completed
