
                           ***********************       
                           *  WELCOME TO SIESTA  *       
                           ***********************       

reinit: Reading from ../lua_si111.fdf

reinit: -----------------------------------------------------------------------
reinit: System Name: si2x1.gga.vpsgga.sp.9l.sym.af-f
reinit: -----------------------------------------------------------------------
reinit: System Label: lua_si111
reinit: -----------------------------------------------------------------------
Siesta Version: siesta-4.1--731
Architecture  : x86_64-linux-n-62-18-14
Compiler flags: mpifort -m64 -fPIC -O3 -march=native -ftree-vectorize -fexpensive-optimizatioons -funroll-loops -fprefetch-loop-arrays -fno-second-underscore  -flto -fuse-linker-plugin
PP flags      : -I/zdata/groups/common/nicpa/2016-oct/generic/build-tools/1.0/include -I/zdatta/groups/common/nicpa/2016-oct/generic/gmp/6.1.0/include -I/zdata/groups/common/nicpa/2016-oct/generic/mpfr/3.1.4/include -I/zdata/groups/common/nicpa/2016-oct/generic/mpc/1.0.3/include -I/zdata/groups/common/nicpa/2016-oct/generic/isl/0.16.1/include -I/zdata/groups/common/nicpa/2016-oct/generic/gcc/6.2.0/include -I/zdata/groups/common/nicpa/2016-oct/generic/numactl/2.0.11/include -I/zdata/groups/common/nicpa/2016-oct/XeonE5-2665/zlib/1.2.8/gnu-6.2.0/include -I/zdata/groups/common/nicpa/2016-oct/XeonE5-2665/libxml2/2.9.4/gnu-6.2.0/include -I/zdata/groups/common/nicpa/2016-oct/XeonE5-2665/hwloc/1.11.4/gnu-6.2.0/include -I/zdata/groups/common/nicpa/2016-oct/XeonE5-2665/openmpi/2.0.1/gnu-6.2.0/include -I/zdata/groups/common/nicpa/2016-oct/XeonE5-2665/hdf5/1.8.17/gnu-6.2.0/include -I/zdata/groups/common/nicpa/2016-oct/XeonE5-2665/pnetcdf/1.7.0/gnu-6.2.0/include -I/zdata/groups/common/nicpa/2016-oct/XeonE5-2665/netcdf/4.4.1/gnu-6.2.0/include -I/zdata/groups/common/nicpa/2016-oct/XeonE5-2665/flook/0.7.0/gnu-6.2.0/include -I/zdata/groups/common/nicpa/2016-oct/XeonE5-2665/parmetis/4.0.3/gnu-6.2.0/include -I/zdata/groups/common/nicpa/2016-oct/XeonE5-2665/scalapack/204/gnu-6.2.0/include -I/zdata/groups/common/nicpa/2016-oct/XeonE5-2665/openblas/0.2.19/gnu-6.2.0/include -I/zdata/groups/common/nicpa/2016-oct/XeonE5-2665/mumps/5.0.2/gnu-6.2.0/include -I/zdata/groups/common/nicpa/2016-oct/XeonE5-2665/fftw/3.3.5/gnu-6.2.0/include -DMPI -DFC_HAVE_FLUSH -DFC_HAVE_ABORT -DCDF -DCDF4 -DSIESTA__METIS -DSIESTA__MUMPS -DTS_NOCHECKS -DNCDF -DNCDF_4 -DNCDF_PARALLEL -DSIESTA__FLOOK
Libraries     : -lnetcdff -lnetcdf -lpnetcdf -lhdf5_hl -lhdf5 -lz  -lzmumps -lmumps_common -llpord -lparmetis -lmetis -lscalapack -lopenblas  -lmetis -flto -fuse-linker-plugin  -L/zdata/groups/common/nicpa/2016-oct/XeonE5-2665/flook/0.7.0/gnu-6.2.0/lib -Wl,-rpath=/zdata/groups/common/nicpa/2016-oct/XeonE5-2665/flook/0.7.0/gnu-6.2.0/lib -lflookall -ldl
PARALLEL version
NetCDF support
NetCDF-4 support
NetCDF-4 MPI-IO support
METIS ordering support

* Running on 8 nodes in parallel
>> Start of run:   4-JUL-2017   8:27:53

initatom: Reading input for the pseudopotentials and atomic orbitals ----------
Species number:   1 Atomic number:   14 Label: Si
Species number:   2 Atomic number:    1 Label: H

Ground state valence configuration:   3s02  3p02
Reading pseudopotential information in formatted form from Si.psf

Valence configuration for pseudopotential generation:
3s( 2.00) rc: 1.89
3p( 2.00) rc: 1.89
3d( 0.00) rc: 1.89
4f( 0.00) rc: 1.89
Ground state valence configuration:   1s01
Reading pseudopotential information in formatted form from H.psf

Valence configuration for pseudopotential generation:
1s( 1.00) rc: 1.25
2p( 0.00) rc: 1.25
3d( 0.00) rc: 1.25
4f( 0.00) rc: 1.25
For Si, standard SIESTA heuristics set lmxkb to 3
 (one more than the basis l, including polarization orbitals).
Use PS.lmax or PS.KBprojectors blocks to override.
For H, standard SIESTA heuristics set lmxkb to 1
 (one more than the basis l, including polarization orbitals).
Use PS.lmax or PS.KBprojectors blocks to override.

<basis_specs>
===============================================================================
Si                   Z=  14    Mass=  28.090        Charge= 0.17977+309
Lmxo=1 Lmxkb= 3    BasisType=split      Semic=F
L=0  Nsemic=0  Cnfigmx=3
          n=1  nzeta=1  polorb=0
            splnorm:   0.20000    
               vcte:    0.0000    
               rinn:    0.0000    
               qcoe:    0.0000    
               qyuk:    0.0000    
               qwid:   0.10000E-01
                rcs:    0.0000    
            lambdas:    1.0000    
L=1  Nsemic=0  Cnfigmx=3
          n=1  nzeta=1  polorb=1
            splnorm:   0.20000    
               vcte:    0.0000    
               rinn:    0.0000    
               qcoe:    0.0000    
               qyuk:    0.0000    
               qwid:   0.10000E-01
                rcs:    0.0000    
            lambdas:    1.0000    
-------------------------------------------------------------------------------
L=0  Nkbl=1  erefs: 0.17977+309
L=1  Nkbl=1  erefs: 0.17977+309
L=2  Nkbl=1  erefs: 0.17977+309
L=3  Nkbl=1  erefs: 0.17977+309
===============================================================================
</basis_specs>

atom: Called for Si                    (Z =  14)

read_vps: Pseudopotential generation method:
read_vps: ATM3      Troullier-Martins                       
Total valence charge:    4.00000

xc_check: Exchange-correlation functional:
xc_check: GGA Perdew, Burke & Ernzerhof 1996
xc_check: WARNING: Pseudopotential generated with LDA CA functional
V l=0 = -2*Zval/r beyond r=  2.5494
V l=1 = -2*Zval/r beyond r=  2.5494
V l=2 = -2*Zval/r beyond r=  2.5494
V l=3 = -2*Zval/r beyond r=  2.5494
All V_l potentials equal beyond r=  1.8652
This should be close to max(r_c) in ps generation
All pots = -2*Zval/r beyond r=  2.5494
Using large-core scheme for Vlocal

atom: Estimated core radius    2.54944

atom: Including non-local core corrections could be a good idea
atom: Maximum radius for 4*pi*r*r*local-pseudopot. charge    2.85303
atom: Maximum radius for r*vlocal+2*Zval:    2.58151
GHOST: No ghost state for L =  0
GHOST: No ghost state for L =  1
GHOST: No ghost state for L =  2
GHOST: No ghost state for L =  3

KBgen: Kleinman-Bylander projectors: 
   l= 0   rc=  1.936440   el= -0.807387   Ekb=  4.637207   kbcos=  0.300267
   l= 1   rc=  1.936440   el= -0.312019   Ekb=  1.490013   kbcos=  0.306600
   l= 2   rc=  1.936440   el=  0.001958   Ekb= -2.804484   kbcos= -0.055139
   l= 3   rc=  1.936440   el=  0.003046   Ekb= -0.959220   kbcos= -0.005470

KBgen: Total number of  Kleinman-Bylander projectors:   16
atom: -------------------------------------------------------------------------

atom: SANKEY-TYPE ORBITALS:

SPLIT: Orbitals with angular momentum L= 0

SPLIT: Basis orbitals for state 3s

SPLIT: PAO cut-off radius determined from an
SPLIT: energy shift=  0.014700 Ry

   izeta = 1
                 lambda =    1.000000
                     rc =    5.134119
                 energy =   -0.792934
                kinetic =    0.571129
    potential(screened) =   -1.364064
       potential(ionic) =   -3.825498

SPLIT: Orbitals with angular momentum L= 1

SPLIT: Basis orbitals for state 3p

SPLIT: PAO cut-off radius determined from an
SPLIT: energy shift=  0.014700 Ry

   izeta = 1
                 lambda =    1.000000
                     rc =    6.429618
                 energy =   -0.297843
                kinetic =    0.882865
    potential(screened) =   -1.180708
       potential(ionic) =   -3.438180

POLgen: Perturbative polarization orbital with L=  2

POLgen: Polarization orbital for state 3p

   izeta = 1
                     rc =    6.429618
                 energy =    0.426445
                kinetic =    1.294945
    potential(screened) =   -0.868499
       potential(ionic) =   -2.933234
atom: Total number of Sankey-type orbitals:  9

atm_pop: Valence configuration (for local Pseudopot. screening):
 3s( 2.00)                                                            
 3p( 2.00)                                                            
Vna: chval, zval:    4.00000   4.00000

Vna:  Cut-off radius for the neutral-atom potential:   6.429618

atom: _________________________________________________________________________

<basis_specs>
===============================================================================
H                    Z=   1    Mass=  1.0100        Charge= 0.17977+309
Lmxo=0 Lmxkb= 1    BasisType=split      Semic=F
L=0  Nsemic=0  Cnfigmx=1
          n=1  nzeta=1  polorb=0
            splnorm:   0.20000    
               vcte:    0.0000    
               rinn:    0.0000    
               qcoe:    0.0000    
               qyuk:    0.0000    
               qwid:   0.10000E-01
                rcs:    0.0000    
            lambdas:   0.75000    
-------------------------------------------------------------------------------
L=0  Nkbl=1  erefs: 0.17977+309
L=1  Nkbl=1  erefs: 0.17977+309
===============================================================================
</basis_specs>

atom: Called for H                     (Z =   1)

read_vps: Pseudopotential generation method:
read_vps: ATM3      Troullier-Martins                       
Total valence charge:    1.00000

xc_check: Exchange-correlation functional:
xc_check: GGA Perdew, Burke & Ernzerhof 1996
xc_check: WARNING: Pseudopotential generated with LDA CA functional
V l=0 = -2*Zval/r beyond r=  1.2343
V l=1 = -2*Zval/r beyond r=  1.2189
All V_l potentials equal beyond r=  1.2343
This should be close to max(r_c) in ps generation
All pots = -2*Zval/r beyond r=  1.2343

VLOCAL1: 99.0% of the norm of Vloc inside     28.493 Ry
VLOCAL1: 99.9% of the norm of Vloc inside     64.935 Ry
atom: Maximum radius for 4*pi*r*r*local-pseudopot. charge    1.45251
atom: Maximum radius for r*vlocal+2*Zval:    1.21892
GHOST: No ghost state for L =  0
GHOST: No ghost state for L =  1

KBgen: Kleinman-Bylander projectors: 
   l= 0   rc=  1.364359   el= -0.488086   Ekb= -2.002077   kbcos= -0.347561
   l= 1   rc=  1.434438   el=  0.001075   Ekb= -0.501617   kbcos= -0.021754

KBgen: Total number of  Kleinman-Bylander projectors:    4
atom: -------------------------------------------------------------------------

atom: SANKEY-TYPE ORBITALS:

SPLIT: Orbitals with angular momentum L= 0

SPLIT: Basis orbitals for state 1s

SPLIT: PAO cut-off radius determined from an
SPLIT: energy shift=  0.014700 Ry

   izeta = 1
                 lambda =    0.750000
                     rc =    4.888755
                 energy =   -0.372406
                kinetic =    1.579954
    potential(screened) =   -1.952359
       potential(ionic) =   -2.481447
atom: Total number of Sankey-type orbitals:  1

atm_pop: Valence configuration (for local Pseudopot. screening):
 1s( 1.00)                                                            
Vna: chval, zval:    1.00000   1.00000

Vna:  Cut-off radius for the neutral-atom potential:   4.889026

atom: _________________________________________________________________________

prinput: Basis input ----------------------------------------------------------

PAO.BasisType split     

%block ChemicalSpeciesLabel
    1   14 Si                      # Species index, atomic number, species label
    2    1 H                       # Species index, atomic number, species label
%endblock ChemicalSpeciesLabel

%block PAO.Basis                 # Define Basis set
Si                    2                    # Species label, number of l-shells
 n=3   0   1                         # n, l, Nzeta 
   5.134   
   1.000   
 n=3   1   1 P   1                   # n, l, Nzeta, Polarization, NzetaPol
   6.430   
   1.000   
H                     1                    # Species label, number of l-shells
 n=1   0   1                         # n, l, Nzeta 
   4.889   
   0.750   
%endblock PAO.Basis

prinput: ----------------------------------------------------------------------

Dumping basis to NetCDF file Si.ion.nc
Dumping basis to NetCDF file H.ion.nc
coor:   Atomic-coordinates input format  =     Cartesian coordinates
coor:                                          (in units of alat)

siesta: Atomic coordinates (Bohr) and species
siesta:      0.00000   1.47935   0.60249  1        1
siesta:      0.00004   5.85660   0.60249  1        2
siesta:      3.66797   0.15738   2.66028  1        3
siesta:      3.66795   7.17861   2.66033  1        4
siesta:      3.66796   3.66797   5.49980  1        5
siesta:      3.66812  11.00392   5.02460  1        6
siesta:      0.00006   3.66799   8.03258  1        7
siesta:     -0.00002  11.00384   7.68521  1        8
siesta:      0.00032  -0.08478  10.44821  1        9
siesta:      0.00039   7.42087  10.44837  1       10
siesta:      3.66819  -0.06850  13.02976  1       11
siesta:      3.66808   7.40442  13.02951  1       12
siesta:      3.66800   3.66797  15.55476  1       13
siesta:      3.66882  11.00411  15.67418  1       14
siesta:      0.00000   3.66797  18.17376  1       15
siesta:      0.00050  11.00395  18.23786  1       16
siesta:      0.00000   0.00000  20.74900  1       17
siesta:      0.00000   7.33595  20.74900  1       18
siesta:     -2.14797   0.00000  22.53824  2       19
siesta:      2.14797   0.00000  22.53824  2       20
siesta:     -2.14797   7.33595  22.53824  2       21
siesta:      2.14797   7.33595  22.53824  2       22

siesta: System type = slab      

initatomlists: Number of atoms, orbitals, and projectors:     22   166   304

coxmol: Writing XMOL coordinates into file lua_si111.xyz                                                       

siesta: ******************** Simulation parameters ****************************
siesta:
siesta: The following are some of the parameters of the simulation.
siesta: A complete list of the parameters used, including default values,
siesta: can be found in file out.fdf
siesta:
redata: Spin configuration                          = collinear
redata: Number of spin components                   = 2
redata: Time-Reversal Symmetry                      = T
redata: Spin-spiral                                 = F
redata: Long output                                 =   F
redata: Number of Atomic Species                    =        2
redata: Charge density info will appear in .RHO file
redata: Write Mulliken Pop.                         = Atomic and Orbital charges
redata: Mesh Cutoff                                 =   100.0000 Ry
redata: Net charge of the system                    =     0.0000 |e|
redata: Min. number of SCF Iter                     =        0
redata: Max. number of SCF Iter                     =      200
redata: SCF mix quantity                            = Hamiltonian
redata: Mix DM or H after convergence               =   F
redata: Recompute H after scf cycle                 =   F
redata: Mix DM in first SCF step                    =   T
redata: Write Pulay info on disk                    =   F
redata: New DM Mixing Weight                        =     0.2500
redata: New DM Occupancy tolerance                  = 0.000000000001
redata: No kicks to SCF
redata: DM Mixing Weight for Kicks                  =     0.5000
redata: Require Harris convergence for SCF          =   F
redata: Harris energy tolerance for SCF             =     0.000100 eV
redata: Require DM convergence for SCF              =   T
redata: DM tolerance for SCF                        =     0.0001
redata: Require EDM convergence for SCF             =   F
redata: EDM tolerance for SCF                       =     0.001000 eV
redata: Require H convergence for SCF               =   T
redata: Hamiltonian tolerance for SCF               =     0.001000 eV
redata: Require (free) Energy convergence for SCF   =   F
redata: (free) Energy tolerance for SCF             =     0.000100 eV
redata: Antiferro initial spin density              =   F
redata: Using Saved Data (generic)                  =   F
redata: Use continuation files for DM               =   F
redata: Neglect nonoverlap interactions             =   F
redata: Method of Calculation                       = Diagonalization
redata: Divide and Conquer                          =   T
redata: Electronic Temperature                      =    58.0222 K
redata: Fix the spin of the system                  =   F
redata: Dynamics option                             = Single-point calculation
mix.SCF: Pulay mixing                            = Pulay
mix.SCF:    Variant                              = stable
mix.SCF:    History steps                        = 3
mix.SCF:    Linear mixing weight                 =     0.050000
mix.SCF:    Mixing weight                        =     0.050000
mix.SCF:    SVD condition                        = 0.1000E-07
mix.SCF: Linear mixing                           = Linear
mix.SCF:    Mixing weight                        =     0.100000
mix.SCF: Broyden mixing                          = Broyden
mix.SCF:    History steps                        = 5
mix.SCF:    Jacobian weight                      =     0.050000
mix.SCF:    Weight prime                         =     0.050000
mix.SCF: Spin-component mixing                   all
redata: Save all siesta data in one NC              =   F
redata: ***********************************************************************

%block SCF.Mixers
  Pulay
  Linear
  Broyden
%endblock SCF.Mixers

%block SCF.Mixer.Pulay
  # Mixing method
  method pulay
  variant stable

  # Mixing options
  weight 0.0500
  weight.linear 0.0500
  history 3
%endblock SCF.Mixer.Pulay

%block SCF.Mixer.Linear
  # Mixing method
  method linear

  # Mixing options
  weight 0.1000
%endblock SCF.Mixer.Linear

%block SCF.Mixer.Broyden
  # Mixing method
  method broyden

  # Mixing options
  weight 0.0500
  weight.linear 0.0500
  history 5
%endblock SCF.Mixer.Broyden

DM_history_depth set to one: no extrapolation allowed by default for geometry relaxation
Size of DM history Fstack: 1
Total number of electrons:    76.000000
Total ionic charge:    76.000000

* ProcessorY, Blocksize:    2  21


* Orbital distribution balance (max,min):    21    19

 Kpoints in:            6 . Kpoints trimmed:            5

siesta: k-grid: Number of k-points =     5
siesta: k-grid: Cutoff (effective) =     5.823 Ang
siesta: k-grid: Supercell and displacements
siesta: k-grid:    3   0   0      0.000
siesta: k-grid:    0   3   0      0.000
siesta: k-grid:    0   0   1      0.000

superc: Internal auxiliary supercell:     5 x     3 x     1  =      15
superc: Number of atoms, orbitals, and projectors:    330   2490   4560


                     ====================================
                        Single-point calculation
                     ====================================

superc: Internal auxiliary supercell:     5 x     3 x     1  =      15
superc: Number of atoms, orbitals, and projectors:    330   2490   4560

outcell: Unit cell vectors (Ang):
        3.882016    0.000000    0.000000
        0.000000    7.764032    0.000000
        0.000000    0.000000   36.879152

outcell: Cell vector modules (Ang)   :    3.882016    7.764032   36.879152
outcell: Cell angles (23,13,12) (deg):     90.0000     90.0000     90.0000
outcell: Cell volume (Ang**3)        :   1111.5412
<dSpData1D:S at geom step 0
  <sparsity:sparsity for geom step 0
    nrows_g=166 nrows=21 sparsity=.3556 nnzs=9798, refcount: 7>
  <dData1D:(new from dSpData1D) n=9798, refcount: 1>
refcount: 1>
new_DM -- step:     1
Initializing Density Matrix...
DM filled with atomic data (user-defined):
<dSpData2D:DM initialized from atoms
  <sparsity:sparsity for geom step 0
    nrows_g=166 nrows=21 sparsity=.3556 nnzs=9798, refcount: 8>
  <dData2D:DM n=9798 m=2, refcount: 1>
refcount: 1>

initDM: Initial spin polarization (Qup-Qdown) =    0.000000

No. of atoms with KB's overlaping orbs in proc 0. Max # of overlaps:      22     157
New grid distribution:   1
           1       1:   12    1:   12    1:   30
           2       1:   12    1:   12   31:   60
           3       1:   12    1:   12   61:   90
           4       1:   12    1:   12   91:  120
           5       1:   12   13:   24    1:   30
           6       1:   12   13:   24   31:   60
           7       1:   12   13:   24   61:   90
           8       1:   12   13:   24   91:  120

InitMesh: MESH =    24 x    48 x   240 =      276480
InitMesh: (bp) =    12 x    24 x   120 =       34560
InitMesh: Mesh cutoff (required, used) =   100.000   105.635 Ry
ExtMesh (bp) on 0 =    56 x    56 x    78 =      244608
New grid distribution:   2
           1       1:   12    1:   24   15:   19
           2       1:   12    1:   24   29:   33
           3       1:   12    1:   24   34:  120
           4       1:   12    1:   24    7:   10
           5       1:   12    1:   24    1:    6
           6       1:   12    1:   24   20:   24
           7       1:   12    1:   24   25:   28
           8       1:   12    1:   24   11:   14
New grid distribution:   3
           1       1:   12    1:   24    8:   14
           2       1:   12    1:   24   29:   35
           3       1:   12    1:   24   43:  113
           4       1:   12    1:   24   22:   28
           5       1:   12    1:   24    1:    7
           6       1:   12    1:   24   36:   42
           7       1:   12    1:   24   15:   21
           8       1:   12    1:   24  114:  120
Setting up quadratic distribution...
ExtMesh (bp) on 0 =    56 x    68 x    53 =      201824
PhiOnMesh: Number of (b)points on node 0 =                 1440
PhiOnMesh: nlist on node 0 =               108770

stepf: Fermi-Dirac step function

siesta: Program's energy decomposition (eV):
siesta: Ebs     =      -681.637579
siesta: Eions   =      3506.048399
siesta: Ena     =      1055.452505
siesta: Ekin    =       760.816192
siesta: Enl     =       240.771931
siesta: Eso     =         0.000000
siesta: Eldau   =         0.000000
siesta: DEna    =        65.801579
siesta: DUscf   =         3.504347
siesta: DUext   =         0.000000
siesta: Exc     =      -613.005203
siesta: eta*DQ  =         0.000000
siesta: Emadel  =         0.000000
siesta: Emeta   =         0.000000
siesta: Emolmec =         0.000000
siesta: Ekinion =         0.000000
siesta: Eharris =     -2004.235735
siesta: Etot    =     -1992.707049
siesta: FreeEng =     -1992.707049

        iscf     Eharris(eV)        E_KS(eV)     FreeEng(eV)     dDmax    Ef(eV) dHmax(eV)
   scf:    1    -2004.235735    -1992.707049    -1992.707049  0.572785 -4.149362  1.592315
timer: Routine,Calls,Time,% = IterSCF        1       1.201  46.97
   scf:    2    -1992.959464    -1992.840762    -1992.840762  0.004440 -4.125761  1.154359
   scf:    3    -1993.111134    -1992.993643    -1992.993643  0.006758 -4.100766  0.611074
   scf:    4    -1993.151445    -1993.083253    -1993.083253  0.008462 -4.131854  0.564630
   scf:    5    -1993.107516    -1993.095494    -1993.095494  0.002647 -4.147373  0.545846
   scf:    6    -1993.183573    -1993.140179    -1993.140179  0.014530 -4.236980  0.343601
   scf:    7    -1993.164279    -1993.152193    -1993.152193  0.006435 -4.274849  0.240056
   scf:    8    -1993.171178    -1993.161550    -1993.161550  0.007918 -4.319996  0.128674
   scf:    9    -1993.168987    -1993.165263    -1993.165263  0.004411 -4.341708  0.083118
siesta-lua: Switching mixer method to: Broyden
   scf:   10    -1993.166967    -1993.166137    -1993.166137  0.000898 -4.343041  0.074183
   scf:   11    -1993.166723    -1993.166431    -1993.166431  0.000391 -4.343409  0.067626
   scf:   12    -1993.168205    -1993.167327    -1993.167327  0.001408 -4.344297  0.048620
   scf:   13    -1993.169873    -1993.168585    -1993.168585  0.002863 -4.343977  0.030671
   scf:   14    -1993.169088    -1993.168833    -1993.168833  0.000843 -4.343693  0.026701
   scf:   15    -1993.170271    -1993.169487    -1993.169487  0.003407 -4.341801  0.013959
   scf:   16    -1993.169639    -1993.169560    -1993.169560  0.000759 -4.341489  0.010095
   scf:   17    -1993.169696    -1993.169625    -1993.169625  0.000949 -4.341336  0.007356
   scf:   18    -1993.169668    -1993.169645    -1993.169645  0.000460 -4.341383  0.006495
   scf:   19    -1993.169665    -1993.169655    -1993.169655  0.000263 -4.341493  0.005747
   scf:   20    -1993.169668    -1993.169661    -1993.169661  0.000216 -4.341605  0.005145
   scf:   21    -1993.169683    -1993.169672    -1993.169672  0.000432 -4.341834  0.003995
siesta-lua: Switching mixer method to: Linear
   scf:   22    -1993.169683    -1993.169677    -1993.169677  0.000316 -4.342006  0.003111
   scf:   23    -1993.169679    -1993.169678    -1993.169678  0.000050 -4.342038  0.002908
   scf:   24    -1993.169679    -1993.169678    -1993.169678  0.000048 -4.342068  0.002742
   scf:   25    -1993.169680    -1993.169679    -1993.169679  0.000046 -4.342094  0.002586
   scf:   26    -1993.169680    -1993.169680    -1993.169680  0.000044 -4.342117  0.002439
   scf:   27    -1993.169681    -1993.169680    -1993.169680  0.000042 -4.342136  0.002302
   scf:   28    -1993.169681    -1993.169681    -1993.169681  0.000040 -4.342152  0.002176
   scf:   29    -1993.169682    -1993.169681    -1993.169681  0.000038 -4.342166  0.002058
   scf:   30    -1993.169682    -1993.169682    -1993.169682  0.000036 -4.342177  0.001949
   scf:   31    -1993.169683    -1993.169682    -1993.169682  0.000035 -4.342188  0.001847
   scf:   32    -1993.169683    -1993.169682    -1993.169682  0.000033 -4.342197  0.001752
   scf:   33    -1993.169683    -1993.169683    -1993.169683  0.000031 -4.342205  0.001662
   scf:   34    -1993.169683    -1993.169683    -1993.169683  0.000030 -4.342212  0.001579
   scf:   35    -1993.169684    -1993.169683    -1993.169683  0.000029 -4.342218  0.001500
   scf:   36    -1993.169684    -1993.169684    -1993.169684  0.000027 -4.342224  0.001426
   scf:   37    -1993.169684    -1993.169684    -1993.169684  0.000026 -4.342229  0.001356
   scf:   38    -1993.169684    -1993.169684    -1993.169684  0.000025 -4.342233  0.001290
   scf:   39    -1993.169684    -1993.169684    -1993.169684  0.000024 -4.342237  0.001227
   scf:   40    -1993.169684    -1993.169684    -1993.169684  0.000022 -4.342241  0.001168
   scf:   41    -1993.169685    -1993.169684    -1993.169684  0.000021 -4.342244  0.001112
   scf:   42    -1993.169685    -1993.169685    -1993.169685  0.000020 -4.342247  0.001059
   scf:   43    -1993.169685    -1993.169685    -1993.169685  0.000019 -4.342250  0.001008
   scf:   44    -1993.169685    -1993.169685    -1993.169685  0.000019 -4.342253  0.000960

SCF Convergence by DM+H criterion
max |DM_out - DM_in|         :     0.0000185198
max |H_out - H_in|      (eV) :     0.0009603223
SCF cycle converged after 44 iterations

Using DM_out to compute the final energy and forces
No. of atoms with KB's overlaping orbs in proc 0. Max # of overlaps:      22     157

siesta: E_KS(eV) =            -1993.1697

siesta: E_KS - E_eggbox =     -1993.1697

siesta: Total spin polarization (Qup-Qdown) =    0.000000

siesta: Atomic forces (eV/Ang):
     1    0.000048    0.229843    0.005495
     2   -0.000361   -0.229708    0.005723
     3    0.000136    0.278879    0.038064
     4    0.000594   -0.279265    0.037700
     5    0.000325    0.000071   -0.050341
     6   -0.001057    0.000142    0.116045
     7   -0.000003    0.000667   -0.105772
     8    0.001262    0.000540   -0.034029
     9   -0.003571    0.056497   -0.013257
    10   -0.004192   -0.057870   -0.015380
    11    0.001051    0.009544   -0.009894
    12    0.002347   -0.007818   -0.006790
    13   -0.000025    0.000337    0.014146
    14   -0.005168   -0.001591    0.028369
    15    0.000063    0.000078   -0.061941
    16    0.002810    0.000042   -0.101705
    17    0.000192    0.086563   -0.173453
    18    0.000240   -0.086535   -0.173612
    19   -0.213370    0.020478    0.130380
    20    0.213280    0.020712    0.130495
    21   -0.213376   -0.020439    0.130367
    22    0.213276   -0.020673    0.130492
----------------------------------------
   Tot   -0.005498    0.000494    0.021101
----------------------------------------
   Max    0.279265
   Res    0.098637    sqrt( Sum f_i^2 / 3N )
----------------------------------------
   Max    0.279265    constrained

Stress-tensor-Voigt (kbar):      -22.81        0.69       -0.71        0.00        0.00       -0.03
(Free)E + p*V (eV/cell)    -1987.8915
Target enthalpy (eV/cell)    -1993.1697

mulliken: Atomic and Orbital Populations:

mulliken: Spin UP 

Species: Si                  
Atom  Qatom  Qorb
               3s      3py     3pz     3px     3Pdxy   3Pdyz   3Pdz2   3Pdxz   
               3Pdx2-y2
   1  2.250   0.698   0.439   0.603   0.417   0.024   0.007   0.008   0.022
              0.032
   2  1.737   0.639   0.392   0.198   0.398   0.023   0.021   0.010   0.023
              0.032
   3  2.030   0.634   0.409   0.398   0.418   0.030   0.033   0.029   0.042
              0.037
   4  2.013   0.642   0.414   0.406   0.415   0.026   0.032   0.015   0.032
              0.032
   5  1.958   0.648   0.377   0.382   0.411   0.015   0.029   0.017   0.041
              0.038
   6  2.014   0.644   0.400   0.405   0.427   0.021   0.035   0.017   0.033
              0.034
   7  2.002   0.633   0.404   0.406   0.431   0.019   0.029   0.015   0.032
              0.033
   8  1.994   0.645   0.414   0.400   0.411   0.016   0.030   0.017   0.034
              0.027
   9  1.999   0.637   0.408   0.403   0.421   0.019   0.031   0.017   0.032
              0.030
  10  2.004   0.637   0.411   0.404   0.421   0.020   0.031   0.017   0.033
              0.030
  11  1.999   0.636   0.411   0.403   0.420   0.018   0.031   0.017   0.032
              0.031
  12  2.001   0.637   0.411   0.403   0.419   0.018   0.032   0.017   0.032
              0.031
  13  1.999   0.640   0.409   0.404   0.421   0.017   0.030   0.016   0.031
              0.031
  14  2.003   0.633   0.413   0.406   0.420   0.018   0.031   0.017   0.033
              0.031
  15  2.007   0.636   0.418   0.414   0.419   0.017   0.031   0.016   0.028
              0.029
  16  2.010   0.630   0.419   0.416   0.421   0.018   0.031   0.016   0.028
              0.030
  17  2.166   0.640   0.406   0.471   0.495   0.009   0.024   0.011   0.073
              0.036
  18  2.165   0.640   0.406   0.471   0.495   0.009   0.024   0.011   0.073
              0.036

Species: H                   
Atom  Qatom  Qorb
               1s      
  19  0.412   0.412
  20  0.412   0.412
  21  0.412   0.412
  22  0.412   0.412

mulliken: Qtot =       38.000

mulliken: Spin DOWN 

Species: Si                  
Atom  Qatom  Qorb
               3s      3py     3pz     3px     3Pdxy   3Pdyz   3Pdz2   3Pdxz   
               3Pdx2-y2
   1  1.737   0.639   0.392   0.198   0.398   0.023   0.021   0.010   0.023
              0.032
   2  2.250   0.698   0.439   0.603   0.417   0.024   0.007   0.008   0.022
              0.032
   3  2.013   0.642   0.414   0.406   0.415   0.026   0.032   0.015   0.032
              0.032
   4  2.030   0.634   0.409   0.398   0.418   0.030   0.033   0.029   0.042
              0.037
   5  1.958   0.648   0.377   0.382   0.411   0.015   0.029   0.017   0.041
              0.038
   6  2.014   0.644   0.400   0.405   0.427   0.021   0.035   0.017   0.033
              0.034
   7  2.002   0.633   0.404   0.406   0.431   0.019   0.029   0.015   0.032
              0.033
   8  1.994   0.645   0.414   0.400   0.411   0.016   0.030   0.017   0.034
              0.027
   9  2.004   0.638   0.411   0.404   0.421   0.020   0.031   0.017   0.033
              0.030
  10  1.999   0.637   0.408   0.403   0.421   0.019   0.031   0.017   0.032
              0.030
  11  2.001   0.637   0.411   0.403   0.419   0.018   0.032   0.017   0.032
              0.031
  12  1.999   0.636   0.411   0.403   0.420   0.018   0.031   0.017   0.032
              0.031
  13  1.999   0.640   0.409   0.404   0.421   0.017   0.030   0.016   0.031
              0.031
  14  2.003   0.633   0.413   0.406   0.420   0.018   0.031   0.017   0.033
              0.031
  15  2.007   0.636   0.418   0.414   0.419   0.017   0.031   0.016   0.028
              0.029
  16  2.010   0.630   0.419   0.416   0.421   0.018   0.031   0.016   0.028
              0.030
  17  2.165   0.640   0.406   0.471   0.495   0.009   0.024   0.011   0.073
              0.036
  18  2.166   0.640   0.406   0.471   0.495   0.009   0.024   0.011   0.073
              0.036

Species: H                   
Atom  Qatom  Qorb
               1s      
  19  0.412   0.412
  20  0.412   0.412
  21  0.412   0.412
  22  0.412   0.412

mulliken: Qtot =       38.000

coxmol: Writing XMOL coordinates into file lua_si111.xyz                                                       

siesta: Program's energy decomposition (eV):
siesta: Ebs     =      -724.928354
siesta: Eions   =      3506.048399
siesta: Ena     =      1055.452505
siesta: Ekin    =       762.690010
siesta: Enl     =       240.644575
siesta: Eso     =         0.000000
siesta: Eldau   =         0.000000
siesta: DEna    =        64.520934
siesta: DUscf   =         3.020711
siesta: DUext   =         0.000000
siesta: Exc     =      -613.450021
siesta: eta*DQ  =         0.000000
siesta: Emadel  =         0.000000
siesta: Emeta   =         0.000000
siesta: Emolmec =         0.000000
siesta: Ekinion =         0.000000
siesta: Eharris =     -1993.169685
siesta: Etot    =     -1993.169685
siesta: FreeEng =     -1993.169685

siesta: Final energy (eV):
siesta:  Band Struct. =    -724.928354
siesta:       Kinetic =     762.690010
siesta:       Hartree =   22493.523106
siesta:       Eldau   =       0.000000
siesta:       Eso     =       0.000000
siesta:    Ext. field =       0.000000
siesta:   Exch.-corr. =    -613.450021
siesta:  Ion-electron =  -45676.988852
siesta:       Ion-ion =   21041.056072
siesta:       Ekinion =       0.000000
siesta:         Total =   -1993.169685
siesta:         Fermi =      -4.342253

siesta: Atomic forces (eV/Ang):
siesta:      1    0.000048    0.229843    0.005495
siesta:      2   -0.000361   -0.229708    0.005723
siesta:      3    0.000136    0.278879    0.038064
siesta:      4    0.000594   -0.279265    0.037700
siesta:      5    0.000325    0.000071   -0.050341
siesta:      6   -0.001057    0.000142    0.116045
siesta:      7   -0.000003    0.000667   -0.105772
siesta:      8    0.001262    0.000540   -0.034029
siesta:      9   -0.003571    0.056497   -0.013257
siesta:     10   -0.004192   -0.057870   -0.015380
siesta:     11    0.001051    0.009544   -0.009894
siesta:     12    0.002347   -0.007818   -0.006790
siesta:     13   -0.000025    0.000337    0.014146
siesta:     14   -0.005168   -0.001591    0.028369
siesta:     15    0.000063    0.000078   -0.061941
siesta:     16    0.002810    0.000042   -0.101705
siesta:     17    0.000192    0.086563   -0.173453
siesta:     18    0.000240   -0.086535   -0.173612
siesta:     19   -0.213370    0.020478    0.130380
siesta:     20    0.213280    0.020712    0.130495
siesta:     21   -0.213376   -0.020439    0.130367
siesta:     22    0.213276   -0.020673    0.130492
siesta: ----------------------------------------
siesta:    Tot   -0.005498    0.000494    0.021101

siesta: Stress tensor (static) (eV/Ang**3):
siesta:    -0.014236    0.000000   -0.000016
siesta:     0.000000    0.000433    0.000001
siesta:    -0.000016    0.000001   -0.000443

siesta: Cell volume =       1111.541198 Ang**3

siesta: Pressure (static):
siesta:                Solid            Molecule  Units
siesta:           0.00005172          0.00005467  Ry/Bohr**3
siesta:           0.00474856          0.00501969  eV/Ang**3
siesta:           7.60811708          8.04251791  kBar
(Free)E+ p_basis*V_orbitals  =       -1983.505900
(Free)Eharris+ p_basis*V_orbitals  =       -1983.505900

siesta: Total spin polarization (Qup-Qdown) =    0.000000

siesta: Electric dipole (a.u.)  =   -0.000000   -0.000000   -0.193823
siesta: Electric dipole (Debye) =   -0.000000   -0.000000   -0.492649
>> End of run:   4-JUL-2017   8:28:36
Job completed
