Siesta Version: siesta-2.0.2
Architecture  : intel9-mkl8
Compiler flags: ifort -w -O2 -mp
SERIAL version

* Running in serial mode
>> Start of run:  18-MAY-2007  15:54:59

                           ***********************       
                           *  WELCOME TO SIESTA  *       
                           ***********************       

reinit: Reading from standard input
************************** Dump of input data file ****************************
#
# MgCO3 in primitive cell. SZ Harris. Some MD steps in Nose MD
#
SystemName	MgCo3 MD Nose test -- SZ, 100 Ry  Harris
SystemLabel	md_nose
NumberOfSpecies		3
NumberOfAtoms	       10
%block ChemicalSpeciesLabel
      1      12     Mg
      2       6     C
      3       8     O
%endblock ChemicalSpeciesLabel
PAO.BasisSize  SZ
# Rhombohedral primitive cell
# (HEX 3-fold cell had A=4.635 and C=15.023, so alpha=48.179 degrees
#  and a=5.67783 Ang)
LatticeConstant     5.67783 Ang
%block LatticeParameters
1.0 1.0 1.0 48.179 48.179 48.179
%endblock LatticeParameters
AtomicCoordinatesFormat    Fractional
%block AtomicCoordinatesAndAtomicSpecies
  0.0         0.0         0.0      1
  0.5         0.5         0.5      1
  0.25        0.25        0.25     2
 -0.25       -0.25       -0.25     2
  0.5274     -0.0274      0.25     3
  0.25        0.5274     -0.0274   3
 -0.0274      0.25        0.5274   3
 -0.5274      0.0274     -0.25     3
 -0.25       -0.5274      0.0274   3
  0.0274     -0.25       -0.5274   3
%endblock AtomicCoordinatesAndAtomicSpecies
HarrisFunctional T
Solution.Method       diagon
MeshCutoff             100 Ry
WriteCoorStep      .true.
WriteForces        .true.
WriteMDHistory     .true.
MD.UseSaveXV       T
MD.TypeOfRun         Nose
MD.InitialTemperature 600 K
MD.TargetTemperature 600 K
MD.Initial.Time.Step      1
MD.Final.Time.Step        5
MD.Length.Time.Step       1 fs
************************** End of input data file *****************************

reinit: -----------------------------------------------------------------------
reinit: System Name: MgCo3 MD Nose test -- SZ, 100 Ry  Harris                   
reinit: -----------------------------------------------------------------------
reinit: System Label: md_nose                                                     
reinit: -----------------------------------------------------------------------

initatom: Reading input for the pseudopotentials and atomic orbitals ----------
 Species number:            1  Label: Mg Atomic number:          12
 Species number:            2  Label: C Atomic number:           6
 Species number:            3  Label: O Atomic number:           8
Ground state valence configuration:   3s02
Reading pseudopotential information in formatted form from Mg.psf
Ground state valence configuration:   2s02  2p02
Reading pseudopotential information in formatted form from C.psf
Ground state valence configuration:   2s02  2p04
Reading pseudopotential information in formatted form from O.psf
For Mg, standard SIESTA heuristics set lmxkb to 1
 (one more than the basis l, including polarization orbitals).
Use PS.lmax or PS.KBprojectors blocks to override.
For C, standard SIESTA heuristics set lmxkb to 2
 (one more than the basis l, including polarization orbitals).
Use PS.lmax or PS.KBprojectors blocks to override.
For O, standard SIESTA heuristics set lmxkb to 2
 (one more than the basis l, including polarization orbitals).
Use PS.lmax or PS.KBprojectors blocks to override.

<basis_specs>
===============================================================================
Mg                   Z=  12    Mass=  24.310        Charge=  0.0000    
Lmxo=0 Lmxkb=1     BasisType=split      Semic=F
L=0  Nsemic=0  Cnfigmx=3
          n=1  nzeta=1  polorb=0
               vcte:    0.0000    
               rinn:    0.0000    
                rcs:    0.0000    
            lambdas:    1.0000    
-------------------------------------------------------------------------------
L=0  Nkbl=1  erefs: 0.17977+309
L=1  Nkbl=1  erefs: 0.17977+309
===============================================================================
</basis_specs>

atom: Called for Mg  (Z =  12)

read_vps: Pseudopotential generation method:
read_vps: ATM3      Troullier-Martins                       

read_vps: Valence configuration (pseudopotential and basis set generation):
3s( 2.00) rc: 2.59
3p( 0.00) rc: 2.59
Total valence charge:    2.00000

xc_check: Exchange-correlation functional:
xc_check: Ceperley-Alder
V l=0 = -2*Zval/r beyond r=  3.5878
V l=1 = -2*Zval/r beyond r=  3.5878
All V_l potentials equal beyond r=  2.5600
This should be close to max(r_c) in ps generation
All pots = -2*Zval/r beyond r=  3.5878
Using large-core scheme for Vlocal

atom: Estimated core radius    3.58779

atom: Including non-local core corrections could be a good idea
atom: Maximum radius for 4*pi*r*r*local-pseudopot. charge    3.91588
atom: Maximum radius for r*vlocal+2*Zval:    3.63292
GHOST: No ghost state for L =  0
GHOST: No ghost state for L =  1

KBgen: Kleinman-Bylander projectors: 
   l= 0   rc=  2.657845   el= -0.351328   Ekb=  2.184400   kbcos=  0.257081
   l= 1   rc=  2.657845   el= -0.101748   Ekb=  0.525536   kbcos=  0.270508

KBgen: Total number of  Kleinman-Bylander projectors:    4
atom: -------------------------------------------------------------------------

atom: SANKEY-TYPE ORBITALS:

SPLIT: Orbitals with angular momentum L= 0

SPLIT: Basis orbitals for state 3s

SPLIT: PAO cut-off radius determined from an
SPLIT: energy shift=  0.020000 Ry

   izeta = 1
                 lambda =    1.000000
                     rc =    6.619780
                 energy =   -0.332103
                kinetic =    0.289627
    potential(screened) =   -0.621729
       potential(ionic) =   -1.387191
atom: Total number of Sankey-type orbitals:  1

atm_pop: Valence configuration(local Pseudopot. screening):
 3s( 2.00)                                                            
Vna: chval, zval:    2.00000   2.00000

Vna:  Cut-off radius for the neutral-atom potential:   6.619780

atom: _________________________________________________________________________

<basis_specs>
===============================================================================
C                    Z=   6    Mass=  12.010        Charge=  0.0000    
Lmxo=1 Lmxkb=2     BasisType=split      Semic=F
L=0  Nsemic=0  Cnfigmx=2
          n=1  nzeta=1  polorb=0
               vcte:    0.0000    
               rinn:    0.0000    
                rcs:    0.0000    
            lambdas:    1.0000    
L=1  Nsemic=0  Cnfigmx=2
          n=1  nzeta=1  polorb=0
               vcte:    0.0000    
               rinn:    0.0000    
                rcs:    0.0000    
            lambdas:    1.0000    
-------------------------------------------------------------------------------
L=0  Nkbl=1  erefs: 0.17977+309
L=1  Nkbl=1  erefs: 0.17977+309
L=2  Nkbl=1  erefs: 0.17977+309
===============================================================================
</basis_specs>

atom: Called for C   (Z =   6)

read_vps: Pseudopotential generation method:
read_vps: ATM3      Troullier-Martins                       

read_vps: Valence configuration (pseudopotential and basis set generation):
2s( 2.00) rc: 1.49
2p( 2.00) rc: 1.52
3d( 0.00) rc: 1.58
Total valence charge:    4.00000

xc_check: Exchange-correlation functional:
xc_check: Ceperley-Alder
V l=0 = -2*Zval/r beyond r=  1.4666
V l=1 = -2*Zval/r beyond r=  1.5038
V l=2 = -2*Zval/r beyond r=  1.5612
All V_l potentials equal beyond r=  1.5612
This should be close to max(r_c) in ps generation
All pots = -2*Zval/r beyond r=  1.5612

VLOCAL1: 99.0% of the norm of Vloc inside     17.809 Ry
VLOCAL1: 99.9% of the norm of Vloc inside     40.586 Ry
atom: Maximum radius for 4*pi*r*r*local-pseudopot. charge    1.88329
atom: Maximum radius for r*vlocal+2*Zval:    1.62091
GHOST: No ghost state for L =  0
GHOST: No ghost state for L =  1
GHOST: No ghost state for L =  2

KBgen: Kleinman-Bylander projectors: 
   l= 0   rc=  1.747182   el= -1.001947   Ekb=  5.181700   kbcos=  0.300603
   l= 1   rc=  1.747182   el= -0.398598   Ekb= -4.328763   kbcos= -0.367074
   l= 2   rc=  1.955272   el=  0.002326   Ekb= -1.016175   kbcos= -0.009979

KBgen: Total number of  Kleinman-Bylander projectors:    9
atom: -------------------------------------------------------------------------

atom: SANKEY-TYPE ORBITALS:

SPLIT: Orbitals with angular momentum L= 0

SPLIT: Basis orbitals for state 2s

SPLIT: PAO cut-off radius determined from an
SPLIT: energy shift=  0.020000 Ry

   izeta = 1
                 lambda =    1.000000
                     rc =    4.191849
                 energy =   -0.983897
                kinetic =    0.886956
    potential(screened) =   -1.870853
       potential(ionic) =   -5.479661

SPLIT: Orbitals with angular momentum L= 1

SPLIT: Basis orbitals for state 2p

SPLIT: PAO cut-off radius determined from an
SPLIT: energy shift=  0.020000 Ry

   izeta = 1
                 lambda =    1.000000
                     rc =    4.870301
                 energy =   -0.379093
                kinetic =    2.545357
    potential(screened) =   -2.924450
       potential(ionic) =   -6.433151
atom: Total number of Sankey-type orbitals:  4

atm_pop: Valence configuration(local Pseudopot. screening):
 2s( 2.00)                                                            
 2p( 2.00)                                                            
Vna: chval, zval:    4.00000   4.00000

Vna:  Cut-off radius for the neutral-atom potential:   4.870301

atom: _________________________________________________________________________

<basis_specs>
===============================================================================
O                    Z=   8    Mass=  16.000        Charge=  0.0000    
Lmxo=1 Lmxkb=2     BasisType=split      Semic=F
L=0  Nsemic=0  Cnfigmx=2
          n=1  nzeta=1  polorb=0
               vcte:    0.0000    
               rinn:    0.0000    
                rcs:    0.0000    
            lambdas:    1.0000    
L=1  Nsemic=0  Cnfigmx=2
          n=1  nzeta=1  polorb=0
               vcte:    0.0000    
               rinn:    0.0000    
                rcs:    0.0000    
            lambdas:    1.0000    
-------------------------------------------------------------------------------
L=0  Nkbl=1  erefs: 0.17977+309
L=1  Nkbl=1  erefs: 0.17977+309
L=2  Nkbl=1  erefs: 0.17977+309
===============================================================================
</basis_specs>

atom: Called for O   (Z =   8)

read_vps: Pseudopotential generation method:
read_vps: ATM3      Troullier-Martins                       

read_vps: Valence configuration (pseudopotential and basis set generation):
2s( 2.00) rc: 1.14
2p( 4.00) rc: 1.14
3d( 0.00) rc: 1.14
Total valence charge:    6.00000

xc_check: Exchange-correlation functional:
xc_check: Ceperley-Alder
V l=0 = -2*Zval/r beyond r=  1.1278
V l=1 = -2*Zval/r beyond r=  1.1278
V l=2 = -2*Zval/r beyond r=  1.1278
All V_l potentials equal beyond r=  1.1278
This should be close to max(r_c) in ps generation
All pots = -2*Zval/r beyond r=  1.1278

VLOCAL1: 99.0% of the norm of Vloc inside     34.126 Ry
VLOCAL1: 99.9% of the norm of Vloc inside     77.774 Ry
atom: Maximum radius for 4*pi*r*r*local-pseudopot. charge    1.37759
atom: Maximum radius for r*vlocal+2*Zval:    1.18566
GHOST: No ghost state for L =  0
GHOST: No ghost state for L =  1
GHOST: No ghost state for L =  2

KBgen: Kleinman-Bylander projectors: 
   l= 0   rc=  1.294105   el= -1.742414   Ekb=  9.135903   kbcos=  0.326910
   l= 1   rc=  1.294105   el= -0.676589   Ekb= -8.124878   kbcos= -0.395047
   l= 2   rc=  1.448233   el=  0.002386   Ekb= -2.039267   kbcos= -0.003484

KBgen: Total number of  Kleinman-Bylander projectors:    9
atom: -------------------------------------------------------------------------

atom: SANKEY-TYPE ORBITALS:

SPLIT: Orbitals with angular momentum L= 0

SPLIT: Basis orbitals for state 2s

SPLIT: PAO cut-off radius determined from an
SPLIT: energy shift=  0.020000 Ry

   izeta = 1
                 lambda =    1.000000
                     rc =    3.305093
                 energy =   -1.723766
                kinetic =    1.614911
    potential(screened) =   -3.338677
       potential(ionic) =  -11.304675

SPLIT: Orbitals with angular momentum L= 1

SPLIT: Basis orbitals for state 2p

SPLIT: PAO cut-off radius determined from an
SPLIT: energy shift=  0.020000 Ry

   izeta = 1
                 lambda =    1.000000
                     rc =    3.937239
                 energy =   -0.658841
                kinetic =    5.005986
    potential(screened) =   -5.664827
       potential(ionic) =  -13.452360
atom: Total number of Sankey-type orbitals:  4

atm_pop: Valence configuration(local Pseudopot. screening):
 2s( 2.00)                                                            
 2p( 4.00)                                                            
Vna: chval, zval:    6.00000   6.00000

Vna:  Cut-off radius for the neutral-atom potential:   3.937239

atom: _________________________________________________________________________

prinput: Basis input ----------------------------------------------------------

PAO.BasisType split     

%block ChemicalSpeciesLabel
    1   12 Mg                      # Species index, atomic number, species label
    2    6 C                       # Species index, atomic number, species label
    3    8 O                       # Species index, atomic number, species label
%endblock ChemicalSpeciesLabel

%block PAO.Basis                 # Define Basis set
Mg          1                    # Species label, number of l-shells
 n=3   0   1                         # n, l, Nzeta 
   6.620   
   1.000   
C           2                    # Species label, number of l-shells
 n=2   0   1                         # n, l, Nzeta 
   4.192   
   1.000   
 n=2   1   1                         # n, l, Nzeta 
   4.870   
   1.000   
O           2                    # Species label, number of l-shells
 n=2   0   1                         # n, l, Nzeta 
   3.305   
   1.000   
 n=2   1   1                         # n, l, Nzeta 
   3.937   
   1.000   
%endblock PAO.Basis

prinput: ----------------------------------------------------------------------


siesta: ******************** Simulation parameters ****************************
siesta:
siesta: The following are some of the parameters of the simulation.
siesta: A complete list of the parameters used, including default values,
siesta: can be found in file out.fdf
siesta:
coor:   Atomic-coordinates input format  =     Fractional
redata: Number of spin components        =     1
redata: Long output                      =     F
redata: Number of Atomic Species         =     3
redata: Charge density info will appear in .RHO file
redata: Write Mulliken Pop.              =     NO
redata: Mesh Cutoff                      =   100.0000  Ry
redata: Net charge of the system         =     0.0000 |e|
redata: Max. number of SCF Iter          =    50
redata: Mixing is linear
redata: Mix DM in first SCF step ?       =     F
redata: Write Pulay info on disk?        =     F
redata: New DM Mixing Weight             =     0.2500
redata: New DM Occupancy tolerance       = 0.000000000001
redata: No kicks to SCF
redata: DM Mixing Weight for Kicks       =     0.5000
redata: DM Tolerance for SCF             =     0.000100
redata: Require Energy convergence for SCF =     F
redata: DM Energy tolerance for SCF      =     0.000100 eV
redata: Using Saved Data (generic)   =     F
redata: Use continuation files for DM    =     F
redata: Neglect nonoverlap interactions  =     F
redata: Method of Calculation            =     Diagonalization
redata: Divide and Conquer               =     T
redata: Electronic Temperature           =     0.0019  Ry
redata: Fix the spin of the system       =     F
redata: Dynamics option                  =     Nose thermostat MD run
redata: Initial MD time step             =     1
redata:   Final MD time step             =     5
redata: Length of MD time step           =     1.0000  fs
redata: Initial Temperature of MD run    =   600.0000  K
redata: Perform a MD quench              =     F
redata: Nose mass                        =   100.0000  Ry/fs**2
redata: Target Temperature               =   600.0000  Kelvin
redata: ***********************************************************************

siesta: WARNING: XV file not found

siesta: Atomic coordinates (Bohr) and species
siesta:      0.00000   0.00000   0.00000  1        1
siesta:     12.51930   5.59740   3.66414  1        2
siesta:      6.25965   2.79870   1.83207  2        3
siesta:     -6.25965  -2.79870  -1.83207  2        4
siesta:      7.25136   0.58061   1.83207  3        5
siesta:      6.25965   4.12944  -0.20079  3        6
siesta:      5.26794   3.68605   3.86493  3        7
siesta:     -7.25136  -0.58061  -1.83207  3        8
siesta:     -6.25965  -4.12944   0.20079  3        9
siesta:     -5.26794  -3.68605  -3.86493  3       10

initatomlists: Number of atoms, orbitals, and projectors:     10    34    80

siesta: System type = bulk      

siesta: k-grid: Number of k-points =     1
siesta: k-grid: Cutoff (effective) =     2.317 Ang
siesta: k-grid: Supercell and displacements
siesta: k-grid:    1   0   0      0.000
siesta: k-grid:    0   1   0      0.000
siesta: k-grid:    0   0   1      0.000

* Maximum dynamic memory allocated =     1 MB

siesta:                 ==============================
                            Begin MD step =      1
                        ==============================

outcoor: Atomic coordinates (fractional):                   
    0.00000000    0.00000000    0.00000000   1  Mg         1
    0.50000000    0.50000000    0.50000000   1  Mg         2
    0.25000000    0.25000000    0.25000000   2  C          3
   -0.25000000   -0.25000000   -0.25000000   2  C          4
    0.52740000   -0.02740000    0.25000000   3  O          5
    0.25000000    0.52740000   -0.02740000   3  O          6
   -0.02740000    0.25000000    0.52740000   3  O          7
   -0.52740000    0.02740000   -0.25000000   3  O          8
   -0.25000000   -0.52740000    0.02740000   3  O          9
    0.02740000   -0.25000000   -0.52740000   3  O         10

outcell: Unit cell vectors (Ang):
        5.677830    0.000000    0.000000
        3.786009    4.231299    0.000000
        3.786009    1.692731    3.877957

outcell: Cell vector modules (Ang)   :    5.677830    5.677830    5.677830
outcell: Cell angles (23,13,12) (deg):     48.1790     48.1790     48.1790
outcell: Cell volume (Ang**3)        :     93.1663

InitMesh: MESH =    32 x    32 x    32 =       32768
InitMesh: Mesh cutoff (required, used) =   100.000   112.857 Ry

* Maximum dynamic memory allocated =     7 MB

stepf: Fermi-Dirac step function

siesta: Program's energy decomposition (eV):
siesta: Eions   =      5228.674091
siesta: Ena     =      1092.429444
siesta: Ekin    =      2069.792750
siesta: Enl     =      -254.036133
siesta: DEna    =        15.976650
siesta: DUscf   =         0.158308
siesta: DUext   =         0.000000
siesta: Exc     =      -679.226103
siesta: eta*DQ  =         0.000000
siesta: Emadel  =         0.000000
siesta: Ekinion =         0.000000
siesta: Eharris =     -2966.548610
siesta: Etot    =     -2983.579175
siesta: FreeEng =     -2983.579175

siesta: Eharris(eV) =   -2966.548610


siesta: Eharris(eV) =   -2966.548610

timer: Routine,Calls,Time,% = IterSCF        1       1.689  64.61
elaps: Routine,Calls,Wall,% = IterSCF        1       1.690  62.81

siesta: E_KS - E_eggbox =     -2945.3446

siesta: Atomic forces (eV/Ang):
     1    0.000000    0.000000    0.000000
     2   -0.000014   -0.000006   -0.000014
     3   -0.000129   -0.000059   -0.000133
     4    0.000129    0.000059    0.000133
     5    2.753943   -6.159528   -0.000004
     6   -0.000002    3.695397   -5.645147
     7   -2.753929    2.464115    5.645154
     8   -2.753943    6.159528    0.000004
     9    0.000003   -3.695397    5.645147
    10    2.753929   -2.464116   -5.645154
----------------------------------------
   Tot   -0.000013   -0.000008   -0.000014
----------------------------------------
   Max    6.159528
   Res    3.017409    sqrt( Sum f_i^2 / 3N )
----------------------------------------
   Max    6.159528    constrained

Stress-tensor-Voigt (kbar):      657.71      464.55      437.04      107.66       31.37       70.41
Target enthalpy (eV/cell)    -2945.3446

siesta: Stress tensor (static) (eV/Ang**3):
         0.410796    0.067429    0.044140
         0.067429    0.290131    0.019735
         0.044140    0.019735    0.272902

siesta: Pressure (static):       -520.08734514  kBar

siesta: Stress tensor (total) (eV/Ang**3):
         0.410507    0.067196    0.043947
         0.067196    0.289944    0.019580
         0.043947    0.019580    0.272774

siesta: Pressure (total):       -519.76474186  kBar

siesta: Temp_ion =     600.000 K

* Maximum dynamic memory allocated =     7 MB

siesta:                 ==============================
                            Begin MD step =      2
                        ==============================

outcoor: Atomic coordinates (fractional):                   
    0.00210524   -0.00228388    0.00037321   1  Mg         1
    0.49963259    0.50034253    0.49984771   1  Mg         2
    0.25170388    0.24956564    0.24864017   2  C          3
   -0.25169121   -0.24977596   -0.24808653   2  C          4
    0.52717912   -0.02605647    0.24814842   3  O          5
    0.24691637    0.52740291   -0.02418112   3  O          6
   -0.02848519    0.25123936    0.52795476   3  O          7
   -0.52703438    0.02717039   -0.25178651   3  O          8
   -0.24808469   -0.52809325    0.02623367   3  O          9
    0.02775827   -0.24951125   -0.52714378   3  O         10

outcell: Unit cell vectors (Ang):
        5.677830    0.000000    0.000000
        3.786009    4.231299    0.000000
        3.786009    1.692731    3.877957

outcell: Cell vector modules (Ang)   :    5.677830    5.677830    5.677830
outcell: Cell angles (23,13,12) (deg):     48.1790     48.1790     48.1790
outcell: Cell volume (Ang**3)        :     93.1663

siesta: Eharris(eV) =   -2966.465765


siesta: Eharris(eV) =   -2966.465765


siesta: Atomic forces (eV/Ang):
     1   -0.024754    0.047852   -0.008273
     2    0.006116   -0.010157    0.001847
     3   -0.457652    0.363966    1.046465
     4    0.332708   -0.368135   -0.656356
     5    2.961600   -6.658825    0.146435
     6    0.028735    4.069145   -6.344609
     7   -2.518428    2.111800    5.192892
     8   -2.852510    6.537967    0.107035
     9   -0.036217   -3.754838    5.938908
    10    2.551642   -2.344543   -5.330253
----------------------------------------
   Tot   -0.008759   -0.005766    0.094091
----------------------------------------
   Max    6.658825
   Res    3.111881    sqrt( Sum f_i^2 / 3N )
----------------------------------------
   Max    6.658825    constrained

Stress-tensor-Voigt (kbar):      658.33      444.48      433.72      110.23       48.45       64.12
Target enthalpy (eV/cell)    -2945.2810

siesta: Stress tensor (static) (eV/Ang**3):
         0.411182    0.069036    0.040209
         0.069035    0.277607    0.030392
         0.040216    0.030392    0.270835

siesta: Pressure (static):       -512.50150858  kBar

siesta: Stress tensor (total) (eV/Ang**3):
         0.410893    0.068803    0.040017
         0.068803    0.277420    0.030238
         0.040023    0.030237    0.270707

siesta: Pressure (total):       -512.17890529  kBar

siesta: Temp_ion =     532.274 K

* Maximum dynamic memory allocated =     7 MB

siesta:                 ==============================
                            Begin MD step =      3
                        ==============================

outcoor: Atomic coordinates (fractional):                   
    0.00420625   -0.00456309    0.00074560   1  Mg         1
    0.49926614    0.50068405    0.49969560   1  Mg         2
    0.25321172    0.24911375    0.24749550   2  C          3
   -0.25323550   -0.24956730   -0.24630795   2  C          4
    0.52788973   -0.02566409    0.24631933   3  O          5
    0.24384353    0.52837344   -0.02194158   3  O          6
   -0.03035598    0.25245687    0.52931127   3  O          7
   -0.52759299    0.02785924   -0.25355660   3  O          8
   -0.24618563   -0.52968464    0.02598417   3  O          9
    0.02893604   -0.24902501   -0.52771047   3  O         10

outcell: Unit cell vectors (Ang):
        5.677830    0.000000    0.000000
        3.786009    4.231299    0.000000
        3.786009    1.692731    3.877957

outcell: Cell vector modules (Ang)   :    5.677830    5.677830    5.677830
outcell: Cell angles (23,13,12) (deg):     48.1790     48.1790     48.1790
outcell: Cell volume (Ang**3)        :     93.1663

siesta: Eharris(eV) =   -2966.534663


siesta: Eharris(eV) =   -2966.534663


siesta: Atomic forces (eV/Ang):
     1   -0.043480    0.096641   -0.026302
     2    0.014980   -0.024731    0.003361
     3   -0.819653    0.661556    1.881474
     4    0.598358   -0.662912   -1.174971
     5    2.974218   -6.719539    0.277852
     6    0.076539    4.181079   -6.666357
     7   -2.228916    1.726418    4.552911
     8   -2.714923    6.410582    0.155831
     9   -0.054078   -3.651243    5.887970
    10    2.215532   -2.107005   -4.757462
----------------------------------------
   Tot    0.018578   -0.089154    0.134308
----------------------------------------
   Max    6.719539
   Res    3.055027    sqrt( Sum f_i^2 / 3N )
----------------------------------------
   Max    6.719539    constrained

Stress-tensor-Voigt (kbar):      665.41      449.68      454.47      103.18       61.81       53.69
Target enthalpy (eV/cell)    -2945.2894

siesta: Stress tensor (static) (eV/Ang**3):
         0.415874    0.064580    0.033435
         0.064578    0.280724    0.038559
         0.033447    0.038560    0.283660

siesta: Pressure (static):       -523.52170160  kBar

siesta: Stress tensor (total) (eV/Ang**3):
         0.415312    0.064400    0.033496
         0.064398    0.280667    0.038579
         0.033508    0.038579    0.283654

siesta: Pressure (total):       -523.18737065  kBar

siesta: Temp_ion =     587.797 K

* Maximum dynamic memory allocated =     7 MB

siesta:                 ==============================
                            Begin MD step =      4
                        ==============================

outcoor: Atomic coordinates (fractional):                   
    0.00629957   -0.00683252    0.00111537   1  Mg         1
    0.49890209    0.50102318    0.49954381   1  Mg         2
    0.25436663    0.24863170    0.24673768   2  C          3
   -0.25451591   -0.24938690   -0.24477082   2  C          4
    0.52953091   -0.02623964    0.24453292   3  O          5
    0.24079563    0.53034746   -0.02073099   3  O          6
   -0.03290615    0.25363762    0.53137088   3  O          7
   -0.52905244    0.02944564   -0.25530286   3  O          8
   -0.24431120   -0.53215655    0.02664370   3  O          9
    0.03084023   -0.24854300   -0.52901175   3  O         10

outcell: Unit cell vectors (Ang):
        5.677830    0.000000    0.000000
        3.786009    4.231299    0.000000
        3.786009    1.692731    3.877957

outcell: Cell vector modules (Ang)   :    5.677830    5.677830    5.677830
outcell: Cell angles (23,13,12) (deg):     48.1790     48.1790     48.1790
outcell: Cell volume (Ang**3)        :     93.1663

siesta: Eharris(eV) =   -2966.749494


siesta: Eharris(eV) =   -2966.749494


siesta: Atomic forces (eV/Ang):
     1   -0.080939    0.164428   -0.037748
     2    0.025100   -0.037613    0.010084
     3   -1.040301    0.869375    2.376119
     4    0.757213   -0.851852   -1.492924
     5    2.852551   -6.434336    0.362177
     6    0.087921    4.036047   -6.507616
     7   -1.919106    1.325437    3.908037
     8   -2.482790    6.019949    0.225920
     9   -0.073873   -3.320844    5.488283
    10    1.872471   -1.871092   -4.150044
----------------------------------------
   Tot   -0.001751   -0.100501    0.182289
----------------------------------------
   Max    6.507616
   Res    2.874698    sqrt( Sum f_i^2 / 3N )
----------------------------------------
   Max    6.507616    constrained

Stress-tensor-Voigt (kbar):      675.02      470.53      488.44       93.07       65.71       43.99
Target enthalpy (eV/cell)    -2945.3672

siesta: Stress tensor (static) (eV/Ang**3):
         0.422193    0.058148    0.026987
         0.058147    0.293681    0.040978
         0.027005    0.040980    0.305088

siesta: Pressure (static):       -545.25924859  kBar

siesta: Stress tensor (total) (eV/Ang**3):
         0.421309    0.058090    0.027441
         0.058089    0.293677    0.041008
         0.027459    0.041010    0.304854

siesta: Pressure (total):       -544.66050747  kBar

siesta: Temp_ion =     762.078 K

* Maximum dynamic memory allocated =     7 MB

siesta:                 ==============================
                            Begin MD step =      5
                        ==============================

outcoor: Atomic coordinates (fractional):                   
    0.00837860   -0.00908511    0.00148130   1  Mg         1
    0.49854170    0.50135840    0.49939305   1  Mg         2
    0.25507062    0.24811802    0.24646855   2  C          3
   -0.25546005   -0.24924423   -0.24354074   2  C          4
    0.53205756   -0.02774796    0.24280242   3  O          5
    0.23777813    0.53329445   -0.02052507   3  O          6
   -0.03602509    0.25476454    0.53403383   3  O          7
   -0.53135560    0.03186986   -0.25701423   3  O          8
   -0.24247020   -0.53543728    0.02815052   3  O          9
    0.03337469   -0.24806942   -0.53095372   3  O         10

outcell: Unit cell vectors (Ang):
        5.677830    0.000000    0.000000
        3.786009    4.231299    0.000000
        3.786009    1.692731    3.877957

outcell: Cell vector modules (Ang)   :    5.677830    5.677830    5.677830
outcell: Cell angles (23,13,12) (deg):     48.1790     48.1790     48.1790
outcell: Cell volume (Ang**3)        :     93.1663

siesta: Eharris(eV) =   -2967.076352


siesta: Eharris(eV) =   -2967.076352


siesta: Atomic forces (eV/Ang):
     1   -0.118820    0.237181   -0.051530
     2    0.033212   -0.045968    0.016745
     3   -1.106874    0.971524    2.501298
     4    0.786677   -0.925092   -1.593473
     5    2.551658   -5.712922    0.402256
     6    0.102106    3.616674   -5.980607
     7   -1.570639    0.880116    3.173801
     8   -2.097177    5.261947    0.267662
     9   -0.092419   -2.779044    4.760116
    10    1.474218   -1.577864   -3.472067
----------------------------------------
   Tot   -0.038059   -0.073448    0.024201
----------------------------------------
   Max    5.980607
   Res    2.538146    sqrt( Sum f_i^2 / 3N )
----------------------------------------
   Max    5.980607    constrained

Stress-tensor-Voigt (kbar):      689.87      516.11      537.94       74.73       62.68       32.74
Target enthalpy (eV/cell)    -2945.4832

siesta: Stress tensor (static) (eV/Ang**3):
         0.431796    0.046539    0.019482
         0.046538    0.322139    0.039198
         0.019506    0.039202    0.336459

siesta: Pressure (static):       -582.34041211  kBar

siesta: Stress tensor (total) (eV/Ang**3):
         0.430578    0.046645    0.020408
         0.046645    0.322129    0.039117
         0.020431    0.039121    0.335755

siesta: Pressure (total):       -581.30932289  kBar

siesta: Temp_ion =    1025.429 K

* Maximum dynamic memory allocated =     7 MB

siesta: Program's energy decomposition (eV):
siesta: Eions   =      5228.674091
siesta: Ena     =      1093.497284
siesta: Ekin    =      2394.500650
siesta: Enl     =      -403.170653
siesta: DEna    =      -103.587508
siesta: DUscf   =        24.884136
siesta: DUext   =         0.000000
siesta: Exc     =      -722.933065
siesta: eta*DQ  =         0.000000
siesta: Emadel  =         0.000000
siesta: Ekinion =         1.192877
siesta: Eharris =     -2965.883475
siesta: Etot    =     -2944.290371
siesta: FreeEng =     -2944.290371

siesta: Final energy (eV):
siesta:       Kinetic =    2394.500650
siesta:       Hartree =    1091.768539
siesta:    Ext. field =       0.000000
siesta:   Exch.-corr. =    -722.933065
siesta:  Ion-electron =   -4161.300468
siesta:       Ion-ion =   -1547.518904
siesta:       Ekinion =       1.192877
siesta:         Total =   -2944.290371

siesta: Atomic forces (eV/Ang):
siesta:      1   -0.118820    0.237181   -0.051530
siesta:      2    0.033212   -0.045968    0.016745
siesta:      3   -1.106874    0.971524    2.501298
siesta:      4    0.786677   -0.925092   -1.593473
siesta:      5    2.551658   -5.712922    0.402256
siesta:      6    0.102106    3.616674   -5.980607
siesta:      7   -1.570639    0.880116    3.173801
siesta:      8   -2.097177    5.261947    0.267662
siesta:      9   -0.092419   -2.779044    4.760116
siesta:     10    1.474218   -1.577864   -3.472067
siesta: ----------------------------------------
siesta:    Tot   -0.038059   -0.073448    0.024201

siesta: Stress tensor (static) (eV/Ang**3):
siesta:     0.431796    0.046539    0.019482
siesta:     0.046538    0.322139    0.039198
siesta:     0.019506    0.039202    0.336459

siesta: Cell volume =         93.166340 Ang**3

siesta: Pressure (static):
siesta:                Solid            Molecule  Units
siesta:          -0.00395859         -0.00556539  Ry/Bohr**3
siesta:          -0.36346437         -0.51099506  eV/Ang**3
siesta:        -582.34041211       -818.71319225  kBar

* Maximum dynamic memory allocated : Node    0 =     7 MB

* Maximum memory occured during poison                        

timer: CPU execution times:
timer:  Routine       Calls   Time/call    Tot.time        %
timer:  siesta            1      10.828      10.828   100.00
timer:  Setup             1       0.736       0.736     6.80
timer:  bands             1       0.000       0.000     0.00
timer:  writewave         1       0.001       0.001     0.01
timer:  KSV_init          1       0.000       0.000     0.00
timer:  IterMD            5       2.018      10.088    93.17
timer:  hsparse           6       0.051       0.307     2.83
timer:  overfsm          10       0.017       0.167     1.54
timer:  IterSCF          10       0.961       9.609    88.73
timer:  kinefsm          10       0.015       0.152     1.40
timer:  nlefsm           10       0.073       0.730     6.74
timer:  DHSCF            10       0.863       8.634    79.73
timer:  DHSCF1            1       0.340       0.340     3.14
timer:  DHSCF2            5       0.615       3.076    28.40
timer:  REORD            90       0.000       0.015     0.14
timer:  POISON           15       0.013       0.202     1.87
timer:  DHSCF3           10       0.196       1.962    18.12
timer:  rhoofd           10       0.074       0.740     6.83
timer:  cellXC           15       0.026       0.384     3.55
timer:  vmat             10       0.080       0.801     7.40
timer:  diagon            5       0.002       0.012     0.11
timer:  rdiag             5       0.001       0.007     0.06
timer:  rdiag1            5       0.000       0.001     0.01
timer:  rdiag2            5       0.000       0.000     0.00
timer:  rdiag3            5       0.001       0.005     0.05
timer:  rdiag4            5       0.000       0.000     0.00
timer:  DHSCF4            5       0.650       3.252    30.03
timer:  dfscf             5       0.461       2.307    21.30
timer:  optical           1       0.000       0.000     0.00
  

elaps: ELAPSED times:
elaps:  Routine       Calls   Time/call    Tot.time        %
elaps:  siesta            1      10.948      10.948   100.00
elaps:  Setup             1       0.810       0.810     7.40
elaps:  bands             1       0.000       0.000     0.00
elaps:  writewave         1       0.001       0.001     0.01
elaps:  KSV_init          1       0.000       0.000     0.00
elaps:  IterMD            5       2.026      10.131    92.53
elaps:  hsparse           6       0.051       0.307     2.81
elaps:  overfsm          10       0.017       0.166     1.52
elaps:  IterSCF          10       0.962       9.623    87.89
elaps:  kinefsm          10       0.015       0.151     1.38
elaps:  nlefsm           10       0.073       0.731     6.68
elaps:  DHSCF            10       0.864       8.637    78.89
elaps:  DHSCF1            1       0.340       0.340     3.11
elaps:  DHSCF2            5       0.615       3.077    28.10
elaps:  REORD            90       0.000       0.013     0.12
elaps:  POISON           15       0.013       0.200     1.83
elaps:  DHSCF3           10       0.196       1.964    17.94
elaps:  rhoofd           10       0.074       0.740     6.76
elaps:  cellXC           15       0.026       0.384     3.51
elaps:  vmat             10       0.080       0.802     7.33
elaps:  diagon            5       0.002       0.010     0.09
elaps:  rdiag             5       0.002       0.008     0.07
elaps:  rdiag1            5       0.000       0.001     0.01
elaps:  rdiag2            5       0.000       0.001     0.00
elaps:  rdiag3            5       0.001       0.005     0.05
elaps:  rdiag4            5       0.000       0.000     0.00
elaps:  DHSCF4            5       0.650       3.251    29.69
elaps:  dfscf             5       0.461       2.306    21.07
elaps:  optical           1       0.000       0.000     0.00
  
>> End of run:  18-MAY-2007  15:55:10
