Siesta Version  : siesta-4.1-1033
Architecture    : x86_64-linux-n-62-18-18
Compiler version: GNU Fortran (GCC) 7.3.0
Compiler flags  : mpifort -m64 -fPIC -O3 -march=native -ftree-vectorize -fexpensive-optimizatioons -funroll-loops -fprefetch-loop-arrays -fno-second-underscore  -flto
PP flags        : -I/zdata/groups/common/nicpa/2018-feb/generic/build-tools/1.0/include -I/zdatta/groups/common/nicpa/2018-feb/generic/gcc/7.3.0/include -I/zdata/groups/common/nicpa/2018-feb/generic/gcc/7.3.0/include -I/zdata/groups/common/nicpa/2018-feb/XeonE5-2665/zlib/1.2.11/gnu-7.3.0/include -I/zdata/groups/common/nicpa/2018-feb/generic/numactl/2.0.11/include -I/zdata/groups/common/nicpa/2018-feb/XeonE5-2665/libxml2/2.9.7/gnu-7.3.0/include -I/zdata/groups/common/nicpa/2018-feb/XeonE5-2665/hwloc/1.11.9/gnu-7.3.0/include -I/zdata/groups/common/nicpa/2018-feb/XeonE5-2665/openmpi/3.0.0/gnu-7.3.0/include -I/zdata/groups/common/nicpa/2018-feb/XeonE5-2665/szip/2.1.1/gnu-7.3.0/include -I/zdata/groups/common/nicpa/2018-feb/XeonE5-2665/hdf5/1.8.18/gnu-7.3.0/include -I/zdata/groups/common/nicpa/2018-feb/XeonE5-2665/pnetcdf/1.8.1/gnu-7.3.0/include -I/zdata/groups/common/nicpa/2018-feb/XeonE5-2665/netcdf/4.6.0/gnu-7.3.0/include -I/zdata/groups/common/nicpa/2018-feb/XeonE5-2665/flook/0.7.0/gnu-7.3.0/include -I/zdata/groups/common/nicpa/2018-feb/XeonE5-2665/parmetis/4.0.3/gnu-7.3.0/include -I/zdata/groups/common/nicpa/2018-feb/XeonE5-2665/scalapack/204/gnu-7.3.0/include -I/zdata/groups/common/nicpa/2018-feb/XeonE5-2665/openblas/0.2.20/gnu-7.3.0/include -I/zdata/groups/common/nicpa/2018-feb/XeonE5-2665/scotch/6.0.4/gnu-7.3.0/include -I/zdata/groups/common/nicpa/2018-feb/XeonE5-2665/mumps/5.1.2/gnu-7.3.0/include -I/zdata/groups/common/nicpa/2018-feb/XeonE5-2665/fftw/3.3.7/gnu-7.3.0/include -I/zdata/groups/common/nicpa/2018-feb/XeonE5-2665/elpa/2017.05.003/gnu-7.3.0/include/elpa -DSIESTA__ELPA -DMPI -D1 -DFC_HAVE_ABORT -DCDF -DCDF4 -DSIESTA__FLOOK  -DNCDF -DNCDF_4 -DNCDF_PARALLEL -DSIESTA__METIS -DSIESTA__MUMPS -DTS_NOCHECKS -DSIESTA__MRRR
Libraries       : libncdf.a libfdict.a -lnetcdff -lnetcdf -lpnetcdf -lhdf5_hl -lhdf5 -lz  -lzmuumps -lmumps_common -lesmumps -lscotch -lscotcherr -lpord -lparmetis -lmetis -lelpa -lscalapack -lopenblas  -L/zdata/groups/common/nicpa/2018-feb/XeonE5-2665/flook/0.7.0/gnu-7.3.0/lib -Wl,-rpath=/zdata/groups/common/nicpa/2018-feb/XeonE5-2665/flook/0.7.0/gnu-7.3.0/lib -lflookall -ldl  -flto -fuse-linker-plugin  -lmetis
PARALLEL version
NetCDF support
NetCDF-4 support
NetCDF-4 MPI-IO support
METIS ordering support

* Running on 8 nodes in parallel
>> Start of run:   5-NOV-2018  10:53:07

                           ***********************       
                           *  WELCOME TO SIESTA  *       
                           ***********************       

reinit: Reading from ../mgc-force.fdf

reinit: -----------------------------------------------------------------------
reinit: System Name: MgCo3 R-3c test -- SZ, 100 Ry -- Forces
reinit: -----------------------------------------------------------------------
reinit: System Label: mgc-force
reinit: -----------------------------------------------------------------------

initatom: Reading input for the pseudopotentials and atomic orbitals ----------
Species number:   1 Atomic number:   12 Label: Mg
Species number:   2 Atomic number:    6 Label: C
Species number:   3 Atomic number:    8 Label: O

Ground state valence configuration:   3s02
Reading pseudopotential information in formatted form from Mg.psf

Valence configuration for pseudopotential generation:
3s( 2.00) rc: 2.59
3p( 0.00) rc: 2.59
3d( 0.00) rc: 2.59
4f( 0.00) rc: 2.59
Ground state valence configuration:   2s02  2p02
Reading pseudopotential information in formatted form from C.psf

Valence configuration for pseudopotential generation:
2s( 2.00) rc: 1.49
2p( 2.00) rc: 1.52
3d( 0.00) rc: 1.58
Ground state valence configuration:   2s02  2p04
Reading pseudopotential information in formatted form from O.psf

Valence configuration for pseudopotential generation:
2s( 2.00) rc: 1.14
2p( 4.00) rc: 1.14
3d( 0.00) rc: 1.14
4f( 0.00) rc: 1.14
For Mg, standard SIESTA heuristics set lmxkb to 1
 (one more than the basis l, including polarization orbitals).
Use PS.lmax or PS.KBprojectors blocks to override.
For C, standard SIESTA heuristics set lmxkb to 2
 (one more than the basis l, including polarization orbitals).
Use PS.lmax or PS.KBprojectors blocks to override.
For O, standard SIESTA heuristics set lmxkb to 2
 (one more than the basis l, including polarization orbitals).
Use PS.lmax or PS.KBprojectors blocks to override.

<basis_specs>
===============================================================================
Mg                   Z=  12    Mass=  24.310        Charge= 0.17977+309
Lmxo=0 Lmxkb= 1    BasisType=split      Semic=F
L=0  Nsemic=0  Cnfigmx=3
          n=1  nzeta=1  polorb=0
            splnorm:   0.15000    
               vcte:    0.0000    
               rinn:    0.0000    
               qcoe:    0.0000    
               qyuk:    0.0000    
               qwid:   0.10000E-01
                rcs:    0.0000    
            lambdas:    1.0000    
-------------------------------------------------------------------------------
L=0  Nkbl=1  erefs: 0.17977+309
L=1  Nkbl=1  erefs: 0.17977+309
===============================================================================
</basis_specs>

atom: Called for Mg                    (Z =  12)

read_vps: Pseudopotential generation method:
read_vps: ATM3      Troullier-Martins                       
Total valence charge:    2.00000

xc_check: Exchange-correlation functional:
xc_check: GGA Perdew, Burke & Ernzerhof 1996
xc_check: WARNING: Pseudopotential generated with LDA CA functional
V l=0 = -2*Zval/r beyond r=  3.5878
V l=1 = -2*Zval/r beyond r=  3.5878
All V_l potentials equal beyond r=  2.5600
This should be close to max(r_c) in ps generation
All pots = -2*Zval/r beyond r=  3.5878
Using large-core scheme for Vlocal

atom: Estimated core radius    3.58779

atom: Including non-local core corrections could be a good idea
atom: Maximum radius for 4*pi*r*r*local-pseudopot. charge    3.91588
atom: Maximum radius for r*vlocal+2*Zval:    3.63292
GHOST: No ghost state for L =  0
GHOST: No ghost state for L =  1

KBgen: Kleinman-Bylander projectors: 
   l= 0   rc=  2.657845   el= -0.357260   Ekb=  2.179183   kbcos=  0.258491
   l= 1   rc=  2.657845   el= -0.102714   Ekb=  0.524694   kbcos=  0.276326

KBgen: Total number of  Kleinman-Bylander projectors:    4
atom: -------------------------------------------------------------------------

atom: SANKEY-TYPE ORBITALS:

SPLIT: Orbitals with angular momentum L= 0

SPLIT: Basis orbitals for state 3s

SPLIT: PAO cut-off radius determined from an
SPLIT: energy shift=  0.020000 Ry

   izeta = 1
                 lambda =    1.000000
                     rc =    6.619780
                 energy =   -0.339275
                kinetic =    0.294377
    potential(screened) =   -0.633652
       potential(ionic) =   -1.393328
atom: Total number of Sankey-type orbitals:  1

atm_pop: Valence configuration (for local Pseudopot. screening):
 3s( 2.00)                                                            
Vna: chval, zval:    2.00000   2.00000

Vna:  Cut-off radius for the neutral-atom potential:   6.619780

atom: _________________________________________________________________________

<basis_specs>
===============================================================================
C                    Z=   6    Mass=  12.010        Charge= 0.17977+309
Lmxo=1 Lmxkb= 2    BasisType=split      Semic=F
L=0  Nsemic=0  Cnfigmx=2
          n=1  nzeta=1  polorb=0
            splnorm:   0.15000    
               vcte:    0.0000    
               rinn:    0.0000    
               qcoe:    0.0000    
               qyuk:    0.0000    
               qwid:   0.10000E-01
                rcs:    0.0000    
            lambdas:    1.0000    
L=1  Nsemic=0  Cnfigmx=2
          n=1  nzeta=1  polorb=0
            splnorm:   0.15000    
               vcte:    0.0000    
               rinn:    0.0000    
               qcoe:    0.0000    
               qyuk:    0.0000    
               qwid:   0.10000E-01
                rcs:    0.0000    
            lambdas:    1.0000    
-------------------------------------------------------------------------------
L=0  Nkbl=1  erefs: 0.17977+309
L=1  Nkbl=1  erefs: 0.17977+309
L=2  Nkbl=1  erefs: 0.17977+309
===============================================================================
</basis_specs>

atom: Called for C                     (Z =   6)

read_vps: Pseudopotential generation method:
read_vps: ATM3      Troullier-Martins                       
Total valence charge:    4.00000

xc_check: Exchange-correlation functional:
xc_check: GGA Perdew, Burke & Ernzerhof 1996
xc_check: WARNING: Pseudopotential generated with LDA CA functional
V l=0 = -2*Zval/r beyond r=  1.4666
V l=1 = -2*Zval/r beyond r=  1.5038
V l=2 = -2*Zval/r beyond r=  1.5612
All V_l potentials equal beyond r=  1.5612
This should be close to max(r_c) in ps generation
All pots = -2*Zval/r beyond r=  1.5612

VLOCAL1: 99.0% of the norm of Vloc inside     17.809 Ry
VLOCAL1: 99.9% of the norm of Vloc inside     40.586 Ry
atom: Maximum radius for 4*pi*r*r*local-pseudopot. charge    1.88329
atom: Maximum radius for r*vlocal+2*Zval:    1.62091
GHOST: No ghost state for L =  0
GHOST: No ghost state for L =  1
GHOST: No ghost state for L =  2

KBgen: Kleinman-Bylander projectors: 
   l= 0   rc=  1.747182   el= -1.017934   Ekb=  5.175264   kbcos=  0.302937
   l= 1   rc=  1.747182   el= -0.411266   Ekb= -4.326455   kbcos= -0.373421
   l= 2   rc=  1.955272   el=  0.001971   Ekb= -1.015784   kbcos= -0.009894

KBgen: Total number of  Kleinman-Bylander projectors:    9
atom: -------------------------------------------------------------------------

atom: SANKEY-TYPE ORBITALS:

SPLIT: Orbitals with angular momentum L= 0

SPLIT: Basis orbitals for state 2s

SPLIT: PAO cut-off radius determined from an
SPLIT: energy shift=  0.020000 Ry

   izeta = 1
                 lambda =    1.000000
                     rc =    4.088342
                 energy =   -0.997553
                kinetic =    0.913418
    potential(screened) =   -1.910971
       potential(ionic) =   -5.520388

SPLIT: Orbitals with angular momentum L= 1

SPLIT: Basis orbitals for state 2p

SPLIT: PAO cut-off radius determined from an
SPLIT: energy shift=  0.020000 Ry

   izeta = 1
                 lambda =    1.000000
                     rc =    4.870301
                 energy =   -0.393343
                kinetic =    2.601505
    potential(screened) =   -2.994848
       potential(ionic) =   -6.510548
atom: Total number of Sankey-type orbitals:  4

atm_pop: Valence configuration (for local Pseudopot. screening):
 2s( 2.00)                                                            
 2p( 2.00)                                                            
Vna: chval, zval:    4.00000   4.00000

Vna:  Cut-off radius for the neutral-atom potential:   4.870301

atom: _________________________________________________________________________

<basis_specs>
===============================================================================
O                    Z=   8    Mass=  16.000        Charge= 0.17977+309
Lmxo=1 Lmxkb= 2    BasisType=split      Semic=F
L=0  Nsemic=0  Cnfigmx=2
          n=1  nzeta=1  polorb=0
            splnorm:   0.15000    
               vcte:    0.0000    
               rinn:    0.0000    
               qcoe:    0.0000    
               qyuk:    0.0000    
               qwid:   0.10000E-01
                rcs:    0.0000    
            lambdas:    1.0000    
L=1  Nsemic=0  Cnfigmx=2
          n=1  nzeta=1  polorb=0
            splnorm:   0.15000    
               vcte:    0.0000    
               rinn:    0.0000    
               qcoe:    0.0000    
               qyuk:    0.0000    
               qwid:   0.10000E-01
                rcs:    0.0000    
            lambdas:    1.0000    
-------------------------------------------------------------------------------
L=0  Nkbl=1  erefs: 0.17977+309
L=1  Nkbl=1  erefs: 0.17977+309
L=2  Nkbl=1  erefs: 0.17977+309
===============================================================================
</basis_specs>

atom: Called for O                     (Z =   8)

read_vps: Pseudopotential generation method:
read_vps: ATM3      Troullier-Martins                       
Total valence charge:    6.00000

xc_check: Exchange-correlation functional:
xc_check: GGA Perdew, Burke & Ernzerhof 1996
xc_check: WARNING: Pseudopotential generated with LDA CA functional
V l=0 = -2*Zval/r beyond r=  1.1278
V l=1 = -2*Zval/r beyond r=  1.1278
V l=2 = -2*Zval/r beyond r=  1.1278
All V_l potentials equal beyond r=  1.1278
This should be close to max(r_c) in ps generation
All pots = -2*Zval/r beyond r=  1.1278

VLOCAL1: 99.0% of the norm of Vloc inside     34.126 Ry
VLOCAL1: 99.9% of the norm of Vloc inside     77.774 Ry
atom: Maximum radius for 4*pi*r*r*local-pseudopot. charge    1.37759
atom: Maximum radius for r*vlocal+2*Zval:    1.18566
GHOST: No ghost state for L =  0
GHOST: No ghost state for L =  1
GHOST: No ghost state for L =  2

KBgen: Kleinman-Bylander projectors: 
   l= 0   rc=  1.294105   el= -1.764717   Ekb=  9.120606   kbcos=  0.329038
   l= 1   rc=  1.294105   el= -0.698441   Ekb= -8.119783   kbcos= -0.400859
   l= 2   rc=  1.448233   el=  0.002031   Ekb= -2.039067   kbcos= -0.003490

KBgen: Total number of  Kleinman-Bylander projectors:    9
atom: -------------------------------------------------------------------------

atom: SANKEY-TYPE ORBITALS:

SPLIT: Orbitals with angular momentum L= 0

SPLIT: Basis orbitals for state 2s

SPLIT: PAO cut-off radius determined from an
SPLIT: energy shift=  0.020000 Ry

   izeta = 1
                 lambda =    1.000000
                     rc =    3.305093
                 energy =   -1.747165
                kinetic =    1.636523
    potential(screened) =   -3.383688
       potential(ionic) =  -11.346558

SPLIT: Orbitals with angular momentum L= 1

SPLIT: Basis orbitals for state 2p

SPLIT: PAO cut-off radius determined from an
SPLIT: energy shift=  0.020000 Ry

   izeta = 1
                 lambda =    1.000000
                     rc =    3.840021
                 energy =   -0.679240
                kinetic =    5.142096
    potential(screened) =   -5.821336
       potential(ionic) =  -13.650628
atom: Total number of Sankey-type orbitals:  4

atm_pop: Valence configuration (for local Pseudopot. screening):
 2s( 2.00)                                                            
 2p( 4.00)                                                            
Vna: chval, zval:    6.00000   6.00000

Vna:  Cut-off radius for the neutral-atom potential:   3.840021

atom: _________________________________________________________________________

prinput: Basis input ----------------------------------------------------------

PAO.BasisType split     

%block ChemicalSpeciesLabel
    1   12 Mg                      # Species index, atomic number, species label
    2    6 C                       # Species index, atomic number, species label
    3    8 O                       # Species index, atomic number, species label
%endblock ChemicalSpeciesLabel

%block PAO.Basis                 # Define Basis set
Mg                    1                    # Species label, number of l-shells
 n=3   0   1                         # n, l, Nzeta 
   6.620   
   1.000   
C                     2                    # Species label, number of l-shells
 n=2   0   1                         # n, l, Nzeta 
   4.088   
   1.000   
 n=2   1   1                         # n, l, Nzeta 
   4.870   
   1.000   
O                     2                    # Species label, number of l-shells
 n=2   0   1                         # n, l, Nzeta 
   3.305   
   1.000   
 n=2   1   1                         # n, l, Nzeta 
   3.840   
   1.000   
%endblock PAO.Basis

prinput: ----------------------------------------------------------------------

Dumping basis to NetCDF file Mg.ion.nc
Dumping basis to NetCDF file C.ion.nc
Dumping basis to NetCDF file O.ion.nc
coor:   Atomic-coordinates input format  =     Fractional

siesta: Atomic coordinates (Bohr) and species
siesta:      0.00000   0.00000   0.00000  1        1
siesta:     11.98282   5.59740   3.66414  1        2
siesta:      6.25965   2.79870   1.83207  2        3
siesta:     -6.40274  -2.95862  -1.83207  2        4
siesta:      7.25136   0.58061   1.83207  3        5
siesta:      6.25965   4.12944  -0.20079  3        6
siesta:      5.26794   3.68605   3.86493  3        7
siesta:     -7.25136  -0.58061  -1.83207  3        8
siesta:     -6.25965  -4.12944   0.20079  3        9
siesta:     -5.26794  -3.68605  -3.86493  3       10

siesta: System type = bulk      

initatomlists: Number of atoms, orbitals, and projectors:     10    34    80

siesta: ******************** Simulation parameters ****************************
siesta:
siesta: The following are some of the parameters of the simulation.
siesta: A complete list of the parameters used, including default values,
siesta: can be found in file out.fdf
siesta:
redata: Spin configuration                          = none
redata: Number of spin components                   = 1
redata: Time-Reversal Symmetry                      = T
redata: Spin-spiral                                 = F
redata: Long output                                 =   F
redata: Number of Atomic Species                    =        3
redata: Charge density info will appear in .RHO file
redata: Write Mulliken Pop.                         = NO
redata: Matel table size (NRTAB)                    =     1024
redata: Mesh Cutoff                                 =   100.0000 Ry
redata: Net charge of the system                    =     0.0000 |e|
redata: Min. number of SCF Iter                     =        0
redata: Max. number of SCF Iter                     =     1000
redata: SCF convergence failure will abort job
redata: SCF mix quantity                            = Hamiltonian
redata: Mix DM or H after convergence               =   F
redata: Recompute H after scf cycle                 =   F
redata: Mix DM in first SCF step                    =   T
redata: Write Pulay info on disk                    =   F
redata: New DM Mixing Weight                        =     0.1000
redata: New DM Occupancy tolerance                  = 0.000000000001
redata: No kicks to SCF
redata: DM Mixing Weight for Kicks                  =     0.5000
redata: Require Harris convergence for SCF          =   F
redata: Harris energy tolerance for SCF             =     0.000100 eV
redata: Require DM convergence for SCF              =   T
redata: DM tolerance for SCF                        =     0.000100
redata: Require EDM convergence for SCF             =   F
redata: EDM tolerance for SCF                       =     0.001000 eV
redata: Require H convergence for SCF               =   T
redata: Hamiltonian tolerance for SCF               =     0.001000 eV
redata: Require (free) Energy convergence for SCF   =   F
redata: (free) Energy tolerance for SCF             =     0.000100 eV
redata: Using Saved Data (generic)                  =   F
redata: Use continuation files for DM               =   T
redata: Neglect nonoverlap interactions             =   F
redata: Method of Calculation                       = Diagonalization
redata: Electronic Temperature                      =   299.9869 K
redata: Fix the spin of the system                  =   F
redata: Dynamics option                             = Single-point calculation
mix.SCF: Broyden mixing                          = Broyden
mix.SCF:    History steps                        = 4
mix.SCF:    Jacobian weight                      =     0.100000
mix.SCF:    Weight prime                         =     0.100000
redata: Save all siesta data in one NC              =   F
redata: ***********************************************************************

%block SCF.Mixers
  Broyden
%endblock SCF.Mixers

%block SCF.Mixer.Broyden
  # Mixing method
  method broyden

  # Mixing options
  weight 0.1000
  weight.linear 0.1000
  history 4
%endblock SCF.Mixer.Broyden

DM_history_depth set to one: no extrapolation allowed by default for geometry relaxation
Size of DM history Fstack: 1
Total number of electrons:    48.000000
Total ionic charge:    48.000000

* ProcessorY, Blocksize:    2   4


* Orbital distribution balance (max,min):     6     4

 Kpoints in:          294 . Kpoints trimmed:          294

siesta: k-grid: Number of k-points =   294
siesta: k-grid: Cutoff (effective) =    16.222 Ang
siesta: k-grid: Supercell and displacements
siesta: k-grid:   -7   0   7      0.500
siesta: k-grid:    0  -7   7      0.000
siesta: k-grid:    0   0   6      0.000

diag: Algorithm                                     = D&C
diag: Parallel over k                               =   F
diag: Use parallel 2D distribution                  =   T
diag: Parallel block-size                           = 4
diag: Parallel distribution                         =     2 x     4
diag: Used triangular part                          = Lower
diag: Absolute tolerance                            =  0.100E-15
diag: Orthogonalization factor                      =  0.100E-05
diag: Memory factor                                 =  1.0000

superc: Internal auxiliary supercell:     5 x     5 x     5  =     125
superc: Number of atoms, orbitals, and projectors:   1250   4250  10000


ts: **************************************************************
ts: Save H and S matrices                           =    F
ts: Save DM and EDM matrices                        =    F
ts: Fix Hartree potential                           =    F
ts: Only save the overlap matrix S                  =    F
ts: **************************************************************

************************ Begin: TS CHECKS AND WARNINGS ************************
************************ End: TS CHECKS AND WARNINGS **************************


                     ====================================
                        Single-point calculation
                     ====================================

outcoor: Atomic coordinates (fractional):                   
    0.00000000    0.00000000    0.00000000   1       1  Mg
    0.45000000    0.50000000    0.50000000   1       2  Mg
    0.25000000    0.25000000    0.25000000   2       3  C
   -0.25000000   -0.27000000   -0.25000000   2       4  C
    0.52740000   -0.02740000    0.25000000   3       5  O
    0.25000000    0.52740000   -0.02740000   3       6  O
   -0.02740000    0.25000000    0.52740000   3       7  O
   -0.52740000    0.02740000   -0.25000000   3       8  O
   -0.25000000   -0.52740000    0.02740000   3       9  O
    0.02740000   -0.25000000   -0.52740000   3      10  O

superc: Internal auxiliary supercell:     5 x     5 x     5  =     125
superc: Number of atoms, orbitals, and projectors:   1250   4250  10000

outcell: Unit cell vectors (Ang):
        5.677830    0.000000    0.000000
        3.786009    4.231299    0.000000
        3.786009    1.692731    3.877957

outcell: Cell vector modules (Ang)   :    5.677830    5.677830    5.677830
outcell: Cell angles (23,13,12) (deg):     48.1790     48.1790     48.1790
outcell: Cell volume (Ang**3)        :     93.1663
<dSpData1D:S at geom step 0
  <sparsity:sparsity for geom step 0
    nrows_g=34 nrows=6 sparsity=2.0779 nnzs=2402, refcount: 7>
  <dData1D:(new from dSpData1D) n=2402, refcount: 1>
refcount: 1>
new_DM -- step:     1
Initializing Density Matrix...

Attempting to read DM from file... Failed...
DM filled with atomic data:
<dSpData2D:DM initialized from atoms
  <sparsity:sparsity for geom step 0
    nrows_g=34 nrows=6 sparsity=2.0779 nnzs=2402, refcount: 8>
  <dData2D:DM n=2402 m=1, refcount: 1>
refcount: 1>
No. of atoms with KB's overlaping orbs in proc 0. Max # of overlaps:      89      88
New grid distribution:   1
           1       1:   16    1:    8    1:    4
           2       1:   16    1:    8    5:    8
           3       1:   16    1:    8    9:   12
           4       1:   16    1:    8   13:   16
           5       1:   16    9:   16    1:    4
           6       1:   16    9:   16    5:    8
           7       1:   16    9:   16    9:   12
           8       1:   16    9:   16   13:   16

InitMesh: MESH =    32 x    32 x    32 =       32768
InitMesh: (bp) =    16 x    16 x    16 =        4096
InitMesh: Mesh cutoff (required, used) =   100.000   112.857 Ry
ExtMesh (bp) on 0 =    76 x    68 x    64 =      330752
New grid distribution:   2
           1       9:   16    8:   16    1:    8
           2       8:   16    1:    7    1:    8
           3       9:   16    1:    9    9:   16
           4      10:   16   10:   16    9:   16
           5       1:    8    8:   16    1:    8
           6       1:    7    1:    7    1:    8
           7       1:    8    1:    9    9:   16
           8       1:    9   10:   16    9:   16
New grid distribution:   3
           1       1:    8    9:   16    9:   16
           2       9:   16    1:    8    1:    8
           3       9:   16    1:    8    9:   16
           4       9:   16    9:   16    1:    8
           5       1:    8    1:    8    9:   16
           6       1:    8    1:    8    1:    8
           7       9:   16    9:   16    9:   16
           8       1:    8    9:   16    1:    8
Setting up quadratic distribution...
ExtMesh (bp) on 0 =    68 x    69 x    68 =      319056
PhiOnMesh: Number of (b)points on node 0 =                  576
PhiOnMesh: nlist on node 0 =                11442

stepf: Fermi-Dirac step function

siesta: Program's energy decomposition (eV):
siesta: Ebs     =      -520.063045
siesta: Eions   =      5228.674091
siesta: Ena     =      1065.206660
siesta: Ekin    =      2418.646906
siesta: Enl     =      -407.572114
siesta: Eso     =         0.000000
siesta: Eldau   =         0.000000
siesta: DEna    =       -87.518305
siesta: DUscf   =        20.646728
siesta: DUext   =         0.000000
siesta: Enegf   =         0.000000
siesta: Exc     =      -739.762235
siesta: eta*DQ  =         0.000000
siesta: Emadel  =         0.000000
siesta: Emeta   =         0.000000
siesta: Emolmec =         0.000000
siesta: Ekinion =         0.000000
siesta: Eharris =     -2920.886005
siesta: Etot    =     -2959.026451
siesta: FreeEng =     -2959.026451

        iscf     Eharris(eV)        E_KS(eV)     FreeEng(eV)     dDmax    Ef(eV) dHmax(eV)
   scf:    1    -2920.886005    -2959.026451    -2959.026451  1.748799 -1.476889  5.033549
timer: Routine,Calls,Time,% = IterSCF        1       2.343  72.95
   scf:    2    -2964.622246    -2961.922736    -2961.922736  0.068964 -1.635879  4.110953
   scf:    3    -2967.675309    -2966.412277    -2966.412277  0.306599 -2.148851  1.095766
   scf:    4    -2966.444671    -2966.428699    -2966.428699  0.003450 -2.135517  1.036211
   scf:    5    -2966.526232    -2966.523080    -2966.523080  0.046264 -1.803151  0.712312
   scf:    6    -2966.540273    -2966.536067    -2966.536067  0.013749 -1.835168  0.289582
   scf:    7    -2966.544046    -2966.541029    -2966.541029  0.007037 -1.798370  0.072024
   scf:    8    -2966.542049    -2966.541652    -2966.541652  0.002636 -1.786587  0.020265
   scf:    9    -2966.541736    -2966.541699    -2966.541699  0.000412 -1.787984  0.013829
   scf:   10    -2966.541719    -2966.541709    -2966.541709  0.000180 -1.788291  0.009270
   scf:   11    -2966.541720    -2966.541715    -2966.541715  0.000150 -1.788647  0.007618
   scf:   12    -2966.541722    -2966.541719    -2966.541719  0.000091 -1.788844  0.006363
   scf:   13    -2966.541725    -2966.541722    -2966.541722  0.000130 -1.788962  0.004555
   scf:   14    -2966.541726    -2966.541724    -2966.541724  0.000129 -1.789025  0.002723
   scf:   15    -2966.541725    -2966.541725    -2966.541725  0.000068 -1.789045  0.001581
   scf:   16    -2966.541725    -2966.541725    -2966.541725  0.000025 -1.789035  0.000980

SCF Convergence by DM+H criterion
max |DM_out - DM_in|         :     0.0000247915
max |H_out - H_in|      (eV) :     0.0009801353
SCF cycle converged after 16 iterations

Using DM_out to compute the final energy and forces
No. of atoms with KB's overlaping orbs in proc 0. Max # of overlaps:      89      88

siesta: E_KS(eV) =            -2966.5417

siesta: E_KS - E_eggbox =     -2966.5417

siesta: Atomic forces (eV/Ang):
     1   -0.722996   -0.531172   -0.057968
     2    2.584723   -0.319060    0.094051
     3   -0.256791    0.090773    0.472262
     4   -0.496562    4.877635   -2.730108
     5    3.201956   -7.029965    0.200586
     6   -0.394340    4.487485   -6.627701
     7   -2.625646    2.530936    5.928742
     8   -2.887148    3.983694   -0.010970
     9    0.045731   -5.883325    8.320265
    10    1.600998   -2.179498   -5.589477
----------------------------------------
   Tot    0.049925    0.027502   -0.000317
----------------------------------------
   Max    8.320265
   Res    3.551404    sqrt( Sum f_i^2 / 3N )
----------------------------------------
   Max    8.320265    constrained

Stress-tensor-Voigt (kbar):       31.19     -226.55     -324.30      180.86      100.12       87.27
(Free)E + p*V (eV/cell)    -2956.4693
Target enthalpy (eV/cell)    -2966.5417

siesta: Program's energy decomposition (eV):
siesta: Ebs     =      -578.605840
siesta: Eions   =      5228.674091
siesta: Ena     =      1065.206660
siesta: Ekin    =      2335.551390
siesta: Enl     =      -379.017171
siesta: Eso     =         0.000000
siesta: Eldau   =         0.000000
siesta: DEna    =       -42.762198
siesta: DUscf   =         7.548355
siesta: DUext   =         0.000000
siesta: Enegf   =         0.000000
siesta: Exc     =      -724.394671
siesta: eta*DQ  =         0.000000
siesta: Emadel  =         0.000000
siesta: Emeta   =         0.000000
siesta: Emolmec =         0.000000
siesta: Ekinion =         0.000000
siesta: Eharris =     -2966.541725
siesta: Etot    =     -2966.541725
siesta: FreeEng =     -2966.541725

siesta: Final energy (eV):
siesta:  Band Struct. =    -578.605840
siesta:       Kinetic =    2335.551390
siesta:       Hartree =    1067.296900
siesta:       Eldau   =       0.000000
siesta:       Eso     =       0.000000
siesta:    Ext. field =       0.000000
siesta:       Enegf   =       0.000000
siesta:   Exch.-corr. =    -724.394671
siesta:  Ion-electron =   -4107.334599
siesta:       Ion-ion =   -1537.660744
siesta:       Ekinion =       0.000000
siesta:         Total =   -2966.541725
siesta:         Fermi =      -1.789035

siesta: Atomic forces (eV/Ang):
siesta:      1   -0.722996   -0.531172   -0.057968
siesta:      2    2.584723   -0.319060    0.094051
siesta:      3   -0.256791    0.090773    0.472262
siesta:      4   -0.496562    4.877635   -2.730108
siesta:      5    3.201956   -7.029965    0.200586
siesta:      6   -0.394340    4.487485   -6.627701
siesta:      7   -2.625646    2.530936    5.928742
siesta:      8   -2.887148    3.983694   -0.010970
siesta:      9    0.045731   -5.883325    8.320265
siesta:     10    1.600998   -2.179498   -5.589477
siesta: ----------------------------------------
siesta:    Tot    0.049925    0.027502   -0.000317

siesta: Stress tensor (static) (eV/Ang**3):
siesta:     0.019469    0.112883    0.054471
siesta:     0.112883   -0.141397    0.062491
siesta:     0.054471    0.062491   -0.202410

siesta: Cell volume =         93.166340 Ang**3

siesta: Pressure (static):
siesta:                Solid            Molecule  Units
siesta:           0.00117748         -0.00178265  Ry/Bohr**3
siesta:           0.10811251         -0.16367706  eV/Ang**3
siesta:         173.21720861       -262.24239833  kBar
(Free)E+ p_basis*V_orbitals  =       -2965.376181
(Free)Eharris+ p_basis*V_orbitals  =       -2965.376181
>> End of run:   5-NOV-2018  10:53:45
Job completed
