
                           ***********************       
                           *  WELCOME TO SIESTA  *       
                           ***********************       

reinit: Reading from ../n_chain.fdf

reinit: -----------------------------------------------------------------------
reinit: System Name: N chain
reinit: -----------------------------------------------------------------------
reinit: System Label: n_chain
reinit: -----------------------------------------------------------------------
Siesta Version: siesta-4.1--731
Architecture  : x86_64-linux-n-62-18-14
Compiler flags: mpifort -m64 -fPIC -O3 -march=native -ftree-vectorize -fexpensive-optimizatioons -funroll-loops -fprefetch-loop-arrays -fno-second-underscore  -flto -fuse-linker-plugin
PP flags      : -I/zdata/groups/common/nicpa/2016-oct/generic/build-tools/1.0/include -I/zdatta/groups/common/nicpa/2016-oct/generic/gmp/6.1.0/include -I/zdata/groups/common/nicpa/2016-oct/generic/mpfr/3.1.4/include -I/zdata/groups/common/nicpa/2016-oct/generic/mpc/1.0.3/include -I/zdata/groups/common/nicpa/2016-oct/generic/isl/0.16.1/include -I/zdata/groups/common/nicpa/2016-oct/generic/gcc/6.2.0/include -I/zdata/groups/common/nicpa/2016-oct/generic/numactl/2.0.11/include -I/zdata/groups/common/nicpa/2016-oct/XeonE5-2665/zlib/1.2.8/gnu-6.2.0/include -I/zdata/groups/common/nicpa/2016-oct/XeonE5-2665/libxml2/2.9.4/gnu-6.2.0/include -I/zdata/groups/common/nicpa/2016-oct/XeonE5-2665/hwloc/1.11.4/gnu-6.2.0/include -I/zdata/groups/common/nicpa/2016-oct/XeonE5-2665/openmpi/2.0.1/gnu-6.2.0/include -I/zdata/groups/common/nicpa/2016-oct/XeonE5-2665/hdf5/1.8.17/gnu-6.2.0/include -I/zdata/groups/common/nicpa/2016-oct/XeonE5-2665/pnetcdf/1.7.0/gnu-6.2.0/include -I/zdata/groups/common/nicpa/2016-oct/XeonE5-2665/netcdf/4.4.1/gnu-6.2.0/include -I/zdata/groups/common/nicpa/2016-oct/XeonE5-2665/flook/0.7.0/gnu-6.2.0/include -I/zdata/groups/common/nicpa/2016-oct/XeonE5-2665/parmetis/4.0.3/gnu-6.2.0/include -I/zdata/groups/common/nicpa/2016-oct/XeonE5-2665/scalapack/204/gnu-6.2.0/include -I/zdata/groups/common/nicpa/2016-oct/XeonE5-2665/openblas/0.2.19/gnu-6.2.0/include -I/zdata/groups/common/nicpa/2016-oct/XeonE5-2665/mumps/5.0.2/gnu-6.2.0/include -I/zdata/groups/common/nicpa/2016-oct/XeonE5-2665/fftw/3.3.5/gnu-6.2.0/include -DMPI -DFC_HAVE_FLUSH -DFC_HAVE_ABORT -DCDF -DCDF4 -DSIESTA__METIS -DSIESTA__MUMPS -DTS_NOCHECKS -DNCDF -DNCDF_4 -DNCDF_PARALLEL -DSIESTA__FLOOK
Libraries     : -lnetcdff -lnetcdf -lpnetcdf -lhdf5_hl -lhdf5 -lz  -lzmumps -lmumps_common -llpord -lparmetis -lmetis -lscalapack -lopenblas  -lmetis -flto -fuse-linker-plugin  -L/zdata/groups/common/nicpa/2016-oct/XeonE5-2665/flook/0.7.0/gnu-6.2.0/lib -Wl,-rpath=/zdata/groups/common/nicpa/2016-oct/XeonE5-2665/flook/0.7.0/gnu-6.2.0/lib -lflookall -ldl
PARALLEL version
NetCDF support
NetCDF-4 support
NetCDF-4 MPI-IO support
METIS ordering support

* Running on 4 nodes in parallel
>> Start of run:   2-JUL-2017  11:57:39

initatom: Reading input for the pseudopotentials and atomic orbitals ----------
Species number:   1 Atomic number:    7 Label: N

Ground state valence configuration:   2s02  2p03
Reading pseudopotential information in formatted form from N.psf

Valence configuration for pseudopotential generation:
2s( 2.00) rc: 1.14
2p( 3.00) rc: 1.14
3d( 0.00) rc: 1.14
4f( 0.00) rc: 1.14
For N, standard SIESTA heuristics set lmxkb to 2
 (one more than the basis l, including polarization orbitals).
Use PS.lmax or PS.KBprojectors blocks to override.

<basis_specs>
===============================================================================
N                    Z=   7    Mass=  14.010        Charge= 0.17977+309
Lmxo=1 Lmxkb= 2    BasisType=split      Semic=F
L=0  Nsemic=0  Cnfigmx=2
          n=1  nzeta=1  polorb=0
            splnorm:   0.15000    
               vcte:    0.0000    
               rinn:    0.0000    
               qcoe:    0.0000    
               qyuk:    0.0000    
               qwid:   0.10000E-01
                rcs:    0.0000    
            lambdas:    1.0000    
L=1  Nsemic=0  Cnfigmx=2
          n=1  nzeta=1  polorb=0
            splnorm:   0.15000    
               vcte:    0.0000    
               rinn:    0.0000    
               qcoe:    0.0000    
               qyuk:    0.0000    
               qwid:   0.10000E-01
                rcs:    0.0000    
            lambdas:    1.0000    
-------------------------------------------------------------------------------
L=0  Nkbl=1  erefs: 0.17977+309
L=1  Nkbl=1  erefs: 0.17977+309
L=2  Nkbl=1  erefs: 0.17977+309
===============================================================================
</basis_specs>

atom: Called for N                     (Z =   7)

read_vps: Pseudopotential generation method:
read_vps: ATM 3.2.2 Troullier-Martins                       
Total valence charge:    5.00000

xc_check: Exchange-correlation functional:
xc_check: Ceperley-Alder
V l=0 = -2*Zval/r beyond r=  1.1958
V l=1 = -2*Zval/r beyond r=  1.1958
V l=2 = -2*Zval/r beyond r=  1.1958
All V_l potentials equal beyond r=  1.1233
This should be close to max(r_c) in ps generation
All pots = -2*Zval/r beyond r=  1.1958

VLOCAL1: 99.0% of the norm of Vloc inside     34.401 Ry
VLOCAL1: 99.9% of the norm of Vloc inside     78.401 Ry
atom: Maximum radius for 4*pi*r*r*local-pseudopot. charge    1.35504
atom: Maximum radius for r*vlocal+2*Zval:    1.18092
GHOST: No ghost state for L =  0
GHOST: No ghost state for L =  1
GHOST: No ghost state for L =  2

KBgen: Kleinman-Bylander projectors: 
   l= 0   rc=  1.406829   el= -1.352238   Ekb=  9.654792   kbcos=  0.296969
   l= 1   rc=  1.406829   el= -0.532622   Ekb= -6.526027   kbcos= -0.327655
   l= 2   rc=  1.614250   el=  0.002346   Ekb= -1.736131   kbcos= -0.003799

KBgen: Total number of  Kleinman-Bylander projectors:    9
atom: -------------------------------------------------------------------------

atom: SANKEY-TYPE ORBITALS:

SPLIT: Orbitals with angular momentum L= 0

SPLIT: Basis orbitals for state 2s

SPLIT: PAO cut-off radius determined from an
SPLIT: energy shift=  0.020000 Ry

   izeta = 1
                 lambda =    1.000000
                     rc =    3.683980
                 energy =   -1.333791
                kinetic =    1.257053
    potential(screened) =   -2.590844
       potential(ionic) =   -8.165674

SPLIT: Orbitals with angular momentum L= 1

SPLIT: Basis orbitals for state 2p

SPLIT: PAO cut-off radius determined from an
SPLIT: energy shift=  0.020000 Ry

   izeta = 1
                 lambda =    1.000000
                     rc =    4.280232
                 energy =   -0.512460
                kinetic =    3.775375
    potential(screened) =   -4.287835
       potential(ionic) =   -9.745937
atom: Total number of Sankey-type orbitals:  4

atm_pop: Valence configuration (for local Pseudopot. screening):
 2s( 2.00)                                                            
 2p( 3.00)                                                            
Vna: chval, zval:    5.00000   5.00000

Vna:  Cut-off radius for the neutral-atom potential:   4.280232

atom: _________________________________________________________________________

prinput: Basis input ----------------------------------------------------------

PAO.BasisType split     

%block ChemicalSpeciesLabel
    1    7 N                       # Species index, atomic number, species label
%endblock ChemicalSpeciesLabel

%block PAO.Basis                 # Define Basis set
N                     2                    # Species label, number of l-shells
 n=2   0   1                         # n, l, Nzeta 
   3.684   
   1.000   
 n=2   1   1                         # n, l, Nzeta 
   4.280   
   1.000   
%endblock PAO.Basis

prinput: ----------------------------------------------------------------------

Dumping basis to NetCDF file N.ion.nc
coor:   Atomic-coordinates input format  =     Cartesian coordinates
coor:                                          (in Angstroms)

siesta: Atomic coordinates (Bohr) and species
siesta:      3.77945   3.77945   1.88973  1        1

siesta: System type = chain     

initatomlists: Number of atoms, orbitals, and projectors:      1     4     9

siesta: ******************** Simulation parameters ****************************
siesta:
siesta: The following are some of the parameters of the simulation.
siesta: A complete list of the parameters used, including default values,
siesta: can be found in file out.fdf
siesta:
redata: Spin configuration                          = none
redata: Number of spin components                   = 1
redata: Time-Reversal Symmetry                      = T
redata: Spin-spiral                                 = F
redata: Long output                                 =   F
redata: Number of Atomic Species                    =        1
redata: Charge density info will appear in .RHO file
redata: Write Mulliken Pop.                         = NO
redata: Mesh Cutoff                                 =    50.0000 Ry
redata: Net charge of the system                    =     0.0000 |e|
redata: Min. number of SCF Iter                     =        0
redata: Max. number of SCF Iter                     =       50
redata: SCF mix quantity                            = Hamiltonian
redata: Mix DM or H after convergence               =   F
redata: Recompute H after scf cycle                 =   F
redata: Mix DM in first SCF step                    =   T
redata: Write Pulay info on disk                    =   F
redata: New DM Mixing Weight                        =     0.2500
redata: New DM Occupancy tolerance                  = 0.000000000001
redata: No kicks to SCF
redata: DM Mixing Weight for Kicks                  =     0.5000
redata: Require Harris convergence for SCF          =   F
redata: Harris energy tolerance for SCF             =     0.000100 eV
redata: Require DM convergence for SCF              =   T
redata: DM tolerance for SCF                        =     0.0001
redata: Require EDM convergence for SCF             =   F
redata: EDM tolerance for SCF                       =     0.001000 eV
redata: Require H convergence for SCF               =   T
redata: Hamiltonian tolerance for SCF               =     0.001000 eV
redata: Require (free) Energy convergence for SCF   =   F
redata: (free) Energy tolerance for SCF             =     0.000100 eV
redata: Using Saved Data (generic)                  =   F
redata: Use continuation files for DM               =   F
redata: Neglect nonoverlap interactions             =   F
redata: Method of Calculation                       = Diagonalization
redata: Divide and Conquer                          =   T
redata: Electronic Temperature                      =   299.9869 K
redata: Fix the spin of the system                  =   F
redata: Dynamics option                             = Single-point calculation
mix.SCF: Pulay mixing                            = Pulay
mix.SCF:    Variant                              = stable
mix.SCF:    History steps                        = 2
mix.SCF:    Linear mixing weight                 =     0.250000
mix.SCF:    Mixing weight                        =     0.250000
mix.SCF:    SVD condition                        = 0.1000E-07
redata: Save all siesta data in one NC              =   F
redata: ***********************************************************************

%block SCF.Mixers
  Pulay
%endblock SCF.Mixers

%block SCF.Mixer.Pulay
  # Mixing method
  method pulay
  variant stable

  # Mixing options
  weight 0.2500
  weight.linear 0.2500
  history 2
%endblock SCF.Mixer.Pulay

DM_history_depth set to one: no extrapolation allowed by default for geometry relaxation
Size of DM history Fstack: 1
Total number of electrons:     5.000000
Total ionic charge:     5.000000

* ProcessorY, Blocksize:    2   1


* Orbital distribution balance (max,min):     1     1

k-point displ. along   3 input, could be:     0.00    0.50
 Kpoints in:           26 . Kpoints trimmed:           26

siesta: k-grid: Number of k-points =    26
siesta: k-grid: Cutoff (effective) =     4.000 Ang
siesta: k-grid: Supercell and displacements
siesta: k-grid:    1   0   0      0.000
siesta: k-grid:    0   1   0      0.000
siesta: k-grid:    0   0  50      0.000

superc: Internal auxiliary supercell:     1 x     1 x     5  =       5
superc: Number of atoms, orbitals, and projectors:      5     20     45


                     ====================================
                        Single-point calculation
                     ====================================

superc: Internal auxiliary supercell:     1 x     1 x     5  =       5
superc: Number of atoms, orbitals, and projectors:      5     20     45

outcell: Unit cell vectors (Ang):
        8.000000    0.000000    0.000000
        0.000000    8.000000    0.000000
        0.000000    0.000000    2.000000

outcell: Cell vector modules (Ang)   :    8.000000    8.000000    2.000000
outcell: Cell angles (23,13,12) (deg):     90.0000     90.0000     90.0000
outcell: Cell volume (Ang**3)        :    128.0000
<dSpData1D:S at geom step 0
  <sparsity:sparsity for geom step 0
    nrows_g=4 nrows=1 sparsity=1.2500 nnzs=20, refcount: 7>
  <dData1D:(new from dSpData1D) n=20, refcount: 1>
refcount: 1>
new_DM -- step:     1
Initializing Density Matrix...
DM filled with atomic data:
<dSpData2D:DM initialized from atoms
  <sparsity:sparsity for geom step 0
    nrows_g=4 nrows=1 sparsity=1.2500 nnzs=20, refcount: 8>
  <dData2D:DM n=20 m=1, refcount: 1>
refcount: 1>

No. of atoms with KB's overlaping orbs in proc 0. Max # of overlaps:       3      12
New grid distribution:   1
           1       1:   18    1:    9    1:    3
           2       1:   18    1:    9    4:    5
           3       1:   18   10:   18    1:    3
           4       1:   18   10:   18    4:    5

InitMesh: MESH =    36 x    36 x    10 =       12960
InitMesh: (bp) =    18 x    18 x     5 =        1620
InitMesh: Mesh cutoff (required, used) =    50.000    55.966 Ry
ExtMesh (bp) on 0 =    42 x    33 x    27 =       37422
New grid distribution:   2
           1       6:   18    1:    5    1:    5
           2       1:    5    1:    5    1:    5
           3       6:   18    6:   18    1:    5
           4       1:    5    6:   18    1:    5
New grid distribution:   3
           1       6:   18    1:    5    1:    5
           2       1:    5    1:    5    1:    5
           3       6:   18    6:   18    1:    5
           4       1:    5    6:   18    1:    5
Setting up quadratic distribution...
ExtMesh (bp) on 0 =    37 x    29 x    29 =       31117
PhiOnMesh: Number of (b)points on node 0 =                  325
PhiOnMesh: nlist on node 0 =                  688

stepf: Fermi-Dirac step function

siesta: Program's energy decomposition (eV):
siesta: Ebs     =       -56.378150
siesta: Eions   =       541.360355
siesta: Ena     =       160.337859
siesta: Ekin    =       175.978214
siesta: Enl     =        -4.600730
siesta: Eso     =         0.000000
siesta: Eldau   =         0.000000
siesta: DEna    =         6.234473
siesta: DUscf   =         0.121815
siesta: DUext   =         0.000000
siesta: Exc     =       -61.165777
siesta: eta*DQ  =         0.000000
siesta: Emadel  =         0.000000
siesta: Emeta   =         0.000000
siesta: Emolmec =         0.000000
siesta: Ekinion =         0.000000
siesta: Eharris =      -267.110854
siesta: Etot    =      -264.454501
siesta: FreeEng =      -264.455581

        iscf     Eharris(eV)        E_KS(eV)     FreeEng(eV)     dDmax    Ef(eV) dHmax(eV)
   scf:    1     -267.110854     -264.454501     -264.455581  0.582960 -4.720021  1.162303
timer: Routine,Calls,Time,% = IterSCF        1       0.045  28.13
   scf:    2     -264.454685     -264.454593     -264.455650  0.000478 -4.974711  0.871034
   scf:    3     -264.454556     -264.454575     -264.455687  0.001090 -5.733829  0.001933
   scf:    4     -264.454575     -264.454575     -264.455687  0.000001 -5.734936  0.000418

SCF Convergence by DM+H criterion
max |DM_out - DM_in|         :     0.0000012957
max |H_out - H_in|      (eV) :     0.0004179078
SCF cycle converged after 4 iterations

Using DM_out to compute the final energy and forces
No. of atoms with KB's overlaping orbs in proc 0. Max # of overlaps:       3      12

siesta: E_KS(eV) =             -264.4546

siesta: E_KS - E_eggbox =      -264.4546

siesta: Atomic forces (eV/Ang):
----------------------------------------
   Tot   -0.000000    0.000000    0.000000
----------------------------------------
   Max    0.000000
   Res    0.000000    sqrt( Sum f_i^2 / 3N )
----------------------------------------
   Max    0.000000    constrained

Stress-tensor-Voigt (kbar):        1.19        1.19      107.83       -0.00       -0.00       -0.00
(Free)E + p*V (eV/cell)     -267.3909
Target enthalpy (eV/cell)     -264.4557
Writing WFSX for COOP/COHP in n_chain.fullBZ.WFSX
siesta: PDOS info: 
siesta: e1, e2, sigma, nhist:   -20.00 eV    4.00 eV    0.50 eV    500

siesta: Program's energy decomposition (eV):
siesta: Ebs     =       -56.371874
siesta: Eions   =       541.360355
siesta: Ena     =       160.337859
siesta: Ekin    =       175.970276
siesta: Enl     =        -4.580378
siesta: Eso     =         0.000000
siesta: Eldau   =         0.000000
siesta: DEna    =         6.224640
siesta: DUscf   =         0.121541
siesta: DUext   =         0.000000
siesta: Exc     =       -61.168157
siesta: eta*DQ  =         0.000000
siesta: Emadel  =         0.000000
siesta: Emeta   =         0.000000
siesta: Emolmec =         0.000000
siesta: Ekinion =         0.000000
siesta: Eharris =      -264.454575
siesta: Etot    =      -264.454575
siesta: FreeEng =      -264.455687

siesta: Final energy (eV):
siesta:  Band Struct. =     -56.371874
siesta:       Kinetic =     175.970276
siesta:       Hartree =     223.008072
siesta:       Eldau   =       0.000000
siesta:       Eso     =       0.000000
siesta:    Ext. field =       0.000000
siesta:   Exch.-corr. =     -61.168157
siesta:  Ion-electron =    -598.327379
siesta:       Ion-ion =      -3.937387
siesta:       Ekinion =       0.000000
siesta:         Total =    -264.454575
siesta:         Fermi =      -5.734936

siesta: Stress tensor (static) (eV/Ang**3):
siesta:     0.000746   -0.000000   -0.000000
siesta:    -0.000000    0.000746   -0.000000
siesta:    -0.000000   -0.000000    0.067303

siesta: Cell volume =        128.000000 Ang**3

siesta: Pressure (static):
siesta:                Solid            Molecule  Units
siesta:          -0.00024975         -0.00024975  Ry/Bohr**3
siesta:          -0.02293138         -0.02293138  eV/Ang**3
siesta:         -36.74051303        -36.74051303  kBar
(Free)E+ p_basis*V_orbitals  =        -264.356189
(Free)Eharris+ p_basis*V_orbitals  =        -264.356189

siesta: Electric dipole (a.u.)  =    0.000000   -0.000000    0.000000
siesta: Electric dipole (Debye) =    0.000000   -0.000000    0.000000
>> End of run:   2-JUL-2017  11:57:40
Job completed
