Siesta Version  : siesta-4.0--578
Architecture    : x86_64-linux-n-62-25-35
Compiler version: GNU Fortran (GCC) 7.3.0
Compiler flags  : mpif90 -m64 -fPIC -O3 -march=native -ftree-vectorize -fexpensive-optimizationns -funroll-loops -fprefetch-loop-arrays -fno-second-underscore
PP flags        : -I/zdata/groups/common/nicpa/2018-feb/generic/build-tools/1.0/include -I/zdatta/groups/common/nicpa/2018-feb/generic/gcc/7.3.0/include -I/zdata/groups/common/nicpa/2018-feb/generic/gcc/7.3.0/include -I/zdata/groups/common/nicpa/2018-feb/XeonE5-2660v3/zlib/1.2.11/gnu-7.3.0/include -I/zdata/groups/common/nicpa/2018-feb/generic/numactl/2.0.11/include -I/zdata/groups/common/nicpa/2018-feb/XeonE5-2660v3/libxml2/2.9.7/gnu-7.3.0/include -I/zdata/groups/common/nicpa/2018-feb/XeonE5-2660v3/hwloc/1.11.9/gnu-7.3.0/include -I/zdata/groups/common/nicpa/2018-feb/XeonE5-2660v3/openmpi/3.0.0/gnu-7.3.0/include -I/zdata/groups/common/nicpa/2018-feb/XeonE5-2660v3/szip/2.1.1/gnu-7.3.0/include -I/zdata/groups/common/nicpa/2018-feb/XeonE5-2660v3/hdf5-serial/1.8.18/gnu-7.3.0/include -I/zdata/groups/common/nicpa/2018-feb/XeonE5-2660v3/netcdf-serial/4.6.0/gnu-7.3.0/include -I/zdata/groups/common/nicpa/2018-feb/XeonE5-2660v3/scalapack/204/gnu-7.3.0/include -I/zdata/groups/common/nicpa/2018-feb/XeonE5-2660v3/openblas/0.2.20/gnu-7.3.0/include -I/zdata/groups/common/nicpa/2018-feb/XeonE5-2660v3/elpa/2017.05.003/gnu-7.3.0/include -DSIESTA__ELPA -DMPI -D1 -DFC_HAVE_ABORT -DCDF -DSIESTA__MRRR 
PARALLEL version
NetCDF support

* Running on    8 nodes in parallel
>> Start of run:  10-JUN-2018  21:52:22

                           ***********************       
                           *  WELCOME TO SIESTA  *       
                           ***********************       

reinit: Reading from standard input
************************** Dump of input data file ****************************
SystemName      bulk Lead
SystemLabel     pb_bulk_1000
NumberOfSpecies      1
NumberOfAtoms	     1
%block ChemicalSpeciesLabel
    1    82    Pb
%endblock ChemicalSpeciesLabel
%block PS.lmax
   Pb   3
%endblock PS.lmax
LatticeConstant      4.89 Ang
%block LatticeVectors
   0.50    0.50    0.00
   0.50    0.00    0.50
   0.00    0.50    0.50
%endblock LatticeVectors
AtomicCoordinatesFormat	     ScaledCartesian
%block AtomicCoordinatesAndAtomicSpecies
        0.000000        0.000000        0.000000        1
%endblock AtomicCoordinatesAndAtomicSpecies
%block kgrid_Monkhorst_Pack
   7   0    0    0.5
   0   7    0    0.5
   0    0   7    0.5
%endblock kgrid_Monkhorst_Pack
MeshCutoff             1000  Ry
DM.NumberPulay         3
DM.MixingWeight        0.05
WriteDM F
%Block PAO.Basis
Pb   3     -0.30296
 n=6   0   2   E     3.76509     2.94865
     5.41509     4.89944
     1.00000     1.00000
 n=6   1   2   E     2.50435     0.86601
     6.12615     5.62330
     1.00000     1.00000
 n=6   2   1   E   135.64896     4.82387
     5.14075
     1.00000
%EndBlock PAO.Basis
************************** End of input data file *****************************

reinit: -----------------------------------------------------------------------
reinit: System Name: bulk Lead
reinit: -----------------------------------------------------------------------
reinit: System Label: pb_bulk_1000                                                
reinit: -----------------------------------------------------------------------

initatom: Reading input for the pseudopotentials and atomic orbitals ----------
 Species number:            1  Label: Pb Atomic number:          82
Ground state valence configuration:   6s02  6p02
Reading pseudopotential information in formatted form from Pb.psf

Pseudopotential generated from a relativistic atomic calculation
There are spin-orbit pseudopotentials available
Spin-orbit interaction is not included in this calculation

Valence configuration for pseudopotential generation:
6s( 2.00) rc: 2.18
6p( 2.00) rc: 2.87
6d( 0.00) rc: 2.98
5f( 0.00) rc: 2.87
relmxkb: Read Max KB Ang. Momentum=    3 for species Pb

<basis_specs>
===============================================================================
Pb                   Z=  82    Mass=  207.20        Charge=-0.30296    
Lmxo=2 Lmxkb= 3    BasisType=split      Semic=F
L=0  Nsemic=0  Cnfigmx=6
          n=1  nzeta=2  polorb=0
            splnorm:   0.15000    
               vcte:    3.7651    
               rinn:    2.9487    
               qcoe:    0.0000    
               qyuk:    0.0000    
               qwid:   0.10000E-01
                rcs:    5.4151      4.8994    
            lambdas:    1.0000      1.0000    
L=1  Nsemic=0  Cnfigmx=6
          n=1  nzeta=2  polorb=0
            splnorm:   0.15000    
               vcte:    2.5044    
               rinn:   0.86601    
               qcoe:    0.0000    
               qyuk:    0.0000    
               qwid:   0.10000E-01
                rcs:    6.1261      5.6233    
            lambdas:    1.0000      1.0000    
L=2  Nsemic=0  Cnfigmx=6
          n=1  nzeta=1  polorb=0
            splnorm:   0.15000    
               vcte:    135.65    
               rinn:    4.8239    
               qcoe:    0.0000    
               qyuk:    0.0000    
               qwid:   0.10000E-01
                rcs:    5.1407    
            lambdas:    1.0000    
-------------------------------------------------------------------------------
L=0  Nkbl=1  erefs: 0.17977+309
L=1  Nkbl=1  erefs: 0.17977+309
L=2  Nkbl=1  erefs: 0.17977+309
L=3  Nkbl=1  erefs: 0.17977+309
===============================================================================
</basis_specs>

atom: Called for Pb                    (Z =  82)

read_vps: Pseudopotential generation method:
read_vps: ATM3      Troullier-Martins                       
Total valence charge:    4.00000

read_vps: Pseudopotential includes a core correction:
read_vps: Pseudo-core for xc-correction

xc_check: Exchange-correlation functional:
xc_check: Ceperley-Alder
V l=0 = -2*Zval/r beyond r=  4.3417
V l=1 = -2*Zval/r beyond r=  4.3417
V l=2 = -2*Zval/r beyond r=  4.3417
V l=3 = -2*Zval/r beyond r=  4.3417
All V_l potentials equal beyond r=  2.9469
This should be close to max(r_c) in ps generation
All pots = -2*Zval/r beyond r=  4.3417
Using large-core scheme for Vlocal

atom: Estimated core radius    4.34173
atom: Maximum radius for 4*pi*r*r*local-pseudopot. charge    4.73875
atom: Maximum radius for r*vlocal+2*Zval:    4.39635
GHOST: No ghost state for L =  0
GHOST: No ghost state for L =  1
GHOST: No ghost state for L =  2
GHOST: No ghost state for L =  3

KBgen: Kleinman-Bylander projectors: 
   l= 0   rc=  3.021552   el= -0.897425   Ekb=  7.460315   kbcos=  0.182446
   l= 1   rc=  3.059559   el= -0.274092   Ekb=  2.458119   kbcos=  0.255536
   l= 2   rc=  3.059559   el=  0.002395   Ekb=  3.554855   kbcos=  0.076826
   l= 3   rc=  3.059559   el=  0.003524   Ekb= -1.662449   kbcos= -0.034384

KBgen: Total number of  Kleinman-Bylander projectors:   16
atom: -------------------------------------------------------------------------

atom: SANKEY-TYPE ORBITALS:
atom: Selected multiple-zeta basis: split     

atom: basis set generated (by rescaling the valence charge)
atom: for an anion of charge  -0.3030

SPLIT: Orbitals with angular momentum L= 0

SPLIT: Basis orbitals for state 6s

   izeta = 1
                 lambda =    1.000000
                     rc =    5.437260
                 energy =   -0.885135
                kinetic =    0.601459
    potential(screened) =   -1.486593
       potential(ionic) =   -3.374130

   izeta = 2
                 rmatch =    4.919833
              splitnorm =    0.064481
                 energy =   -0.835832
                kinetic =    0.802803
    potential(screened) =   -1.638636
       potential(ionic) =   -3.544488

SPLIT: Orbitals with angular momentum L= 1

SPLIT: Basis orbitals for state 6p

   izeta = 1
                 lambda =    1.000000
                     rc =    6.161226
                 energy =   -0.228218
                kinetic =    0.741633
    potential(screened) =   -0.969851
       potential(ionic) =   -2.823604

   izeta = 2
                 rmatch =    5.716035
              splitnorm =    0.049483
                 energy =   -0.174498
* WARNING: effective split_norm is quite small. Orbitals will be very similar.
                kinetic =    0.884465
    potential(screened) =   -1.058964
       potential(ionic) =   -2.950318

SPLIT: Orbitals with angular momentum L= 2

SPLIT: Basis orbitals for state 6d

   izeta = 1
                 lambda =    1.000000
                     rc =    5.172080
                 energy =    0.650319
                kinetic =    1.811423
    potential(screened) =   -1.161104
       potential(ionic) =   -2.940924
atom: Total number of Sankey-type orbitals: 13

atm_pop: Valence configuration (for local Pseudopot. screening):
 6s( 2.00)                                                            
 6p( 2.00)                                                            
 6d( 0.00)                                                            
Vna: chval, zval:    4.00000   4.00000

Vna:  Cut-off radius for the neutral-atom potential:   6.161226
comcore: Pseudo-core radius Rcore=  5.574905

atom: _________________________________________________________________________

prinput: Basis input ----------------------------------------------------------

PAO.BasisType split     

%block ChemicalSpeciesLabel
    1   82 Pb                      # Species index, atomic number, species label
%endblock ChemicalSpeciesLabel

%block PAO.Basis                 # Define Basis set
Pb                    3  -0.303            # Label, l-shells, ionic net charge
 n=6   0   2                         # n, l, Nzeta 
   5.437      4.920   
   1.000      1.000   
 n=6   1   2                         # n, l, Nzeta 
   6.161      5.716   
   1.000      1.000   
 n=6   2   1                         # n, l, Nzeta 
   5.172   
   1.000   
%endblock PAO.Basis

prinput: ----------------------------------------------------------------------

Dumping basis to NetCDF file Pb.ion.nc
coor:   Atomic-coordinates input format  =     Cartesian coordinates
coor:                                          (in units of alat)

siesta: Atomic coordinates (Bohr) and species
siesta:      0.00000   0.00000   0.00000  1        1

siesta: System type = bulk      

initatomlists: Number of atoms, orbitals, and projectors:      1    13    16

siesta: ******************** Simulation parameters ****************************
siesta:
siesta: The following are some of the parameters of the simulation.
siesta: A complete list of the parameters used, including default values,
siesta: can be found in file out.fdf
siesta:
redata: Non-Collinear-spin run           =     F
redata: SpinPolarized (Up/Down) run      =     F
redata: Number of spin components        =     1
redata: Long output                      =     F
redata: Number of Atomic Species         =        1
redata: Charge density info will appear in .RHO file
redata: Write Mulliken Pop.              =     NO
redata: Matel table size (NRTAB)         =     1024
redata: Mesh Cutoff                      =  1000.0000 Ry
redata: Net charge of the system         =     0.0000 |e|
redata: Min. number of SCF Iter          =        0
redata: Max. number of SCF Iter          =       50
redata: Mix DM or H after convergence    =     F
redata: Recompute H after scf cycle      =     F
redata: Performing Pulay mixing using    =     3 iterations
redata: Mix DM in first SCF step ?       =     F
redata: Write Pulay info on disk?        =     F
redata: Discard 1st Pulay DM after  kick =     F
redata: New DM Mixing Weight             =     0.0500
redata: New DM Occupancy tolerance       = 0.000000000001
redata: No kicks to SCF
redata: DM Mixing Weight for Kicks       =     0.5000
redata: DM Tolerance for SCF             =     0.000100
redata: Require (free) Energy convergence in SCF =     F
redata: DM (free)Energy tolerance for SCF =     0.000010 eV
redata: Require Harris convergence for SCF =     F
redata: DM Harris energy tolerance for SCF =     0.000010 eV
redata: Using Saved Data (generic)   =     F
redata: Use continuation files for DM    =     F
redata: Neglect nonoverlap interactions  =     F
redata: Method of Calculation            =     Diagonalization
redata: Divide and Conquer               =     T
redata: Electronic Temperature           =     0.0019  Ry
redata: Fix the spin of the system       =     F
redata: Dynamics option                  =     Single-point calculation
redata: ***********************************************************************
Total number of electrons:     4.000000
Total ionic charge:     4.000000

* ProcessorY, Blocksize:    2   1


* Orbital distribution balance (max,min):     2     1

k-point displ. along   1 input, could be:     0.50    0.00
k-point displ. along   2 input, could be:     0.50    0.00
k-point displ. along   3 input, could be:     0.50    0.00
 Kpoints in:          196 . Kpoints trimmed:          196

siesta: k-grid: Number of k-points =   196
siesta: k-grid: Cutoff (effective) =    12.102 Ang
siesta: k-grid: Supercell and displacements
siesta: k-grid:    7   0   0      0.500
siesta: k-grid:    0   7   0      0.500
siesta: k-grid:    0   0   7      0.500
Naive supercell factors:     6    6    6

superc: Internal auxiliary supercell:     6 x     6 x     6  =     216
superc: Number of atoms, orbitals, and projectors:    216   2808   3456

                     ====================================
                        Single-point calculation
                     ====================================

superc: Internal auxiliary supercell:     6 x     6 x     6  =     216
superc: Number of atoms, orbitals, and projectors:    216   2808   3456

outcell: Unit cell vectors (Ang):
        2.445000    2.445000    0.000000
        2.445000    0.000000    2.445000
        0.000000    2.445000    2.445000

outcell: Cell vector modules (Ang)   :    3.457752    3.457752    3.457752
outcell: Cell angles (23,13,12) (deg):     60.0000     60.0000     60.0000
outcell: Cell volume (Ang**3)        :     29.2325
New_DM. Step:     1
Initializing Density Matrix...
New grid distribution:   1
           1       1:   27    1:   14    1:    7
           2       1:   27    1:   14    8:   14
           3       1:   27    1:   14   15:   21
           4       1:   27    1:   14   22:   27
           5       1:   27   15:   27    1:    7
           6       1:   27   15:   27    8:   14
           7       1:   27   15:   27   15:   21
           8       1:   27   15:   27   22:   27

InitMesh: MESH =    54 x    54 x    54 =      157464
InitMesh: (bp) =    27 x    27 x    27 =       19683
InitMesh: Mesh cutoff (required, used) =  1000.000  1011.097 Ry
ExtMesh (bp) on 0 =   155 x   142 x   135 =     2971350
New grid distribution:   2
           1       1:   14    1:   14    1:   14
           2      15:   27   15:   27    1:   14
           3       1:   14    1:   14   15:   27
           4      15:   27    1:   14   15:   27
           5       1:   14   15:   27    1:   14
           6      15:   27    1:   14    1:   14
           7       1:   14   15:   27   15:   27
           8      15:   27   15:   27   15:   27
New grid distribution:   3
           1       1:   14    1:   14    1:   14
           2      15:   27   15:   27    1:   14
           3       1:   14    1:   14   15:   27
           4      15:   27    1:   14   15:   27
           5       1:   14   15:   27    1:   14
           6      15:   27    1:   14    1:   14
           7       1:   14   15:   27   15:   27
           8      15:   27   15:   27   15:   27
Setting up quadratic distribution...
ExtMesh (bp) on 0 =   142 x   142 x   142 =     2863288
PhiOnMesh: Number of (b)points on node 0 =                 2744
PhiOnMesh: nlist on node 0 =               137896

stepf: Fermi-Dirac step function

siesta: Program's energy decomposition (eV):
siesta: Ebs     =       -29.860176
siesta: Eions   =       122.930792
siesta: Ena     =        18.410263
siesta: Ekin    =        36.550578
siesta: Enl     =        13.411994
siesta: DEna    =        -0.000000
siesta: DUscf   =         0.000000
siesta: DUext   =         0.000000
siesta: Exc     =      -291.614169
siesta: eta*DQ  =         0.000000
siesta: Emadel  =         0.000000
siesta: Emeta   =         0.000000
siesta: Emolmec =         0.000000
siesta: Ekinion =         0.000000
siesta: Eharris =      -349.829027
siesta: Etot    =      -346.172127
siesta: FreeEng =      -346.173468

   scf: iscf   Eharris(eV)      E_KS(eV)   FreeEng(eV)    dDmax  Ef(eV)
   scf:    1     -349.8290     -346.1721     -346.1735  0.24228 -2.1268
timer: Routine,Calls,Time,% =    IterSCF     1       0.945  38.94
   scf:    2     -349.7837     -349.7797     -349.7812  0.04063 -2.2849
   scf:    3     -349.7834     -349.5628     -349.5644  0.05044 -2.2745
   scf:    4     -349.7834     -349.7925     -349.7941  0.00169 -2.2739
   scf:    5     -349.7834     -349.7839     -349.7855  0.00014 -2.2729
   scf:    6     -349.7834     -349.7839     -349.7855  0.00013 -2.2729
   scf:    7     -349.7834     -349.7832     -349.7848  0.00001 -2.2728

SCF Convergence by dMax criterion
max |DM_out - DM_in|:     0.00001025
SCF cycle converged after    7 iterations

Using DM_out to compute the final energy and forces

siesta: E_KS(eV) =             -349.7834

siesta: E_KS - E_eggbox =      -349.7834

siesta: Atomic forces (eV/Ang):
----------------------------------------
   Tot   -0.000000    0.000000    0.000000
----------------------------------------
   Max    0.000000
   Res    0.000000    sqrt( Sum f_i^2 / 3N )
----------------------------------------
   Max    0.000000    constrained

Stress-tensor-Voigt (kbar):       15.07       15.07       15.07       -8.74       -8.74       -8.74
(Free)E + p*V (eV/cell)     -350.0598
Target enthalpy (eV/cell)     -349.7849

siesta: Program's energy decomposition (eV):
siesta: Ebs     =       -30.650494
siesta: Eions   =       122.930792
siesta: Ena     =        18.410263
siesta: Ekin    =        31.118020
siesta: Enl     =        11.600275
siesta: DEna    =         1.963184
siesta: DUscf   =         0.091644
siesta: DUext   =         0.000000
siesta: Exc     =      -290.035959
siesta: eta*DQ  =         0.000000
siesta: Emadel  =         0.000000
siesta: Emeta   =         0.000000
siesta: Emolmec =         0.000000
siesta: Ekinion =         0.000000
siesta: Eharris =      -349.783365
siesta: Etot    =      -349.783365
siesta: FreeEng =      -349.784941

siesta: Final energy (eV):
siesta:  Band Struct. =     -30.650494
siesta:       Kinetic =      31.118020
siesta:       Hartree =       1.221259
siesta:    Ext. field =       0.000000
siesta:   Exch.-corr. =    -290.035959
siesta:  Ion-electron =     -16.950144
siesta:       Ion-ion =     -75.136540
siesta:       Ekinion =       0.000000
siesta:         Total =    -349.783365

siesta: Stress tensor (static) (eV/Ang**3):
siesta:     0.009403   -0.005455   -0.005455
siesta:    -0.005455    0.009403   -0.005455
siesta:    -0.005455   -0.005455    0.009403

siesta: Cell volume =         29.232542 Ang**3

siesta: Pressure (static):
siesta:                Solid            Molecule  Units
siesta:          -0.00010241         -0.00010241  Ry/Bohr**3
siesta:          -0.00940276         -0.00940276  eV/Ang**3
siesta:         -15.06505046        -15.06505046  kBar
(Free)E+ p_basis*V_orbitals  =        -349.134991
(Free)Eharris+ p_basis*V_orbitals  =        -349.134991
>> End of run:  10-JUN-2018  21:52:30
Job completed
