Siesta Version: siesta@uam.es--2006/siesta-devel--reference--2.1--patch-35
Architecture  : intel9 with Siesta libs
Compiler flags: ifort -w -O2 -mp
SERIAL version

* Running in serial mode
>> Start of run:  31-JAN-2007  17:18:34

                           ***********************       
                           *  WELCOME TO SIESTA  *       
                           ***********************       

reinit: Reading from standard input
************************** Dump of input data file ****************************
SystemName      bulk Lead
SystemLabel     pb_filter_pcc
NumberOfSpecies      1
NumberOfAtoms	     1
%block ChemicalSpeciesLabel
    1    82    Pb
%endblock ChemicalSpeciesLabel
%block PS.lmax
   Pb   3
%endblock PS.lmax
LatticeConstant      4.89 Ang
%block LatticeVectors
   0.50    0.50    0.00
   0.50    0.00    0.50
   0.00    0.50    0.50
%endblock LatticeVectors
AtomicCoordinatesFormat	     ScaledCartesian
%block AtomicCoordinatesAndAtomicSpecies
        0.000000        0.000000        0.000000        1
%endblock AtomicCoordinatesAndAtomicSpecies
%block kgrid_Monkhorst_Pack
   7   0    0    0.5
   0   7    0    0.5
   0    0   7    0.5
%endblock kgrid_Monkhorst_Pack
MeshCutoff             75  Ry
DM.NumberPulay         3
DM.MixingWeight        0.05
WriteDM F
%Block PAO.Basis
Pb   3     -0.30296
 n=6   0   2   E     3.76509     2.94865
     5.41509     4.89944
     1.00000     1.00000
 n=6   1   2   E     2.50435     0.86601
     6.12615     5.62330
     1.00000     1.00000
 n=6   2   1   E   135.64896     4.82387
     5.14075
     1.00000
%EndBlock PAO.Basis
PAO.Filter .false.
Vna.filter .false.
PCC.filter .true.
************************** End of input data file *****************************

reinit: -----------------------------------------------------------------------
reinit: System Name: bulk Lead                                                  
reinit: -----------------------------------------------------------------------
reinit: System Label: pb_filter_pcc                                               
reinit: -----------------------------------------------------------------------

initatom: Reading input for the pseudopotentials and atomic orbitals ----------
 Species number:            1  Label: Pb Atomic number:          82
Ground state valence configuration:   6s02  6p02
Reading pseudopotential information in formatted form from Pb.psf

Pseudopotential generated from a relativistic atomic calculation
There are spin-orbit pseudopotentials available
Spin-orbit interaction is not included in this calculation

Valence configuration for pseudopotential generation:
6s( 2.00) rc: 2.18
6p( 2.00) rc: 2.87
6d( 0.00) rc: 2.98
5f( 0.00) rc: 2.87
Dumping pseudopotential information in formatted form in Pb.psdump
relmxkb: Read Max KB Ang. Momentum=    3 for species Pb

<basis_specs>
===============================================================================
Pb                   Z=  82    Mass=  207.20        Charge=-0.30296    
Lmxo=2 Lmxkb=3     BasisType=split      Semic=F
L=0  Nsemic=0  Cnfigmx=6
          n=1  nzeta=2  polorb=0
            splnorm:   0.15000    
               vcte:    3.7651    
               rinn:    2.9487    
                rcs:    5.4151      4.8994    
            lambdas:    1.0000      1.0000    
L=1  Nsemic=0  Cnfigmx=6
          n=1  nzeta=2  polorb=0
            splnorm:   0.15000    
               vcte:    2.5044    
               rinn:   0.86601    
                rcs:    6.1261      5.6233    
            lambdas:    1.0000      1.0000    
L=2  Nsemic=0  Cnfigmx=6
          n=1  nzeta=1  polorb=0
            splnorm:   0.15000    
               vcte:    135.65    
               rinn:    4.8239    
                rcs:    5.1407    
            lambdas:    1.0000    
-------------------------------------------------------------------------------
L=0  Nkbl=1  erefs: 0.17977+309
L=1  Nkbl=1  erefs: 0.17977+309
L=2  Nkbl=1  erefs: 0.17977+309
L=3  Nkbl=1  erefs: 0.17977+309
===============================================================================
</basis_specs>

atom: Called for Pb                    (Z =  82)

read_vps: Pseudopotential generation method:
read_vps: ATM3      Troullier-Martins                       
Total valence charge:    4.00000

read_vps: Pseudopotential includes a core correction:
read_vps: Pseudo-core for xc-correction
comcore: Pseudo-core radius Rcore=  5.574905
Corecharge: Filtered PCC cutoff (Bohr^-1):   8.660

xc_check: Exchange-correlation functional:
xc_check: Ceperley-Alder
V l=0 = -2*Zval/r beyond r=  4.3417
V l=1 = -2*Zval/r beyond r=  4.3417
V l=2 = -2*Zval/r beyond r=  4.3417
V l=3 = -2*Zval/r beyond r=  4.3417
All V_l potentials equal beyond r=  2.9469
This should be close to max(r_c) in ps generation
All pots = -2*Zval/r beyond r=  4.3417
Using large-core scheme for Vlocal

atom: Estimated core radius    4.34173
atom: Maximum radius for 4*pi*r*r*local-pseudopot. charge    4.73875
atom: Maximum radius for r*vlocal+2*Zval:    4.39635
GHOST: No ghost state for L =  0
GHOST: No ghost state for L =  1
GHOST: No ghost state for L =  2
GHOST: No ghost state for L =  3

KBgen: Kleinman-Bylander projectors: 
   l= 0   rc=  3.021552   el= -0.897148   Ekb=  7.459767   kbcos=  0.182525
   l= 1   rc=  3.059559   el= -0.272400   Ekb=  2.458203   kbcos=  0.256514
   l= 2   rc=  3.059559   el=  0.002395   Ekb=  3.554700   kbcos=  0.076568
   l= 3   rc=  3.059559   el=  0.003524   Ekb= -1.662445   kbcos= -0.034235

KBgen: Total number of  Kleinman-Bylander projectors:   16
atom: -------------------------------------------------------------------------

atom: SANKEY-TYPE ORBITALS:
atom: Selected multiple-zeta basis: split     

atom: basis set generated (by rescaling the valence charge)
atom: for an anion of charge  -0.3030

SPLIT: Orbitals with angular momentum L= 0

SPLIT: Basis orbitals for state 6s

   izeta = 1
                 lambda =    1.000000
                     rc =    5.437260
                 energy =   -0.885011
                kinetic =    0.601487
    potential(screened) =   -1.486499
       potential(ionic) =   -3.374157

   izeta = 2
                 rmatch =    4.919833
              splitnorm =    0.064598
                 energy =   -0.835629
                kinetic =    0.803080
    potential(screened) =   -1.638709
       potential(ionic) =   -3.544680

SPLIT: Orbitals with angular momentum L= 1

SPLIT: Basis orbitals for state 6p

   izeta = 1
                 lambda =    1.000000
                     rc =    6.161226
                 energy =   -0.227575
                kinetic =    0.742327
    potential(screened) =   -0.969902
       potential(ionic) =   -2.824369

   izeta = 2
                 rmatch =    5.716035
              splitnorm =    0.048691
                 energy =   -0.174495
                kinetic =    0.883992
    potential(screened) =   -1.058487
       potential(ionic) =   -2.949872

SPLIT: Orbitals with angular momentum L= 2

SPLIT: Basis orbitals for state 6d

   izeta = 1
                 lambda =    1.000000
                     rc =    5.172080
                 energy =    0.650491
                kinetic =    1.811606
    potential(screened) =   -1.161115
       potential(ionic) =   -2.941126
atom: Total number of Sankey-type orbitals: 13

atm_pop: Valence configuration (for local Pseudopot. screening):
 6s( 2.00)                                                            
 6p( 2.00)                                                            
 6d( 0.00)                                                            
Vna: chval, zval:    4.00000   4.00000

Vna:  Cut-off radius for the neutral-atom potential:   6.161226

atom: _________________________________________________________________________

prinput: Basis input ----------------------------------------------------------

PAO.BasisType split     

%block ChemicalSpeciesLabel
    1   82 Pb                      # Species index, atomic number, species label
%endblock ChemicalSpeciesLabel

%block PAO.Basis                 # Define Basis set
Pb                    3  -0.303            # Label, l-shells, ionic net charge
 n=6   0   2                         # n, l, Nzeta 
   5.437      4.920   
   1.000      1.000   
 n=6   1   2                         # n, l, Nzeta 
   6.161      5.716   
   1.000      1.000   
 n=6   2   1                         # n, l, Nzeta 
   5.172   
   1.000   
%endblock PAO.Basis

prinput: ----------------------------------------------------------------------


siesta: ******************** Simulation parameters ****************************
siesta:
siesta: The following are some of the parameters of the simulation.
siesta: A complete list of the parameters used, including default values,
siesta: can be found in file out.fdf
siesta:
coor:   Atomic-coordinates input format  =     Cartesian coordinates
coor:                                          (in units of alat)
redata: Number of spin components        =     1
redata: Long output                      =     F
redata: Number of Atomic Species         =     1
redata: Charge density info will appear in .RHO file
redata: Write Mulliken Pop.              =     NO
redata: Mesh Cutoff                      =    75.0000  Ry
redata: Net charge of the system         =     0.0000 |e|
redata: Max. number of SCF Iter          =    50
redata: Performing Pulay mixing using    =     3 iterations
redata: Mix DM in first SCF step ?       =     F
redata: Write Pulay info on disk?        =     F
redata: New DM Mixing Weight             =     0.0500
redata: New DM Occupancy tolerance       = 0.000000000001
redata: No kicks to SCF
redata: DM Mixing Weight for Kicks       =     0.5000
redata: DM Tolerance for SCF             =     0.000100
redata: Require Energy convergence for SCF =     F
redata: DM Energy tolerance for SCF      =     0.000100 eV
redata: Using Saved Data (generic)   =     F
redata: Use continuation files for DM    =     F
redata: Neglect nonoverlap interactions  =     F
redata: Method of Calculation            =     Diagonalization
redata: Divide and Conquer               =     T
redata: Electronic Temperature           =     0.0019  Ry
redata: Fix the spin of the system       =     F
redata: Dynamics option                  =     Verlet MD run
redata: Initial MD time step             =     1
redata:   Final MD time step             =     1
redata: Length of MD time step           =     1.0000  fs
redata: Initial Temperature of MD run    =     0.0000  K
redata: Perform a MD quench              =     F
redata: ***********************************************************************

siesta: Atomic coordinates (Bohr) and species
siesta:      0.00000   0.00000   0.00000  1        1

initatomlists: Number of atoms, orbitals, and projectors:      1    13    16
Total number of electrons:     4.000000
Total ionic charge:     4.000000

siesta: System type = bulk      
   0.500 k-point displ. along   1 input. Could be:    0.000
   0.500 k-point displ. along   2 input. Could be:    0.000
   0.500 k-point displ. along   3 input. Could be:    0.000

siesta: k-grid: Number of k-points =   196
siesta: k-grid: Cutoff (effective) =    12.102 Ang
siesta: k-grid: Supercell and displacements
siesta: k-grid:    7   0   0      0.500
siesta: k-grid:    0   7   0      0.500
siesta: k-grid:    0   0   7      0.500
Naive supercell factors:     6    6    6

superc: Internal auxiliary supercell:     6 x     6 x     6  =     216
superc: Number of atoms, orbitals, and projectors:    216  2808  3456

* Maximum dynamic memory allocated =     1 MB

siesta:                 ==============================
                            Begin MD step =      1
                        ==============================

superc: Internal auxiliary supercell:     6 x     6 x     6  =     216
superc: Number of atoms, orbitals, and projectors:    216  2808  3456

outcell: Unit cell vectors (Ang):
        2.445000    2.445000    0.000000
        2.445000    0.000000    2.445000
        0.000000    2.445000    2.445000

outcell: Cell vector modules (Ang)   :    3.457752    3.457752    3.457752
outcell: Cell angles (23,13,12) (deg):     60.0000     60.0000     60.0000
outcell: Cell volume (Ang**3)        :     29.2325

InitMesh: MESH =    16 x    16 x    16 =        4096
InitMesh: Mesh cutoff (required, used) =    75.000    88.766 Ry

* Maximum dynamic memory allocated =     6 MB

stepf: Fermi-Dirac step function

siesta: Program's energy decomposition (eV):
siesta: Eions   =       122.930792
siesta: Ena     =        18.404230
siesta: Ekin    =        36.570252
siesta: Enl     =        13.417252
siesta: DEna    =         0.000000
siesta: DUscf   =         0.000000
siesta: DUext   =         0.000000
siesta: Exc     =      -291.154211
siesta: eta*DQ  =         0.000000
siesta: Emadel  =         0.000000
siesta: Emeta   =         0.000000
siesta: Emolmec =         0.000000
siesta: Ekinion =         0.000000
siesta: Eharris =      -349.359817
siesta: Etot    =      -345.693269
siesta: FreeEng =      -345.693269

siesta: iscf   Eharris(eV)      E_KS(eV)   FreeEng(eV)   dDmax  Ef(eV)
siesta:    1     -349.3598     -345.6933     -345.6933  0.2418 -2.1002
timer: Routine,Calls,Time,% = IterSCF        1       5.872  76.35
elaps: Routine,Calls,Wall,% = IterSCF        1       5.875  76.35
siesta:    2     -349.3151     -349.3111     -349.3125  0.0397 -2.2595
siesta:    3     -349.3147     -349.0999     -349.1015  0.0493 -2.2493
siesta:    4     -349.3147     -349.3251     -349.3266  0.0018 -2.2487
siesta:    5     -349.3147     -349.3153     -349.3169  0.0001 -2.2476
siesta:    6     -349.3147     -349.3153     -349.3169  0.0001 -2.2476
siesta:    7     -349.3147     -349.3146     -349.3162  0.0000 -2.2475

siesta: E_KS(eV) =             -349.3146

siesta: E_KS - E_eggbox =      -349.3146

siesta: Atomic forces (eV/Ang):
----------------------------------------
   Tot   -0.000001    0.000002    0.000003
----------------------------------------
   Max    0.000003
   Res    0.000002    sqrt( Sum f_i^2 / 3N )
----------------------------------------
   Max    0.000003    constrained

Stress-tensor-Voigt (kbar):        3.25        3.25        3.25       -8.74       -8.74       -8.74
Target enthalpy (eV/cell)     -349.3162

siesta: Stress tensor (static) (eV/Ang**3):
         0.002027   -0.005457   -0.005457
        -0.005457    0.002027   -0.005457
        -0.005457   -0.005457    0.002027

siesta: Pressure (static):         -3.24695680  kBar

siesta: Stress tensor (total) (eV/Ang**3):
         0.002027   -0.005457   -0.005457
        -0.005457    0.002027   -0.005457
        -0.005457   -0.005457    0.002027

siesta: Pressure (total):         -3.24695680  kBar

siesta: Temp_ion =       0.000 K

* Maximum dynamic memory allocated =     7 MB

siesta: Program's energy decomposition (eV):
siesta: Eions   =       122.930792
siesta: Ena     =        18.404230
siesta: Ekin    =        31.124314
siesta: Enl     =        11.603296
siesta: DEna    =         1.963943
siesta: DUscf   =         0.091783
siesta: DUext   =         0.000000
siesta: Exc     =      -289.571392
siesta: eta*DQ  =         0.000000
siesta: Emadel  =         0.000000
siesta: Emeta   =         0.000000
siesta: Emolmec =         0.000000
siesta: Ekinion =         0.000000
siesta: Eharris =      -349.314736
siesta: Etot    =      -349.314619
siesta: FreeEng =      -349.316200

siesta: Final energy (eV):
siesta:       Kinetic =      31.124314
siesta:       Hartree =       1.223173
siesta:    Ext. field =       0.000000
siesta:   Exch.-corr. =    -289.571392
siesta:  Ion-electron =     -16.933466
siesta:       Ion-ion =     -75.157248
siesta:       Ekinion =       0.000000
siesta:         Total =    -349.314619

siesta: Stress tensor (static) (eV/Ang**3):
siesta:     0.002027   -0.005457   -0.005457
siesta:    -0.005457    0.002027   -0.005457
siesta:    -0.005457   -0.005457    0.002027

siesta: Cell volume =         29.232542 Ang**3

siesta: Pressure (static):
siesta:                Solid            Molecule  Units
siesta:          -0.00002207         -0.00002207  Ry/Bohr**3
siesta:          -0.00202657         -0.00202657  eV/Ang**3
siesta:          -3.24695680         -3.24695680  kBar

* Maximum dynamic memory allocated : Node    0 =     7 MB

* Maximum memory occured during ranger                        

timer: CPU execution times:
timer:  Routine       Calls   Time/call    Tot.time        %
timer:  siesta            1      17.844      17.844   100.00
timer:  Setup             1       0.605       0.605     3.39
timer:  bands             1       0.001       0.001     0.01
timer:  writewave         1       0.001       0.001     0.01
timer:  KSV_init          1       0.000       0.000     0.00
timer:  IterMD            1      17.196      17.196    96.37
timer:  hsparse           2       0.170       0.341     1.91
timer:  overfsm           2       0.386       0.773     4.33
timer:  IterSCF           8       1.997      15.979    89.54
timer:  kinefsm           2       0.363       0.727     4.07
timer:  nlefsm            2       2.100       4.199    23.53
timer:  DHSCF             8       0.290       2.320    13.00
timer:  DHSCF1            1       0.168       0.168     0.94
timer:  DHSCF2            1       0.428       0.428     2.40
timer:  REORD            50       0.000       0.002     0.01
timer:  POISON            9       0.002       0.021     0.12
timer:  DHSCF3            8       0.179       1.433     8.03
timer:  rhoofd            8       0.086       0.691     3.87
timer:  cellXC            8       0.005       0.042     0.24
timer:  vmat              8       0.084       0.675     3.78
timer:  diagon            7       1.238       8.669    48.58
timer:  cdiag          2744       0.000       1.116     6.25
timer:  cdiag1         2744       0.000       0.081     0.45
timer:  cdiag2         2744       0.000       0.197     1.10
timer:  cdiag3         2744       0.000       0.700     3.92
timer:  cdiag4         2744       0.000       0.030     0.17
timer:  MolMec            2       0.000       0.000     0.00
timer:  DHSCF4            1       0.285       0.285     1.60
timer:  dfscf             1       0.238       0.238     1.33
timer:  optical           1       0.000       0.000     0.00
  

elaps: ELAPSED times:
elaps:  Routine       Calls   Time/call    Tot.time        %
elaps:  siesta            1      17.856      17.856   100.00
elaps:  Setup             1       0.604       0.604     3.38
elaps:  bands             1       0.001       0.001     0.00
elaps:  writewave         1       0.001       0.001     0.01
elaps:  KSV_init          1       0.000       0.000     0.00
elaps:  IterMD            1      17.208      17.208    96.37
elaps:  hsparse           2       0.170       0.341     1.91
elaps:  overfsm           2       0.387       0.774     4.34
elaps:  IterSCF           8       1.999      15.989    89.54
elaps:  kinefsm           2       0.364       0.727     4.07
elaps:  nlefsm            2       2.101       4.201    23.53
elaps:  DHSCF             8       0.290       2.321    13.00
elaps:  DHSCF1            1       0.168       0.168     0.94
elaps:  DHSCF2            1       0.428       0.428     2.40
elaps:  REORD            50       0.000       0.001     0.01
elaps:  POISON            9       0.002       0.020     0.11
elaps:  DHSCF3            8       0.179       1.433     8.03
elaps:  rhoofd            8       0.086       0.691     3.87
elaps:  cellXC            8       0.005       0.042     0.24
elaps:  vmat              8       0.084       0.675     3.78
elaps:  diagon            7       1.239       8.673    48.57
elaps:  cdiag          2744       0.000       1.125     6.30
elaps:  cdiag1         2744       0.000       0.078     0.44
elaps:  cdiag2         2744       0.000       0.203     1.14
elaps:  cdiag3         2744       0.000       0.708     3.97
elaps:  cdiag4         2744       0.000       0.023     0.13
elaps:  MolMec            2       0.000       0.000     0.00
elaps:  DHSCF4            1       0.286       0.286     1.60
elaps:  dfscf             1       0.239       0.239     1.34
elaps:  optical           1       0.000       0.000     0.00
  
>> End of run:  31-JAN-2007  17:18:52
