
                           ***********************       
                           *  WELCOME TO SIESTA  *       
                           ***********************       

reinit: Reading from ../si001.fdf

reinit: -----------------------------------------------------------------------
reinit: System Name: Si(100)-2x1 3 layers (H-saturated
reinit: -----------------------------------------------------------------------
reinit: System Label: si001
reinit: -----------------------------------------------------------------------
Siesta Version: siesta-4.1--731
Architecture  : x86_64-linux-n-62-18-14
Compiler flags: mpifort -m64 -fPIC -O3 -march=native -ftree-vectorize -fexpensive-optimizatioons -funroll-loops -fprefetch-loop-arrays -fno-second-underscore  -flto -fuse-linker-plugin
PP flags      : -I/zdata/groups/common/nicpa/2016-oct/generic/build-tools/1.0/include -I/zdatta/groups/common/nicpa/2016-oct/generic/gmp/6.1.0/include -I/zdata/groups/common/nicpa/2016-oct/generic/mpfr/3.1.4/include -I/zdata/groups/common/nicpa/2016-oct/generic/mpc/1.0.3/include -I/zdata/groups/common/nicpa/2016-oct/generic/isl/0.16.1/include -I/zdata/groups/common/nicpa/2016-oct/generic/gcc/6.2.0/include -I/zdata/groups/common/nicpa/2016-oct/generic/numactl/2.0.11/include -I/zdata/groups/common/nicpa/2016-oct/XeonE5-2665/zlib/1.2.8/gnu-6.2.0/include -I/zdata/groups/common/nicpa/2016-oct/XeonE5-2665/libxml2/2.9.4/gnu-6.2.0/include -I/zdata/groups/common/nicpa/2016-oct/XeonE5-2665/hwloc/1.11.4/gnu-6.2.0/include -I/zdata/groups/common/nicpa/2016-oct/XeonE5-2665/openmpi/2.0.1/gnu-6.2.0/include -I/zdata/groups/common/nicpa/2016-oct/XeonE5-2665/hdf5/1.8.17/gnu-6.2.0/include -I/zdata/groups/common/nicpa/2016-oct/XeonE5-2665/pnetcdf/1.7.0/gnu-6.2.0/include -I/zdata/groups/common/nicpa/2016-oct/XeonE5-2665/netcdf/4.4.1/gnu-6.2.0/include -I/zdata/groups/common/nicpa/2016-oct/XeonE5-2665/flook/0.7.0/gnu-6.2.0/include -I/zdata/groups/common/nicpa/2016-oct/XeonE5-2665/parmetis/4.0.3/gnu-6.2.0/include -I/zdata/groups/common/nicpa/2016-oct/XeonE5-2665/scalapack/204/gnu-6.2.0/include -I/zdata/groups/common/nicpa/2016-oct/XeonE5-2665/openblas/0.2.19/gnu-6.2.0/include -I/zdata/groups/common/nicpa/2016-oct/XeonE5-2665/mumps/5.0.2/gnu-6.2.0/include -I/zdata/groups/common/nicpa/2016-oct/XeonE5-2665/fftw/3.3.5/gnu-6.2.0/include -DMPI -DFC_HAVE_FLUSH -DFC_HAVE_ABORT -DCDF -DCDF4 -DSIESTA__METIS -DSIESTA__MUMPS -DTS_NOCHECKS -DNCDF -DNCDF_4 -DNCDF_PARALLEL -DSIESTA__FLOOK
Libraries     : -lnetcdff -lnetcdf -lpnetcdf -lhdf5_hl -lhdf5 -lz  -lzmumps -lmumps_common -llpord -lparmetis -lmetis -lscalapack -lopenblas  -lmetis -flto -fuse-linker-plugin  -L/zdata/groups/common/nicpa/2016-oct/XeonE5-2665/flook/0.7.0/gnu-6.2.0/lib -Wl,-rpath=/zdata/groups/common/nicpa/2016-oct/XeonE5-2665/flook/0.7.0/gnu-6.2.0/lib -lflookall -ldl
PARALLEL version
NetCDF support
NetCDF-4 support
NetCDF-4 MPI-IO support
METIS ordering support

* Running on 8 nodes in parallel
>> Start of run:   2-JUL-2017  11:58:28

initatom: Reading input for the pseudopotentials and atomic orbitals ----------
Species number:   1 Atomic number:   14 Label: Si
Species number:   2 Atomic number:    1 Label: H

Ground state valence configuration:   3s02  3p02
Reading pseudopotential information in formatted form from Si.psf

Valence configuration for pseudopotential generation:
3s( 2.00) rc: 1.89
3p( 2.00) rc: 1.89
3d( 0.00) rc: 1.89
4f( 0.00) rc: 1.89
Ground state valence configuration:   1s01
Reading pseudopotential information in formatted form from H.psf

Valence configuration for pseudopotential generation:
1s( 1.00) rc: 1.25
2p( 0.00) rc: 1.25
3d( 0.00) rc: 1.25
4f( 0.00) rc: 1.25
For Si, standard SIESTA heuristics set lmxkb to 3
 (one more than the basis l, including polarization orbitals).
Use PS.lmax or PS.KBprojectors blocks to override.
For H, standard SIESTA heuristics set lmxkb to 2
 (one more than the basis l, including polarization orbitals).
Use PS.lmax or PS.KBprojectors blocks to override.

<basis_specs>
===============================================================================
Si                   Z=  14    Mass=  28.090        Charge= 0.17977+309
Lmxo=1 Lmxkb= 3    BasisType=split      Semic=F
L=0  Nsemic=0  Cnfigmx=3
          n=1  nzeta=2  polorb=0
            splnorm:   0.30000    
               vcte:    0.0000    
               rinn:    0.0000    
               qcoe:    0.0000    
               qyuk:    0.0000    
               qwid:   0.10000E-01
                rcs:    0.0000      0.0000    
            lambdas:    1.0000      1.0000    
L=1  Nsemic=0  Cnfigmx=3
          n=1  nzeta=2  polorb=1
            splnorm:   0.30000    
               vcte:    0.0000    
               rinn:    0.0000    
               qcoe:    0.0000    
               qyuk:    0.0000    
               qwid:   0.10000E-01
                rcs:    0.0000      0.0000    
            lambdas:    1.0000      1.0000    
-------------------------------------------------------------------------------
L=0  Nkbl=1  erefs: 0.17977+309
L=1  Nkbl=1  erefs: 0.17977+309
L=2  Nkbl=1  erefs: 0.17977+309
L=3  Nkbl=1  erefs: 0.17977+309
===============================================================================
</basis_specs>

atom: Called for Si                    (Z =  14)

read_vps: Pseudopotential generation method:
read_vps: ATM3      Troullier-Martins                       
Total valence charge:    4.00000

xc_check: Exchange-correlation functional:
xc_check: Ceperley-Alder
V l=0 = -2*Zval/r beyond r=  2.5494
V l=1 = -2*Zval/r beyond r=  2.5494
V l=2 = -2*Zval/r beyond r=  2.5494
V l=3 = -2*Zval/r beyond r=  2.5494
All V_l potentials equal beyond r=  1.8652
This should be close to max(r_c) in ps generation
All pots = -2*Zval/r beyond r=  2.5494
Using large-core scheme for Vlocal

atom: Estimated core radius    2.54944

atom: Including non-local core corrections could be a good idea
atom: Maximum radius for 4*pi*r*r*local-pseudopot. charge    2.85303
atom: Maximum radius for r*vlocal+2*Zval:    2.58151
GHOST: No ghost state for L =  0
GHOST: No ghost state for L =  1
GHOST: No ghost state for L =  2
GHOST: No ghost state for L =  3

KBgen: Kleinman-Bylander projectors: 
   l= 0   rc=  1.936440   el= -0.796617   Ekb=  4.661340   kbcos=  0.299756
   l= 1   rc=  1.936440   el= -0.307040   Ekb=  1.494238   kbcos=  0.301471
   l= 2   rc=  1.936440   el=  0.002313   Ekb= -2.808672   kbcos= -0.054903
   l= 3   rc=  1.936440   el=  0.003402   Ekb= -0.959059   kbcos= -0.005513

KBgen: Total number of  Kleinman-Bylander projectors:   16
atom: -------------------------------------------------------------------------

atom: SANKEY-TYPE ORBITALS:
atom: Selected multiple-zeta basis: split     

SPLIT: Orbitals with angular momentum L= 0

SPLIT: Basis orbitals for state 3s

SPLIT: PAO cut-off radius determined from an
SPLIT: energy shift=  0.014700 Ry

   izeta = 1
                 lambda =    1.000000
                     rc =    5.264094
                 energy =   -0.784048
                kinetic =    0.554443
    potential(screened) =   -1.338491
       potential(ionic) =   -3.803943

   izeta = 2
                 rmatch =    3.899691
              splitnorm =    0.300000
                 energy =   -0.557333
                kinetic =    1.099884
    potential(screened) =   -1.657217
       potential(ionic) =   -4.272900

SPLIT: Orbitals with angular momentum L= 1

SPLIT: Basis orbitals for state 3p

SPLIT: PAO cut-off radius determined from an
SPLIT: energy shift=  0.014700 Ry

   izeta = 1
                 lambda =    1.000000
                     rc =    6.429618
                 energy =   -0.291747
                kinetic =    0.864936
    potential(screened) =   -1.156682
       potential(ionic) =   -3.408656

   izeta = 2
                 rmatch =    4.309843
              splitnorm =    0.300000
                 energy =   -0.094863
                kinetic =    1.512251
    potential(screened) =   -1.607114
       potential(ionic) =   -4.136814

POLgen: Perturbative polarization orbital with L=  2

POLgen: Polarization orbital for state 3p

   izeta = 1
                     rc =    6.429618
                 energy =    0.416453
                kinetic =    1.265989
    potential(screened) =   -0.849535
       potential(ionic) =   -2.900468
atom: Total number of Sankey-type orbitals: 13

atm_pop: Valence configuration (for local Pseudopot. screening):
 3s( 2.00)                                                            
 3p( 2.00)                                                            
Vna: chval, zval:    4.00000   4.00000

Vna:  Cut-off radius for the neutral-atom potential:   6.429618

atom: _________________________________________________________________________

<basis_specs>
===============================================================================
H                    Z=   1    Mass=  1.0100        Charge= 0.17977+309
Lmxo=0 Lmxkb= 2    BasisType=split      Semic=F
L=0  Nsemic=0  Cnfigmx=1
          n=1  nzeta=2  polorb=1
            splnorm:   0.30000    
               vcte:    0.0000    
               rinn:    0.0000    
               qcoe:    0.0000    
               qyuk:    0.0000    
               qwid:   0.10000E-01
                rcs:    0.0000      0.0000    
            lambdas:    1.0000      1.0000    
-------------------------------------------------------------------------------
L=0  Nkbl=1  erefs: 0.17977+309
L=1  Nkbl=1  erefs: 0.17977+309
L=2  Nkbl=1  erefs: 0.17977+309
===============================================================================
</basis_specs>

atom: Called for H                     (Z =   1)

read_vps: Pseudopotential generation method:
read_vps: ATM3      Troullier-Martins                       
Total valence charge:    1.00000

xc_check: Exchange-correlation functional:
xc_check: Ceperley-Alder
V l=0 = -2*Zval/r beyond r=  1.2343
V l=1 = -2*Zval/r beyond r=  1.2189
V l=2 = -2*Zval/r beyond r=  1.2189
All V_l potentials equal beyond r=  1.2343
This should be close to max(r_c) in ps generation
All pots = -2*Zval/r beyond r=  1.2343

VLOCAL1: 99.0% of the norm of Vloc inside     28.493 Ry
VLOCAL1: 99.9% of the norm of Vloc inside     64.935 Ry
atom: Maximum radius for 4*pi*r*r*local-pseudopot. charge    1.45251
atom: Maximum radius for r*vlocal+2*Zval:    1.21892
GHOST: No ghost state for L =  0
GHOST: No ghost state for L =  1
GHOST: No ghost state for L =  2

KBgen: Kleinman-Bylander projectors: 
   l= 0   rc=  1.364359   el= -0.467325   Ekb= -2.005361   kbcos= -0.336422
   l= 1   rc=  1.434438   el=  0.001430   Ekb= -0.501708   kbcos= -0.021697
   l= 2   rc=  1.470814   el=  0.002365   Ekb= -0.190555   kbcos= -0.002281

KBgen: Total number of  Kleinman-Bylander projectors:    9
atom: -------------------------------------------------------------------------

atom: SANKEY-TYPE ORBITALS:
atom: Selected multiple-zeta basis: split     

SPLIT: Orbitals with angular momentum L= 0

SPLIT: Basis orbitals for state 1s

SPLIT: PAO cut-off radius determined from an
SPLIT: energy shift=  0.014700 Ry

   izeta = 1
                 lambda =    1.000000
                     rc =    5.075940
                 energy =   -0.454238
                kinetic =    0.905976
    potential(screened) =   -1.360214
       potential(ionic) =   -1.894198

   izeta = 2
                 rmatch =    3.195439
              splitnorm =    0.300000
                 energy =   -0.202816
                kinetic =    1.888421
    potential(screened) =   -2.091238
       potential(ionic) =   -2.676134

POLgen: Perturbative polarization orbital with L=  1

POLgen: Polarization orbital for state 1s

   izeta = 1
                     rc =    5.075940
                 energy =    0.658058
                kinetic =    1.324347
    potential(screened) =   -0.666290
       potential(ionic) =   -1.141575
atom: Total number of Sankey-type orbitals:  5

atm_pop: Valence configuration (for local Pseudopot. screening):
 1s( 1.00)                                                            
Vna: chval, zval:    1.00000   1.00000

Vna:  Cut-off radius for the neutral-atom potential:   5.075940

atom: _________________________________________________________________________

prinput: Basis input ----------------------------------------------------------

PAO.BasisType split     

%block ChemicalSpeciesLabel
    1   14 Si                      # Species index, atomic number, species label
    2    1 H                       # Species index, atomic number, species label
%endblock ChemicalSpeciesLabel

%block PAO.Basis                 # Define Basis set
Si                    2                    # Species label, number of l-shells
 n=3   0   2                         # n, l, Nzeta 
   5.264      3.900   
   1.000      1.000   
 n=3   1   2 P   1                   # n, l, Nzeta, Polarization, NzetaPol
   6.430      4.310   
   1.000      1.000   
H                     1                    # Species label, number of l-shells
 n=1   0   2 P   1                   # n, l, Nzeta, Polarization, NzetaPol
   5.076      3.195   
   1.000      1.000   
%endblock PAO.Basis

prinput: ----------------------------------------------------------------------

Dumping basis to NetCDF file Si.ion.nc
Dumping basis to NetCDF file H.ion.nc
coor:   Atomic-coordinates input format  =     Cartesian coordinates
coor:                                          (in units of alat)

siesta: WARNING: XV file not found

siesta: Atomic coordinates (Bohr) and species
siesta:     -0.00017   2.11611   1.37174  1        1
siesta:      0.00010   6.16119   0.15912  1        2
siesta:      3.60770  -0.03789   2.38183  1        3
siesta:      3.60795   7.06713   2.48242  1        4
siesta:      3.60787   3.60787   5.10224  1        5
siesta:      3.60787  10.82360   5.10224  1        6
siesta:      1.45758   3.60787   6.88886  2        7
siesta:      5.75816   3.60787   6.88886  2        8
siesta:      1.45758  10.82360   6.88886  2        9
siesta:      5.75816  10.82360   6.88886  2       10

siesta: System type = slab      

initatomlists: Number of atoms, orbitals, and projectors:     10    98   132

coxmol: Writing XMOL coordinates into file si001.xyz                                                           

siesta: ******************** Simulation parameters ****************************
siesta:
siesta: The following are some of the parameters of the simulation.
siesta: A complete list of the parameters used, including default values,
siesta: can be found in file out.fdf
siesta:
redata: Spin configuration                          = none
redata: Number of spin components                   = 1
redata: Time-Reversal Symmetry                      = T
redata: Spin-spiral                                 = F
redata: Long output                                 =   F
redata: Number of Atomic Species                    =        2
redata: Charge density info will appear in .RHO file
redata: Write Mulliken Pop.                         = Atomic and Orbital charges
redata: Mesh Cutoff                                 =    10.0000 Ry
redata: Net charge of the system                    =     0.0000 |e|
redata: Min. number of SCF Iter                     =        0
redata: Max. number of SCF Iter                     =       50
redata: SCF mix quantity                            = Hamiltonian
redata: Mix DM or H after convergence               =   F
redata: Recompute H after scf cycle                 =   F
redata: Mix DM in first SCF step                    =   T
redata: Write Pulay info on disk                    =   F
redata: New DM Mixing Weight                        =     0.1000
redata: New DM Occupancy tolerance                  = 0.000000000001
redata: No kicks to SCF
redata: DM Mixing Weight for Kicks                  =     0.5000
redata: Require Harris convergence for SCF          =   F
redata: Harris energy tolerance for SCF             =     0.000100 eV
redata: Require DM convergence for SCF              =   T
redata: DM tolerance for SCF                        =     0.0001
redata: Require EDM convergence for SCF             =   F
redata: EDM tolerance for SCF                       =     0.001000 eV
redata: Require H convergence for SCF               =   T
redata: Hamiltonian tolerance for SCF               =     0.001000 eV
redata: Require (free) Energy convergence for SCF   =   F
redata: (free) Energy tolerance for SCF             =     0.000100 eV
redata: Using Saved Data (generic)                  =   F
redata: Use continuation files for DM               =   T
redata: Neglect nonoverlap interactions             =   F
redata: Method of Calculation                       = Diagonalization
redata: Divide and Conquer                          =   T
redata: Electronic Temperature                      =   299.9869 K
redata: Fix the spin of the system                  =   F
redata: Dynamics option                             = Single-point calculation
mix.SCF: Pulay mixing                            = Pulay
mix.SCF:    Variant                              = stable
mix.SCF:    History steps                        = 3
mix.SCF:    Linear mixing weight                 =     0.100000
mix.SCF:    Mixing weight                        =     0.100000
mix.SCF:    SVD condition                        = 0.1000E-07
redata: Save all siesta data in one NC              =   F
redata: ***********************************************************************

%block SCF.Mixers
  Pulay
%endblock SCF.Mixers

%block SCF.Mixer.Pulay
  # Mixing method
  method pulay
  variant stable

  # Mixing options
  weight 0.1000
  weight.linear 0.1000
  history 3
%endblock SCF.Mixer.Pulay

DM_history_depth set to one: no extrapolation allowed by default for geometry relaxation
Size of DM history Fstack: 1
Total number of electrons:    28.000000
Total ionic charge:    28.000000

* ProcessorY, Blocksize:    2  13


* Orbital distribution balance (max,min):    13     7

 Kpoints in:            3 . Kpoints trimmed:            3

siesta: k-grid: Number of k-points =     3
siesta: k-grid: Cutoff (effective) =     5.728 Ang
siesta: k-grid: Supercell and displacements
siesta: k-grid:    3   0   0      0.000
siesta: k-grid:    0   2   0      0.500
siesta: k-grid:    0   0   1      0.000

superc: Internal auxiliary supercell:     5 x     3 x     1  =      15
superc: Number of atoms, orbitals, and projectors:    150   1470   1980

siesta: Constraint (6): pos
  [ 5 -- 10 ]


                     ====================================
                        Single-point calculation
                     ====================================

outcoor: Atomic coordinates (scaled):                       
   -0.00002372    0.29326368    0.19010387   1       1  Si
    0.00001337    0.85385554    0.02205212   1       2  Si
    0.49997747   -0.00525118    0.33008893   1       3  Si
    0.50001096    0.97940531    0.34402895   1       4  Si
    0.50000000    0.50000000    0.70710000   1       5  Si
    0.50000000    1.50000000    0.70710000   1       6  Si
    0.20200000    0.50000000    0.95470000   2       7  H
    0.79800000    0.50000000    0.95470000   2       8  H
    0.20200000    1.50000000    0.95470000   2       9  H
    0.79800000    1.50000000    0.95470000   2      10  H

superc: Internal auxiliary supercell:     5 x     3 x     1  =      15
superc: Number of atoms, orbitals, and projectors:    150   1470   1980

outcell: Unit cell vectors (Ang):
        3.818400    0.000000    0.000000
        0.000000    7.636800    0.000000
        0.000000    0.000000   11.455200

outcell: Cell vector modules (Ang)   :    3.818400    7.636800   11.455200
outcell: Cell angles (23,13,12) (deg):     90.0000     90.0000     90.0000
outcell: Cell volume (Ang**3)        :    334.0377
<dSpData1D:S at geom step 0
  <sparsity:sparsity for geom step 0
    nrows_g=98 nrows=13 sparsity=.6013 nnzs=5775, refcount: 7>
  <dData1D:(new from dSpData1D) n=5775, refcount: 1>
refcount: 1>
new_DM -- step:     1
Initializing Density Matrix...

Attempting to read DM from file... Failed...
DM filled with atomic data:
<dSpData2D:DM initialized from atoms
  <sparsity:sparsity for geom step 0
    nrows_g=98 nrows=13 sparsity=.6013 nnzs=5775, refcount: 8>
  <dData2D:DM n=5775 m=1, refcount: 1>
refcount: 1>

No. of atoms with KB's overlaping orbs in proc 0. Max # of overlaps:      16     158
New grid distribution:   1
           1       1:    4    1:    4    1:    3
           2       1:    4    1:    4    4:    6
           3       1:    4    1:    4    7:    9
           4       1:    4    1:    4   10:   12
           5       1:    4    5:    8    1:    3
           6       1:    4    5:    8    4:    6
           7       1:    4    5:    8    7:    9
           8       1:    4    5:    8   10:   12

InitMesh: MESH =     8 x    16 x    24 =        3072
InitMesh: (bp) =     4 x     8 x    12 =         384
InitMesh: Mesh cutoff (required, used) =    10.000    12.132 Ry
ExtMesh (bp) on 0 =    20 x    20 x    19 =        7600
New grid distribution:   2
           1       1:    4    1:    3    1:    2
           2       1:    4    4:    8    3:    3
           3       1:    4    1:    3    5:   12
           4       1:    4    1:    3    4:    4
           5       1:    4    4:    8    1:    2
           6       1:    4    4:    8    4:    4
           7       1:    4    4:    8    5:   12
           8       1:    4    1:    3    3:    3
New grid distribution:   3
           1       1:    4    1:    4    1:    3
           2       1:    4    1:    4    4:    5
           3       1:    4    1:    4    6:    9
           4       1:    4    1:    4   10:   12
           5       1:    4    5:    8    1:    3
           6       1:    4    5:    8    4:    5
           7       1:    4    5:    8    6:    9
           8       1:    4    5:    8   10:   12
Setting up quadratic distribution...
ExtMesh (bp) on 0 =    20 x    19 x    18 =        6840
PhiOnMesh: Number of (b)points on node 0 =                   24
PhiOnMesh: nlist on node 0 =                 2168

stepf: Fermi-Dirac step function

siesta: Program's energy decomposition (eV):
siesta: Ebs     =      -266.692378
siesta: Eions   =      1221.235657
siesta: Ena     =       369.290948
siesta: Ekin    =       313.032744
siesta: Enl     =        67.385181
siesta: Eso     =         0.000000
siesta: Eldau   =         0.000000
siesta: DEna    =        -2.627881
siesta: DUscf   =         4.805819
siesta: DUext   =         0.000000
siesta: Exc     =      -233.067388
siesta: eta*DQ  =         0.000000
siesta: Emadel  =         0.000000
siesta: Emeta   =         0.000000
siesta: Emolmec =         0.000000
siesta: Ekinion =         0.000000
siesta: Eharris =      -700.149933
siesta: Etot    =      -702.416235
siesta: FreeEng =      -702.416235

        iscf     Eharris(eV)        E_KS(eV)     FreeEng(eV)     dDmax    Ef(eV) dHmax(eV)
   scf:    1     -700.149933     -702.416235     -702.416235  1.772601 -4.550128  5.195629
timer: Routine,Calls,Time,% = IterSCF        1       0.099   7.50
   scf:    2     -703.699341     -703.109589     -703.109589  0.017783 -4.544368  3.818628
   scf:    3     -703.902145     -703.688866     -703.688866  0.036569 -4.524277  1.123502
   scf:    4     -703.813441     -703.767856     -703.767856  0.027096 -4.392198  0.524221
   scf:    5     -703.793405     -703.782611     -703.782611  0.009864 -4.338378  0.319891
   scf:    6     -703.790471     -703.787149     -703.787149  0.007294 -4.292852  0.227083
   scf:    7     -703.792426     -703.790843     -703.790843  0.005374 -4.235145  0.063861
   scf:    8     -703.792110     -703.791515     -703.791515  0.000856 -4.233642  0.044477
   scf:    9     -703.792320     -703.792044     -703.792044  0.001582 -4.242441  0.013837
   scf:   10     -703.792084     -703.792065     -703.792065  0.000249 -4.242138  0.012700
   scf:   11     -703.792126     -703.792098     -703.792098  0.000472 -4.240589  0.007495
   scf:   12     -703.792118     -703.792109     -703.792109  0.000387 -4.238592  0.003802
   scf:   13     -703.792112     -703.792110     -703.792110  0.000083 -4.238097  0.002554
   scf:   14     -703.792113     -703.792112     -703.792112  0.000072 -4.237727  0.001367
   scf:   15     -703.792112     -703.792112     -703.792112  0.000035 -4.237770  0.000981

SCF Convergence by DM+H criterion
max |DM_out - DM_in|         :     0.0000347458
max |H_out - H_in|      (eV) :     0.0009805585
SCF cycle converged after 15 iterations

Using DM_out to compute the final energy and forces
No. of atoms with KB's overlaping orbs in proc 0. Max # of overlaps:      16     158

siesta: E_KS(eV) =             -703.7921

siesta: E_KS - E_eggbox =      -703.7921

siesta: Atomic forces (eV/Ang):
     1   -0.000508    0.010182   -0.006749
     2    0.000226   -0.034550    0.008251
     3   -0.000529   -0.014660    0.009445
     4    0.000231    0.001599    0.003673
     5   -0.000064    0.066201    0.371351
     6   -0.000024   -0.367474   -0.940827
     7    2.227197   -0.102766    0.973876
     8   -2.227175   -0.102798    0.973832
     9    2.316500    0.075793    0.677013
    10   -2.316488    0.075874    0.676990
----------------------------------------
   Tot   -0.000635   -0.392600    2.746856
----------------------------------------
   Max    2.316500
   Res    0.906703    sqrt( Sum f_i^2 / 3N )
----------------------------------------
   Max    0.034550    constrained

Stress-tensor-Voigt (kbar):      -63.37       -2.74       17.77        0.00        2.87        0.00
(Free)E + p*V (eV/cell)     -700.4322
Target enthalpy (eV/cell)     -703.7921

mulliken: Atomic and Orbital Populations:

Species: Si                  
Atom  Qatom  Qorb
               3s      3s      3py     3pz     3px     3py     3pz     3px     
               3Pdxy   3Pdyz   3Pdz2   3Pdxz   3Pdx2-y2
   1  3.924   0.821   0.374   0.552   0.568   0.519   0.262   0.099   0.221
              0.166   0.079   0.049   0.105   0.109
   2  4.252   0.902   0.330   0.797   0.981   0.731   0.058   0.028   0.120
              0.057   0.044   0.035   0.072   0.095
   3  3.978   0.756   0.362   0.585   0.751   0.559   0.187   0.147   0.226
              0.106   0.090   0.049   0.050   0.110
   4  3.860   0.750   0.362   0.542   0.616   0.492   0.201   0.204   0.260
              0.067   0.092   0.058   0.109   0.107
   5  3.861   0.624   0.412   0.623   0.546   0.571   0.120   0.229   0.225
              0.044   0.076   0.038   0.228   0.125
   6  3.868   0.632   0.389   0.700   0.642   0.693   0.112   0.179   0.179
              0.036   0.080   0.029   0.109   0.088

Species: H                   
Atom  Qatom  Qorb
               1s      1s      1Ppy    1Ppz    1Ppx    
   7  1.076   0.540   0.418   0.012   0.016   0.090
   8  1.076   0.540   0.418   0.012   0.016   0.090
   9  1.053   0.490   0.447   0.013   0.015   0.089
  10  1.053   0.490   0.447   0.013   0.015   0.089

mulliken: Qtot =       28.000

coxmol: Writing XMOL coordinates into file si001.xyz                                                           

siesta: Program's energy decomposition (eV):
siesta: Ebs     =      -268.372591
siesta: Eions   =      1221.235657
siesta: Ena     =       369.290948
siesta: Ekin    =       305.186202
siesta: Enl     =        70.732598
siesta: Eso     =         0.000000
siesta: Eldau   =         0.000000
siesta: DEna    =         0.689822
siesta: DUscf   =         2.237207
siesta: DUext   =         0.000000
siesta: Exc     =      -230.693231
siesta: eta*DQ  =         0.000000
siesta: Emadel  =         0.000000
siesta: Emeta   =         0.000000
siesta: Emolmec =         0.000000
siesta: Ekinion =         0.000000
siesta: Eharris =      -703.792112
siesta: Etot    =      -703.792112
siesta: FreeEng =      -703.792112

siesta: Final energy (eV):
siesta:  Band Struct. =    -268.372591
siesta:       Kinetic =     305.186202
siesta:       Hartree =     896.012029
siesta:       Eldau   =       0.000000
siesta:       Eso     =       0.000000
siesta:    Ext. field =       0.000000
siesta:   Exch.-corr. =    -230.693231
siesta:  Ion-electron =   -2064.723754
siesta:       Ion-ion =     390.426642
siesta:       Ekinion =       0.000000
siesta:         Total =    -703.792112
siesta:         Fermi =      -4.237770

siesta: Atomic forces (eV/Ang):
siesta:      1   -0.000508    0.010182   -0.006749
siesta:      2    0.000226   -0.034550    0.008251
siesta:      3   -0.000529   -0.014660    0.009445
siesta:      4    0.000231    0.001599    0.003673
siesta:      5   -0.000064    0.066201    0.371351
siesta:      6   -0.000024   -0.367474   -0.940827
siesta:      7    2.227197   -0.102766    0.973876
siesta:      8   -2.227175   -0.102798    0.973832
siesta:      9    2.316500    0.075793    0.677013
siesta:     10   -2.316488    0.075874    0.676990
siesta: ----------------------------------------
siesta:    Tot   -0.000635   -0.392600    2.746856

siesta: Constrained forces (eV/Ang):
siesta:      1   -0.000508    0.010182   -0.006749
siesta:      2    0.000226   -0.034550    0.008251
siesta:      3   -0.000529   -0.014660    0.009445
siesta:      4    0.000231    0.001599    0.003673
siesta:      5    0.000000    0.000000    0.000000
siesta:      6    0.000000    0.000000    0.000000
siesta:      7    0.000000    0.000000    0.000000
siesta:      8    0.000000    0.000000    0.000000
siesta:      9    0.000000    0.000000    0.000000
siesta:     10    0.000000    0.000000    0.000000
siesta: ----------------------------------------
siesta:  Tot   -0.000581   -0.037430    0.014621

siesta: Stress tensor (static) (eV/Ang**3):
siesta:    -0.039553    0.000001    0.000000
siesta:     0.000001   -0.001713    0.001792
siesta:     0.000000    0.001791    0.011091

siesta: Cell volume =        334.037723 Ang**3

siesta: Pressure (static):
siesta:                Solid            Molecule  Units
siesta:           0.00010955          0.00018157  Ry/Bohr**3
siesta:           0.01005847          0.01667136  eV/Ang**3
siesta:          16.11562007         26.71075289  kBar
(Free)E+ p_basis*V_orbitals  =        -699.082881
(Free)Eharris+ p_basis*V_orbitals  =        -699.082881

siesta: Electric dipole (a.u.)  =   -0.000000    0.000000   -0.019421
siesta: Electric dipole (Debye) =   -0.000000    0.000000   -0.049363

dhscf: Vacuum level (max, mean) =   -0.031773   -0.167737 eV
>> End of run:   2-JUL-2017  11:58:31
Job completed
