SIESTA 1.1 -- [] (Sept 22, 2001)
Architecture  : osfdxml
Compiler flags: f90 -fast -tune host
SERIAL version
NetCDF-capable

* Running in serial mode
>> Start of run:  24-SEP-2001  16:20:17

                           ***********************       
                           *  WELCOME TO SIESTA  *       
                           ***********************       
Reading from standard input...

*: ****************** Dump of input data file ****************************
SystemName          Water molecule
SystemLabel         h2o_dos
NumberOfAtoms       3
NumberOfSpecies     2
%block Projected-density-of-states
-26.00 4.00 0.200 500 eV
%endblock Projected-density-of-states
%block kgrid_Monkhorst_Pack
   2  0  0  0.5
   0  2  0  0.5
   0  0  2  0.5
%endblock kgrid_Monkhorst_Pack
%block ChemicalSpeciesLabel
 1  8  O      # Species index, atomic number, species label
 2  1  H
%endblock ChemicalSpeciesLabel
AtomicCoordinatesFormat  Ang
%block AtomicCoordinatesAndAtomicSpecies
 0.000  0.000  0.000  1
 0.757  0.586  0.000  2
-0.757  0.586  0.000  2
%endblock AtomicCoordinatesAndAtomicSpecies
*: ****************** End of input data file *****************************

redata: ****************** Simulation parameters ******************************
redata:
redata: The following are some of the parameters of the simulation.
redata: A complete list of the parameters used, including defect values,
redata: can be found in file out.fdf             
redata:
redata: -----------------------------------------------------------------------
redata: System Name: Water molecule                                             
redata: -----------------------------------------------------------------------
redata: System Label                     =     h2o_dos             

initatom: Reading input for the pseudopotentials and atomic orbitals
 Species number:            1  Label: O Atomic number:           8
 Species number:            2  Label: H Atomic number:           1
Ground state valence configuration:   2s02  2p04
Reading pseudopotential information in formatted form from O.psf
Ground state valence configuration:   1s01
Reading pseudopotential information in formatted form from H.psf
 For O, increment lmxkb to           3  due to polarization orbitals.
 For H, increment lmxkb to           2  due to polarization orbitals.
<basis_specs>
======================================================================
O                    Z=   8    Mass=  16.000        Charge=  0.0000    
Lmxo=1 Lmxkb=3     BasisType=split      Semic=F
L=0  Nsemic=0  Cnfigmx=2
          n=1  nzeta=2  polorb=0
               vcte:    0.0000    
               rinn:    0.0000    
                rcs:    0.0000      0.0000    
            lambdas:    1.0000      1.0000    
L=1  Nsemic=0  Cnfigmx=2
          n=1  nzeta=2  polorb=1
               vcte:    0.0000    
               rinn:    0.0000    
                rcs:    0.0000      0.0000    
            lambdas:    1.0000      1.0000    
----------------------------------------------------------------------
L=0  Nkbl=1  erefs: 0.17977+309
L=1  Nkbl=1  erefs: 0.17977+309
L=2  Nkbl=1  erefs: 0.17977+309
L=3  Nkbl=1  erefs: 0.17977+309
======================================================================
</basis_specs>
ATOM: Called for O   (Z =   8)

read_vps: Pseudopotential generation method:
read_vps: ATM3      Troullier-Martins                       

read_vps: Valence configuration (pseudopotential and basis set generation):
2s( 2.00) rc: 1.14
2p( 4.00) rc: 1.14
3d( 0.00) rc: 1.14
4f( 0.00) rc: 1.14

xc_check: Exchange-correlation functional:
xc_check: Ceperley-Alder

VLOCAL1: 99.0% of the norm of Vloc inside     34.126 Ry
VLOCAL1: 99.9% of the norm of Vloc inside     77.774 Ry
ATOM: Maximum radius for local-pseudopot. charge    1.37759
GHOST: No ghost state for L =  0
GHOST: No ghost state for L =  1
GHOST: No ghost state for L =  2
GHOST: No ghost state for L =  3

KBgen: Kleinman-Bylander projectors: 
   l= 0   rc=  1.294105   el= -1.742414   Ekb=  9.135903   kbcos=  0.326910
   l= 1   rc=  1.294105   el= -0.676589   Ekb= -8.124878   kbcos= -0.395047
   l= 2   rc=  1.448233   el=  0.002386   Ekb= -2.039267   kbcos= -0.003484
   l= 3   rc=  1.561052   el=  0.003508   Ekb= -0.799141   kbcos= -0.000344

KBgen: Total number of  Kleinman-Bylander projectors:   16
ATOM: -------------------------------------------------------------------------

ATOM: SANKEY-TYPE ORBITALS:
ATOM: Selected multiple-zeta basis: split     

SPLIT: Orbitals with angular momentum L= 0

SPLIT: Basis orbitals for state 2s

SPLIT: PAO cut-off radius determinated from an
SPLIT: energy shift=  0.020000 Ry

   izeta = 1
                 lambda =    1.000000
                     rc =    3.305093
                 energy =   -1.723766
                kinetic =    1.614911
    potential(screened) =   -3.338677
       potential(ionic) =  -11.304675

   izeta = 2
                 rmatch =    2.510382
              splitnorm =    0.150000
                 energy =   -1.471081
                kinetic =    2.446738
    potential(screened) =   -3.917818
       potential(ionic) =  -12.476310

SPLIT: Orbitals with angular momentum L= 1

SPLIT: Basis orbitals for state 2p

SPLIT: PAO cut-off radius determinated from an
SPLIT: energy shift=  0.020000 Ry

   izeta = 1
                 lambda =    1.000000
                     rc =    3.937239
                 energy =   -0.658841
                kinetic =    5.005986
    potential(screened) =   -5.664827
       potential(ionic) =  -13.452360

   izeta = 2
                 rmatch =    2.541963
              splitnorm =    0.150000
                 energy =   -0.367387
                kinetic =    7.530138
    potential(screened) =   -7.897525
       potential(ionic) =  -16.611418

POLgen: Perturbative polarization orbital with L=  2

POLgen: Polarization orbital for state 2p

   izeta = 1
                     rc =    3.937239
                 energy =    2.398520
                kinetic =    4.716729
    potential(screened) =   -2.318209
       potential(ionic) =   -8.603170
ATOM: Total number of Sankey-type orbitals: 13

atm_pop: Valence configuration(local Pseudopot. screening):
 2s( 2.00)                                                            
 2p( 4.00)                                                            

Vna:  Cut-off radius for the neutral-atom potential:   3.937239

ATOM:__________________________ 
<basis_specs>
======================================================================
H                    Z=   1    Mass=  1.0100        Charge=  0.0000    
Lmxo=0 Lmxkb=2     BasisType=split      Semic=F
L=0  Nsemic=0  Cnfigmx=1
          n=1  nzeta=2  polorb=1
               vcte:    0.0000    
               rinn:    0.0000    
                rcs:    0.0000      0.0000    
            lambdas:    1.0000      1.0000    
----------------------------------------------------------------------
L=0  Nkbl=1  erefs: 0.17977+309
L=1  Nkbl=1  erefs: 0.17977+309
L=2  Nkbl=1  erefs: 0.17977+309
======================================================================
</basis_specs>
ATOM: Called for H   (Z =   1)

read_vps: Pseudopotential generation method:
read_vps: ATM3      Troullier-Martins                       

read_vps: Valence configuration (pseudopotential and basis set generation):
1s( 1.00) rc: 1.25
2p( 0.00) rc: 1.25
3d( 0.00) rc: 1.25

xc_check: Exchange-correlation functional:
xc_check: Ceperley-Alder

VLOCAL1: 99.0% of the norm of Vloc inside     28.493 Ry
VLOCAL1: 99.9% of the norm of Vloc inside     64.935 Ry
ATOM: Maximum radius for local-pseudopot. charge    1.45251
GHOST: No ghost state for L =  0
GHOST: No ghost state for L =  1
GHOST: No ghost state for L =  2

KBgen: Kleinman-Bylander projectors: 
   l= 0   rc=  1.364359   el= -0.467325   Ekb= -2.005361   kbcos= -0.336422
   l= 1   rc=  1.434438   el=  0.001430   Ekb= -0.501708   kbcos= -0.021697
   l= 2   rc=  1.470814   el=  0.002365   Ekb= -0.190555   kbcos= -0.002281

KBgen: Total number of  Kleinman-Bylander projectors:    9
ATOM: -------------------------------------------------------------------------

ATOM: SANKEY-TYPE ORBITALS:
ATOM: Selected multiple-zeta basis: split     

SPLIT: Orbitals with angular momentum L= 0

SPLIT: Basis orbitals for state 1s

SPLIT: PAO cut-off radius determinated from an
SPLIT: energy shift=  0.020000 Ry

   izeta = 1
                 lambda =    1.000000
                     rc =    4.828263
                 energy =   -0.449375
                kinetic =    0.929372
    potential(screened) =   -1.378747
       potential(ionic) =   -1.915047

   izeta = 2
                 rmatch =    3.854947
              splitnorm =    0.150000
                 energy =   -0.335649
                kinetic =    1.505971
    potential(screened) =   -1.841620
       potential(ionic) =   -2.413776

POLgen: Perturbative polarization orbital with L=  1

POLgen: Polarization orbital for state 1s

   izeta = 1
                     rc =    4.828263
                 energy =    0.706972
                kinetic =    1.396397
    potential(screened) =   -0.689424
       potential(ionic) =   -1.169792
ATOM: Total number of Sankey-type orbitals:  5

atm_pop: Valence configuration(local Pseudopot. screening):
 1s( 1.00)                                                            

Vna:  Cut-off radius for the neutral-atom potential:   4.828263

ATOM:__________________________ 

prinput:  Basis input **

PAO.BasisType split     

%block ChemicalSpeciesLabel
    1    8 O                       # Species index, atomic number, species label
    2    1 H                       # Species index, atomic number, species label
%endblock ChemicalSpeciesLabel

%block PAO.Basis                 # Define Basis set
O           2                    # Species label, number of l-shells
 n=2   0   2                         # n, l, Nzeta 
   3.305      2.510   
   1.000      1.000   
 n=2   1   2 P   1                   # n, l, Nzeta, Polarization, NzetaPol
   3.937      2.542   
   1.000      1.000   
H           1                    # Species label, number of l-shells
 n=1   0   2 P   1                   # n, l, Nzeta, Polarization, NzetaPol
   4.828      3.855   
   1.000      1.000   
%endblock PAO.Basis

prinput: *****
Dumping basis to NetCDF file O.ion.nc
Dumping basis to NetCDF file H.ion.nc
coor: Atomic-coordinates input format  =     Cartesian coordinates
coor:                                        (in Angstroms)
redata: Number of spin components        =     1
redata: Long output                      =     F
redata: Number of Atomic Species         =     2
redata: Charge density info will appear in .RHO file
redata: Write Mulliken Pop.              =     NO
redata: Mesh Cutoff                      =    50.0000  Ry
redata: Net charge of the system         =     0.0000 |e|
redata: Max. number of SCF Iter          =    50
redata: Mixing is linear
redata: Mix DM in first SCF step ?       =     F
redata: Write Pulay info on disk?        =     F
redata: New DM Mixing Weight             =     0.2500
redata: No kicks to SCF
redata: DM Mixing Weight for Kicks       =     0.5000
redata: DM Tolerance for SCF             =     0.000100
redata: Use continuation files for DM    =     F
redata: Neglect nonoverlap interactions  =     F
redata: Method of Calculation            =     Diagonalization
redata: Electronic Temperature           =     0.0019  Ry
redata: Fix the spin of the system       =     F
redata: Dynamics option                  =     Verlet MD run
redata: Initial MD time step             =     1
redata:   Final MD time step             =     1
redata: Length of MD time step           =     1.0000  fs
redata: Length of MD time step           =     1.0000  fs
redata: Initial Temperature of MD run    =     0.0000  K
redata: Perform a MD quench              =     F
redata: ***********************************************************************

siesta: Atomic coordinates (Bohr) and species
siesta:      0.00000   0.00000   0.00000  1      1
siesta:      1.43052   1.10738   0.00000  2      2
siesta:     -1.43052   1.10738   0.00000  2      3
initatomlists: Number of atoms, orbitals, and projectors:      3    23    34

siesta: Automatic unit cell vectors (Ang):
siesta:    7.286412    0.000000    0.000000
siesta:    0.000000    5.746952    0.000000
siesta:    0.000000    0.000000    5.621012

siesta: System type = molecule  

siesta: k-grid: Number of k-points =     4
siesta: k-grid: Cutoff             =     5.621 Ang
siesta: k-grid: Supercell and displacements
siesta: k-grid:    2   0   0      0.500
siesta: k-grid:    0   2   0      0.500
siesta: k-grid:    0   0   2      0.500

superc: Internal auxiliary supercell:     2 x     3 x     3  =      18
superc: Number of atoms, orbitals, and projectors:     54   414   612


* Maximum dynamic memory allocated =     2 MB

siesta:    ===============================
siesta:        Begin MD step =      1
siesta:    ===============================

superc: Internal auxiliary supercell:     2 x     3 x     3  =      18
superc: Number of atoms, orbitals, and projectors:     54   414   612

InitMesh: MESH =    32 x    30 x    24 =       23040
InitMesh: Mesh cutoff (required, used) =    50.000    50.384 Ry


* Maximum dynamic memory allocated =     4 MB

siesta: Program's energy decomposition (eV):
siesta: Eions   =     815.854478
siesta: Ena     =     175.154399
siesta: Ekin    =     341.667405
siesta: Enl     =     -52.736793
siesta: DEna    =      -0.000001
siesta: DUscf   =       0.000000
siesta: DUext   =       0.000000
siesta: Exc     =    -109.951257
siesta: eta*DQ  =       0.000000
siesta: Emadel  =       0.000000
siesta: Eharris =    -466.430254
siesta: Etot    =    -461.720725
siesta: FreeEng =    -461.720725

siesta: iscf   Eharris(eV)      E_KS(eV)   FreeEng(eV)   dDmax  Ef(eV)
siesta:    1     -466.4303     -461.7207     -461.7207  1.4383 -4.2475
timer: Routine,Calls,Time,% = IterSCF        1       6.303  68.60
siesta:    2     -466.8703     -465.2425     -465.2425  0.1755 -0.1474
siesta:    3     -465.9264     -465.4655     -465.4655  0.0515 -1.5862
siesta:    4     -465.8472     -465.5656     -465.5656  0.0176 -1.9935
siesta:    5     -465.8397     -465.6346     -465.6346  0.0087 -2.1116
siesta:    6     -465.8388     -465.6857     -465.6857  0.0083 -2.1448
siesta:    7     -465.8387     -465.7240     -465.7240  0.0067 -2.1531
siesta:    8     -465.8387     -465.7527     -465.7527  0.0051 -2.1545
siesta:    9     -465.8387     -465.7742     -465.7742  0.0038 -2.1543
siesta:   10     -465.8387     -465.7903     -465.7903  0.0028 -2.1539
siesta:   11     -465.8387     -465.8024     -465.8024  0.0021 -2.1535
siesta:   12     -465.8387     -465.8115     -465.8115  0.0016 -2.1533
siesta:   13     -465.8387     -465.8183     -465.8183  0.0012 -2.1531
siesta:   14     -465.8387     -465.8234     -465.8234  0.0009 -2.1530
siesta:   15     -465.8387     -465.8272     -465.8272  0.0006 -2.1530
siesta:   16     -465.8387     -465.8301     -465.8301  0.0005 -2.1530
siesta:   17     -465.8387     -465.8322     -465.8322  0.0004 -2.1530
siesta:   18     -465.8387     -465.8338     -465.8338  0.0003 -2.1530
siesta:   19     -465.8387     -465.8351     -465.8351  0.0002 -2.1530
siesta:   20     -465.8387     -465.8360     -465.8360  0.0001 -2.1530
siesta:   21     -465.8387     -465.8367     -465.8367  0.0001 -2.1530
siesta:   22     -465.8387     -465.8372     -465.8372  0.0001 -2.1530

siesta: E_KS(eV) =      -465.8376

siesta: Atomic forces (eV/Ang):
----------------------------------------
 Tot    0.000001    0.054780    0.000000
----------------------------------------
 Max    0.719663
 Res    0.401018    sqrt( Sum f_i^2 / 3N )
----------------------------------------
 Max    0.719663    constrained

siesta: Temp_ion =       0.000 K


* Maximum dynamic memory allocated =     4 MB

siesta: Eigenvalues (eV):
  ik is    eps
   1  1 -24.74 -12.70  -8.71  -6.23   1.68   4.09   9.85  11.56  12.26  13.34
         14.68  21.97  24.22  27.21  28.65  32.19  42.80  42.94  46.15  48.83
         49.89  70.65  96.18
   2  1 -24.74 -12.70  -8.71  -6.23   1.68   4.09   9.85  11.56  12.26  13.34
         14.68  21.97  24.22  27.21  28.65  32.19  42.80  42.94  46.15  48.83
         49.89  70.65  96.18
   3  1 -24.74 -12.70  -8.71  -6.23   1.68   4.09   9.85  11.56  12.26  13.34
         14.68  21.97  24.22  27.21  28.65  32.19  42.80  42.94  46.15  48.83
         49.89  70.65  96.18
   4  1 -24.74 -12.70  -8.71  -6.23   1.68   4.09   9.85  11.56  12.26  13.34
         14.68  21.97  24.22  27.21  28.65  32.19  42.80  42.94  46.15  48.83
         49.89  70.65  96.18
siesta: Fermi energy =      -2.152973 eV
siesta: PDOS info: 
siesta: e1, e2, sigma, nhist:   -26.00 eV    4.00 eV    0.20 eV    500

siesta: Program's energy decomposition (eV):
siesta:-Eions   =    -815.854478
siesta: Ena     =     175.154399
siesta: Ekin    =     350.784940
siesta: Enl     =     -61.958838
siesta: DEna    =      -1.777980
siesta: DUscf   =       0.727284
siesta: DUext   =       0.000000
siesta: Exc     =    -112.912882
siesta: eta*DQ  =       0.000000
siesta: Emadel  =       0.000000
siesta: Ekinion =       0.000000
siesta: Eharris =    -465.839089
siesta: Etot    =    -465.837556
siesta: FreeEng =    -465.837556

siesta: Final energy (eV):
siesta:       Kinetic =     350.784940
siesta:       Hartree =     382.616640
siesta:    Ext. field =       0.000000
siesta:   Exch.-corr. =    -112.912882
siesta:  Ion-electron =   -1072.820471
siesta:       Ion-ion =     -13.505783
siesta:       Ekinion =       0.000000
siesta:         Total =    -465.837556

siesta: Atomic forces (eV/Ang):
siesta:    1    0.000000   -0.504876    0.000000
siesta:    2    0.719663    0.279829    0.000000
siesta:    3   -0.719662    0.279828    0.000000
siesta: ----------------------------------------
siesta:  Tot    0.000001    0.054780    0.000000

siesta: Stress tensor (eV/Ang**3):
siesta:    -0.012622    0.000000    0.000000
siesta:     0.000000   -0.002309    0.000000
siesta:     0.000000    0.000000    0.014000

siesta: Cell volume =        235.378012 Ang**3

siesta: Pressure:
siesta:                Solid            Molecule  Units
siesta:           0.00000338         -0.00001815  Ry/Bohr**3
siesta:           0.00031042         -0.00166673  eV/Ang**3
siesta:           0.49734668         -2.67041751  kBar

siesta: Electric dipole (a.u.)  =    0.000000    0.558074    0.000000
siesta: Electric dipole (Debye) =    0.000000    1.418483    0.000000


* Maximum dynamic memory allocated : Node    0 =     4 MB
* Maximum memory occured during ranger                        

timer: CPU execution times:
timer:  Routine       Calls   Time/call    Tot.time        %
timer:  siesta            1      11.322      11.322    99.98
timer:  Setup             1       1.125       1.125     9.94
timer:  bands             1       0.001       0.001     0.01
timer:  KSV_init          1       0.000       0.000     0.00
timer:  IterMD            1       9.998       9.998    88.30
timer:  hsparse           2       0.008       0.016     0.14
timer:  overfsm           2       0.867       1.733    15.31
timer:  IterSCF          23       0.358       8.232    72.69
timer:  kinefsm           2       0.825       1.650    14.58
timer:  nlefsm            2       2.169       4.337    38.30
timer:  DHSCF            23       0.082       1.875    16.56
timer:  DHSCF1            1       0.065       0.065     0.58
timer:  DHSCF2            1       0.164       0.164     1.45
timer:  REORD           186       0.000       0.060     0.53
timer:  POISON           24       0.014       0.335     2.96
timer:  DHSCF3           23       0.065       1.497    13.22
timer:  rhoofd           23       0.019       0.435     3.84
timer:  CELLXC           23       0.012       0.285     2.52
timer:  vmat             23       0.014       0.315     2.78
timer:  diagon           22       0.012       0.271     2.40
timer:  cdiag           180       0.001       0.214     1.89
timer:  DHSCF4            1       0.144       0.144     1.28
timer:  dfscf             1       0.124       0.124     1.09
timer:  pdos              1       0.187       0.187     1.65
  
>> End of run:  24-SEP-2001  16:20:29
