Siesta Version  : trunk-755
Architecture    : unknown
Compiler version: GNU Fortran (Ubuntu 5.4.0-6ubuntu1~16.04.10) 5.4.0 20160609
Compiler flags  : mpif90 -O2 -fPIC -ftree-vectorize
PP flags        : -DFC_HAVE_ABORT -DMPI -DFC_HAVE_FLUSH -DFC_HAVE_ABORT -DGRID_DP -DPHI_GRID_SP -DSIESTA__HAS__SPGLIB  -DSIESTA__DIAG_2STAGE
Libraries       : libsiestaLAPACK.a libsiestaBLAS.a libfdict.a  /usr/lib/libscalapack-openmpi.so   libsiestaLAPACK.a libsiestaBLAS.a libfdict.a /usr/lib/libblacsF77init-openmpi.so /usr/lib/libblacsCinit-openmpi.so /usr/lib/libblacs-openmpi.so
Directory       : /home/ICN2/aakhtar/Projects/spglib-inclusion/Obj-spg/Tests/Space_Group/06-cubic-cI.10-spg204/work
PARALLEL version

* Running on 8 nodes in parallel
>> Start of run:   2-APR-2019  17:13:14

                           ***********************       
                           *  WELCOME TO SIESTA  *       
                           ***********************       

reinit: Reading from ../06-cubic-cI.10-spg204.fdf

reinit: -----------------------------------------------------------------------
reinit: System Name: 
reinit: -----------------------------------------------------------------------
reinit: System Label: 06-cubic-cI.10-spg204.inp
reinit: -----------------------------------------------------------------------

initatom: Reading input for the pseudopotentials and atomic orbitals ----------
Species number:   1 Atomic number:    1 Label: H

Ground state valence configuration:   1s01

read_pseudo: ERROR: Pseudopotential file not found: H.psf               

Stopping Program from Node:    0
--------------------------------------------------------------------------
MPI_ABORT was invoked on rank 0 in communicator MPI COMMUNICATOR 3 CREATE FROM 0 
with errorcode 1.

NOTE: invoking MPI_ABORT causes Open MPI to kill all MPI processes.
You may or may not see output from other processes, depending on
exactly when Open MPI kills them.
--------------------------------------------------------------------------
