TBtrans Version: siesta-4.1-1028
Architecture  : x86_64-linux-n-62-18-18
Compiler flags: mpifort -m64 -fPIC -O3 -march=native -ftree-vectorize -fexpensive-optimizatioons -funroll-loops -fprefetch-loop-arrays -fno-second-underscore  -flto
PP flags      : -I/zdata/groups/common/nicpa/2018-feb/generic/build-tools/1.0/include -I/zdatta/groups/common/nicpa/2018-feb/generic/gcc/7.3.0/include -I/zdata/groups/common/nicpa/2018-feb/generic/gcc/7.3.0/include -I/zdata/groups/common/nicpa/2018-feb/XeonE5-2665/zlib/1.2.11/gnu-7.3.0/include -I/zdata/groups/common/nicpa/2018-feb/generic/numactl/2.0.11/include -I/zdata/groups/common/nicpa/2018-feb/XeonE5-2665/libxml2/2.9.7/gnu-7.3.0/include -I/zdata/groups/common/nicpa/2018-feb/XeonE5-2665/hwloc/1.11.9/gnu-7.3.0/include -I/zdata/groups/common/nicpa/2018-feb/XeonE5-2665/openmpi/3.0.0/gnu-7.3.0/include -I/zdata/groups/common/nicpa/2018-feb/XeonE5-2665/szip/2.1.1/gnu-7.3.0/include -I/zdata/groups/common/nicpa/2018-feb/XeonE5-2665/hdf5/1.8.18/gnu-7.3.0/include -I/zdata/groups/common/nicpa/2018-feb/XeonE5-2665/pnetcdf/1.8.1/gnu-7.3.0/include -I/zdata/groups/common/nicpa/2018-feb/XeonE5-2665/netcdf/4.6.0/gnu-7.3.0/include -I/zdata/groups/common/nicpa/2018-feb/XeonE5-2665/flook/0.7.0/gnu-7.3.0/include -I/zdata/groups/common/nicpa/2018-feb/XeonE5-2665/parmetis/4.0.3/gnu-7.3.0/include -I/zdata/groups/common/nicpa/2018-feb/XeonE5-2665/scalapack/204/gnu-7.3.0/include -I/zdata/groups/common/nicpa/2018-feb/XeonE5-2665/openblas/0.2.20/gnu-7.3.0/include -I/zdata/groups/common/nicpa/2018-feb/XeonE5-2665/scotch/6.0.4/gnu-7.3.0/include -I/zdata/groups/common/nicpa/2018-feb/XeonE5-2665/mumps/5.1.2/gnu-7.3.0/include -I/zdata/groups/common/nicpa/2018-feb/XeonE5-2665/fftw/3.3.7/gnu-7.3.0/include -I/zdata/groups/common/nicpa/2018-feb/XeonE5-2665/elpa/2017.05.003/gnu-7.3.0/include/elpa -DSIESTA__ELPA -DMPI -D1 -DFC_HAVE_ABORT -DCDF -DCDF4 -DSIESTA__FLOOK  -DNCDF -DNCDF_4 -DNCDF_PARALLEL -DSIESTA__METIS -DSIESTA__MUMPS -DTS_NOCHECKS -DSIESTA__MRRR -DTBTRANS
Libraries     : libncdf.a libfdict.a -lnetcdff -lnetcdf -lpnetcdf -lhdf5_hl -lhdf5 -lz  -lzmuumps -lmumps_common -lesmumps -lscotch -lscotcherr -lpord -lparmetis -lmetis -lelpa -lscalapack -lopenblas  -L/zdata/groups/common/nicpa/2018-feb/XeonE5-2665/flook/0.7.0/gnu-7.3.0/lib -Wl,-rpath=/zdata/groups/common/nicpa/2018-feb/XeonE5-2665/flook/0.7.0/gnu-7.3.0/lib -lflookall -ldl  -flto -fuse-linker-plugin  -lmetis
PARALLEL version
NetCDF support
NetCDF-4 support
NetCDF-4 MPI-IO support
METIS ordering support

* Running on 8 nodes in parallel
>> Start of run:   5-NOV-2018  11:49:19

                           ************************ 
                           *  WELCOME TO TBtrans  * 
                           ************************ 

reinit: Reading from au_100.fdf

reinit: -----------------------------------------------------------------------
reinit: System Name: Au 100 with gold chain
reinit: -----------------------------------------------------------------------
reinit: System Label: au_100
reinit: -----------------------------------------------------------------------

k-point displ. along   1 input, could be:     0.00    0.50
k-point displ. along   2 input, could be:     0.00    0.50
 Kpoints in:            4 . Kpoints trimmed:            4
tbt: Number of transport k-points = 4
tbt: Method = Monkhorst-Pack grid.
tbt: k-grid: Supercell and displacements
tbt:            2   0   0      0.000
tbt:            0   2   0      0.000
tbt:            0   0   1      0.000


tbt: **************************************************************
tbt: Electronic temperature (reference)             =  299.9869 K
tbt: No applied bias
tbt: Calculate transmission only using diag(Gf)     =    F
tbt: Saving bulk transmission for electrodes        =    F
tbt: Saving DOS from bulk electrodes                =    F
tbt: Saving DOS from Green function                 =    F
tbt: Saving DOS from spectral functions             =    F
tbt: Saving bond currents (orb-orb)                 =    F
tbt: Saving DM from Green function                  =    F
tbt: Saving DM from spectral functions              =    F
tbt: Saving COOP from Green function                =    F
tbt: Saving COOP from spectral functions            =    F
tbt: Saving COHP from Green function                =    F
tbt: Saving COHP from spectral functions            =    F
tbt: Calc. # transmission eigenvalues               =  0
tbt: Calc. T between all electrodes                 =    F
tbt: Calc. total T out of electrodes                =    F
tbt: Non-polarized Hamiltonian
tbt: BTD creation algorithm                         =    speed
tbt: BTD spectral function algorithm                =    propagation
tbt: Divide and conquer diagonalization             =    F
tbt: Assume LAPACK <i|S|j> = delta_ij               =    F
tbt: Saving downfolded self-energies                =    F
tbt: No delta Hamiltonian
tbt: No delta self-energy
tbt: Data files stored in current folder
tbt: No compression of TBT.nc files
tbt: Default NetCDF precision                       =    single
tbt: Use parallel MPI-IO for NetCDF file            =    F
tbt:           >> Electrodes << 
tbt: >> Left
tbt:   Electrode cell pivoting: E1, E2, E3          = A1, A2, A3
tbt:   In-core self-energy calculation
tbt:   Electrode TSHS file                          = ./elec_au_100.TSHS
tbt:   # atoms used in electrode                    =   36
tbt:   Electrode Bloch unity [E1 x E2 x E3]         = 1 x 1 x 1
tbt:   Position in geometry                         = 1 -- 36
tbt:   Semi-infinite direction for electrode        = negative wrt. E3
tbt:   Chemical shift                               =    0.000000 eV
tbt:   Electronic temperature                       =  299.986869 K
tbt:   Gamma-only electrode                         =    F
tbt:   Bulk H, S in electrode region                =    T
tbt:   Electrode self-energy imaginary Eta          =  0.1000E-03  eV
tbt:   Electrode self-energy accuracy               =  0.1000E-13  eV
tbt:   Electrode inter-layer distance (semi-inf)    =    2.0391  Ang
tbt: >> Right
tbt:   Electrode cell pivoting: E1, E2, E3          = A1, A2, A3
tbt:   In-core self-energy calculation
tbt:   Electrode TSHS file                          = ./elec_au_100.TSHS
tbt:   # atoms used in electrode                    =   36
tbt:   Electrode Bloch unity [E1 x E2 x E3]         = 1 x 1 x 1
tbt:   Position in geometry                         = 77 -- 112
tbt:   Semi-infinite direction for electrode        = positive wrt. E3
tbt:   Chemical shift                               =    0.000000 eV
tbt:   Electronic temperature                       =  299.986869 K
tbt:   Gamma-only electrode                         =    F
tbt:   Bulk H, S in electrode region                =    T
tbt:   Electrode self-energy imaginary Eta          =  0.1000E-03  eV
tbt:   Electrode self-energy accuracy               =  0.1000E-13  eV
tbt:   Electrode inter-layer distance (semi-inf)    =    2.0391  Ang
ts:              >> TBtrans contour << 
ts: Device Green function imaginary Eta             =  0.000     eV
ts: Contour name                                    =    TBT.Contour.line
ts:   line contour E_min                            =   -2.0000 eV
ts:   line contour E_max                            =    2.0000 eV
ts:   line contour points                           =  400
ts:   line contour method                           =    Mid-rule
tbt: **************************************************************

tbt: <<<<<<<<<<<<<<<<<<<<<<<<<<<<<<<<<<<<<<<<<<<<<<<<<<<<<<<<<<<<<<
%block TBT.Contours
    line
%endblock TBT.Contours

%block TBT.Contour.line
  part line
     from -2. eV to 2. eV
      delta 0.01 eV
        method mid-rule
%endblock TBT.Contour.line
tbt: <<<<<<<<<<<<<<<<<<<<<<<<<<<<<<<<<<<<<<<<<<<<<<<<<<<<<<<<<<<<<<

************************ Begin: TBT CHECKS AND WARNINGS ************************
 ** Speed up the execution by utilizing parallel I/O
  > TBT.CDF.MPI true
************************ End: TBT CHECKS AND WARNINGS **************************

Device information (full):
  <sparsity:au_100.TSHS
    nrows_g=1008 nrows=1008 sparsity=1.2070 nnzs=1226352, refcount: 3>

Electrode information:

  <sparsity:./elec_au_100.TSHS
    nrows_g=324 nrows=324 sparsity=4.3584 nnzs=457524, refcount: 3>
  <sparsity:(TM [--,--, 0] of: ./elec_au_100.TSHS)
    nrows_g=324 nrows=324 sparsity=2.6214 nnzs=275184, refcount: 3>
  <sparsity:(TM [--,--,-1] of: ./elec_au_100.TSHS)
    nrows_g=324 nrows=324 sparsity=.8685 nnzs=91170, refcount: 3>
 Left principal cell is perfect!

  <sparsity:./elec_au_100.TSHS
    nrows_g=324 nrows=324 sparsity=4.3584 nnzs=457524, refcount: 3>
  <sparsity:(TM [--,--, 0] of: ./elec_au_100.TSHS)
    nrows_g=324 nrows=324 sparsity=2.6214 nnzs=275184, refcount: 3>
  <sparsity:(TM [--,--, 1] of: ./elec_au_100.TSHS)
    nrows_g=324 nrows=324 sparsity=.8685 nnzs=91170, refcount: 3>
 Right principal cell is perfect!


tbt: Analyzing electrode sparsity pattern and electrode pivot-tables
tbt: BTD pivoting scheme for electrode (Left): atom+Left

tbt: Analyzing device sparsity pattern and pivot-table
tbt: BTD pivoting scheme in device: atom+Left
tbt: Done analyzing electrode and device sparsity pattern and pivot-tables

tbt: Reducing matrix (H, S) sparsity patterns by: 182340

tbt: # of device region orbitals: 360
Region (40): [A]-device
  [ 37 -- 76 ]

tbt: # of Left electrode orbitals: 180
tbt: # of Left down-folding orbitals: 504
Region (36): [A]-Left folding region
  [ 1 -- 36 ]
Region (20): [A]-Left folding in D
  [ 37 -- 56 ]

tbt: # of Right electrode orbitals: 180
tbt: # of Right down-folding orbitals: 504
Region (36): [A]-Right folding region
  [ 77 -- 112 ]
Region (20): [A]-Right folding in D
  [ 57 -- 76 ]

tbt: Creating electrode tri-diagonal matrix blocks
tbt: Creating device tri-diagonal matrix blocks
Region (3): [TRI] device region
  [ 157, 158, 45 ]
tbt: Matrix elements in BTD: 115470

tbt: Electrodes tri-diagonal matrices
Region (2): [TRI] Left
  [ 324, 180 ]
Region (2): [TRI] Right
  [ 324, 180 ]

tbt: Electrode memory:   17.179 MB
tbt: Sparse H, S and auxiliary matrices memory:   27.451 MB
tbt: Sum of electrode and sparse memory:   44.630 MB

tbt: Initializing data file: au_100.TBT.nc
tbt: Estimated file size of au_100.TBT.nc:  19.051 KB

tbt: LHS Green function padding / memory: 1144242 /   19.222 MB
tbt: RHS Green function padding / memory: 94482 /    3.204 MB
tbt: Initial ETA in             1599.717 s
tbt: Calculated   5.000 %, ETA in             1518.610 s
tbt: Calculated  10.000 %, ETA in             1438.440 s
tbt: Calculated  15.000 %, ETA in             1358.433 s
tbt: Calculated  20.000 %, ETA in             1278.542 s
tbt: Calculated  25.000 %, ETA in             1198.774 s
tbt: Calculated  30.000 %, ETA in             1116.825 s
tbt: Calculated  35.000 %, ETA in             1037.237 s
tbt: Calculated  40.000 %, ETA in              957.631 s
tbt: Calculated  45.000 %, ETA in              878.098 s
tbt: Calculated  50.000 %, ETA in              798.493 s
tbt: Calculated  55.000 %, ETA in              717.982 s
tbt: Calculated  60.000 %, ETA in              640.863 s
tbt: Calculated  65.000 %, ETA in              560.561 s
tbt: Calculated  70.000 %, ETA in              480.343 s
tbt: Calculated  75.000 %, ETA in              400.196 s
tbt: Calculated  80.000 %, ETA in              319.013 s
tbt: Calculated  85.000 %, ETA in              238.501 s
tbt: Calculated  90.000 %, ETA in              158.967 s
tbt: Calculated  95.000 %, ETA in               79.491 s
tbt: Completed in             1589.976 s

Currents (ensure entire Fermi function window):
Left -> Right, V [V] / I [A]:  0.00000     V /  0.00000     A
Left -> Right, V [V] / P [W]:  0.00000     V /  0.00000     W


             Section          Calls    Walltime       %
 global_section                   1    1593.355  100.00
  tbtrans                         1    1593.355  100.00
   init-region+sp                 1       0.195    0.01
   pivot-elec                     1       0.017    0.00
    pivot                         1       0.011    0.00
   pivot-device                   1       0.011    0.00
    pivot                         1       0.011    0.00
   tri-init                       1       0.179    0.01
    tri-init-elec                 1       0.025    0.00
     TS-rgn2tri                   1       0.001    0.00
    TS-rgn2tri                    1       0.001    0.00
   TBT                            1    1590.709   99.83
    read-GS                     200    1551.008   97.34
    SE-dwn                      200      17.707    1.11
     ts_expand                  400       0.145    0.01
    Gf-prep                     200       8.099    0.51
     V_TM_Pinv                  200       7.125    0.45
    analysis                    200      13.024    0.82
    cdf2ascii                     1       0.028    0.00
>> End of run:   5-NOV-2018  12:15:53
