TBtrans Version: v4.1-b4-146
Architecture  : x86_64-linux-gcc
Compiler flags: mpifort -m64 -fPIC -O3 -ftree-vectorize -fexpensive-optimizations -funroll-loops -fprefetch-loop-arrays -fgraphite -fipa-icf -fipa-pure-const -march=native -fschedule-fusion -fselective-scheduling -fstack-arrays -fmax-stack-var-size=10000 -fipa-sra -fipa-cp -Warray-temporaries -fcheck=recursion,array-temps -fno-second-underscore -Wrealloc-lhs -Wrealloc-lhs-all
PP flags      : -DSIESTA__FLOOK -DSIESTA__METIS -DSIESTA__FFTW -DTS_PVT_METIS -DSIESTA__MRRR -DMPI -DFC_HAVE_FLUSH -DFC_HAVE_ABORT -DCDF -DGRID_DP -DMPI_TIMING -DTRANSIESTA_TIMING -DTBTRANS_TIMING -DSIESTA__MUMPS -DNCDF_PARALLEL -DNCDF -DNCDF_4 -DSCALAPACK_DEBUG -D_DIAG_WORK -DSIESTA__DIAG_2STAGE -DSIESTA__ELPA -DTBTRANS
Libraries     : libncdf.a libfdict.a  -lzmumps -lmumps_common -lpord -lparmetis -lmetis -lesmumps -lscotch -lscotcherr -L/opt/gnu/9.3.0/elpa/2020.05.001/lib -Wl,-rpath=/opt/gnu/9.3.0/elpa/2020.05.001/lib -lelpa -L/opt/gnu/9.3.0/scalapack/2.1.0/lib -Wl,-rpath=/opt/gnu/9.3.0/scalapack/2.1.0/lib -lscalapack  -L/opt/gnu/9.3.0/openblas/0.3.10/lib -Wl,-rpath=/opt/gnu/9.3.0/openblas/0.3.10/lib -lopenblas -L/home/nicpa/codes/flook/obj -lflookall -ldl -l:libnetcdff.so  -m64 -fPIC -O3 -ftree-vectorize -fexpensive-optimizations -funroll-loops -fprefetch-loop-arrays -fgraphite -fipa-icf -fipa-pure-const -march=native -fschedule-fusion -fselective-scheduling -fstack-arrays -fmax-stack-var-size=10000 -fipa-sra -fipa-cp -Warray-temporaries -fcheck=recursion,array-temps -fno-second-underscore -Wrealloc-lhs -Wrealloc-lhs-all -L/opt/gnu/9.3.0/fftw/3.3.8/lib -Wl,-rpath=/opt/gnu/9.3.0/fftw/3.3.8/lib -lfftw3
PARALLEL version
NetCDF support
NetCDF-4 support
NetCDF-4 MPI-IO support
METIS ordering support

* Running on 2 nodes in parallel
>> Start of run:   1-OCT-2020   2:11:19

                           ************************ 
                           *  WELCOME TO TBtrans  * 
                           ************************ 

reinit: Reading from au_100.fdf

reinit: -----------------------------------------------------------------------
reinit: System Name: Au 100 with gold chain
reinit: -----------------------------------------------------------------------
reinit: System Label: au_100
reinit: -----------------------------------------------------------------------

k-point displ. along   1 input, could be:     0.00    0.50
k-point displ. along   2 input, could be:     0.00    0.50
 Kpoints in:            4 . Kpoints trimmed:            4
tbt: Number of transport k-points = 4
tbt: Method = Monkhorst-Pack grid.
tbt: k-grid: Supercell and displacements
tbt:            2   0   0      0.000
tbt:            0   2   0      0.000
tbt:            0   0   1      0.000


tbt: **************************************************************
tbt: Electronic temperature (reference)             =  299.9869 K
tbt: Voltage                                        =    0.2500 Volts
tbt: Calculate transmission only using diag(Gf)     =    F
tbt: Saving bulk transmission for electrodes        =    F
tbt: Saving DOS from bulk electrodes                =    F
tbt: Saving DOS from Green function                 =    F
tbt: Saving DOS from spectral functions             =    F
tbt: Saving bond currents (orb-orb)                 =    F
tbt: Saving DM from Green function                  =    F
tbt: Saving DM from spectral functions              =    F
tbt: Saving COOP from Green function                =    F
tbt: Saving COOP from spectral functions            =    F
tbt: Saving COHP from Green function                =    F
tbt: Saving COHP from spectral functions            =    F
tbt: Calc. # transmission eigenvalues               =  0
tbt: Calc. T between all electrodes                 =    F
tbt: Calc. total T out of electrodes                =    F
tbt: Non-polarized Hamiltonian
tbt: BTD creation algorithm                         =    speed
tbt: BTD spectral function algorithm                =    propagation
tbt: Divide and conquer diagonalization             =    F
tbt: Assume LAPACK <i|S|j> = delta_ij               =    F
tbt: Saving downfolded self-energies                =    F
tbt: No delta Hamiltonian
tbt: No delta self-energy
tbt: Data files stored in current folder
tbt: No compression of TBT.nc files
tbt: Default NetCDF precision                       =    single
tbt: Use parallel MPI-IO for NetCDF file            =    F
tbt:           >> Electrodes << 
tbt: >> Left
tbt:   Electrode cell pivoting: E1, E2, E3          = A1, A2, A3
tbt:   In-core self-energy calculation
tbt:   Electrode TSHS file                          = ./elec_au_100.TSHS
tbt:   # atoms used in electrode                    =    4
tbt:   Electrode Bloch repeating [E1 x E2 x E3]     = 3 x 3 x 1
tbt:   Position in geometry                         = 1 -- 36
tbt:   Semi-infinite direction for electrode        = negative wrt. E3
tbt:   Chemical shift                               =    0.125000 eV
tbt:   Electronic temperature                       =  299.986869 K
tbt:   Gamma-only electrode                         =    F
tbt:   Bulk H, S in electrode region                =    T
tbt:   Manual delta-Ef shift                        =    0.000000 eV
tbt:   Hamiltonian E-C bias fractional shift        =    0.0000
tbt:   Electrode self-energy imaginary Eta          =  0.1000E-02 eV
tbt:   Electrode self-energy accuracy               =  0.1000E-12 eV
tbt:   Electrode inter-layer distance (semi-inf)    =    2.0391 Ang
tbt: >> Right
tbt:   Electrode cell pivoting: E1, E2, E3          = A1, A2, A3
tbt:   In-core self-energy calculation
tbt:   Electrode TSHS file                          = ./elec_au_100.TSHS
tbt:   # atoms used in electrode                    =    4
tbt:   Electrode Bloch repeating [E1 x E2 x E3]     = 3 x 3 x 1
tbt:   Position in geometry                         = 77 -- 112
tbt:   Semi-infinite direction for electrode        = positive wrt. E3
tbt:   Chemical shift                               =   -0.125000 eV
tbt:   Electronic temperature                       =  299.986869 K
tbt:   Gamma-only electrode                         =    F
tbt:   Bulk H, S in electrode region                =    T
tbt:   Manual delta-Ef shift                        =    0.000000 eV
tbt:   Hamiltonian E-C bias fractional shift        =    0.0000
tbt:   Electrode self-energy imaginary Eta          =  0.1000E-02 eV
tbt:   Electrode self-energy accuracy               =  0.1000E-12 eV
tbt:   Electrode inter-layer distance (semi-inf)    =    2.0391 Ang
ts:              >> TBtrans contour << 
ts: Device Green function imaginary Eta             =  0.000     eV
ts: Contour name                                    =    TBT.Contour.line
ts:   line contour E_min                            =   -2.0000 eV
ts:   line contour E_max                            =    2.0000 eV
ts:   line contour points                           =  400
ts:   line contour method                           =    Mid-rule
tbt: **************************************************************

tbt: <<<<<<<<<<<<<<<<<<<<<<<<<<<<<<<<<<<<<<<<<<<<<<<<<<<<<<<<<<<<<<
%block TBT.Contours
    line
%endblock TBT.Contours

%block TBT.Contour.line
  part line
     from -2. eV to 2. eV
      delta 0.01 eV
        method mid-rule
%endblock TBT.Contour.line
tbt: <<<<<<<<<<<<<<<<<<<<<<<<<<<<<<<<<<<<<<<<<<<<<<<<<<<<<<<<<<<<<<

************************ Begin: TBT CHECKS AND WARNINGS ************************
Electrode Left is using Bloch unfolding using the repeat scheme! Please use the tiling scheme (it is orders of magnitudes faster!).
Electrode Right is using Bloch unfolding using the repeat scheme! Please use the tiling scheme (it is orders of magnitudes faster!).
 ** Speed up the execution by utilizing parallel I/O
  > TBT.CDF.MPI true
************************ End: TBT CHECKS AND WARNINGS **************************

Device information (full):
  <sparsity:au_100.TSHS
    nrows_g=1008 nrows=1008 sparsity=1.4229 nnzs=1445744, refcount: 3>

Electrode information:

  <sparsity:./elec_au_100.TSHS
    nrows_g=36 nrows=36 sparsity=46.6327 nnzs=60436, refcount: 3>
  <sparsity:(TM [--,--, 0] of: ./elec_au_100.TSHS)
    nrows_g=36 nrows=36 sparsity=26.8025 nnzs=34736, refcount: 3>
  <sparsity:(TM [--,--,-1] of: ./elec_au_100.TSHS)
    nrows_g=36 nrows=36 sparsity=9.9151 nnzs=12850, refcount: 3>
 Left principal cell is perfect!

  <sparsity:./elec_au_100.TSHS
    nrows_g=36 nrows=36 sparsity=46.6327 nnzs=60436, refcount: 3>
  <sparsity:(TM [--,--, 0] of: ./elec_au_100.TSHS)
    nrows_g=36 nrows=36 sparsity=26.8025 nnzs=34736, refcount: 3>
  <sparsity:(TM [--,--, 1] of: ./elec_au_100.TSHS)
    nrows_g=36 nrows=36 sparsity=9.9151 nnzs=12850, refcount: 3>
 Right principal cell is perfect!


tbt: Analyzing electrode sparsity pattern and electrode pivot-tables
tbt: BTD pivoting scheme for electrode (Left): atom+Left

tbt: Analyzing device sparsity pattern and pivot-table
tbt: BTD pivoting scheme in device: atom+Left
tbt: Done analyzing electrode and device sparsity pattern and pivot-tables

tbt: Reducing matrix (H, S) sparsity patterns by: 231300

tbt: # of device region orbitals: 360
Region (40): [A]-device
  [ 37 -- 76 ]

tbt: # of Left downfolding orbitals: 504
tbt: # of Left device orbitals: 180
Region (36): [A]-Left folding region
  [ 1 -- 36 ]
Region (20): [A]-Left folding in D
  [ 37 -- 56 ]

tbt: # of Right downfolding orbitals: 504
tbt: # of Right device orbitals: 180
Region (36): [A]-Right folding region
  [ 77 -- 112 ]
Region (20): [A]-Right folding in D
  [ 57 -- 76 ]

tbt: Creating electrode tri-diagonal matrix blocks
tbt: Creating device tri-diagonal matrix blocks
Region (2): [TRI] device region
  [ [180] * 2 ]
tbt: Matrix elements in BTD: 129600

tbt: Electrodes tri-diagonal matrices
Region (2): [TRI] Left
  [ 324, 180 ]
Region (2): [TRI] Right
  [ 324, 180 ]

tbt: Electrode memory:    2.814 MB
tbt: Sparse H, S and auxiliary matrices memory:   31.296 MB
tbt: Sum of electrode and sparse memory:   34.110 MB

tbt: Initializing data file: au_100.TBT.nc
tbt: Estimated file size of au_100.TBT.nc:  21.102 KB

tbt: LHS Green function padding / memory: 229392 /    5.478 MB
tbt: RHS Green function padding / memory: 80352 /    3.204 MB
tbt: Initial ETA in              127.202 s
tbt: Calculated   5.000 %, ETA in               95.076 s
tbt: Calculated  10.000 %, ETA in               89.279 s
tbt: Calculated  15.000 %, ETA in               84.934 s
tbt: Calculated  20.000 %, ETA in               79.761 s
tbt: Calculated  25.000 %, ETA in               74.366 s
tbt: Calculated  30.000 %, ETA in               68.116 s
tbt: Calculated  35.000 %, ETA in               62.725 s
tbt: Calculated  40.000 %, ETA in               57.497 s
tbt: Calculated  45.000 %, ETA in               53.209 s
tbt: Calculated  50.000 %, ETA in               48.465 s
tbt: Calculated  55.000 %, ETA in               43.412 s
tbt: Calculated  60.000 %, ETA in               38.430 s
tbt: Calculated  65.000 %, ETA in               33.456 s
tbt: Calculated  70.000 %, ETA in               28.644 s
tbt: Calculated  75.000 %, ETA in               23.896 s
tbt: Calculated  80.000 %, ETA in               18.950 s
tbt: Calculated  85.000 %, ETA in               14.127 s
tbt: Calculated  90.000 %, ETA in                9.413 s
tbt: Calculated  95.000 %, ETA in                4.707 s
tbt: Completed in               93.889 s

Currents (ensure entire Fermi function window):
Left -> Right, V [V] / I [A]: 0.250000     V / 0.769618E-05 A
Left -> Right, V [V] / P [W]: 0.250000     V / -.936755E-06 W


             Section          Calls    Walltime       %
 global_section                   1      95.517  100.00
  tbtrans                         1      95.517  100.00
   MPI_COMM_RANK                  1       0.001    0.00
   MPI_COMM_SIZE                  1       0.000    0.00
   MPI_BCAST                     83       0.007    0.01
   MPI_BARRIER                    3       0.002    0.00
   init-region+sp                 1       0.111    0.12
   pivot-elec                     1       0.015    0.02
    pivot                         1       0.010    0.01
    MPI_BCAST                    24       0.001    0.00
   pivot-device                   1       0.010    0.01
    pivot                         1       0.010    0.01
   tri-init                       1       0.075    0.08
    tri-init-elec                 1       0.004    0.00
     TS-rgn2tri                   1       0.001    0.00
     MPI_BCAST                    6       0.000    0.00
    TS-rgn2tri                    1       0.001    0.00
     MPI_BCAST                    4       0.000    0.00
   TBT                            1      93.987   98.40
    MPI_BCAST                    39       0.000    0.00
    MPI_BARRIER                   3       0.000    0.00
    setup-HS                      4       0.189    0.20
    MPI_ALLGATHER              1600       0.005    0.01
    read-GS                     800      43.638   45.69
    SE-dwn                      800      30.718   32.16
     ts_expand                 1600       4.669    4.89
    Gf-prep                     800      13.553   14.19
     V_TM_Pinv                  800       9.574   10.02
    analysis                    800       5.780    6.05
     dGFGGF                     800       5.416    5.67
     A-Gamma                    800       0.053    0.06
     cdf-w-DOS-T                800       0.309    0.32
      MPI_RECV                  800       0.194    0.20
    cdf2ascii                     1       0.011    0.01
>> End of run:   1-OCT-2020   2:12:55
