Siesta Version  : siesta-4.1-1033
Architecture    : x86_64-linux-n-62-18-18
Compiler version: GNU Fortran (GCC) 7.3.0
Compiler flags  : mpifort -m64 -fPIC -O3 -march=native -ftree-vectorize -fexpensive-optimizatioons -funroll-loops -fprefetch-loop-arrays -fno-second-underscore  -flto
PP flags        : -I/zdata/groups/common/nicpa/2018-feb/generic/build-tools/1.0/include -I/zdatta/groups/common/nicpa/2018-feb/generic/gcc/7.3.0/include -I/zdata/groups/common/nicpa/2018-feb/generic/gcc/7.3.0/include -I/zdata/groups/common/nicpa/2018-feb/XeonE5-2665/zlib/1.2.11/gnu-7.3.0/include -I/zdata/groups/common/nicpa/2018-feb/generic/numactl/2.0.11/include -I/zdata/groups/common/nicpa/2018-feb/XeonE5-2665/libxml2/2.9.7/gnu-7.3.0/include -I/zdata/groups/common/nicpa/2018-feb/XeonE5-2665/hwloc/1.11.9/gnu-7.3.0/include -I/zdata/groups/common/nicpa/2018-feb/XeonE5-2665/openmpi/3.0.0/gnu-7.3.0/include -I/zdata/groups/common/nicpa/2018-feb/XeonE5-2665/szip/2.1.1/gnu-7.3.0/include -I/zdata/groups/common/nicpa/2018-feb/XeonE5-2665/hdf5/1.8.18/gnu-7.3.0/include -I/zdata/groups/common/nicpa/2018-feb/XeonE5-2665/pnetcdf/1.8.1/gnu-7.3.0/include -I/zdata/groups/common/nicpa/2018-feb/XeonE5-2665/netcdf/4.6.0/gnu-7.3.0/include -I/zdata/groups/common/nicpa/2018-feb/XeonE5-2665/flook/0.7.0/gnu-7.3.0/include -I/zdata/groups/common/nicpa/2018-feb/XeonE5-2665/parmetis/4.0.3/gnu-7.3.0/include -I/zdata/groups/common/nicpa/2018-feb/XeonE5-2665/scalapack/204/gnu-7.3.0/include -I/zdata/groups/common/nicpa/2018-feb/XeonE5-2665/openblas/0.2.20/gnu-7.3.0/include -I/zdata/groups/common/nicpa/2018-feb/XeonE5-2665/scotch/6.0.4/gnu-7.3.0/include -I/zdata/groups/common/nicpa/2018-feb/XeonE5-2665/mumps/5.1.2/gnu-7.3.0/include -I/zdata/groups/common/nicpa/2018-feb/XeonE5-2665/fftw/3.3.7/gnu-7.3.0/include -I/zdata/groups/common/nicpa/2018-feb/XeonE5-2665/elpa/2017.05.003/gnu-7.3.0/include/elpa -DSIESTA__ELPA -DMPI -D1 -DFC_HAVE_ABORT -DCDF -DCDF4 -DSIESTA__FLOOK  -DNCDF -DNCDF_4 -DNCDF_PARALLEL -DSIESTA__METIS -DSIESTA__MUMPS -DTS_NOCHECKS -DSIESTA__MRRR
Libraries       : libncdf.a libfdict.a -lnetcdff -lnetcdf -lpnetcdf -lhdf5_hl -lhdf5 -lz  -lzmuumps -lmumps_common -lesmumps -lscotch -lscotcherr -lpord -lparmetis -lmetis -lelpa -lscalapack -lopenblas  -L/zdata/groups/common/nicpa/2018-feb/XeonE5-2665/flook/0.7.0/gnu-7.3.0/lib -Wl,-rpath=/zdata/groups/common/nicpa/2018-feb/XeonE5-2665/flook/0.7.0/gnu-7.3.0/lib -lflookall -ldl  -flto -fuse-linker-plugin  -lmetis
PARALLEL version
NetCDF support
NetCDF-4 support
NetCDF-4 MPI-IO support
METIS ordering support

* Running on 8 nodes in parallel
>> Start of run:   5-NOV-2018  14:20:49

                           ***********************       
                           *  WELCOME TO SIESTA  *       
                           ***********************       

reinit: Reading from graphene.fdf

reinit: -----------------------------------------------------------------------
reinit: System Name: 
reinit: -----------------------------------------------------------------------
reinit: System Label: graphene
reinit: -----------------------------------------------------------------------

initatom: Reading input for the pseudopotentials and atomic orbitals ----------
Species number:   1 Atomic number:    6 Label: C

Ground state valence configuration:   2s02  2p02
Reading pseudopotential information in formatted form from C.psf

Valence configuration for pseudopotential generation:
2s( 2.00) rc: 1.49
2p( 2.00) rc: 1.52
3d( 0.00) rc: 1.58
relmxkb: Read Max KB Ang. Momentum=    2 for species C

<basis_specs>
===============================================================================
C                    Z=   6    Mass=  12.010        Charge= 0.17977+309
Lmxo=1 Lmxkb= 2    BasisType=split      Semic=F
L=0  Nsemic=0  Cnfigmx=2
          n=1  nzeta=1  polorb=0
            splnorm:   0.15000    
               vcte:    0.0000    
               rinn:    0.0000    
               qcoe:    0.0000    
               qyuk:    0.0000    
               qwid:   0.10000E-01
                rcs:    0.0000    
            lambdas:    1.0000    
L=1  Nsemic=0  Cnfigmx=2
          n=1  nzeta=1  polorb=1
            splnorm:   0.15000    
               vcte:    0.0000    
               rinn:    0.0000    
               qcoe:    0.0000    
               qyuk:    0.0000    
               qwid:   0.10000E-01
                rcs:    0.0000    
            lambdas:    1.0000    
-------------------------------------------------------------------------------
L=0  Nkbl=1  erefs: 0.17977+309
L=1  Nkbl=1  erefs: 0.17977+309
L=2  Nkbl=1  erefs: 0.17977+309
===============================================================================
</basis_specs>

atom: Called for C                     (Z =   6)

read_vps: Pseudopotential generation method:
read_vps: ATM3      Troullier-Martins                       
Total valence charge:    4.00000

xc_check: Exchange-correlation functional:
xc_check: Ceperley-Alder
V l=0 = -2*Zval/r beyond r=  1.4666
V l=1 = -2*Zval/r beyond r=  1.5038
V l=2 = -2*Zval/r beyond r=  1.5612
All V_l potentials equal beyond r=  1.5612
This should be close to max(r_c) in ps generation
All pots = -2*Zval/r beyond r=  1.5612

VLOCAL1: 99.0% of the norm of Vloc inside     17.809 Ry
VLOCAL1: 99.9% of the norm of Vloc inside     40.586 Ry
atom: Maximum radius for 4*pi*r*r*local-pseudopot. charge    1.88329
atom: Maximum radius for r*vlocal+2*Zval:    1.62091
GHOST: No ghost state for L =  0
GHOST: No ghost state for L =  1
GHOST: No ghost state for L =  2

KBgen: Kleinman-Bylander projectors: 
   l= 0   rc=  1.747182   el= -1.001947   Ekb=  5.181700   kbcos=  0.300603
   l= 1   rc=  1.747182   el= -0.398598   Ekb= -4.328763   kbcos= -0.367074
   l= 2   rc=  1.955272   el=  0.002326   Ekb= -1.016175   kbcos= -0.009979

KBgen: Total number of  Kleinman-Bylander projectors:    9
atom: -------------------------------------------------------------------------

atom: SANKEY-TYPE ORBITALS:

SPLIT: Orbitals with angular momentum L= 0

SPLIT: Basis orbitals for state 2s

SPLIT: PAO cut-off radius determined from an
SPLIT: energy shift=  0.020212 Ry

   izeta = 1
                 lambda =    1.000000
                     rc =    4.191849
                 energy =   -0.983897
                kinetic =    0.886956
    potential(screened) =   -1.870853
       potential(ionic) =   -5.479661

SPLIT: Orbitals with angular momentum L= 1

SPLIT: Basis orbitals for state 2p

SPLIT: PAO cut-off radius determined from an
SPLIT: energy shift=  0.020212 Ry

   izeta = 1
                 lambda =    1.000000
                     rc =    4.870301
                 energy =   -0.379093
                kinetic =    2.545357
    potential(screened) =   -2.924450
       potential(ionic) =   -6.433151

POLgen: Perturbative polarization orbital with L=  2

POLgen: Polarization orbital for state 2p

   izeta = 1
                     rc =    4.870301
                 energy =    1.280953
                kinetic =    2.629601
    potential(screened) =   -1.348648
       potential(ionic) =   -4.293268
atom: Total number of Sankey-type orbitals:  9

atm_pop: Valence configuration (for local Pseudopot. screening):
 2s( 2.00)                                                            
 2p( 2.00)                                                            
Vna: chval, zval:    4.00000   4.00000

Vna:  Cut-off radius for the neutral-atom potential:   4.870301

atom: _________________________________________________________________________

prinput: Basis input ----------------------------------------------------------

PAO.BasisType split     

%block ChemicalSpeciesLabel
    1    6 C                       # Species index, atomic number, species label
%endblock ChemicalSpeciesLabel

%block PAO.Basis                 # Define Basis set
C                     2                    # Species label, number of l-shells
 n=2   0   1                         # n, l, Nzeta 
   4.192   
   1.000   
 n=2   1   1 P   1                   # n, l, Nzeta, Polarization, NzetaPol
   4.870   
   1.000   
%endblock PAO.Basis

prinput: ----------------------------------------------------------------------

Dumping basis to NetCDF file C.ion.nc
coor:   Atomic-coordinates input format  =     Cartesian coordinates
coor:                                          (in Angstroms)

siesta: Atomic coordinates (Bohr) and species
siesta:      0.00000   0.00000   0.00000  1        1
siesta:      2.73066   0.00000   0.00000  1        2
siesta:      4.09598   2.36482   0.00000  1        3
siesta:      6.82664   2.36482   0.00000  1        4
siesta:      8.19197   4.72963   0.00000  1        5
siesta:     10.92262   4.72963   0.00000  1        6
siesta:     12.28795   7.09445   0.00000  1        7
siesta:     15.01860   7.09445   0.00000  1        8
siesta:     16.38393   9.45927   0.00000  1        9
siesta:     19.11459   9.45927   0.00000  1       10
siesta:     20.47992  11.82408   0.00000  1       11
siesta:     23.21057  11.82408   0.00000  1       12
siesta:     24.57590  14.18890   0.00000  1       13
siesta:     27.30655  14.18890   0.00000  1       14
siesta:     28.67188  16.55372   0.00000  1       15
siesta:     31.40254  16.55372   0.00000  1       16
siesta:     32.76786  18.91853   0.00000  1       17
siesta:     35.49852  18.91853   0.00000  1       18

siesta: System type = slab      

initatomlists: Number of atoms, orbitals, and projectors:     18   162   162

siesta: ******************** Simulation parameters ****************************
siesta:
siesta: The following are some of the parameters of the simulation.
siesta: A complete list of the parameters used, including default values,
siesta: can be found in file out.fdf
siesta:
redata: Spin configuration                          = none
redata: Number of spin components                   = 1
redata: Time-Reversal Symmetry                      = T
redata: Spin-spiral                                 = F
redata: Long output                                 =   F
redata: Number of Atomic Species                    =        1
redata: Charge density info will appear in .RHO file
redata: Write Mulliken Pop.                         = Atomic and Orbital charges
redata: Matel table size (NRTAB)                    =     1024
redata: Mesh Cutoff                                 =   250.0000 Ry
redata: Net charge of the system                    =     0.0000 |e|
redata: Min. number of SCF Iter                     =        3
redata: Max. number of SCF Iter                     =      200
redata: SCF convergence failure will abort job
redata: SCF mix quantity                            = Hamiltonian
redata: Mix DM or H after convergence               =   F
redata: Recompute H after scf cycle                 =   F
redata: Mix DM in first SCF step                    =   T
redata: Write Pulay info on disk                    =   F
redata: New DM Mixing Weight                        =     0.1000
redata: New DM Occupancy tolerance                  = 0.000000000001
redata: No kicks to SCF
redata: DM Mixing Weight for Kicks                  =     0.5000
redata: Require Harris convergence for SCF          =   F
redata: Harris energy tolerance for SCF             =     0.000100 eV
redata: Require DM convergence for SCF              =   T
redata: DM tolerance for SCF                        =     0.000100
redata: Require EDM convergence for SCF             =   F
redata: EDM tolerance for SCF                       =     0.001000 eV
redata: Require H convergence for SCF               =   T
redata: Hamiltonian tolerance for SCF               =     0.001000 eV
redata: Require (free) Energy convergence for SCF   =   F
redata: (free) Energy tolerance for SCF             =     0.000100 eV
redata: Using Saved Data (generic)                  =   F
redata: Use continuation files for DM               =   T
redata: Neglect nonoverlap interactions             =   F
redata: Method of Calculation                       = Transiesta
redata: Fix the spin of the system                  =   F
redata: Dynamics option                             = Single-point calculation
mix.SCF: Pulay mixing                            = Pulay
mix.SCF:    Variant                              = stable
mix.SCF:    History steps                        = 6
mix.SCF:    Linear mixing weight                 =     0.100000
mix.SCF:    Mixing weight                        =     0.100000
mix.SCF:    SVD condition                        = 0.1000E-07
redata: Save all siesta data in one NC              =   F
redata: ***********************************************************************

%block SCF.Mixers
  Pulay
%endblock SCF.Mixers

%block SCF.Mixer.Pulay
  # Mixing method
  method pulay
  variant stable

  # Mixing options
  weight 0.1000
  weight.linear 0.1000
  history 6
%endblock SCF.Mixer.Pulay

DM_history_depth set to one: no extrapolation allowed by default for geometry relaxation
Size of DM history Fstack: 1
Total number of electrons:    72.000000
Total ionic charge:    72.000000

* ProcessorY, Blocksize:    2  21


* Orbital distribution balance (max,min):    21    15

k-point displ. along   1 input, could be:     0.00    0.50
 Kpoints in:          510 . Kpoints trimmed:          506

siesta: k-grid: Number of k-points =   506
siesta: k-grid: Cutoff (effective) =     7.225 Ang
siesta: k-grid: Supercell and displacements
siesta: k-grid:   10   0   0      0.000
siesta: k-grid:    0 101   0      0.000
siesta: k-grid:    0   0   1      0.000

diag: Algorithm                                     = D&C
diag: Parallel over k                               =   F
diag: Use parallel 2D distribution                  =   T
diag: Parallel block-size                           = 21
diag: Parallel distribution                         =     2 x     4
diag: Used triangular part                          = Lower
diag: Absolute tolerance                            =  0.100E-15
diag: Orthogonalization factor                      =  0.100E-05
diag: Memory factor                                 =  1.0000

superc: Internal auxiliary supercell:     3 x     5 x     1  =      15
superc: Number of atoms, orbitals, and projectors:    270   2430   2430

 Kpoints in:           51 . Kpoints trimmed:           51

transiesta: k-grid: Number of Green function k-points =    51
transiesta: k-grid: Supercell and displacements
transiesta: k-grid:    1   0   0      0.000
transiesta: k-grid:    0 101   0      0.000
transiesta: k-grid:    0   0   1      0.000

ts: **************************************************************
ts: Voltage                                         =    0.0000 Volts
ts: Save H and S matrices                           =    T
ts: Electronic temperature                          =  299.997806 K
ts: Transport along unit-cell vector                =    A1
ts: Transport along Cartesian vector                =    X
ts: Fixing Hartree potential at electrode-plane     =    Right
ts: Fix Hartree potential fraction                  =    1.0000
ts: Hartree potential offset                        =    0.000000 eV
ts: Solution method                                 =    BTD
ts: BTD pivoting method                             =    atom+Left
ts: BTD creation algorithm                          =    speed
ts: SCF.TS DM tolerance                             = 0.100E-03
ts: SCF.TS Hamiltonian tolerance                    =    0.001000 eV
ts: Initialize DM by                                =    diagon
ts: Initial DM for electrodes                       =    this
ts: Will not correct charge fluctuations
ts: TS.SCF mixing options same as SCF
ts:           >> Electrodes << 
ts: >> Left
ts:   Electrode cell pivoting: E1, E2, E3           = A1, A2, A3
ts:   GF file                                       = graphene.TSGFLeft
ts:   Reuse existing GF-file                        =    T
ts:   Electrode TSHS file                           = ../elec/elec.TSHS
ts:   # atoms used in electrode                     =    6
ts:   Electrode Bloch unity [E1 x E2 x E3]          = 1 x 1 x 1
ts:   Position in geometry                          = 1 -- 6
ts:   Semi-infinite direction for electrode         = negative wrt. E1
ts:   Chemical shift                                =    0.000000 eV
ts:   Electronic temperature                        =  299.997806 K
ts:   Gamma-only electrode                          =    F
ts:   Bulk H, S in electrode region                 =    T
ts:   Cross-terms are updated
ts:   Electrode self-energy imaginary Eta           =  0.1000E-03  eV
ts:   Electrode self-energy accuracy                =  0.1000E-13  eV
ts:   Electrode inter-layer distance (semi-inf)     =    1.6685  Ang
ts: >> Right
ts:   Electrode cell pivoting: E1, E2, E3           = A1, A2, A3
ts:   GF file                                       = graphene.TSGFRight
ts:   Reuse existing GF-file                        =    T
ts:   Electrode TSHS file                           = ../elec/elec.TSHS
ts:   # atoms used in electrode                     =    6
ts:   Electrode Bloch unity [E1 x E2 x E3]          = 1 x 1 x 1
ts:   Position in geometry                          = 13 -- 18
ts:   Semi-infinite direction for electrode         = positive wrt. E1
ts:   Chemical shift                                =    0.000000 eV
ts:   Electronic temperature                        =  299.997806 K
ts:   Gamma-only electrode                          =    F
ts:   Bulk H, S in electrode region                 =    T
ts:   Cross-terms are updated
ts:   Electrode self-energy imaginary Eta           =  0.1000E-03  eV
ts:   Electrode self-energy accuracy                =  0.1000E-13  eV
ts:   Electrode inter-layer distance (semi-inf)     =    1.6685  Ang
ts:  ----------------- Contour ----------------- 
ts:            >> Residual contour << 
ts: Pole chemical potential                         =    0.0000 eV
ts:    Chemical potential temperature               =  299.9978 K
ts:    Number of poles                              =   16
ts:    Top energy point                             =    2.5989 eV
ts:          >> Equilibrium contour << 
ts: Contour name                                    =    TS.Contour.C-Left
ts:   circle contour E_min                          =  -40.0000 eV
ts:   circle contour E_max                          =   -0.2585 eV
ts:   circle contour points                         =   25
ts:   circle contour method                         =    Gauss-Legendre
ts: Contour name                                    =    TS.Contour.T-Left
ts:   tail contour E_min                            =   -0.2585 eV
ts:   tail contour E_max                            =     Infinity
ts:   tail contour points                           =   10
ts:   tail contour method                           =    Gauss-Fermi (0kT)
ts: **************************************************************

************************ Begin: TS CHECKS AND WARNINGS ************************
Without loosing performance you can increase the equilibrium integration precision.
You can add 5 more energy points in the equilibrium contours, for FREE!
This is 5 more energy points per chemical potential.
************************ End: TS CHECKS AND WARNINGS **************************


>>> TranSiesta block information for FDF-file START <<<

%block TS.ChemPots
  Left
%endblock TS.ChemPots

%block TS.ChemPot.Left
  mu  V/2
  contour.eq
   begin
    C-Left
    T-Left
   end
%endblock TS.ChemPot.Left
%block TS.Contour.C-Left
  part circle
     from -40. eV + V/2 to -10 kT + V/2
      points 25
        method g-legendre
%endblock TS.Contour.C-Left
%block TS.Contour.T-Left
  part tail
     from prev to + inf
      points 10
        method g-fermi
%endblock TS.Contour.T-Left

>>> TranSiesta block information for FDF-file END <<<


transiesta: Regions of atoms:
   ## (6): Elec.Left
     [ 1 -- 6 ]
   ## (6): Elec.Right
     [ 13 -- 18 ]
   -- (6): Device
     [ 7 -- 12 ]

  <sparsity:../elec/elec.TSHS
    nrows_g=54 nrows=54 sparsity=6.1667 nnzs=17982, refcount: 3>
  <sparsity:(TM [ 0,--,--] of: ../elec/elec.TSHS)
    nrows_g=54 nrows=54 sparsity=3.9444 nnzs=11502, refcount: 3>
  <sparsity:(TM [-1,--,--] of: ../elec/elec.TSHS)
    nrows_g=54 nrows=54 sparsity=1.1111 nnzs=3240, refcount: 3>
 Left principal cell is perfect!

Calculating all surface Green functions for: Left
 Fermi level shift in electrode (chemical potential) :        0.00000  eV
 Atoms available    / used atoms   :      6 /      6
 Orbitals available / used orbitals:     54 /     54
 Total self-energy calculations: 2601
 Saving surface Green functions in: graphene.TSGFLeft
 Estimated file size:    120.269 MB
 Lopez Sancho, Lopez Sancho & Rubio recursive surface self-energy calculation...
 Lopez Sancho, Lopez Sancho & Rubio: Mean/std iterations:     3.8639 /     0.8488
 Lopez Sancho, Lopez Sancho & Rubio: Min/Max iterations :          3 /          9
Done creating 'graphene.TSGFLeft'.

  <sparsity:../elec/elec.TSHS
    nrows_g=54 nrows=54 sparsity=6.1667 nnzs=17982, refcount: 3>
  <sparsity:(TM [ 0,--,--] of: ../elec/elec.TSHS)
    nrows_g=54 nrows=54 sparsity=3.9444 nnzs=11502, refcount: 3>
  <sparsity:(TM [ 1,--,--] of: ../elec/elec.TSHS)
    nrows_g=54 nrows=54 sparsity=1.1111 nnzs=3240, refcount: 3>
 Right principal cell is perfect!

Calculating all surface Green functions for: Right
 Fermi level shift in electrode (chemical potential) :        0.00000  eV
 Atoms available    / used atoms   :      6 /      6
 Orbitals available / used orbitals:     54 /     54
 Total self-energy calculations: 2601
 Saving surface Green functions in: graphene.TSGFRight
 Estimated file size:    120.269 MB
 Lopez Sancho, Lopez Sancho & Rubio recursive surface self-energy calculation...
 Lopez Sancho, Lopez Sancho & Rubio: Mean/std iterations:     3.8639 /     0.8488
 Lopez Sancho, Lopez Sancho & Rubio: Min/Max iterations :          3 /          9
Done creating 'graphene.TSGFRight'.


                     ====================================
                        Single-point calculation
                     ====================================

superc: Internal auxiliary supercell:     3 x     5 x     1  =      15
superc: Number of atoms, orbitals, and projectors:    270   2430   2430

outcell: Unit cell vectors (Ang):
       19.507500   11.262660    0.000000
        2.167500   -1.251407    0.000000
        0.000000    0.000000   14.450000

outcell: Cell vector modules (Ang)   :   22.525321    2.502813   14.450000
outcell: Cell angles (23,13,12) (deg):     90.0000     90.0000     60.0000
outcell: Cell volume (Ang**3)        :    705.5015
<dSpData1D:S at geom step 0
  <sparsity:sparsity for geom step 0
    nrows_g=162 nrows=21 sparsity=.2665 nnzs=6993, refcount: 7>
  <dData1D:(new from dSpData1D) n=6993, refcount: 1>
refcount: 1>
new_DM -- step:     1
Initializing Density Matrix...

Attempting to read DM, EDM from TSDE file... Failed...
Attempting to read DM from file... Failed...
DM filled with atomic data:
<dSpData2D:DM initialized from atoms
  <sparsity:sparsity for geom step 0
    nrows_g=162 nrows=21 sparsity=.2665 nnzs=6993, refcount: 8>
  <dData2D:DM n=6993 m=1, refcount: 1>
refcount: 1>

transiesta: Initialization run using siesta

No. of atoms with KB's overlaping orbs in proc 0. Max # of overlaps:      19     117
New grid distribution:   1
           1       1:   96    1:    6    1:   18
           2       1:   96    1:    6   19:   36
           3       1:   96    1:    6   37:   54
           4       1:   96    1:    6   55:   72
           5       1:   96    7:   12    1:   18
           6       1:   96    7:   12   19:   36
           7       1:   96    7:   12   37:   54
           8       1:   96    7:   12   55:   72

InitMesh: MESH =   192 x    24 x   144 =      663552
InitMesh: (bp) =    96 x    12 x    72 =       82944
InitMesh: Mesh cutoff (required, used) =   250.000   267.732 Ry
ExtMesh (bp) on 0 =   148 x    66 x    70 =      683760
New grid distribution:   2
           1      73:   96    1:   12    1:   10
           2       1:   24    1:   12   11:   72
           3      73:   96    1:   12   11:   72
           4       1:   24    1:   12    1:   10
           5      25:   48    1:   12    1:   10
           6      25:   48    1:   12   11:   72
           7      49:   72    1:   12   11:   72
           8      49:   72    1:   12    1:   10
New grid distribution:   3
           1      73:   96    1:   12    1:   13
           2       1:   24    1:   12   14:   72
           3      73:   96    1:   12   14:   72
           4       1:   24    1:   12    1:   13
           5      25:   48    1:   12    1:   13
           6      25:   48    1:   12   14:   72
           7      49:   72    1:   12   14:   72
           8      49:   72    1:   12    1:   13
Setting up quadratic distribution...
ExtMesh (bp) on 0 =    76 x    72 x    62 =      339264
PhiOnMesh: Number of (b)points on node 0 =                 2880
PhiOnMesh: nlist on node 0 =               169279

ts: Using electrode: Right for Hartree correction
ts: Grid fraction plane  0.96296
ts: Grid point plane (Ang):      18.78500      10.84552       0.00000
ts-Vha: -0.24365E-08 eV

stepf: Fermi-Dirac step function
ts-Vha:  0.18829E-01 eV

siesta: Program's energy decomposition (eV):
siesta: Ebs     =     -1074.835161
siesta: Eions   =      4487.129717
siesta: Ena     =       885.239345
siesta: Ekin    =      1845.153621
siesta: Enl     =      -240.914163
siesta: Eso     =         0.000000
siesta: Eldau   =         0.000000
siesta: DEna    =        38.686838
siesta: DUscf   =         2.664837
siesta: DUext   =         0.000000
siesta: Enegf   =         0.000000
siesta: Exc     =      -823.039537
siesta: eta*DQ  =         0.000000
siesta: Emadel  =         0.000000
siesta: Emeta   =         0.000000
siesta: Emolmec =         0.000000
siesta: Ekinion =         0.000000
siesta: Eharris =     -2772.223639
siesta: Etot    =     -2779.338777
siesta: FreeEng =     -2779.338889

        iscf     Eharris(eV)        E_KS(eV)     FreeEng(eV)     dDmax    Ef(eV) dHmax(eV)
   scf:    1    -2772.223639    -2779.338777    -2779.338889  1.482043 -4.992108  0.917715
timer: Routine,Calls,Time,% = IterSCF        1      19.827  80.37
ts-Vha:  0.18813E-01 eV
   scf:    2    -2779.344345    -2779.341552    -2779.341665  0.000546 -5.075278  0.820191
ts-Vha:  0.18705E-01 eV
   scf:    3    -2779.361922    -2779.352198    -2779.352312  0.004630 -5.780856  0.008357
ts-Vha:  0.18855E-01 eV
   scf:    4    -2779.352319    -2779.352266    -2779.352380  0.000202 -5.791983  0.003196
ts-Vha:  0.18756E-01 eV
   scf:    5    -2779.352264    -2779.352265    -2779.352380  0.000063 -5.788534  0.004526
ts-Vha:  0.18761E-01 eV
   scf:    6    -2779.352267    -2779.352266    -2779.352381  0.000040 -5.792125  0.001937
ts-Vha:  0.18754E-01 eV
   scf:    7    -2779.352267    -2779.352266    -2779.352381  0.000011 -5.791201  0.000207

SCF Convergence by DM+H criterion
max |DM_out - DM_in|         :     0.0000111364
max |H_out - H_in|      (eV) :     0.0002073866
SCF cycle converged after 7 iterations

                     ***************************
                     *  WELCOME TO TRANSIESTA  *
                     ***************************

ts-Vha:  0.18754E-01 eV

transiesta: created H and S sparsity pattern:
  <sparsity:(M of: G ((UC of: T T T sparsity for geom step 0)))
    nrows_g=162 nrows=162 sparsity=.2593 nnzs=6804, refcount: 1>

transiesta: update sparsity pattern same as H and S.

transiesta: Determining an optimal tri-matrix using: atom+Left
transiesta: Established a near-optimal partition for the tri-diagonal matrix.
BTD partitions (5): 
  [ 18, [36] * 4 ]
transiesta: Matrix elements in % of full matrix:  55.55556 %

transiesta: mem of electrodes (static):                     0.09MB
transiesta: mem of global update arrays (static):           0.42MB
transiesta: mem of tri-diagonal matrices:                   0.44MB
transiesta: Total memory usage:                             0.95MB

transiesta: Charge distribution, target =     72.00000
Total charge                  [Q]  :    72.00000
Device                        [D]  :    23.26737
Left                          [E1] :    23.26737
Left                 / device [C1] :     0.73263
Right                         [E2] :    23.26737
Right                / device [C2] :     0.73263
Other                         [O]  :     0.73263

ts-q:         D        E1        C1        E2        C2        dQ
ts-q:    23.267    23.267     0.733    23.267     0.733 -1.052E-4
ts-Vha:  0.19045E-01 eV

siesta: Program's energy decomposition (eV):
siesta: Ebs     =     -1071.704209
siesta: Eions   =      4487.129717
siesta: Ena     =       885.239345
siesta: Ekin    =      1847.808486
siesta: Enl     =      -241.806482
siesta: Eso     =         0.000000
siesta: Eldau   =         0.000000
siesta: DEna    =        37.276159
siesta: DUscf   =         2.605847
siesta: DUext   =         0.000000
siesta: Enegf   =         0.000000
siesta: Exc     =      -823.344215
siesta: eta*DQ  =         0.000000
siesta: Emadel  =         0.000000
siesta: Emeta   =         0.000000
siesta: Emolmec =         0.000000
siesta: Ekinion =         0.000000
siesta: Eharris =     -2779.348887
siesta: Etot    =     -2779.350578
siesta: FreeEng =     -2779.350578

        iscf     Eharris(eV)        E_KS(eV)     FreeEng(eV)     dDmax    Ef(eV) dHmax(eV)
ts-scf:    1    -2779.348887    -2779.350578    -2779.350578  0.000016 -5.791201  0.001225
timer: Routine,Calls,Time,% = TS             1       1.361   0.95
ts-q:         D        E1        C1        E2        C2        dQ
ts-q:    23.267    23.267     0.733    23.267     0.733 -1.113E-5
ts-Vha:  0.18776E-01 eV
ts-scf:    2    -2779.353077    -2779.351826    -2779.351826  0.000011 -5.791201  0.000038

SCF Convergence by DM+H criterion
max |DM_out - DM_in|         :     0.0000105297
max |H_out - H_in|      (eV) :     0.0000377835
SCF cycle converged after 2 iterations
SCF cycle continued for minimum number of iterations: 3
ts-q:         D        E1        C1        E2        C2        dQ
ts-q:    23.267    23.267     0.733    23.267     0.733 -1.127E-5
ts-Vha:  0.18778E-01 eV
ts-scf:    3    -2779.351844    -2779.351835    -2779.351835  0.000001 -5.791201  0.000033

SCF Convergence by DM+H criterion
max |DM_out - DM_in|         :     0.0000005384
max |H_out - H_in|      (eV) :     0.0000331428
SCF cycle converged after 3 iterations

Using DM_out to compute the final energy and forces
No. of atoms with KB's overlaping orbs in proc 0. Max # of overlaps:      19     117
ts-Vha:  0.18778E-01 eV

siesta: E_KS(eV) =            -2779.3518

siesta: E_KS - E_eggbox =     -2779.3518

siesta: Atomic forces (eV/Ang):
     1   -0.002568   -0.002116    0.000000
     2   -0.002554    0.005896    0.000000
     3   -0.006484   -0.002425   -0.000000
     4   -0.010535   -0.011788   -0.000000
     5    0.006804    0.009007   -0.000000
     6    0.008418    0.006382   -0.000000
     7   -0.002348   -0.002027    0.000000
     8   -0.002735    0.005873    0.000000
     9   -0.006300   -0.002401    0.000000
    10   -0.010720   -0.011819    0.000000
    11    0.007012    0.009082    0.000000
    12    0.008277    0.006451    0.000000
    13   -0.002489   -0.001956   -0.000000
    14   -0.002537    0.005933   -0.000000
    15   -0.006482   -0.002426    0.000000
    16   -0.010534   -0.011790    0.000000
    17    0.006825    0.009050   -0.000000
    18    0.008496    0.006539   -0.000000
----------------------------------------
   Tot   -0.020453    0.015467    0.000000
----------------------------------------
   Max    0.011819
   Res    0.005734    sqrt( Sum f_i^2 / 3N )
----------------------------------------
   Max    0.011819    constrained

Stress-tensor-Voigt (kbar):       26.19       25.94        0.01        0.26        0.00       -0.00
(Free)E + p*V (eV/cell)    -2787.0060
Target enthalpy (eV/cell)    -2779.3518

mulliken: Atomic and Orbital Populations:

Species: C                   
Atom  Qatom  Qorb
               2s      2py     2pz     2px     2Pdxy   2Pdyz   2Pdz2   2Pdxz   
               2Pdx2-y2
   1  4.000   0.938   1.018   0.970   1.018   0.015   0.015  -0.004   0.015
              0.015
   2  4.000   0.938   1.018   0.970   1.018   0.015   0.015  -0.004   0.015
              0.015
   3  4.000   0.938   1.018   0.970   1.018   0.015   0.015  -0.004   0.015
              0.015
   4  4.000   0.938   1.018   0.970   1.018   0.015   0.015  -0.004   0.015
              0.015
   5  4.000   0.938   1.018   0.970   1.018   0.015   0.015  -0.004   0.015
              0.015
   6  4.000   0.938   1.018   0.970   1.018   0.015   0.015  -0.004   0.015
              0.015
   7  4.000   0.938   1.018   0.970   1.018   0.015   0.015  -0.004   0.015
              0.015
   8  4.000   0.938   1.018   0.970   1.018   0.015   0.015  -0.004   0.015
              0.015
   9  4.000   0.938   1.018   0.970   1.018   0.015   0.015  -0.004   0.015
              0.015
  10  4.000   0.938   1.018   0.970   1.018   0.015   0.015  -0.004   0.015
              0.015
  11  4.000   0.938   1.018   0.970   1.018   0.015   0.015  -0.004   0.015
              0.015
  12  4.000   0.938   1.018   0.970   1.018   0.015   0.015  -0.004   0.015
              0.015
  13  4.000   0.938   1.018   0.970   1.018   0.015   0.015  -0.004   0.015
              0.015
  14  4.000   0.938   1.018   0.970   1.018   0.015   0.015  -0.004   0.015
              0.015
  15  4.000   0.938   1.018   0.970   1.018   0.015   0.015  -0.004   0.015
              0.015
  16  4.000   0.938   1.018   0.970   1.018   0.015   0.015  -0.004   0.015
              0.015
  17  4.000   0.938   1.018   0.970   1.018   0.015   0.015  -0.004   0.015
              0.015
  18  4.000   0.938   1.018   0.970   1.018   0.015   0.015  -0.004   0.015
              0.015

mulliken: Qtot =       72.000

siesta: Program's energy decomposition (eV):
siesta: Ebs     =     -1071.663619
siesta: Eions   =      4487.129717
siesta: Ena     =       885.239345
siesta: Ekin    =      1847.810844
siesta: Enl     =      -241.806780
siesta: Eso     =         0.000000
siesta: Eldau   =         0.000000
siesta: DEna    =        37.274283
siesta: DUscf   =         2.605768
siesta: DUext   =         0.000000
siesta: Enegf   =         0.000000
siesta: Exc     =      -823.345576
siesta: eta*DQ  =         0.000000
siesta: Emadel  =         0.000000
siesta: Emeta   =         0.000000
siesta: Emolmec =         0.000000
siesta: Ekinion =         0.000000
siesta: Eharris =     -2779.351844
siesta: Etot    =     -2779.351835
siesta: FreeEng =     -2779.351835

siesta: Final energy (eV):
siesta:  Band Struct. =   -1071.663619
siesta:       Kinetic =    1847.810844
siesta:       Hartree =    8945.329075
siesta:       Eldau   =       0.000000
siesta:       Eso     =       0.000000
siesta:    Ext. field =       0.000000
siesta:       Enegf   =       0.000000
siesta:   Exch.-corr. =    -823.345576
siesta:  Ion-electron =  -19733.926834
siesta:       Ion-ion =    6984.780656
siesta:       Ekinion =       0.000000
siesta:         Total =   -2779.351835
siesta:         Fermi =      -5.791201

siesta: Stress tensor (static) (eV/Ang**3):
siesta:     0.016349    0.000159    0.000000
siesta:     0.000159    0.016190   -0.000000
siesta:    -0.000000    0.000000    0.000008

siesta: Cell volume =        705.501493 Ang**3

siesta: Pressure (static):
siesta:                Solid            Molecule  Units
siesta:          -0.00011816         -0.00011905  Ry/Bohr**3
siesta:          -0.01084922         -0.01093083  eV/Ang**3
siesta:         -17.38255155        -17.51330926  kBar
(Free)E+ p_basis*V_orbitals  =       -2775.102162
(Free)Eharris+ p_basis*V_orbitals  =       -2775.102171

siesta: Electric dipole (a.u.)  =   -0.000000   -0.000000   -0.000000
siesta: Electric dipole (Debye) =   -0.000000   -0.000000   -0.000000
>> End of run:   5-NOV-2018  14:23:20
Job completed
