TBtrans Version: siesta-4.1-1028
Architecture  : x86_64-linux-n-62-18-18
Compiler flags: mpifort -m64 -fPIC -O3 -march=native -ftree-vectorize -fexpensive-optimizatioons -funroll-loops -fprefetch-loop-arrays -fno-second-underscore  -flto
PP flags      : -I/zdata/groups/common/nicpa/2018-feb/generic/build-tools/1.0/include -I/zdatta/groups/common/nicpa/2018-feb/generic/gcc/7.3.0/include -I/zdata/groups/common/nicpa/2018-feb/generic/gcc/7.3.0/include -I/zdata/groups/common/nicpa/2018-feb/XeonE5-2665/zlib/1.2.11/gnu-7.3.0/include -I/zdata/groups/common/nicpa/2018-feb/generic/numactl/2.0.11/include -I/zdata/groups/common/nicpa/2018-feb/XeonE5-2665/libxml2/2.9.7/gnu-7.3.0/include -I/zdata/groups/common/nicpa/2018-feb/XeonE5-2665/hwloc/1.11.9/gnu-7.3.0/include -I/zdata/groups/common/nicpa/2018-feb/XeonE5-2665/openmpi/3.0.0/gnu-7.3.0/include -I/zdata/groups/common/nicpa/2018-feb/XeonE5-2665/szip/2.1.1/gnu-7.3.0/include -I/zdata/groups/common/nicpa/2018-feb/XeonE5-2665/hdf5/1.8.18/gnu-7.3.0/include -I/zdata/groups/common/nicpa/2018-feb/XeonE5-2665/pnetcdf/1.8.1/gnu-7.3.0/include -I/zdata/groups/common/nicpa/2018-feb/XeonE5-2665/netcdf/4.6.0/gnu-7.3.0/include -I/zdata/groups/common/nicpa/2018-feb/XeonE5-2665/flook/0.7.0/gnu-7.3.0/include -I/zdata/groups/common/nicpa/2018-feb/XeonE5-2665/parmetis/4.0.3/gnu-7.3.0/include -I/zdata/groups/common/nicpa/2018-feb/XeonE5-2665/scalapack/204/gnu-7.3.0/include -I/zdata/groups/common/nicpa/2018-feb/XeonE5-2665/openblas/0.2.20/gnu-7.3.0/include -I/zdata/groups/common/nicpa/2018-feb/XeonE5-2665/scotch/6.0.4/gnu-7.3.0/include -I/zdata/groups/common/nicpa/2018-feb/XeonE5-2665/mumps/5.1.2/gnu-7.3.0/include -I/zdata/groups/common/nicpa/2018-feb/XeonE5-2665/fftw/3.3.7/gnu-7.3.0/include -I/zdata/groups/common/nicpa/2018-feb/XeonE5-2665/elpa/2017.05.003/gnu-7.3.0/include/elpa -DSIESTA__ELPA -DMPI -D1 -DFC_HAVE_ABORT -DCDF -DCDF4 -DSIESTA__FLOOK  -DNCDF -DNCDF_4 -DNCDF_PARALLEL -DSIESTA__METIS -DSIESTA__MUMPS -DTS_NOCHECKS -DSIESTA__MRRR -DTBTRANS
Libraries     : libncdf.a libfdict.a -lnetcdff -lnetcdf -lpnetcdf -lhdf5_hl -lhdf5 -lz  -lzmuumps -lmumps_common -lesmumps -lscotch -lscotcherr -lpord -lparmetis -lmetis -lelpa -lscalapack -lopenblas  -L/zdata/groups/common/nicpa/2018-feb/XeonE5-2665/flook/0.7.0/gnu-7.3.0/lib -Wl,-rpath=/zdata/groups/common/nicpa/2018-feb/XeonE5-2665/flook/0.7.0/gnu-7.3.0/lib -lflookall -ldl  -flto -fuse-linker-plugin  -lmetis
PARALLEL version
NetCDF support
NetCDF-4 support
NetCDF-4 MPI-IO support
METIS ordering support

* Running on 8 nodes in parallel
>> Start of run:   5-NOV-2018  14:30:39

                           ************************ 
                           *  WELCOME TO TBtrans  * 
                           ************************ 

reinit: Reading from term4.fdf

reinit: -----------------------------------------------------------------------
reinit: System Name: 
reinit: -----------------------------------------------------------------------
reinit: System Label: term4
reinit: -----------------------------------------------------------------------

 Kpoints in:            1 . Kpoints trimmed:            1
tbt: Number of transport k-points = 1
tbt: Method = Monkhorst-Pack grid.
tbt: k-grid: Supercell and displacements
tbt:            1   0   0      0.000
tbt:            0   1   0      0.000
tbt:            0   0   1      0.000


tbt: **************************************************************
tbt: Electronic temperature (reference)             =  299.9978 K
tbt: No applied bias
tbt: Calculate transmission only using diag(Gf)     =    F
tbt: Saving bulk transmission for electrodes        =    F
tbt: Saving DOS from bulk electrodes                =    F
tbt: Saving DOS from Green function                 =    T
tbt: Saving DOS from spectral functions             =    T
tbt: Saving bond currents (orb-orb)                 =    F
tbt: Saving DM from Green function                  =    F
tbt: Saving DM from spectral functions              =    F
tbt: Saving COOP from Green function                =    F
tbt: Saving COOP from spectral functions            =    F
tbt: Saving COHP from Green function                =    F
tbt: Saving COHP from spectral functions            =    F
tbt: Calc. # transmission eigenvalues               =  0
tbt: Calc. T between all electrodes                 =    F
tbt: Calc. total T out of electrodes                =    F
tbt: Non-polarized Hamiltonian
tbt: BTD creation algorithm                         =    speed
tbt: BTD spectral function algorithm                =    column
tbt: Divide and conquer diagonalization             =    F
tbt: Assume LAPACK <i|S|j> = delta_ij               =    F
tbt: Saving downfolded self-energies                =    F
tbt: No delta Hamiltonian
tbt: No delta self-energy
tbt: Data files stored in current folder
tbt: No compression of TBT.nc files
tbt: Default NetCDF precision                       =    single
tbt: Use parallel MPI-IO for NetCDF file            =    F
tbt:           >> Electrodes << 
tbt: >> el-1
tbt:   Electrode cell pivoting: E1, E2, E3          = A1, A2, A3
tbt:   In-core self-energy calculation
tbt:   Electrode TSHS file                          = ../elec-x/elec-x.TSHS
tbt:   # atoms used in electrode                    =    4
tbt:   Electrode Bloch unity [E1 x E2 x E3]         = 1 x 1 x 1
tbt:   Position in geometry                         = 1 -- 4
tbt:   Semi-infinite direction for electrode        = negative wrt. E1
tbt:   Chemical shift                               =    0.000000 eV
tbt:   Electronic temperature                       =  299.997806 K
tbt:   Gamma-only electrode                         =    T
tbt:   Bulk H, S in electrode region                =    T
tbt:   Electrode self-energy imaginary Eta          =  0.1000E-03  eV
tbt:   Electrode self-energy accuracy               =  0.1000E-13  eV
tbt:   Electrode inter-layer distance (semi-inf)    =    1.2700  Ang
tbt: >> el-2
tbt:   Electrode cell pivoting: E1, E2, E3          = A1, A2, A3
tbt:   In-core self-energy calculation
tbt:   Electrode TSHS file                          = ../elec-x/elec-x.TSHS
tbt:   # atoms used in electrode                    =    4
tbt:   Electrode Bloch unity [E1 x E2 x E3]         = 1 x 1 x 1
tbt:   Position in geometry                         = 45 -- 48
tbt:   Semi-infinite direction for electrode        = positive wrt. E1
tbt:   Chemical shift                               =    0.000000 eV
tbt:   Electronic temperature                       =  299.997806 K
tbt:   Gamma-only electrode                         =    T
tbt:   Bulk H, S in electrode region                =    T
tbt:   Electrode self-energy imaginary Eta          =  0.1000E-03  eV
tbt:   Electrode self-energy accuracy               =  0.1000E-13  eV
tbt:   Electrode inter-layer distance (semi-inf)    =    1.2700  Ang
tbt: >> el-3
tbt:   Electrode cell pivoting: E1, E2, E3          = A3, A2, A1
tbt:   In-core self-energy calculation
tbt:   Electrode TSHS file                          = ../elec-z/elec-z.TSHS
tbt:   # atoms used in electrode                    =    4
tbt:   Electrode Bloch unity [E1 x E2 x E3]         = 1 x 1 x 1
tbt:   Position in geometry                         = 13 -- 16
tbt:   Semi-infinite direction for electrode        = negative wrt. E1
tbt:   Chemical shift                               =    0.000000 eV
tbt:   Electronic temperature                       =  299.997806 K
tbt:   Gamma-only electrode                         =    T
tbt:   Bulk H, S in electrode region                =    T
tbt:   Electrode self-energy imaginary Eta          =  0.1000E-03  eV
tbt:   Electrode self-energy accuracy               =  0.1000E-13  eV
tbt:   Electrode inter-layer distance (semi-inf)    =    1.2700  Ang
tbt: >> el-4
tbt:   Electrode cell pivoting: E1, E2, E3          = A3, A2, A1
tbt:   In-core self-energy calculation
tbt:   Electrode TSHS file                          = ../elec-z/elec-z.TSHS
tbt:   # atoms used in electrode                    =    4
tbt:   Electrode Bloch unity [E1 x E2 x E3]         = 1 x 1 x 1
tbt:   Position in geometry                         = 33 -- 36
tbt:   Semi-infinite direction for electrode        = positive wrt. E1
tbt:   Chemical shift                               =    0.000000 eV
tbt:   Electronic temperature                       =  299.997806 K
tbt:   Gamma-only electrode                         =    T
tbt:   Bulk H, S in electrode region                =    T
tbt:   Electrode self-energy imaginary Eta          =  0.1000E-03  eV
tbt:   Electrode self-energy accuracy               =  0.1000E-13  eV
tbt:   Electrode inter-layer distance (semi-inf)    =    1.2700  Ang
ts:              >> TBtrans contour << 
ts: Device Green function imaginary Eta             =  0.000     eV
ts: Contour name                                    =    TBT.Contour.line
ts:   line contour E_min                            =  -15.0000 eV
ts:   line contour E_max                            =   10.0000 eV
ts:   line contour points                           = 2500
ts:   line contour method                           =    Mid-rule
tbt: **************************************************************

tbt: <<<<<<<<<<<<<<<<<<<<<<<<<<<<<<<<<<<<<<<<<<<<<<<<<<<<<<<<<<<<<<
%block TBT.Contours
    line
%endblock TBT.Contours

%block TBT.Contour.line
     from -15. eV to 10. eV
      delta 0.01 eV
        method mid-rule
%endblock TBT.Contour.line
tbt: <<<<<<<<<<<<<<<<<<<<<<<<<<<<<<<<<<<<<<<<<<<<<<<<<<<<<<<<<<<<<<

************************ Begin: TBT CHECKS AND WARNINGS ************************
 ** Speed up the execution by utilizing parallel I/O
  > TBT.CDF.MPI true
************************ End: TBT CHECKS AND WARNINGS **************************

Device information (full):
  <sparsity:term4.TSHS
    nrows_g=432 nrows=432 sparsity=.2215 nnzs=41328, refcount: 3>

Electrode information:

  <sparsity:../elec-x/elec-x.TSHS
    nrows_g=36 nrows=36 sparsity=2.2500 nnzs=2916, refcount: 3>
  <sparsity:(TM [ 0,--,--] of: ../elec-x/elec-x.TSHS)
    nrows_g=36 nrows=36 sparsity=1.0000 nnzs=1296, refcount: 3>
  <sparsity:(TM [-1,--,--] of: ../elec-x/elec-x.TSHS)
    nrows_g=36 nrows=36 sparsity=.6250 nnzs=810, refcount: 3>
 el-1 principal cell is perfect!

  <sparsity:../elec-x/elec-x.TSHS
    nrows_g=36 nrows=36 sparsity=2.2500 nnzs=2916, refcount: 3>
  <sparsity:(TM [ 0,--,--] of: ../elec-x/elec-x.TSHS)
    nrows_g=36 nrows=36 sparsity=1.0000 nnzs=1296, refcount: 3>
  <sparsity:(TM [ 1,--,--] of: ../elec-x/elec-x.TSHS)
    nrows_g=36 nrows=36 sparsity=.6250 nnzs=810, refcount: 3>
 el-2 principal cell is perfect!

  <sparsity:../elec-z/elec-z.TSHS
    nrows_g=36 nrows=36 sparsity=2.2500 nnzs=2916, refcount: 3>
  <sparsity:(TM [ 0,--,--] of: ../elec-z/elec-z.TSHS)
    nrows_g=36 nrows=36 sparsity=1.0000 nnzs=1296, refcount: 3>
  <sparsity:(TM [-1,--,--] of: ../elec-z/elec-z.TSHS)
    nrows_g=36 nrows=36 sparsity=.6250 nnzs=810, refcount: 3>
 el-3 principal cell is perfect!

  <sparsity:../elec-z/elec-z.TSHS
    nrows_g=36 nrows=36 sparsity=2.2500 nnzs=2916, refcount: 3>
  <sparsity:(TM [ 0,--,--] of: ../elec-z/elec-z.TSHS)
    nrows_g=36 nrows=36 sparsity=1.0000 nnzs=1296, refcount: 3>
  <sparsity:(TM [ 1,--,--] of: ../elec-z/elec-z.TSHS)
    nrows_g=36 nrows=36 sparsity=.6250 nnzs=810, refcount: 3>
 el-4 principal cell is perfect!


tbt: Analyzing electrode sparsity pattern and electrode pivot-tables
tbt: BTD pivoting scheme for electrode (el-1): atom+el-1

tbt: Analyzing device sparsity pattern and pivot-table
tbt: BTD pivoting scheme in device: atom+GGPS
tbt: Done analyzing electrode and device sparsity pattern and pivot-tables

tbt: Reducing matrix (H, S) sparsity patterns by: 3240

tbt: # of device region orbitals: 288
Region (32): [A]-device
  [ 5 -- 12, 17 -- 32, 37 -- 44 ]

tbt: # of el-1 electrode orbitals: 36
tbt: # of el-1 down-folding orbitals: 72
Region (4): [A]-el-1 folding region
  [ 1 -- 4 ]
Region (4): [A]-el-1 folding in D
  [ 5 -- 8 ]

tbt: # of el-2 electrode orbitals: 36
tbt: # of el-2 down-folding orbitals: 72
Region (4): [A]-el-2 folding region
  [ 45 -- 48 ]
Region (4): [A]-el-2 folding in D
  [ 41 -- 44 ]

tbt: # of el-3 electrode orbitals: 36
tbt: # of el-3 down-folding orbitals: 72
Region (4): [A]-el-3 folding region
  [ 13 -- 16 ]
Region (4): [A]-el-3 folding in D
  [ 17 -- 20 ]

tbt: # of el-4 electrode orbitals: 36
tbt: # of el-4 down-folding orbitals: 72
Region (4): [A]-el-4 folding region
  [ 33 -- 36 ]
Region (4): [A]-el-4 folding in D
  [ 29 -- 32 ]

tbt: Creating electrode tri-diagonal matrix blocks
tbt: Creating device tri-diagonal matrix blocks
Region (5): [TRI] device region
  [ 9, 36, [117] * 2, 9 ]
tbt: Matrix elements in BTD: 67392

tbt: Electrodes tri-diagonal matrices
Region (2): [TRI] el-1
  [ [36] * 2 ]
Region (2): [TRI] el-2
  [ [36] * 2 ]
Region (2): [TRI] el-3
  [ [36] * 2 ]
Region (2): [TRI] el-4
  [ [36] * 2 ]

tbt: Electrode memory:  245.500 KB
tbt: Sparse H, S and auxiliary matrices memory:    1.856 MB
tbt: Sum of electrode and sparse memory:    2.096 MB

tbt: Initializing data file: term4.TBT.nc
tbt: Estimated file size of term4.TBT.nc:  11.067 MB

tbt: LHS Green function padding / memory: 4455 /    1.096 MB
tbt: RHS Green function padding / memory: 4212 /    1.093 MB
tbt: Initial ETA in               25.228 s
tbt: Calculated   5.120 %, ETA in               22.697 s
tbt: Calculated  10.240 %, ETA in               21.551 s
tbt: Calculated  15.360 %, ETA in               20.358 s
tbt: Calculated  20.480 %, ETA in               19.101 s
tbt: Calculated  25.600 %, ETA in               17.266 s
tbt: Calculated  30.720 %, ETA in               15.324 s
tbt: Calculated  35.840 %, ETA in               13.695 s
tbt: Calculated  40.960 %, ETA in               12.427 s
tbt: Calculated  46.080 %, ETA in               11.525 s
tbt: Calculated  51.200 %, ETA in               10.572 s
tbt: Calculated  56.320 %, ETA in                9.567 s
tbt: Calculated  61.440 %, ETA in                8.535 s
tbt: Calculated  66.560 %, ETA in                7.471 s
tbt: Calculated  71.680 %, ETA in                6.377 s
tbt: Calculated  76.800 %, ETA in                5.259 s
tbt: Calculated  81.920 %, ETA in                4.125 s
tbt: Calculated  87.040 %, ETA in                2.972 s
tbt: Calculated  92.160 %, ETA in                1.806 s
tbt: Calculated  97.280 %, ETA in                0.629 s
tbt: Completed in               23.222 s

Currents (ensure entire Fermi function window):
el-1 -> el-2, V [V] / I [A]:  0.00000     V /  0.00000     A
el-1 -> el-2, V [V] / P [W]:  0.00000     V /  0.00000     W
el-1 -> el-3, V [V] / I [A]:  0.00000     V /  0.00000     A
el-1 -> el-3, V [V] / P [W]:  0.00000     V /  0.00000     W
el-1 -> el-4, V [V] / I [A]:  0.00000     V /  0.00000     A
el-1 -> el-4, V [V] / P [W]:  0.00000     V /  0.00000     W
el-2 -> el-3, V [V] / I [A]:  0.00000     V /  0.00000     A
el-2 -> el-3, V [V] / P [W]:  0.00000     V /  0.00000     W
el-2 -> el-4, V [V] / I [A]:  0.00000     V /  0.00000     A
el-2 -> el-4, V [V] / P [W]:  0.00000     V /  0.00000     W
el-3 -> el-4, V [V] / I [A]:  0.00000     V /  0.00000     A
el-3 -> el-4, V [V] / P [W]:  0.00000     V /  0.00000     W


             Section          Calls    Walltime       %
 global_section                   1      26.358  100.00
  tbtrans                         1      26.358  100.00
   init-region+sp                 1       0.004    0.02
   pivot-elec                     1       0.002    0.01
    pivot                         1       0.001    0.00
   pivot-device                   1       0.002    0.01
    pivot                         1       0.002    0.01
   tri-init                       1       0.005    0.02
    tri-init-elec                 1       0.000    0.00
     TS-rgn2tri                   1       0.000    0.00
    TS-rgn2tri                    1       0.001    0.00
   TBT                            1      26.266   99.65
    read-GS                     313       8.734   33.14
    SE-dwn                      313       0.281    1.06
     ts_expand                 1248       0.005    0.02
    Gf-prep                     313       6.868   26.06
     V_TM_Pinv                  312       6.288   23.86
    analysis                    313       7.377   27.99
     V_TM_inv                   936       0.658    2.50
    cdf2ascii                     1       2.732   10.37
>> End of run:   5-NOV-2018  14:31:05
