TBtrans Version: trunk-507---ts-scf-681
Architecture  : x86_64-linux-gcc
Compiler flags: mpif90 -m64 -fPIC -O3 -ftree-vectorize -fexpensive-optimizations -funroll-loops -fprefetch-loop-arrays -fgraphite -fipa-icf -fipa-pure-const -march=native -fschedule-fusion -fselective-scheduling  -fipa-sra -fipa-cp -Warray-temporaries -fcheck=array-temps -fno-second-underscore -I/opt/zlib/1.2.8/gnu-6.1.0/include -I/opt/hdf5/1.8.16/gnu-6.1.0/include -I/opt/pnetcdf/1.7.0/gnu-6.1.0/include -I/opt/netcdf/4.4.0/gnu-6.1.0/include -I/opt/openmpi/1.10.2/gnu-6.1.0/include -I/opt/mumps/5.0.1/gnu-6.1.0/include
PP flags      : -DSIESTA__FLOOK -DSIESTA__METIS -DMPI -DFC_HAVE_FLUSH -DFC_HAVE_ABORT -DCDF -DGRID_DP -DMPI_TIMING -DTRANSIESTA_TIMING -DTBTRANS_TIMING -DSIESTA__MUMPS -DNCDF_PARALLEL -DNCDF -DNCDF_4 -DSCALAPACK_DEBUG -DTBTRANS
Libraries     : -lzmumps -lmumps_common -lpord -lparmetis -lmetis -L/opt/scalapack/204/gnu-6.1.0/lib -Wl,-rpath=/opt/scalapack/204/gnu-6.1.0/lib -lscalapack  -L/opt/openblas/0.2.17/gnu-6.1.0/lib -Wl,-rpath=/opt/openblas/0.2.17/gnu-6.1.0/lib -lopenblas -L/home/nicpa/phd/esl/flook -lflookall -ldl -lnetcdff -lnetcdf -lpnetcdf -lhdf5_hl -lhdf5 -lz
PARALLEL version
NetCDF support
NetCDF-4 support
NetCDF-4 MPI-IO support
METIS ordering support

* Running on 2 nodes in parallel
>> Start of run:   2-JUN-2016   9:16:13

                           ************************ 
                           *  WELCOME TO TBtrans  * 
                           ************************ 

reinit: Reading from term4.fdf

reinit: -----------------------------------------------------------------------
reinit: System Name: 
reinit: -----------------------------------------------------------------------
reinit: System Label: term4
reinit: -----------------------------------------------------------------------
redata: Non-Collinear-spin run                   =   F
redata: SpinPolarized (Up/Down) run              =   F
redata: Number of spin components                =   1

 Kpoints in:            1 . Kpoints trimmed:            1
tbt: Number of transport k-points = 1
tbt: Method = Monkhorst-Pack grid.
tbt: k-grid: Supercell and displacements
tbt:            1   0   0      0.000
tbt:            0   1   0      0.000
tbt:            0   0   1      0.000

tbt: **************************************************************
tbt: Electronic temperature (reference)             =  299.9978 K
tbt: No applied bias
tbt: Calculate transmission only using diag(Gf)     =    F
tbt: Saving bulk transmission for electrodes        =    F
tbt: Saving DOS from bulk electrodes                =    F
tbt: Saving DOS from Green function                 =    T
tbt: Saving DOS from spectral functions             =    T
tbt: Saving bond currents (orb-orb)                 =    F
tbt: Calc. # transmission eigenvalues               =  0
tbt: Calc. T between all electrodes                 =    F
tbt: Calc. total T out of electrodes                =    F
tbt: Single spin Hamiltonian
tbt: BTD creation algorithm                         =    speed
tbt: BTD spectral function algorithm                =    column
tbt: Divide and conquer diagonalization             =    F
tbt: Assume LAPACK <i|S|j> = delta_ij               =    F
tbt: Saving down-folded self-energies               =    F
tbt: No delta-Hamiltonian
tbt: Data files stored in current folder
tbt: No compression of TBT.nc files
tbt: Use parallel MPI-IO for NetCDF file            =    F
tbt:           >> Electrodes << 
tbt: >> el-1
tbt:   Electrode cell pivoting: E1, E2, E3          = A1, A2, A3
tbt:   In-core GF
tbt:   Electrode TSHS file                          = ../elec-x/elec-x.TSHS
tbt:   # atoms used in electrode                    =    4
tbt:   Electrode Bloch expansion [E1 x E2 x E3]     = 1 x 1 x 1
tbt:   Position in geometry                         = 1 -- 4
tbt:   Semi-infinite direction for electrode        = negative wrt. E1
tbt:   Chemical shift                               =    0.000000 eV
tbt:   Electronic temperature                       =  299.997806 K
tbt:   Bulk values in electrode                     =    T
tbt:   Electrode self-energy imaginary Eta          =  0.1000E-03  eV
tbt:   Electrode inter-layer distance (semi-inf)    =    1.2700  Ang
tbt: >> el-2
tbt:   Electrode cell pivoting: E1, E2, E3          = A1, A2, A3
tbt:   In-core GF
tbt:   Electrode TSHS file                          = ../elec-x/elec-x.TSHS
tbt:   # atoms used in electrode                    =    4
tbt:   Electrode Bloch expansion [E1 x E2 x E3]     = 1 x 1 x 1
tbt:   Position in geometry                         = 45 -- 48
tbt:   Semi-infinite direction for electrode        = positive wrt. E1
tbt:   Chemical shift                               =    0.000000 eV
tbt:   Electronic temperature                       =  299.997806 K
tbt:   Bulk values in electrode                     =    T
tbt:   Electrode self-energy imaginary Eta          =  0.1000E-03  eV
tbt:   Electrode inter-layer distance (semi-inf)    =    1.2700  Ang
tbt: >> el-3
tbt:   Electrode cell pivoting: E1, E2, E3          = A3, A2, A1
tbt:   In-core GF
tbt:   Electrode TSHS file                          = ../elec-z/elec-z.TSHS
tbt:   # atoms used in electrode                    =    4
tbt:   Electrode Bloch expansion [E1 x E2 x E3]     = 1 x 1 x 1
tbt:   Position in geometry                         = 13 -- 16
tbt:   Semi-infinite direction for electrode        = negative wrt. E1
tbt:   Chemical shift                               =    0.000000 eV
tbt:   Electronic temperature                       =  299.997806 K
tbt:   Bulk values in electrode                     =    T
tbt:   Electrode self-energy imaginary Eta          =  0.1000E-03  eV
tbt:   Electrode inter-layer distance (semi-inf)    =    1.2700  Ang
tbt: >> el-4
tbt:   Electrode cell pivoting: E1, E2, E3          = A3, A2, A1
tbt:   In-core GF
tbt:   Electrode TSHS file                          = ../elec-z/elec-z.TSHS
tbt:   # atoms used in electrode                    =    4
tbt:   Electrode Bloch expansion [E1 x E2 x E3]     = 1 x 1 x 1
tbt:   Position in geometry                         = 33 -- 36
tbt:   Semi-infinite direction for electrode        = positive wrt. E1
tbt:   Chemical shift                               =    0.000000 eV
tbt:   Electronic temperature                       =  299.997806 K
tbt:   Bulk values in electrode                     =    T
tbt:   Electrode self-energy imaginary Eta          =  0.1000E-03  eV
tbt:   Electrode inter-layer distance (semi-inf)    =    1.2700  Ang
ts:              >> TBtrans contour << 
ts: Device Green function imaginary Eta             =  0.000     eV
ts: Contour name                                    =    TBT.Contour.line
ts:   line contour E_min                            =  -15.0000 eV
ts:   line contour E_max                            =   10.0000 eV
ts:   line contour points                           = 2500
ts:   line contour method                           =    Mid-rule
tbt: **************************************************************

tbt: <<<<<<<<<<<<<<<<<<<<<<<<<<<<<<<<<<<<<<<<<<<<<<<<<<<<<<<<<<<<<<
%block TBT.Contours
    line
%endblock TBT.Contours

%block TBT.Contour.line
     from -15. eV to 10. eV
      delta 0.01 eV
        method mid-rule
%endblock TBT.Contour.line
tbt: <<<<<<<<<<<<<<<<<<<<<<<<<<<<<<<<<<<<<<<<<<<<<<<<<<<<<<<<<<<<<<

************************ Begin: TBT CHECKS AND WARNINGS ************************
 ** Use TBT.Atoms.Device for faster execution
 ** Speed up the execution by utilizing parallel I/O
  > TBT.CDF.MPI true
************************ End: TBT CHECKS AND WARNINGS **************************

Device information (full):
  <sparsity:term4.TSHS
    nrows_g=432 nrows=432 sparsity=.2215 nnzs=41328, refcount: 3>

Electrode information:

  <sparsity:../elec-x/elec-x.TSHS
    nrows_g=36 nrows=36 sparsity=2.2500 nnzs=2916, refcount: 3>
 el-1 principal cell is perfect!
  <sparsity:(TM [ 0,--,--] of: ../elec-x/elec-x.TSHS)
    nrows_g=36 nrows=36 sparsity=1.0000 nnzs=1296, refcount: 3>
  <sparsity:(TM [-1,--,--] of: ../elec-x/elec-x.TSHS)
    nrows_g=36 nrows=36 sparsity=.6250 nnzs=810, refcount: 3>

  <sparsity:../elec-x/elec-x.TSHS
    nrows_g=36 nrows=36 sparsity=2.2500 nnzs=2916, refcount: 3>
 el-2 principal cell is perfect!
  <sparsity:(TM [ 0,--,--] of: ../elec-x/elec-x.TSHS)
    nrows_g=36 nrows=36 sparsity=1.0000 nnzs=1296, refcount: 3>
  <sparsity:(TM [ 1,--,--] of: ../elec-x/elec-x.TSHS)
    nrows_g=36 nrows=36 sparsity=.6250 nnzs=810, refcount: 3>

  <sparsity:../elec-z/elec-z.TSHS
    nrows_g=36 nrows=36 sparsity=2.2500 nnzs=2916, refcount: 3>
 el-3 principal cell is perfect!
  <sparsity:(TM [ 0,--,--] of: ../elec-z/elec-z.TSHS)
    nrows_g=36 nrows=36 sparsity=1.0000 nnzs=1296, refcount: 3>
  <sparsity:(TM [-1,--,--] of: ../elec-z/elec-z.TSHS)
    nrows_g=36 nrows=36 sparsity=.6250 nnzs=810, refcount: 3>

  <sparsity:../elec-z/elec-z.TSHS
    nrows_g=36 nrows=36 sparsity=2.2500 nnzs=2916, refcount: 3>
 el-4 principal cell is perfect!
  <sparsity:(TM [ 0,--,--] of: ../elec-z/elec-z.TSHS)
    nrows_g=36 nrows=36 sparsity=1.0000 nnzs=1296, refcount: 3>
  <sparsity:(TM [ 1,--,--] of: ../elec-z/elec-z.TSHS)
    nrows_g=36 nrows=36 sparsity=.6250 nnzs=810, refcount: 3>


tbtrans: Analyzing electrode sparsity pattern to create optimal tri-diagonal blocks...
tbtrans: Analyzing device sparsity pattern to create optimal tri-diagonal blocks...
tbtrans: BTD pivoting scheme in device: atom+GPS
tbtrans: Done analyzing sparsity pattern...

tbtrans: Reducing sparsity pattern...

tbtrans: # of device region orbitals: 288
Region (32): [A]-device
  [ 5 -- 12, 17 -- 32, 37 -- 44 ]

tbtrans: # of el-1 scattering orbitals: 36
tbtrans: # of el-1 down-folding orbitals: 72
Region (4): [A]-el-1 folding region
  [ 1 -- 4 ]
Region (4): [A]-el-1 folding in D
  [ 5 -- 8 ]

tbtrans: # of el-2 scattering orbitals: 36
tbtrans: # of el-2 down-folding orbitals: 72
Region (4): [A]-el-2 folding region
  [ 45 -- 48 ]
Region (4): [A]-el-2 folding in D
  [ 41 -- 44 ]

tbtrans: # of el-3 scattering orbitals: 36
tbtrans: # of el-3 down-folding orbitals: 72
Region (4): [A]-el-3 folding region
  [ 13 -- 16 ]
Region (4): [A]-el-3 folding in D
  [ 17 -- 20 ]

tbtrans: # of el-4 scattering orbitals: 36
tbtrans: # of el-4 down-folding orbitals: 72
Region (4): [A]-el-4 folding region
  [ 33 -- 36 ]
Region (4): [A]-el-4 folding in D
  [ 29 -- 32 ]

tbtrans: Creating electrode tri-diagonal matrix blocks
tbtrans: Creating device tri-diagonal matrix blocks
Region (4): [TRI] device region
  [ 45, 63, 108, 72 ]
tbtrans: Matrix elements in BTD: 57672

tbtrans: Electrodes tri-diagonal matrices
Region (2): [TRI] el-1
  [ 36, 36 ]
Region (2): [TRI] el-2
  [ 36, 36 ]
Region (2): [TRI] el-3
  [ 36, 36 ]
Region (2): [TRI] el-4
  [ 36, 36 ]

tbtrans: Electrode memory:    0.208 MB
tbtrans: Sparse Hamiltonian and overlap memory:    1.295 MB
tbtrans: Sum of electrode and sparse memory:    1.502 MB

tbtrans: Initializing data file: term4.TBT.nc
tbtrans: LHS Green function size / memory: 60264 /     0.92 MB
tbtrans: RHS Green function size / memory: 61560 /     0.94 MB
tbt: Initial ETA in               64.948 s
tbt: Calculated   5.040 %, ETA in               59.563 s
tbt: Calculated  10.000 %, ETA in               54.756 s
tbt: Calculated  15.040 %, ETA in               51.068 s
tbt: Calculated  20.000 %, ETA in               47.808 s
tbt: Calculated  25.040 %, ETA in               43.227 s
tbt: Calculated  30.000 %, ETA in               38.173 s
tbt: Calculated  35.040 %, ETA in               34.006 s
tbt: Calculated  40.000 %, ETA in               30.642 s
tbt: Calculated  45.040 %, ETA in               28.770 s
tbt: Calculated  50.000 %, ETA in               26.780 s
tbt: Calculated  55.040 %, ETA in               24.570 s
tbt: Calculated  60.000 %, ETA in               22.232 s
tbt: Calculated  65.040 %, ETA in               19.812 s
tbt: Calculated  70.000 %, ETA in               17.345 s
tbt: Calculated  75.040 %, ETA in               14.626 s
tbt: Calculated  80.000 %, ETA in               11.820 s
tbt: Calculated  85.040 %, ETA in                8.951 s
tbt: Calculated  90.000 %, ETA in                6.124 s
tbt: Calculated  95.040 %, ETA in                3.177 s
tbt: Completed in               64.296 s

Currents (ensure entire Fermi function window):
el-1 -> el-2, V [V] / I [A]:  0.00000     V /  0.00000     A
el-1 -> el-2, V [V] / P [W]:  0.00000     V /  0.00000     W
el-1 -> el-3, V [V] / I [A]:  0.00000     V /  0.00000     A
el-1 -> el-3, V [V] / P [W]:  0.00000     V /  0.00000     W
el-1 -> el-4, V [V] / I [A]:  0.00000     V /  0.00000     A
el-1 -> el-4, V [V] / P [W]:  0.00000     V /  0.00000     W
el-2 -> el-3, V [V] / I [A]:  0.00000     V /  0.00000     A
el-2 -> el-3, V [V] / P [W]:  0.00000     V /  0.00000     W
el-2 -> el-4, V [V] / I [A]:  0.00000     V /  0.00000     A
el-2 -> el-4, V [V] / P [W]:  0.00000     V /  0.00000     W
el-3 -> el-4, V [V] / I [A]:  0.00000     V /  0.00000     A
el-3 -> el-4, V [V] / P [W]:  0.00000     V /  0.00000     W

>> End of run:   2-JUN-2016   9:17:20
