Siesta Version: siesta-trunk-479--so-ramon
Architecture  : ifort_O-1018-2_serial
Compiler flags: ifort    -w -O2 -mp
PP flags      : -DGFORTRAN -DFC_HAVE_FLUSH -DFC_HAVE_ABORT           
SERIAL version

* Running in serial mode
>> Start of run:  10-DEC-2015  23:36:11

                           ***********************       
                           *  WELCOME TO SIESTA  *       
                           ***********************       

reinit: Reading from standard input
************************** Dump of input data file ****************************
SystemName              pt2
SystemLabel             pt2
NumberOfAtoms           2
NumberOfSpecies         1
%block Chemical_Species_label
        1       78      Pt
%endblock Chemical_Species_label
PAO.EnergyShift  100 meV
PAO.SplitNorm      0.15
%Block PAO.Basis
Pt  2
n=6   0   2   P
     0.0  0.0
n=5   2   2
     0.0  0.0
%EndBlock PAO.Basis
AtomicCoordinatesFormat NotScaledCartesianAng
%block LatticeVectors
     1.00      .00      .00
      .00     1.00      .00
      .00      .00     1.00
%endblock LatticeVectors
LatticeConstant  20.0 Ang
%block AtomicCoordinatesAndAtomicSpecies
     -1.19940   0.00000   0.00000  1
      1.19940   0.00000   0.00000  1
%endblock AtomicCoordinatesAndAtomicSpecies
SpinPolarized           T
NonCollinearSpin        T
SpinOrbit               T
#WriteOrbMom             F
%block DM.InitSpin
 1  +1.  90.  0.
 2  +1.  90.  0.
%endblock DM.InitSpin
xc.functional           GGA
xc.authors              PBE
MeshCutoff              300. Ry
SolutionMethod          diagon
ElectronicTemperature   50 meV
DM.Tolerance            1.0E-5
MaxSCFIterations        1000
DM.MixingWeight         0.003
DM.NumberPulay          3
DM.UseSaveDM            T
DM.NumberKick           50
#Diag.DivideAndConquer   F
WriteMullikenPop       1
WriteEigenvalues       T
WriteForces            T
WriteCoorStep          T
#WriteCoorXmol          F
#WriteMDXmol            F
#%block ProjectedDensityOfStates
#-20.00 10.00 0.200 500 eV
#%endblock ProjectedDensityOfStates
#MD.TypeOfRun    CG
#MD.NumCGsteps   100
#MD.MaxCGDispl   0.10 Ang
#MD.MaxForceTol  0.01 eV/Ang
#MD.UseSaveCG   .true.
#MD.UseSaveXV   .true.
************************** End of input data file *****************************

reinit: -----------------------------------------------------------------------
reinit: System Name: pt2
reinit: -----------------------------------------------------------------------
reinit: System Label: pt2                                                         
reinit: -----------------------------------------------------------------------

initatom: Reading input for the pseudopotentials and atomic orbitals ----------
 Species number:            1  Label: Pt Atomic number:          78
Ground state valence configuration:   6s01  5d09
Reading pseudopotential information in formatted form from Pt.psf

Pseudopotential generated from a relativistic atomic calculation
There are spin-orbit pseudopotentials available
Spin-orbit interaction is not included in this calculation

Valence configuration for pseudopotential generation:
6s( 1.00) rc: 2.24
6p( 0.00) rc: 2.73
5d( 9.00) rc: 1.24
5f( 0.00) rc: 2.98
For Pt, standard SIESTA heuristics set lmxkb to 3
 (one more than the basis l, including polarization orbitals).
Use PS.lmax or PS.KBprojectors blocks to override.
 Warning: Empty PAO shell. l =           1
 Will have a KB projector anyway...

<basis_specs>
===============================================================================
Pt                   Z=  78    Mass=  195.08        Charge= 0.17977+309
Lmxo=2 Lmxkb= 3    BasisType=split      Semic=F
L=0  Nsemic=0  Cnfigmx=6
          n=1  nzeta=2  polorb=1
            splnorm:   0.15000    
               vcte:    0.0000    
               rinn:    0.0000    
               qcoe:    0.0000    
               qyuk:    0.0000    
               qwid:   0.10000E-01
                rcs:    0.0000      0.0000    
            lambdas:   1.00000     1.00000    
L=1  Nsemic=0  Cnfigmx=6
L=2  Nsemic=0  Cnfigmx=5
          n=1  nzeta=2  polorb=0
            splnorm:   0.15000    
               vcte:    0.0000    
               rinn:    0.0000    
               qcoe:    0.0000    
               qyuk:    0.0000    
               qwid:   0.10000E-01
                rcs:    0.0000      0.0000    
            lambdas:   1.00000     1.00000    
-------------------------------------------------------------------------------
L=0  Nkbl=1  erefs: 0.17977+309
L=1  Nkbl=1  erefs: 0.17977+309
L=2  Nkbl=1  erefs: 0.17977+309
L=3  Nkbl=1  erefs: 0.17977+309
===============================================================================
</basis_specs>

atom: Called for Pt                    (Z =  78)

read_vps: Pseudopotential generation method:
read_vps: ATM 3.2.2 Troullier-Martins                       
Total valence charge:   10.00000

read_vps: Pseudopotential includes a core correction:
read_vps: Pseudo-core for xc-correction

xc_check: Exchange-correlation functional:
xc_check: GGA Perdew, Burke & Ernzerhof 1996
V l=0 = -2*Zval/r beyond r=  3.0596
V l=1 = -2*Zval/r beyond r=  3.0596
V l=2 = -2*Zval/r beyond r=  3.0596
V l=3 = -2*Zval/r beyond r=  3.0981
All V_l potentials equal beyond r=  2.9104
This should be close to max(r_c) in ps generation
All pots = -2*Zval/r beyond r=  3.0981

VLOCAL1: 99.0% of the norm of Vloc inside      5.125 Ry
VLOCAL1: 99.9% of the norm of Vloc inside     11.679 Ry
atom: Maximum radius for 4*pi*r*r*local-pseudopot. charge    3.51058
atom: Maximum radius for r*vlocal+2*Zval:    3.09807
GHOST: No ghost state for L =  0
GHOST: No ghost state for L =  1
GHOST: No ghost state for L =  2
GHOST: No ghost state for L =  3

KBgen: Kleinman-Bylander projectors: 
   l= 0   rc=  3.297886   el= -0.413885   Ekb=  4.454381   kbcos=  0.246717
   l= 1   rc=  3.381373   el= -0.063071   Ekb=  1.998299   kbcos=  0.230762
   l= 2   rc=  3.137044   el= -0.454162   Ekb= -5.116612   kbcos= -0.676172
   l= 3   rc=  3.599455   el=  0.003169   Ekb= -0.935521   kbcos= -0.024370

KBgen: Total number of  Kleinman-Bylander projectors:   16
atom: -------------------------------------------------------------------------

atom: SANKEY-TYPE ORBITALS:
atom: Selected multiple-zeta basis: split     

SPLIT: Orbitals with angular momentum L= 0

SPLIT: Basis orbitals for state 6s

SPLIT: PAO cut-off radius determined from an
SPLIT: energy shift=  0.007350 Ry

   izeta = 1
                 lambda =    1.000000
                     rc =    7.158402
                 energy =   -0.407576
                kinetic =    0.352573
    potential(screened) =   -0.760148
       potential(ionic) =   -7.385835

   izeta = 2
                 rmatch =    6.009165
              splitnorm =    0.150000
                 energy =   -0.341372
                kinetic =    0.579404
    potential(screened) =   -0.920777
       potential(ionic) =   -8.017759

SPLIT: Orbitals with angular momentum L= 2

SPLIT: Basis orbitals for state 5d

SPLIT: PAO cut-off radius determined from an
SPLIT: energy shift=  0.007350 Ry

   izeta = 1
                 lambda =    1.000000
                     rc =    5.044431
                 energy =   -0.446663
                kinetic =    4.610144
    potential(screened) =   -5.056807
       potential(ionic) =  -13.997492

   izeta = 2
                 rmatch =    3.021582
              splitnorm =    0.150000
                 energy =   -0.194009
                kinetic =    6.450170
    potential(screened) =   -6.644179
       potential(ionic) =  -16.245470

POLgen: Perturbative polarization orbital with L=  1

POLgen: Polarization orbital for state 6s

   izeta = 1
                     rc =    7.158402
                 energy =   -0.090110
                kinetic =    0.622430
    potential(screened) =   -0.712540
       potential(ionic) =   -6.949247
atom: Total number of Sankey-type orbitals: 15

atm_pop: Valence configuration (for local Pseudopot. screening):
 6s( 1.00)                                                            
 6p( 0.00)                                                            
 5d( 9.00)                                                            
Vna: chval, zval:   10.00000  10.00000

Vna:  Cut-off radius for the neutral-atom potential:   7.158402
comcore: Pseudo-core radius Rcore=  4.130025

atom: _________________________________________________________________________

prinput: Basis input ----------------------------------------------------------

PAO.BasisType split     

%block ChemicalSpeciesLabel
    1   78 Pt                      # Species index, atomic number, species label
%endblock ChemicalSpeciesLabel

%block PAO.Basis                 # Define Basis set
Pt                    2                    # Species label, number of l-shells
 n=6   0   2 P   1                   # n, l, Nzeta, Polarization, NzetaPol
   7.158      6.009   
   1.000      1.000   
 n=5   2   2                         # n, l, Nzeta 
   5.044      3.022   
   1.000      1.000   
%endblock PAO.Basis

prinput: ----------------------------------------------------------------------

coor:   Atomic-coordinates input format  =     Cartesian coordinates
coor:                                          (in Angstroms)

siesta: Atomic coordinates (Bohr) and species
siesta:     -2.26654   0.00000   0.00000  1        1
siesta:      2.26654   0.00000   0.00000  1        2

siesta: System type = molecule  

initatomlists: Number of atoms, orbitals, and projectors:      2    30    32

siesta: ******************** Simulation parameters ****************************
siesta:
siesta: The following are some of the parameters of the simulation.
siesta: A complete list of the parameters used, including default values,
siesta: can be found in file out.fdf
siesta:
redata: Non-magnetic run                =     F
redata: SpinPolarized run                =     F
redata: Non-Collinear-spin run           =     F
redata: Spin-Orbit run                   =     T
redata: Time-Reversal Symmetry           =     F
redata: Number of spin components        =     4
redata: Long output                      =     F
redata: Number of Atomic Species         =        1
redata: Charge density info will appear in .RHO file
redata: Write Mulliken Pop.              =     Atomic and Orbital charges
redata: Mesh Cutoff                      =   300.0000  Ry
redata: Net charge of the system         =     0.0000 |e|
redata: Min. number of SCF Iter          =        0
redata: Max. number of SCF Iter          =     1000
redata: Mix DM or H after convergence    =     F
redata: Recompute H after scf cycle      =     F
redata: Performing Pulay mixing using    =     3 iterations
redata: Mix DM in first SCF step ?       =     F
redata: Write Pulay info on disk?        =     F
redata: Discard 1st Pulay DM after  kick =     F
redata: New DM Mixing Weight             =     0.0030
redata: New DM Occupancy tolerance       = 0.000000000001
redata: Kick with linear mixing every    =    50 iterations
redata: DM Mixing Weight for Kicks       =     0.5000
redata: DM Tolerance for SCF             =     0.000010
redata: Require (free) Energy convergence in SCF =     F
redata: DM (free)Energy tolerance for SCF =     0.000010 eV
redata: Require Harris convergence for SCF =     F
redata: DM Harris energy tolerance for SCF =     0.000010 eV
redata: Using Saved Data (generic)   =     F
redata: Use continuation files for DM    =     T
redata: Neglect nonoverlap interactions  =     F
redata: Method of Calculation            =     Diagonalization
redata: Divide and Conquer               =     T
redata: Electronic Temperature           =     0.0037  Ry
redata: Fix the spin of the system       =     F
redata: Dynamics option                  =     Single-point calculation
redata: ***********************************************************************
Total number of electrons:    20.000000
Total ionic charge:    20.000000
 Kpoints in:            1 . Kpoints trimmed:            1

siesta: k-grid: Number of k-points =     1
siesta: k-grid: Cutoff (effective) =    10.000 Ang
siesta: k-grid: Supercell and displacements
siesta: k-grid:    1   0   0      0.000
siesta: k-grid:    0   1   0      0.000
siesta: k-grid:    0   0   1      0.000

                     ====================================
                        Single-point calculation
                     ====================================

outcoor: Atomic coordinates (Ang):                          
   -1.19940000    0.00000000    0.00000000   1       1  Pt
    1.19940000    0.00000000    0.00000000   1       2  Pt

outcell: Unit cell vectors (Ang):
       20.000000    0.000000    0.000000
        0.000000   20.000000    0.000000
        0.000000    0.000000   20.000000

outcell: Cell vector modules (Ang)   :   20.000000   20.000000   20.000000
outcell: Cell angles (23,13,12) (deg):     90.0000     90.0000     90.0000
outcell: Cell volume (Ang**3)        :   8000.0000
New_DM. Step:     1
Initializing Density Matrix...

iodm: Reading Density Matrix from files
 qsol =    20.000000
 ++++++++++ Calling dhscf_init ++++++++++
 
New grid distribution:   1
           1       1:  108    1:  108    1:  108

InitMesh: MESH =   216 x   216 x   216 =    10077696
InitMesh: (bp) =   108 x   108 x   108 =     1259712
InitMesh: Mesh cutoff (required, used) =   300.000   322.366 Ry
ExtMesh (bp) on 0 =   192 x   192 x   192 =     7077888
PhiOnMesh: Number of (b)points on node 0 =              1259712
PhiOnMesh: nlist on node 0 =               514193
 
 ++++++++++ Leaving dhscf_init ++++++++++
 
 
++++++++++ Getting setup_hamiltonian ++++++++++
 
 
++++++++++ Leaving setup_hamiltonian ++++++++++
 
++++++++++ Getting compute_dm ++++++++++
 
h_spin_dim/e_spin_dim/spinor_dim =    8   4   2
 compute_dm: Calling diagon
 nuotot =    30
    nuo =    30
  maxuo =    30
    nhs = 2*(2*nuotot)*(2*nuo)   =  7200
   npsi = 2*(2*nuotot)*(2*maxuo) =  7200
   naux =           (2*nuotot)*5 =   300

stepf: Fermi-Dirac step function
 compute_dm: Leaving diagon
 qsol =    20.000000
 normalize_dm: Calculating tol 
 
++++++++++ Leaving compute_dm ++++++++++
 
 
++++++++++ Getting compute_energies ++++++++++
 
 
++++++++++ Leaving compute_energies ++++++++++

siesta: Program's energy decomposition (eV):
siesta: Ebs     =      -116.882691
siesta: Eions   =      1671.574203
siesta: Ena     =        29.270177
siesta: Ekin    =      1096.664371
siesta: Enl     =      -554.181438
siesta: Eso     =        -1.534583
siesta: DEna    =         5.679680
siesta: DUscf   =         0.838418
siesta: DUext   =         0.000000
siesta: Exc     =     -1709.945484
siesta: eta*DQ  =         0.000000
siesta: Emadel  =         0.000000
siesta: Emeta   =         0.000000
siesta: Emolmec =         0.000000
siesta: Ekinion =         0.000000
siesta: Eharris =     -2804.783053
siesta: Etot    =     -2804.783064
siesta: FreeEng =     -2804.804941

siesta: iscf      Eharris(eV)         E_KS(eV)      FreeEng(eV)      dDmax      Ef(eV)
   scf:    1     -2804.783053     -2804.783064     -2804.804941   0.000820   -4.216192
timer: Routine,Calls,Time,% =    IterSCF     1      10.159  55.27
 
++++++++++ Getting setup_hamiltonian ++++++++++
 
 
++++++++++ Leaving setup_hamiltonian ++++++++++
 
++++++++++ Getting compute_dm ++++++++++
 
h_spin_dim/e_spin_dim/spinor_dim =    8   4   2
 compute_dm: Calling diagon
 nuotot =    30
    nuo =    30
  maxuo =    30
    nhs = 2*(2*nuotot)*(2*nuo)   =  7200
   npsi = 2*(2*nuotot)*(2*maxuo) =  7200
   naux =           (2*nuotot)*5 =   300
 compute_dm: Leaving diagon
 qsol =    20.000000
 normalize_dm: Calculating tol 
 
++++++++++ Leaving compute_dm ++++++++++
 
 
++++++++++ Getting compute_energies ++++++++++
 
 
++++++++++ Leaving compute_energies ++++++++++
   scf:    2     -2804.786601     -2804.782899     -2804.804585   0.018347   -4.215452
 
++++++++++ Getting setup_hamiltonian ++++++++++
 
 
++++++++++ Leaving setup_hamiltonian ++++++++++
 
++++++++++ Getting compute_dm ++++++++++
 
h_spin_dim/e_spin_dim/spinor_dim =    8   4   2
 compute_dm: Calling diagon
 nuotot =    30
    nuo =    30
  maxuo =    30
    nhs = 2*(2*nuotot)*(2*nuo)   =  7200
   npsi = 2*(2*nuotot)*(2*maxuo) =  7200
   naux =           (2*nuotot)*5 =   300
 compute_dm: Leaving diagon
 qsol =    20.000000
 normalize_dm: Calculating tol 
 
++++++++++ Leaving compute_dm ++++++++++
 
 
++++++++++ Getting compute_energies ++++++++++
 
 
++++++++++ Leaving compute_energies ++++++++++
   scf:    3     -2804.783047     -2804.783062     -2804.804939   0.000126   -4.216234
 
++++++++++ Getting setup_hamiltonian ++++++++++
 
 
++++++++++ Leaving setup_hamiltonian ++++++++++
 
++++++++++ Getting compute_dm ++++++++++
 
h_spin_dim/e_spin_dim/spinor_dim =    8   4   2
 compute_dm: Calling diagon
 nuotot =    30
    nuo =    30
  maxuo =    30
    nhs = 2*(2*nuotot)*(2*nuo)   =  7200
   npsi = 2*(2*nuotot)*(2*maxuo) =  7200
   naux =           (2*nuotot)*5 =   300
 compute_dm: Leaving diagon
 qsol =    20.000000
 normalize_dm: Calculating tol 
 
++++++++++ Leaving compute_dm ++++++++++
 
 
++++++++++ Getting compute_energies ++++++++++
 
 
++++++++++ Leaving compute_energies ++++++++++
   scf:    4     -2804.783047     -2804.783062     -2804.804939   0.000125   -4.216237
 
++++++++++ Getting setup_hamiltonian ++++++++++
 
 
++++++++++ Leaving setup_hamiltonian ++++++++++
 
++++++++++ Getting compute_dm ++++++++++
 
h_spin_dim/e_spin_dim/spinor_dim =    8   4   2
 compute_dm: Calling diagon
 nuotot =    30
    nuo =    30
  maxuo =    30
    nhs = 2*(2*nuotot)*(2*nuo)   =  7200
   npsi = 2*(2*nuotot)*(2*maxuo) =  7200
   naux =           (2*nuotot)*5 =   300
 compute_dm: Leaving diagon
 qsol =    20.000000
 normalize_dm: Calculating tol 
 
++++++++++ Leaving compute_dm ++++++++++
 
 
++++++++++ Getting compute_energies ++++++++++
 
 
++++++++++ Leaving compute_energies ++++++++++
   scf:    5     -2804.783051     -2804.783058     -2804.804930   0.000014   -4.216461
 
++++++++++ Getting setup_hamiltonian ++++++++++
 
 
++++++++++ Leaving setup_hamiltonian ++++++++++
 
++++++++++ Getting compute_dm ++++++++++
 
h_spin_dim/e_spin_dim/spinor_dim =    8   4   2
 compute_dm: Calling diagon
 nuotot =    30
    nuo =    30
  maxuo =    30
    nhs = 2*(2*nuotot)*(2*nuo)   =  7200
   npsi = 2*(2*nuotot)*(2*maxuo) =  7200
   naux =           (2*nuotot)*5 =   300
 compute_dm: Leaving diagon
 qsol =    20.000000
 normalize_dm: Calculating tol 
 
++++++++++ Leaving compute_dm ++++++++++
 
 
++++++++++ Getting compute_energies ++++++++++
 
 
++++++++++ Leaving compute_energies ++++++++++
   scf:    6     -2804.783052     -2804.783058     -2804.804930   0.000013   -4.216468
 
++++++++++ Getting setup_hamiltonian ++++++++++
 
 
++++++++++ Leaving setup_hamiltonian ++++++++++
 
++++++++++ Getting compute_dm ++++++++++
 
h_spin_dim/e_spin_dim/spinor_dim =    8   4   2
 compute_dm: Calling diagon
 nuotot =    30
    nuo =    30
  maxuo =    30
    nhs = 2*(2*nuotot)*(2*nuo)   =  7200
   npsi = 2*(2*nuotot)*(2*maxuo) =  7200
   naux =           (2*nuotot)*5 =   300
 compute_dm: Leaving diagon
 qsol =    20.000000
 normalize_dm: Calculating tol 
 
++++++++++ Leaving compute_dm ++++++++++
 
 
++++++++++ Getting compute_energies ++++++++++
 
 
++++++++++ Leaving compute_energies ++++++++++
   scf:    7     -2804.783052     -2804.783058     -2804.804930   0.000013   -4.216468
 
++++++++++ Getting setup_hamiltonian ++++++++++
 
 
++++++++++ Leaving setup_hamiltonian ++++++++++
 
++++++++++ Getting compute_dm ++++++++++
 
h_spin_dim/e_spin_dim/spinor_dim =    8   4   2
 compute_dm: Calling diagon
 nuotot =    30
    nuo =    30
  maxuo =    30
    nhs = 2*(2*nuotot)*(2*nuo)   =  7200
   npsi = 2*(2*nuotot)*(2*maxuo) =  7200
   naux =           (2*nuotot)*5 =   300
 compute_dm: Leaving diagon
 qsol =    20.000000
 normalize_dm: Calculating tol 
 
++++++++++ Leaving compute_dm ++++++++++
 
 
++++++++++ Getting compute_energies ++++++++++
 
 
++++++++++ Leaving compute_energies ++++++++++
   scf:    8     -2804.783052     -2804.783058     -2804.804930   0.000013   -4.216466
 
++++++++++ Getting setup_hamiltonian ++++++++++
 
 
++++++++++ Leaving setup_hamiltonian ++++++++++
 
++++++++++ Getting compute_dm ++++++++++
 
h_spin_dim/e_spin_dim/spinor_dim =    8   4   2
 compute_dm: Calling diagon
 nuotot =    30
    nuo =    30
  maxuo =    30
    nhs = 2*(2*nuotot)*(2*nuo)   =  7200
   npsi = 2*(2*nuotot)*(2*maxuo) =  7200
   naux =           (2*nuotot)*5 =   300
 compute_dm: Leaving diagon
 qsol =    20.000000
 normalize_dm: Calculating tol 
 
++++++++++ Leaving compute_dm ++++++++++
 
 
++++++++++ Getting compute_energies ++++++++++
 
 
++++++++++ Leaving compute_energies ++++++++++
   scf:    9     -2804.783052     -2804.783057     -2804.804930   0.000012   -4.216458
 
++++++++++ Getting setup_hamiltonian ++++++++++
 
 
++++++++++ Leaving setup_hamiltonian ++++++++++
 
++++++++++ Getting compute_dm ++++++++++
 
h_spin_dim/e_spin_dim/spinor_dim =    8   4   2
 compute_dm: Calling diagon
 nuotot =    30
    nuo =    30
  maxuo =    30
    nhs = 2*(2*nuotot)*(2*nuo)   =  7200
   npsi = 2*(2*nuotot)*(2*maxuo) =  7200
   naux =           (2*nuotot)*5 =   300
 compute_dm: Leaving diagon
 qsol =    20.000000
 normalize_dm: Calculating tol 
 
++++++++++ Leaving compute_dm ++++++++++
 
 
++++++++++ Getting compute_energies ++++++++++
 
 
++++++++++ Leaving compute_energies ++++++++++
   scf:   10     -2804.783052     -2804.783057     -2804.804930   0.000012   -4.216457
 
++++++++++ Getting setup_hamiltonian ++++++++++
 
 
++++++++++ Leaving setup_hamiltonian ++++++++++
 
++++++++++ Getting compute_dm ++++++++++
 
h_spin_dim/e_spin_dim/spinor_dim =    8   4   2
 compute_dm: Calling diagon
 nuotot =    30
    nuo =    30
  maxuo =    30
    nhs = 2*(2*nuotot)*(2*nuo)   =  7200
   npsi = 2*(2*nuotot)*(2*maxuo) =  7200
   naux =           (2*nuotot)*5 =   300
 compute_dm: Leaving diagon
 qsol =    20.000000
 normalize_dm: Calculating tol 
 
++++++++++ Leaving compute_dm ++++++++++
 
 
++++++++++ Getting compute_energies ++++++++++
 
 
++++++++++ Leaving compute_energies ++++++++++
   scf:   11     -2804.783052     -2804.783057     -2804.804929   0.000013   -4.216457
 
++++++++++ Getting setup_hamiltonian ++++++++++
 
 
++++++++++ Leaving setup_hamiltonian ++++++++++
 
++++++++++ Getting compute_dm ++++++++++
 
h_spin_dim/e_spin_dim/spinor_dim =    8   4   2
 compute_dm: Calling diagon
 nuotot =    30
    nuo =    30
  maxuo =    30
    nhs = 2*(2*nuotot)*(2*nuo)   =  7200
   npsi = 2*(2*nuotot)*(2*maxuo) =  7200
   naux =           (2*nuotot)*5 =   300
 compute_dm: Leaving diagon
 qsol =    20.000000
 normalize_dm: Calculating tol 
 
++++++++++ Leaving compute_dm ++++++++++
 
 
++++++++++ Getting compute_energies ++++++++++
 
 
++++++++++ Leaving compute_energies ++++++++++
   scf:   12     -2804.783052     -2804.783057     -2804.804928   0.000013   -4.216457
 
++++++++++ Getting setup_hamiltonian ++++++++++
 
 
++++++++++ Leaving setup_hamiltonian ++++++++++
 
++++++++++ Getting compute_dm ++++++++++
 
h_spin_dim/e_spin_dim/spinor_dim =    8   4   2
 compute_dm: Calling diagon
 nuotot =    30
    nuo =    30
  maxuo =    30
    nhs = 2*(2*nuotot)*(2*nuo)   =  7200
   npsi = 2*(2*nuotot)*(2*maxuo) =  7200
   naux =           (2*nuotot)*5 =   300
 compute_dm: Leaving diagon
 qsol =    20.000000
 normalize_dm: Calculating tol 
 
++++++++++ Leaving compute_dm ++++++++++
 
 
++++++++++ Getting compute_energies ++++++++++
 
 
++++++++++ Leaving compute_energies ++++++++++
   scf:   13     -2804.783053     -2804.783055     -2804.804926   0.000007   -4.216465

SCF Convergence by dMax criterion
max |DM_out - DM_in|:     0.00000701
SCF cycle converged after   13 iterations

Using DM_out to compute the final energy and forces

siesta: E_KS(eV) =            -2804.7831

siesta: E_KS - E_eggbox =     -2804.7831

siesta: Atomic forces (eV/Ang):
     1   -0.597963    0.030569   -0.019269
     2    0.623752   -0.051012    0.167048
----------------------------------------
   Tot    0.025790   -0.020444    0.147779
----------------------------------------
   Max    0.623752
   Res    0.360194    sqrt( Sum f_i^2 / 3N )
----------------------------------------
   Max    0.623752    constrained

Stress-tensor-Voigt (kbar):       -0.42       -0.03       -0.05        0.01       -0.02       -0.03
(Free)E + p*V (eV/cell)    -2803.9774
Target enthalpy (eV/cell)    -2804.8049
 
moments: Atomic and Orbital Populations and Magnetic Moments:

Species: Pt                  

Atom    Orb           Charge    sqrt(<S>^2)        <(Sx,Sy,Sz)>     sqrt(<L>^2)      <(Lx,Ly,Lz)>
----------------------------------------------------------------------------------------------------
   1    1  6s         1.0573                  -0.004  0.001  0.000               0.000  0.000  0.000
   1    2  6s         0.1399                   0.011 -0.000  0.000               0.000  0.000  0.000
   1    3  5dxy       1.7267                   0.114 -0.000 -0.000               0.131 -0.000 -0.000
   1    4  5dyz       1.7556                   0.109  0.002 -0.000               0.284 -0.000  0.000
   1    5  5dz2       1.7596                   0.082  0.000 -0.000               0.213  0.000  0.000
   1    6  5dxz       1.7267                   0.112 -0.003 -0.000               0.131  0.000  0.000
   1    7  5dx2-y2    1.7675                   0.029  0.004 -0.000               0.071  0.000 -0.000
   1    8  5dxy       0.0031                  -0.002  0.000 -0.000              -0.000 -0.000 -0.000
   1    9  5dyz      -0.0108                   0.002  0.001 -0.000              -0.000 -0.000  0.000
   1   10  5dz2      -0.0028                   0.002  0.000 -0.000              -0.000  0.000  0.000
   1   11  5dxz       0.0031                   0.002 -0.003 -0.000              -0.000  0.000  0.000
   1   12  5dx2-y2    0.0133                   0.003  0.004  0.000              -0.000  0.000 -0.000
   1   13  6Ppy       0.0339                  -0.001  0.000 -0.000               0.002  0.000  0.000
   1   14  6Ppz       0.0339                   0.003  0.000  0.000               0.002 -0.000  0.000
   1   15  6Ppx      -0.0068                   0.003  0.000  0.000               0.000 -0.000  0.000
----------------------------------------------------------------------------------------------------
   1      Total      10.0000         0.465     0.465  0.005 -0.000       1.669   1.669  0.000 -0.000

   2   16  6s         1.0573                  -0.005  0.001  0.000               0.000  0.000  0.000
   2   17  6s         0.1400                   0.011  0.000 -0.000               0.000  0.000  0.000
   2   18  5dxy       1.7232                   0.110 -0.000  0.002               0.131 -0.000 -0.000
   2   19  5dyz       1.7556                   0.111  0.000 -0.000               0.284 -0.000  0.000
   2   20  5dz2       1.7546                   0.082  0.000  0.002               0.213  0.000  0.000
   2   21  5dxz       1.7267                   0.112  0.000  0.000               0.131  0.000  0.000
   2   22  5dx2-y2    1.7671                   0.029  0.000  0.000               0.071 -0.000 -0.000
   2   23  5dxy       0.0036                   0.000  0.000 -0.000              -0.000 -0.000 -0.000
   2   24  5dyz      -0.0108                   0.004  0.000 -0.000              -0.000 -0.000  0.000
   2   25  5dz2      -0.0077                   0.002 -0.000  0.002              -0.000  0.000  0.000
   2   26  5dxz       0.0031                   0.002  0.000 -0.000              -0.000  0.000  0.000
   2   27  5dx2-y2    0.0132                   0.003 -0.000  0.000              -0.000  0.000 -0.000
   2   28  6Ppy       0.0340                   0.003 -0.000 -0.000               0.002  0.000 -0.000
   2   29  6Ppz       0.0325                   0.003  0.000  0.001               0.002  0.000  0.000
   2   30  6Ppx      -0.0121                  -0.001 -0.000  0.003               0.000  0.000 -0.000
----------------------------------------------------------------------------------------------------
   2      Total       9.9801         0.466     0.466  0.001  0.010       1.669   1.669  0.000 -0.000

----------------------------------------------------------------------------------------------------
Total      Total      19.9801         0.931     0.931  0.006  0.010       3.337   3.337  0.000 -0.000


siesta: Eigenvalues (eV):
ik =     1
  -8.57  -8.36  -7.53  -7.03  -7.01  -6.69  -6.37  -5.85  -5.85  -5.65
  -5.43  -5.16  -5.05  -4.98  -4.72  -4.66  -4.59  -4.53  -4.50  -4.37
  -4.07  -3.94  -3.67  -3.34  -0.26   0.02   0.54   0.69   0.86   1.15
   3.17   3.42   4.47   4.80   8.67   8.85   9.66   9.80  13.02  13.27
  20.64  20.95  20.99  21.30  21.32  21.37  21.60  21.69  23.35  23.65
  23.93  24.27  26.57  26.62  27.43  27.59  27.63  27.95  35.59  35.83
siesta: Fermi energy =      -4.216465 eV

siesta: Program's energy decomposition (eV):
siesta: Ebs     =      -116.888353
siesta: Eions   =      1671.574203
siesta: Ena     =        29.270177
siesta: Ekin    =      1096.658713
siesta: Enl     =      -554.178016
siesta: Eso     =        -1.534578
siesta: DEna    =         5.680544
siesta: DUscf   =         0.838662
siesta: DUext   =         0.000000
siesta: Exc     =     -1709.944352
siesta: eta*DQ  =         0.000000
siesta: Emadel  =         0.000000
siesta: Emeta   =         0.000000
siesta: Emolmec =         0.000000
siesta: Ekinion =         0.000000
siesta: Eharris =     -2804.783053
siesta: Etot    =     -2804.783053
siesta: FreeEng =     -2804.804924

siesta: Final energy (eV):
siesta:  Band Struct. =    -116.888353
siesta:       Kinetic =    1096.658713
siesta:       Hartree =    1575.315209
siesta:    Ext. field =       0.000000
siesta:   Exch.-corr. =   -1709.944352
siesta:  Ion-electron =   -3960.819197
siesta:       Ion-ion =     195.541153
siesta:       Ekinion =       0.000000
siesta:         Total =   -2804.783053

siesta: Atomic forces (eV/Ang):
siesta:      1   -0.597963    0.030569   -0.019269
siesta:      2    0.623752   -0.051012    0.167048
siesta: ----------------------------------------
siesta:    Tot    0.025790   -0.020444    0.147779

siesta: Stress tensor (static) (eV/Ang**3):
siesta:    -0.000262    0.000000   -0.000000
siesta:     0.000004   -0.000018   -0.000013
siesta:    -0.000020   -0.000013   -0.000031

siesta: Cell volume =       8000.000000 Ang**3

siesta: Pressure (static):
siesta:                Solid            Molecule  Units
siesta:           0.00000113          0.00000046  Ry/Bohr**3
siesta:           0.00010344          0.00004239  eV/Ang**3
siesta:           0.16573701          0.06791471  kBar
(Free)E+ p_basis*V_orbitals  =       -2803.090113
(Free)Eharris+ p_basis*V_orbitals  =       -2803.090113
 Calling spnvec: nspin, qspin =     4    10.00000     9.98014     0.93090     0.00588
 Leaving spnvec: qaux,stot,svec=      19.9801      1.8619      1.8618     -0.0118      0.0199

siesta: Total spin polarization (Qup-Qdown) =    1.861945
siesta: Spin vector =    1.861801   -0.011757    0.019864

siesta: Electric dipole (a.u.)  =    0.000026   -0.000000    0.000000
siesta: Electric dipole (Debye) =    0.000066   -0.000000    0.000000

timer: Elapsed wall time (sec) =     164.550
timer: CPU execution times (sec):

Routine            Calls   Time/call    Tot.time        %
siesta                 1     164.167     164.167   100.00
Setup                  1       0.187       0.187     0.11
bands                  1       0.000       0.000     0.00
writewave              1       0.000       0.000     0.00
KSV_init               1       0.000       0.000     0.00
IterGeom               1     163.978     163.978    99.88
state_init             1       0.588       0.588     0.36
hsparse                1       0.000       0.000     0.00
overlap                1       0.586       0.586     0.36
Setup_H0               1       7.447       7.447     4.54
naefs                  2       0.000       0.001     0.00
MolMec                 2       0.000       0.000     0.00
kinefsm                2       0.283       0.567     0.35
nlefsm                 2       0.541       1.083     0.66
spinorb                2       0.076       0.152     0.09
DHSCF_Init             1       5.726       5.726     3.49
DHSCF1                 1       0.415       0.415     0.25
INITMESH               1       0.000       0.000     0.00
DHSCF2                 1       5.310       5.310     3.23
REMESH                 1       0.078       0.078     0.05
REORD                132       0.085      11.237     6.85
PHION                  1       1.192       1.192     0.73
COMM_BSC             118       0.087      10.295     6.27
POISON                15       3.477      52.161    31.77
fft                   30       1.274      38.224    23.28
IterSCF               13      10.859     141.165    85.99
setup_H               13      10.853     141.089    85.94
DHSCF                 14      11.121     155.698    94.84
DHSCF3                14      10.843     151.797    92.46
rhoofd                14       0.501       7.021     4.28
cellXC                14       3.106      43.482    26.49
vmat                  14       0.490       6.856     4.18
compute_dm            13       0.004       0.050     0.03
diagon                13       0.004       0.048     0.03
cdiag                 13       0.003       0.033     0.02
cdiag1                13       0.000       0.000     0.00
cdiag2                13       0.000       0.005     0.00
cdiag3                13       0.002       0.026     0.02
cdiag4                13       0.000       0.002     0.00
MIXER                 12       0.000       0.006     0.00
WriteDM               13       0.001       0.019     0.01
PostSCF                1      14.776      14.776     9.00
DHSCF4                 1       3.901       3.901     2.38
dfscf                  1       2.114       2.114     1.29
overfsm                1       0.002       0.002     0.00
state_analysis         1       0.001       0.001     0.00
siesta_move            1       0.000       0.000     0.00
optical                1       0.000       0.000     0.00
  
>> End of run:  10-DEC-2015  23:38:55
