
                           ***********************       
                           *  WELCOME TO SIESTA  *       
                           ***********************       

reinit: Reading from elec-z.fdf

reinit: -----------------------------------------------------------------------
reinit: System Name: 
reinit: -----------------------------------------------------------------------
reinit: System Label: elec-z
reinit: -----------------------------------------------------------------------
Siesta Version: siesta-4.1--731
Architecture  : x86_64-linux-n-62-18-14
Compiler flags: mpifort -m64 -fPIC -O3 -march=native -ftree-vectorize -fexpensive-optimizatioons -funroll-loops -fprefetch-loop-arrays -fno-second-underscore  -flto -fuse-linker-plugin
PP flags      : -I/zdata/groups/common/nicpa/2016-oct/generic/build-tools/1.0/include -I/zdatta/groups/common/nicpa/2016-oct/generic/gmp/6.1.0/include -I/zdata/groups/common/nicpa/2016-oct/generic/mpfr/3.1.4/include -I/zdata/groups/common/nicpa/2016-oct/generic/mpc/1.0.3/include -I/zdata/groups/common/nicpa/2016-oct/generic/isl/0.16.1/include -I/zdata/groups/common/nicpa/2016-oct/generic/gcc/6.2.0/include -I/zdata/groups/common/nicpa/2016-oct/generic/numactl/2.0.11/include -I/zdata/groups/common/nicpa/2016-oct/XeonE5-2665/zlib/1.2.8/gnu-6.2.0/include -I/zdata/groups/common/nicpa/2016-oct/XeonE5-2665/libxml2/2.9.4/gnu-6.2.0/include -I/zdata/groups/common/nicpa/2016-oct/XeonE5-2665/hwloc/1.11.4/gnu-6.2.0/include -I/zdata/groups/common/nicpa/2016-oct/XeonE5-2665/openmpi/2.0.1/gnu-6.2.0/include -I/zdata/groups/common/nicpa/2016-oct/XeonE5-2665/hdf5/1.8.17/gnu-6.2.0/include -I/zdata/groups/common/nicpa/2016-oct/XeonE5-2665/pnetcdf/1.7.0/gnu-6.2.0/include -I/zdata/groups/common/nicpa/2016-oct/XeonE5-2665/netcdf/4.4.1/gnu-6.2.0/include -I/zdata/groups/common/nicpa/2016-oct/XeonE5-2665/flook/0.7.0/gnu-6.2.0/include -I/zdata/groups/common/nicpa/2016-oct/XeonE5-2665/parmetis/4.0.3/gnu-6.2.0/include -I/zdata/groups/common/nicpa/2016-oct/XeonE5-2665/scalapack/204/gnu-6.2.0/include -I/zdata/groups/common/nicpa/2016-oct/XeonE5-2665/openblas/0.2.19/gnu-6.2.0/include -I/zdata/groups/common/nicpa/2016-oct/XeonE5-2665/mumps/5.0.2/gnu-6.2.0/include -I/zdata/groups/common/nicpa/2016-oct/XeonE5-2665/fftw/3.3.5/gnu-6.2.0/include -DMPI -DFC_HAVE_FLUSH -DFC_HAVE_ABORT -DCDF -DCDF4 -DSIESTA__METIS -DSIESTA__MUMPS -DTS_NOCHECKS -DNCDF -DNCDF_4 -DNCDF_PARALLEL -DSIESTA__FLOOK  -DTRANSIESTA
Libraries     : -lnetcdff -lnetcdf -lpnetcdf -lhdf5_hl -lhdf5 -lz  -lzmumps -lmumps_common -llpord -lparmetis -lmetis -lscalapack -lopenblas  -lmetis -flto -fuse-linker-plugin  -L/zdata/groups/common/nicpa/2016-oct/XeonE5-2665/flook/0.7.0/gnu-6.2.0/lib -Wl,-rpath=/zdata/groups/common/nicpa/2016-oct/XeonE5-2665/flook/0.7.0/gnu-6.2.0/lib -lflookall -ldl
PARALLEL version
TRANSIESTA support
NetCDF support
NetCDF-4 support
NetCDF-4 MPI-IO support
METIS ordering support

* Running on 8 nodes in parallel
>> Start of run:   2-JUL-2017  23:01:59

initatom: Reading input for the pseudopotentials and atomic orbitals ----------
Species number:   1 Atomic number:    6 Label: C

Ground state valence configuration:   2s02  2p02
Reading pseudopotential information in formatted form from C.psf

Valence configuration for pseudopotential generation:
2s( 2.00) rc: 1.49
2p( 2.00) rc: 1.52
3d( 0.00) rc: 1.58
relmxkb: Read Max KB Ang. Momentum=    2 for species C

<basis_specs>
===============================================================================
C                    Z=   6    Mass=  12.010        Charge= 0.17977+309
Lmxo=1 Lmxkb= 2    BasisType=split      Semic=F
L=0  Nsemic=0  Cnfigmx=2
          n=1  nzeta=1  polorb=0
            splnorm:   0.15000    
               vcte:    0.0000    
               rinn:    0.0000    
               qcoe:    0.0000    
               qyuk:    0.0000    
               qwid:   0.10000E-01
                rcs:    0.0000    
            lambdas:    1.0000    
L=1  Nsemic=0  Cnfigmx=2
          n=1  nzeta=1  polorb=1
            splnorm:   0.15000    
               vcte:    0.0000    
               rinn:    0.0000    
               qcoe:    0.0000    
               qyuk:    0.0000    
               qwid:   0.10000E-01
                rcs:    0.0000    
            lambdas:    1.0000    
-------------------------------------------------------------------------------
L=0  Nkbl=1  erefs: 0.17977+309
L=1  Nkbl=1  erefs: 0.17977+309
L=2  Nkbl=1  erefs: 0.17977+309
===============================================================================
</basis_specs>

atom: Called for C                     (Z =   6)

read_vps: Pseudopotential generation method:
read_vps: ATM3      Troullier-Martins                       
Total valence charge:    4.00000

xc_check: Exchange-correlation functional:
xc_check: Ceperley-Alder
V l=0 = -2*Zval/r beyond r=  1.4666
V l=1 = -2*Zval/r beyond r=  1.5038
V l=2 = -2*Zval/r beyond r=  1.5612
All V_l potentials equal beyond r=  1.5612
This should be close to max(r_c) in ps generation
All pots = -2*Zval/r beyond r=  1.5612

VLOCAL1: 99.0% of the norm of Vloc inside     17.809 Ry
VLOCAL1: 99.9% of the norm of Vloc inside     40.586 Ry
atom: Maximum radius for 4*pi*r*r*local-pseudopot. charge    1.88329
atom: Maximum radius for r*vlocal+2*Zval:    1.62091
GHOST: No ghost state for L =  0
GHOST: No ghost state for L =  1
GHOST: No ghost state for L =  2

KBgen: Kleinman-Bylander projectors: 
   l= 0   rc=  1.747182   el= -1.001947   Ekb=  5.181700   kbcos=  0.300603
   l= 1   rc=  1.747182   el= -0.398598   Ekb= -4.328763   kbcos= -0.367074
   l= 2   rc=  1.955272   el=  0.002326   Ekb= -1.016175   kbcos= -0.009979

KBgen: Total number of  Kleinman-Bylander projectors:    9
atom: -------------------------------------------------------------------------

atom: SANKEY-TYPE ORBITALS:

SPLIT: Orbitals with angular momentum L= 0

SPLIT: Basis orbitals for state 2s

SPLIT: PAO cut-off radius determined from an
SPLIT: energy shift=  0.020212 Ry

   izeta = 1
                 lambda =    1.000000
                     rc =    4.191849
                 energy =   -0.983897
                kinetic =    0.886956
    potential(screened) =   -1.870853
       potential(ionic) =   -5.479661

SPLIT: Orbitals with angular momentum L= 1

SPLIT: Basis orbitals for state 2p

SPLIT: PAO cut-off radius determined from an
SPLIT: energy shift=  0.020212 Ry

   izeta = 1
                 lambda =    1.000000
                     rc =    4.870301
                 energy =   -0.379093
                kinetic =    2.545357
    potential(screened) =   -2.924450
       potential(ionic) =   -6.433151

POLgen: Perturbative polarization orbital with L=  2

POLgen: Polarization orbital for state 2p

   izeta = 1
                     rc =    4.870301
                 energy =    1.280953
                kinetic =    2.629601
    potential(screened) =   -1.348648
       potential(ionic) =   -4.293268
atom: Total number of Sankey-type orbitals:  9

atm_pop: Valence configuration (for local Pseudopot. screening):
 2s( 2.00)                                                            
 2p( 2.00)                                                            
Vna: chval, zval:    4.00000   4.00000

Vna:  Cut-off radius for the neutral-atom potential:   4.870301

atom: _________________________________________________________________________

prinput: Basis input ----------------------------------------------------------

PAO.BasisType split     

%block ChemicalSpeciesLabel
    1    6 C                       # Species index, atomic number, species label
%endblock ChemicalSpeciesLabel

%block PAO.Basis                 # Define Basis set
C                     2                    # Species label, number of l-shells
 n=2   0   1                         # n, l, Nzeta 
   4.192   
   1.000   
 n=2   1   1 P   1                   # n, l, Nzeta, Polarization, NzetaPol
   4.870   
   1.000   
%endblock PAO.Basis

prinput: ----------------------------------------------------------------------

Dumping basis to NetCDF file C.ion.nc
coor:   Atomic-coordinates input format  =     Cartesian coordinates
coor:                                          (in Angstroms)

siesta: System type = chain     

initatomlists: Number of atoms, orbitals, and projectors:      4    36    36

siesta: ******************** Simulation parameters ****************************
siesta:
siesta: The following are some of the parameters of the simulation.
siesta: A complete list of the parameters used, including default values,
siesta: can be found in file out.fdf
siesta:
redata: Spin configuration                          = none
redata: Number of spin components                   = 1
redata: Time-Reversal Symmetry                      = T
redata: Spin-spiral                                 = F
redata: Long output                                 =   F
redata: Number of Atomic Species                    =        1
redata: Charge density info will appear in .RHO file
redata: Write Mulliken Pop.                         = Atomic and Orbital charges
redata: Mesh Cutoff                                 =   250.0000 Ry
redata: Net charge of the system                    =     0.0000 |e|
redata: Min. number of SCF Iter                     =        3
redata: Max. number of SCF Iter                     =      200
redata: SCF mix quantity                            = Hamiltonian
redata: Mix DM or H after convergence               =   F
redata: Recompute H after scf cycle                 =   F
redata: Mix DM in first SCF step                    =   T
redata: Write Pulay info on disk                    =   F
redata: New DM Mixing Weight                        =     0.0500
redata: New DM Occupancy tolerance                  = 0.000000000001
redata: No kicks to SCF
redata: DM Mixing Weight for Kicks                  =     0.5000
redata: Require Harris convergence for SCF          =   F
redata: Harris energy tolerance for SCF             =     0.000100 eV
redata: Require DM convergence for SCF              =   T
redata: DM tolerance for SCF                        =     0.0001
redata: Require EDM convergence for SCF             =   F
redata: EDM tolerance for SCF                       =     0.001000 eV
redata: Require H convergence for SCF               =   T
redata: Hamiltonian tolerance for SCF               =     0.001000 eV
redata: Require (free) Energy convergence for SCF   =   F
redata: (free) Energy tolerance for SCF             =     0.000100 eV
redata: Using Saved Data (generic)                  =   F
redata: Use continuation files for DM               =   T
redata: Neglect nonoverlap interactions             =   F
redata: Method of Calculation                       = Diagonalization
redata: Divide and Conquer                          =   T
redata: Electronic Temperature                      =   299.9978 K
redata: Fix the spin of the system                  =   F
redata: Dynamics option                             = Single-point calculation
mix.SCF: Pulay mixing                            = Pulay
mix.SCF:    Variant                              = stable
mix.SCF:    History steps                        = 6
mix.SCF:    Linear mixing weight                 =     0.050000
mix.SCF:    Mixing weight                        =     0.050000
mix.SCF:    SVD condition                        = 0.1000E-07
redata: Save all siesta data in one NC              =   F
redata: ***********************************************************************

%block SCF.Mixers
  Pulay
%endblock SCF.Mixers

%block SCF.Mixer.Pulay
  # Mixing method
  method pulay
  variant stable

  # Mixing options
  weight 0.0500
  weight.linear 0.0500
  history 6
%endblock SCF.Mixer.Pulay

DM_history_depth set to one: no extrapolation allowed by default for geometry relaxation
Size of DM history Fstack: 1
Total number of electrons:    16.000000
Total ionic charge:    16.000000

* ProcessorY, Blocksize:    2   4


* Orbital distribution balance (max,min):     8     4

k-point displ. along   1 input, could be:     0.00    0.50
 Kpoints in:           51 . Kpoints trimmed:           51

siesta: k-grid: Number of k-points =    51
siesta: k-grid: Cutoff (effective) =     6.000 Ang
siesta: k-grid: Supercell and displacements
siesta: k-grid:  100   0   0      0.000
siesta: k-grid:    0   1   0      0.000
siesta: k-grid:    0   0   1      0.000

superc: Internal auxiliary supercell:     3 x     1 x     1  =       3
superc: Number of atoms, orbitals, and projectors:     12    108    108

k-point displ. along   1 input, could be:     0.00    0.50
 Kpoints in:           51 . Kpoints trimmed:           51

transiesta: k-grid: Number of Green function k-points =    51
transiesta: k-grid: Supercell and displacements
transiesta: k-grid:  100   0   0      0.000
transiesta: k-grid:    0   1   0      0.000
transiesta: k-grid:    0   0   1      0.000

ts: **************************************************************
ts: Save H and S matrices                           =    T
ts: Save DM and EDM matrices                        =    F
ts: Fix Hartree potential                           =    F
ts: Only save the overlap matrix S                  =    F
ts: **************************************************************

************************ Begin: TS CHECKS AND WARNINGS ************************
************************ End: TS CHECKS AND WARNINGS **************************


                     ====================================
                        Single-point calculation
                     ====================================

superc: Internal auxiliary supercell:     3 x     1 x     1  =       3
superc: Number of atoms, orbitals, and projectors:     12    108    108

outcell: Unit cell vectors (Ang):
        0.000000    0.000000    5.080000
        0.000000   12.000000    0.000000
       12.000000    0.000000    0.000000

outcell: Cell vector modules (Ang)   :    5.080000   12.000000   12.000000
outcell: Cell angles (23,13,12) (deg):     90.0000     90.0000     90.0000
outcell: Cell volume (Ang**3)        :    731.5200
<dSpData1D:S at geom step 0
  <sparsity:sparsity for geom step 0
    nrows_g=36 nrows=8 sparsity=.5000 nnzs=648, refcount: 7>
  <dData1D:(new from dSpData1D) n=648, refcount: 1>
refcount: 1>
new_DM -- step:     1
Initializing Density Matrix...

Attempting to read DM from file... Failed...
DM filled with atomic data:
<dSpData2D:DM initialized from atoms
  <sparsity:sparsity for geom step 0
    nrows_g=36 nrows=8 sparsity=.5000 nnzs=648, refcount: 8>
  <dData2D:DM n=648 m=1, refcount: 1>
refcount: 1>

No. of atoms with KB's overlaping orbs in proc 0. Max # of overlaps:       8      45
New grid distribution:   1
           1       1:   25    1:   30    1:   15
           2       1:   25    1:   30   16:   30
           3       1:   25    1:   30   31:   45
           4       1:   25    1:   30   46:   60
           5       1:   25   31:   60    1:   15
           6       1:   25   31:   60   16:   30
           7       1:   25   31:   60   31:   45
           8       1:   25   31:   60   46:   60

InitMesh: MESH =    50 x   120 x   120 =      720000
InitMesh: (bp) =    25 x    60 x    60 =       90000
InitMesh: Mesh cutoff (required, used) =   250.000   267.741 Ry
ExtMesh (bp) on 0 =    77 x    82 x    67 =      423038
New grid distribution:   2
           1       1:   25   12:   60    1:    4
           2       1:   25    1:   11   12:   56
           3       1:   25    1:   11    1:    4
           4       1:   25   12:   60   57:   60
           5       1:   25   12:   60    5:   11
           6       1:   25   12:   60   12:   56
           7       1:   25    1:   11    5:   11
           8       1:   25    1:   11   57:   60
New grid distribution:   3
           1       1:   25   14:   60    1:    5
           2       1:   25    1:   13   14:   55
           3       1:   25    1:   13    1:    5
           4       1:   25   14:   60   56:   60
           5       1:   25   14:   60    6:   13
           6       1:   25   14:   60   14:   55
           7       1:   25    1:   13    6:   13
           8       1:   25    1:   13   56:   60
Setting up quadratic distribution...
ExtMesh (bp) on 0 =    77 x   101 x    56 =      435512
PhiOnMesh: Number of (b)points on node 0 =                 4900
PhiOnMesh: nlist on node 0 =                39028

stepf: Fermi-Dirac step function

siesta: Program's energy decomposition (eV):
siesta: Ebs     =      -243.005287
siesta: Eions   =       997.139937
siesta: Ena     =       201.599524
siesta: Ekin    =       402.166745
siesta: Enl     =       -51.899956
siesta: Eso     =         0.000000
siesta: Eldau   =         0.000000
siesta: DEna    =        11.718097
siesta: DUscf   =         0.864358
siesta: DUext   =         0.000000
siesta: Exc     =      -178.140618
siesta: eta*DQ  =         0.000000
siesta: Emadel  =         0.000000
siesta: Emeta   =         0.000000
siesta: Emolmec =         0.000000
siesta: Ekinion =         0.000000
siesta: Eharris =      -613.306263
siesta: Etot    =      -610.831787
siesta: FreeEng =      -610.833622

        iscf     Eharris(eV)        E_KS(eV)     FreeEng(eV)     dDmax    Ef(eV) dHmax(eV)
   scf:    1     -613.306263     -610.831787     -610.833622  1.549745 -5.914739  0.950659
timer: Routine,Calls,Time,% = IterSCF        1       0.709  53.27
   scf:    2     -610.832881     -610.832334     -610.834169  0.000415 -5.961592  0.901587
   scf:    3     -610.841934     -610.837219     -610.839067  0.007623 -6.823264  0.008364
   scf:    4     -610.837226     -610.837228     -610.839076  0.000565 -6.825674  0.004337
   scf:    5     -610.837188     -610.837220     -610.839068  0.001024 -6.835975  0.013285
mix: Pulay -- inversion failed, > SVD
   scf:    6     -610.837236     -610.837233     -610.839081  0.000649 -6.827806  0.000066
mix: Pulay -- inversion failed, > SVD
   scf:    7     -610.837233     -610.837233     -610.839081  0.000000 -6.827804  0.000062

SCF Convergence by DM+H criterion
max |DM_out - DM_in|         :     0.0000002505
max |H_out - H_in|      (eV) :     0.0000623799
SCF cycle converged after 7 iterations

Using DM_out to compute the final energy and forces
No. of atoms with KB's overlaping orbs in proc 0. Max # of overlaps:       8      45

siesta: E_KS(eV) =             -610.8372

siesta: E_KS - E_eggbox =      -610.8372

siesta: Atomic forces (eV/Ang):
     1   -0.000000   -0.000000    0.000000
     2    0.000000   -0.000000    0.000000
     3   -0.000000    0.000000   -0.000000
     4    0.000000   -0.000000    0.000000
----------------------------------------
   Tot   -0.000000   -0.000000    0.000000
----------------------------------------
   Max    0.000000
   Res    0.000000    sqrt( Sum f_i^2 / 3N )
----------------------------------------
   Max    0.000000    constrained

Stress-tensor-Voigt (kbar):        0.00        0.00      -31.33       -0.00        0.00       -0.00
(Free)E + p*V (eV/cell)     -606.0717
Target enthalpy (eV/cell)     -610.8391

mulliken: Atomic and Orbital Populations:

Species: C                   
Atom  Qatom  Qorb
               2s      2py     2pz     2px     2Pdxy   2Pdyz   2Pdz2   2Pdxz   
               2Pdx2-y2
   1  4.000   0.899   0.983   1.085   0.983   0.000   0.017   0.016   0.017
              0.000
   2  4.000   0.899   0.982   1.085   0.982   0.000   0.018   0.016   0.018
              0.000
   3  4.000   0.899   0.983   1.085   0.983   0.000   0.017   0.016   0.017
              0.000
   4  4.000   0.899   0.982   1.085   0.982  -0.000   0.018   0.016   0.018
              0.000

mulliken: Qtot =       16.000

siesta: Program's energy decomposition (eV):
siesta: Ebs     =      -242.559451
siesta: Eions   =       997.139937
siesta: Ena     =       201.599524
siesta: Ekin    =       402.912527
siesta: Enl     =       -52.118094
siesta: Eso     =         0.000000
siesta: Eldau   =         0.000000
siesta: DEna    =        11.284029
siesta: DUscf   =         0.837245
siesta: DUext   =         0.000000
siesta: Exc     =      -178.212527
siesta: eta*DQ  =         0.000000
siesta: Emadel  =         0.000000
siesta: Emeta   =         0.000000
siesta: Emolmec =         0.000000
siesta: Ekinion =         0.000000
siesta: Eharris =      -610.837233
siesta: Etot    =      -610.837233
siesta: FreeEng =      -610.839081

siesta: Final energy (eV):
siesta:  Band Struct. =    -242.559451
siesta:       Kinetic =     402.912527
siesta:       Hartree =    1026.446252
siesta:       Eldau   =       0.000000
siesta:       Eso     =       0.000000
siesta:    Ext. field =       0.000000
siesta:   Exch.-corr. =    -178.212527
siesta:  Ion-electron =   -2465.426390
siesta:       Ion-ion =     603.442906
siesta:       Ekinion =       0.000000
siesta:         Total =    -610.837233
siesta:         Fermi =      -6.827804

siesta: Stress tensor (static) (eV/Ang**3):
siesta:     0.000003   -0.000000   -0.000000
siesta:    -0.000000    0.000003   -0.000000
siesta:    -0.000000    0.000000   -0.019557

siesta: Cell volume =        731.520000 Ang**3

siesta: Pressure (static):
siesta:                Solid            Molecule  Units
siesta:           0.00007098          0.00007098  Ry/Bohr**3
siesta:           0.00651705          0.00651705  eV/Ang**3
siesta:          10.44158516         10.44158516  kBar
(Free)E+ p_basis*V_orbitals  =        -609.894710
(Free)Eharris+ p_basis*V_orbitals  =        -609.894710

siesta: Electric dipole (a.u.)  =    0.000000    0.000000   -0.000000
siesta: Electric dipole (Debye) =    0.000000    0.000000   -0.000000
>> End of run:   2-JUL-2017  23:02:04
Job completed
